Archive member included to satisfy reference by file (symbol)

c:/arm_gcc/bin/../lib/gcc/arm-none-eabi/9.2.1/../../../../arm-none-eabi/lib/thumb/v7e-m+fp/hard\libc_nano.a(lib_a-exit.o)
                              c:/arm_gcc/bin/../lib/gcc/arm-none-eabi/9.2.1/../../../../arm-none-eabi/lib/thumb/v7e-m+fp/hard/crt0.o (exit)
c:/arm_gcc/bin/../lib/gcc/arm-none-eabi/9.2.1/../../../../arm-none-eabi/lib/thumb/v7e-m+fp/hard\libc_nano.a(lib_a-impure.o)
                              c:/arm_gcc/bin/../lib/gcc/arm-none-eabi/9.2.1/../../../../arm-none-eabi/lib/thumb/v7e-m+fp/hard\libc_nano.a(lib_a-exit.o) (_global_impure_ptr)
c:/arm_gcc/bin/../lib/gcc/arm-none-eabi/9.2.1/../../../../arm-none-eabi/lib/thumb/v7e-m+fp/hard\libc_nano.a(lib_a-init.o)
                              c:/arm_gcc/bin/../lib/gcc/arm-none-eabi/9.2.1/../../../../arm-none-eabi/lib/thumb/v7e-m+fp/hard/crt0.o (__libc_init_array)
c:/arm_gcc/bin/../lib/gcc/arm-none-eabi/9.2.1/../../../../arm-none-eabi/lib/thumb/v7e-m+fp/hard\libc_nano.a(lib_a-memset.o)
                              c:/arm_gcc/bin/../lib/gcc/arm-none-eabi/9.2.1/../../../../arm-none-eabi/lib/thumb/v7e-m+fp/hard/crt0.o (memset)
c:/arm_gcc/bin/../lib/gcc/arm-none-eabi/9.2.1/../../../../arm-none-eabi/lib/thumb/v7e-m+fp/hard\libm.a(lib_a-sf_cos.o)
                              build/foc.o (cosf)
c:/arm_gcc/bin/../lib/gcc/arm-none-eabi/9.2.1/../../../../arm-none-eabi/lib/thumb/v7e-m+fp/hard\libm.a(lib_a-sf_sin.o)
                              build/foc.o (sinf)
c:/arm_gcc/bin/../lib/gcc/arm-none-eabi/9.2.1/../../../../arm-none-eabi/lib/thumb/v7e-m+fp/hard\libm.a(lib_a-ef_rem_pio2.o)
                              c:/arm_gcc/bin/../lib/gcc/arm-none-eabi/9.2.1/../../../../arm-none-eabi/lib/thumb/v7e-m+fp/hard\libm.a(lib_a-sf_cos.o) (__ieee754_rem_pio2f)
c:/arm_gcc/bin/../lib/gcc/arm-none-eabi/9.2.1/../../../../arm-none-eabi/lib/thumb/v7e-m+fp/hard\libm.a(lib_a-kf_cos.o)
                              c:/arm_gcc/bin/../lib/gcc/arm-none-eabi/9.2.1/../../../../arm-none-eabi/lib/thumb/v7e-m+fp/hard\libm.a(lib_a-sf_cos.o) (__kernel_cosf)
c:/arm_gcc/bin/../lib/gcc/arm-none-eabi/9.2.1/../../../../arm-none-eabi/lib/thumb/v7e-m+fp/hard\libm.a(lib_a-kf_rem_pio2.o)
                              c:/arm_gcc/bin/../lib/gcc/arm-none-eabi/9.2.1/../../../../arm-none-eabi/lib/thumb/v7e-m+fp/hard\libm.a(lib_a-ef_rem_pio2.o) (__kernel_rem_pio2f)
c:/arm_gcc/bin/../lib/gcc/arm-none-eabi/9.2.1/../../../../arm-none-eabi/lib/thumb/v7e-m+fp/hard\libm.a(lib_a-kf_sin.o)
                              c:/arm_gcc/bin/../lib/gcc/arm-none-eabi/9.2.1/../../../../arm-none-eabi/lib/thumb/v7e-m+fp/hard\libm.a(lib_a-sf_cos.o) (__kernel_sinf)
c:/arm_gcc/bin/../lib/gcc/arm-none-eabi/9.2.1/../../../../arm-none-eabi/lib/thumb/v7e-m+fp/hard\libm.a(lib_a-sf_fabs.o)
                              c:/arm_gcc/bin/../lib/gcc/arm-none-eabi/9.2.1/../../../../arm-none-eabi/lib/thumb/v7e-m+fp/hard\libm.a(lib_a-ef_rem_pio2.o) (fabsf)
c:/arm_gcc/bin/../lib/gcc/arm-none-eabi/9.2.1/../../../../arm-none-eabi/lib/thumb/v7e-m+fp/hard\libm.a(lib_a-sf_floor.o)
                              c:/arm_gcc/bin/../lib/gcc/arm-none-eabi/9.2.1/../../../../arm-none-eabi/lib/thumb/v7e-m+fp/hard\libm.a(lib_a-kf_rem_pio2.o) (floorf)
c:/arm_gcc/bin/../lib/gcc/arm-none-eabi/9.2.1/../../../../arm-none-eabi/lib/thumb/v7e-m+fp/hard\libm.a(lib_a-sf_scalbn.o)
                              c:/arm_gcc/bin/../lib/gcc/arm-none-eabi/9.2.1/../../../../arm-none-eabi/lib/thumb/v7e-m+fp/hard\libm.a(lib_a-kf_rem_pio2.o) (scalbnf)
c:/arm_gcc/bin/../lib/gcc/arm-none-eabi/9.2.1/../../../../arm-none-eabi/lib/thumb/v7e-m+fp/hard\libnosys.a(_exit.o)
                              c:/arm_gcc/bin/../lib/gcc/arm-none-eabi/9.2.1/../../../../arm-none-eabi/lib/thumb/v7e-m+fp/hard\libc_nano.a(lib_a-exit.o) (_exit)
c:/arm_gcc/bin/../lib/gcc/arm-none-eabi/9.2.1/thumb/v7e-m+fp/hard\libgcc.a(_aeabi_uldivmod.o)
                              build/stm32f4xx_hal_rcc.o (__aeabi_uldivmod)
c:/arm_gcc/bin/../lib/gcc/arm-none-eabi/9.2.1/thumb/v7e-m+fp/hard\libgcc.a(_udivmoddi4.o)
                              c:/arm_gcc/bin/../lib/gcc/arm-none-eabi/9.2.1/thumb/v7e-m+fp/hard\libgcc.a(_aeabi_uldivmod.o) (__udivmoddi4)
c:/arm_gcc/bin/../lib/gcc/arm-none-eabi/9.2.1/thumb/v7e-m+fp/hard\libgcc.a(_dvmd_tls.o)
                              c:/arm_gcc/bin/../lib/gcc/arm-none-eabi/9.2.1/thumb/v7e-m+fp/hard\libgcc.a(_aeabi_uldivmod.o) (__aeabi_ldiv0)

Allocating common symbols
Common symbol       size              file

ADC_Values_Raw2     0x8               build/foc.o
htim8               0x40              build/tim.o
htim4               0x40              build/tim.o
hdma_usart3_rx      0x60              build/usart.o
huart3              0x40              build/usart.o
hadc2               0x48              build/adc.o
ms_2_flag           0x1               build/main.o
uwTick              0x4               build/stm32f4xx_hal.o
hdma_usart3_tx      0x60              build/usart.o
[...]
Memory Configuration

Name             Origin             Length             Attributes
RAM              0x20000000         0x00020000         xrw
CCMRAM           0x10000000         0x00010000         rw
FLASH            0x08000000         0x00100000         xr
*default*        0x00000000         0xffffffff

Linker script and memory map

LOAD c:/arm_gcc/bin/../lib/gcc/arm-none-eabi/9.2.1/thumb/v7e-m+fp/hard/crti.o
LOAD c:/arm_gcc/bin/../lib/gcc/arm-none-eabi/9.2.1/thumb/v7e-m+fp/hard/crtbegin.o
LOAD c:/arm_gcc/bin/../lib/gcc/arm-none-eabi/9.2.1/../../../../arm-none-eabi/lib/thumb/v7e-m+fp/hard/crt0.o
LOAD build/foc.o
LOAD build/main.o
LOAD build/gpio.o
LOAD build/adc.o
LOAD build/can.o
LOAD build/dma.o
LOAD build/spi.o
LOAD build/tim.o
LOAD build/usart.o
LOAD build/arm_common_tables.o
LOAD build/arm_sin_cos_f32.o
LOAD build/stm32f4xx_it.o
LOAD build/stm32f4xx_hal_msp.o
LOAD build/stm32f4xx_hal_adc.o
LOAD build/stm32f4xx_hal_adc_ex.o
LOAD build/stm32f4xx_hal_can.o
LOAD build/stm32f4xx_hal_spi.o
LOAD build/stm32f4xx_hal_tim.o
LOAD build/stm32f4xx_hal_tim_ex.o
LOAD build/stm32f4xx_hal_uart.o
LOAD build/stm32f4xx_hal_rcc.o
LOAD build/stm32f4xx_hal_rcc_ex.o
LOAD build/stm32f4xx_hal_flash.o
LOAD build/stm32f4xx_hal_flash_ex.o
LOAD build/stm32f4xx_hal_flash_ramfunc.o
LOAD build/stm32f4xx_hal_gpio.o
LOAD build/stm32f4xx_hal_dma_ex.o
LOAD build/stm32f4xx_hal_dma.o
LOAD build/stm32f4xx_hal_pwr.o
LOAD build/stm32f4xx_hal_pwr_ex.o
LOAD build/stm32f4xx_hal_cortex.o
LOAD build/stm32f4xx_hal.o
LOAD build/stm32f4xx_hal_exti.o
LOAD build/system_stm32f4xx.o
LOAD build/startup_stm32f405xx.o
LOAD c:/arm_gcc/bin/../lib/gcc/arm-none-eabi/9.2.1/../../../../arm-none-eabi/lib/thumb/v7e-m+fp/hard\libc_nano.a
LOAD c:/arm_gcc/bin/../lib/gcc/arm-none-eabi/9.2.1/../../../../arm-none-eabi/lib/thumb/v7e-m+fp/hard\libm.a
LOAD c:/arm_gcc/bin/../lib/gcc/arm-none-eabi/9.2.1/../../../../arm-none-eabi/lib/thumb/v7e-m+fp/hard\libnosys.a
START GROUP
LOAD c:/arm_gcc/bin/../lib/gcc/arm-none-eabi/9.2.1/thumb/v7e-m+fp/hard\libgcc.a
LOAD c:/arm_gcc/bin/../lib/gcc/arm-none-eabi/9.2.1/../../../../arm-none-eabi/lib/thumb/v7e-m+fp/hard\libc_nano.a
END GROUP
START GROUP
LOAD c:/arm_gcc/bin/../lib/gcc/arm-none-eabi/9.2.1/thumb/v7e-m+fp/hard\libgcc.a
LOAD c:/arm_gcc/bin/../lib/gcc/arm-none-eabi/9.2.1/../../../../arm-none-eabi/lib/thumb/v7e-m+fp/hard\libc_nano.a
END GROUP
LOAD c:/arm_gcc/bin/../lib/gcc/arm-none-eabi/9.2.1/thumb/v7e-m+fp/hard/crtend.o
LOAD c:/arm_gcc/bin/../lib/gcc/arm-none-eabi/9.2.1/thumb/v7e-m+fp/hard/crtn.o
                0x20020000                _estack = 0x20020000
                0x00000200                _Min_Heap_Size = 0x200
                0x00000400                _Min_Stack_Size = 0x400

.isr_vector     0x08000000      0x188
                0x08000000                . = ALIGN (0x4)
 *(.isr_vector)
 .isr_vector    0x08000000      0x188 build/startup_stm32f405xx.o
                0x08000000                g_pfnVectors
                0x08000188                . = ALIGN (0x4)

.text           0x08000188     0x4468
                0x08000188                . = ALIGN (0x4)
 *(.text)
 .text          0x08000188       0x40 c:/arm_gcc/bin/../lib/gcc/arm-none-eabi/9.2.1/thumb/v7e-m+fp/hard/crtbegin.o
 .text          0x080001c8       0x30 c:/arm_gcc/bin/../lib/gcc/arm-none-eabi/9.2.1/thumb/v7e-m+fp/hard\libgcc.a(_aeabi_uldivmod.o)
                0x080001c8                __aeabi_uldivmod
 .text          0x080001f8      0x2c4 c:/arm_gcc/bin/../lib/gcc/arm-none-eabi/9.2.1/thumb/v7e-m+fp/hard\libgcc.a(_udivmoddi4.o)
                0x080001f8                __udivmoddi4
 .text          0x080004bc        0x4 c:/arm_gcc/bin/../lib/gcc/arm-none-eabi/9.2.1/thumb/v7e-m+fp/hard\libgcc.a(_dvmd_tls.o)
                0x080004bc                __aeabi_idiv0
                0x080004bc                __aeabi_ldiv0
 *(.text*)
 .text.UVects_Init
                0x080004c0       0x40 build/foc.o
                0x080004c0                UVects_Init
 .text.Foc_Init
                0x08000500       0xac build/foc.o
                0x08000500                Foc_Init
 .text.get_area
                0x080005ac       0x14 build/foc.o
                0x080005ac                get_area
 .text.get_area_u
                0x080005c0       0x9c build/foc.o
                0x080005c0                get_area_u
 .text.get_t    0x0800065c       0x9c build/foc.o
                0x0800065c                get_t
 .text.get_ccr_duty
                0x080006f8       0xf4 build/foc.o
                0x080006f8                get_ccr_duty
 .text.svpwm    0x080007ec       0xd8 build/foc.o
                0x080007ec                svpwm
 .text.HAL_TIM_PeriodElapsedCallback
                0x080008c4       0x18 build/foc.o
                0x080008c4                HAL_TIM_PeriodElapsedCallback
 .text.SystemClock_Config
                0x080008dc       0x94 build/main.o
                0x080008dc                SystemClock_Config
 .text.main     0x08000970       0x8c build/main.o
                0x08000970                main
 .text.MS_IRQ_Handler
                0x080009fc       0x24 build/main.o
                0x080009fc                MS_IRQ_Handler
 .text.Error_Handler
                0x08000a20        0x2 build/main.o
                0x08000a20                Error_Handler
 *fill*         0x08000a22        0x2 
 .text.MX_GPIO_Init
                0x08000a24       0xd0 build/gpio.o
                0x08000a24                MX_GPIO_Init
 .text.MX_ADC1_Init
                0x08000af4       0x8c build/adc.o
                0x08000af4                MX_ADC1_Init
 .text.MX_ADC2_Init
                0x08000b80       0xa4 build/adc.o
                0x08000b80                MX_ADC2_Init
 .text.HAL_ADC_MspInit
                0x08000c24      0x18c build/adc.o
                0x08000c24                HAL_ADC_MspInit
 .text.MX_CAN1_Init
                0x08000db0       0x38 build/can.o
                0x08000db0                MX_CAN1_Init
 .text.HAL_CAN_MspInit
                0x08000de8       0x70 build/can.o
                0x08000de8                HAL_CAN_MspInit
 .text.MX_DMA_Init
                0x08000e58       0x78 build/dma.o
                0x08000e58                MX_DMA_Init
 .text.MX_SPI3_Init
                0x08000ed0       0x40 build/spi.o
                0x08000ed0                MX_SPI3_Init
 .text.HAL_SPI_MspInit
                0x08000f10       0x70 build/spi.o
                0x08000f10                HAL_SPI_MspInit
 .text.MX_TIM4_Init
                0x08000f80       0x60 build/tim.o
                0x08000f80                MX_TIM4_Init
 .text.MX_TIM6_Init
                0x08000fe0       0x50 build/tim.o
                0x08000fe0                MX_TIM6_Init
 .text.MX_TIM7_Init
                0x08001030       0x50 build/tim.o
                0x08001030                MX_TIM7_Init
 .text.HAL_TIM_Encoder_MspInit
                0x08001080       0x68 build/tim.o
                0x08001080                HAL_TIM_Encoder_MspInit
 .text.HAL_TIM_Base_MspInit
                0x080010e8       0x74 build/tim.o
                0x080010e8                HAL_TIM_Base_MspInit
 .text.HAL_TIM_PWM_MspInit
                0x0800115c       0x40 build/tim.o
                0x0800115c                HAL_TIM_PWM_MspInit
 .text.HAL_TIM_MspPostInit
                0x0800119c       0xb0 build/tim.o
                0x0800119c                HAL_TIM_MspPostInit
 .text.MX_TIM8_Init
                0x0800124c      0x10c build/tim.o
                0x0800124c                MX_TIM8_Init
 .text.MX_USART3_UART_Init
                0x08001358       0x34 build/usart.o
                0x08001358                MX_USART3_UART_Init
 .text.HAL_UART_MspInit
                0x0800138c       0xec build/usart.o
                0x0800138c                HAL_UART_MspInit
 .text.send_wave
                0x08001478       0x30 build/usart.o
                0x08001478                send_wave
 .text.arm_sin_cos_f32
                0x080014a8      0x12c build/arm_sin_cos_f32.o
                0x080014a8                arm_sin_cos_f32
 .text.NMI_Handler
                0x080015d4        0x2 build/stm32f4xx_it.o
                0x080015d4                NMI_Handler
 .text.HardFault_Handler
                0x080015d6        0x2 build/stm32f4xx_it.o
                0x080015d6                HardFault_Handler
 .text.MemManage_Handler
                0x080015d8        0x2 build/stm32f4xx_it.o
                0x080015d8                MemManage_Handler
 .text.BusFault_Handler
                0x080015da        0x2 build/stm32f4xx_it.o
                0x080015da                BusFault_Handler
 .text.UsageFault_Handler
                0x080015dc        0x2 build/stm32f4xx_it.o
                0x080015dc                UsageFault_Handler
 .text.SVC_Handler
                0x080015de        0x2 build/stm32f4xx_it.o
                0x080015de                SVC_Handler
 .text.DebugMon_Handler
                0x080015e0        0x2 build/stm32f4xx_it.o
                0x080015e0                DebugMon_Handler
 .text.PendSV_Handler
                0x080015e2        0x2 build/stm32f4xx_it.o
                0x080015e2                PendSV_Handler
 .text.SysTick_Handler
                0x080015e4        0xc build/stm32f4xx_it.o
                0x080015e4                SysTick_Handler
 .text.DMA1_Stream1_IRQHandler
                0x080015f0       0x10 build/stm32f4xx_it.o
                0x080015f0                DMA1_Stream1_IRQHandler
 .text.DMA1_Stream3_IRQHandler
                0x08001600       0x10 build/stm32f4xx_it.o
                0x08001600                DMA1_Stream3_IRQHandler
 .text.TIM8_UP_TIM13_IRQHandler
                0x08001610       0x10 build/stm32f4xx_it.o
                0x08001610                TIM8_UP_TIM13_IRQHandler
 .text.TIM6_DAC_IRQHandler
                0x08001620       0x10 build/stm32f4xx_it.o
                0x08001620                TIM6_DAC_IRQHandler
 .text.TIM7_IRQHandler
                0x08001630       0x10 build/stm32f4xx_it.o
                0x08001630                TIM7_IRQHandler
 .text.DMA2_Stream0_IRQHandler
                0x08001640       0x10 build/stm32f4xx_it.o
                0x08001640                DMA2_Stream0_IRQHandler
 .text.DMA2_Stream2_IRQHandler
                0x08001650       0x10 build/stm32f4xx_it.o
                0x08001650                DMA2_Stream2_IRQHandler
 .text.HAL_MspInit
                0x08001660       0x38 build/stm32f4xx_hal_msp.o
                0x08001660                HAL_MspInit
 .text.ADC_Init
                0x08001698      0x134 build/stm32f4xx_hal_adc.o
 .text.HAL_ADC_Init
                0x080017cc       0x56 build/stm32f4xx_hal_adc.o
                0x080017cc                HAL_ADC_Init
 *fill*         0x08001822        0x2 
 .text.HAL_ADC_Start_DMA
                0x08001824      0x178 build/stm32f4xx_hal_adc.o
                0x08001824                HAL_ADC_Start_DMA
 .text.HAL_ADC_ConvCpltCallback
                0x0800199c        0x2 build/stm32f4xx_hal_adc.o
                0x0800199c                HAL_ADC_ConvCpltCallback
 .text.HAL_ADC_ConvHalfCpltCallback
                0x0800199e        0x2 build/stm32f4xx_hal_adc.o
                0x0800199e                HAL_ADC_ConvHalfCpltCallback
 .text.ADC_DMAHalfConvCplt
                0x080019a0        0xa build/stm32f4xx_hal_adc.o
 .text.HAL_ADC_ErrorCallback
                0x080019aa        0x2 build/stm32f4xx_hal_adc.o
                0x080019aa                HAL_ADC_ErrorCallback
 .text.ADC_DMAError
                0x080019ac       0x16 build/stm32f4xx_hal_adc.o
 .text.ADC_DMAConvCplt
                0x080019c2       0x72 build/stm32f4xx_hal_adc.o
 .text.HAL_ADC_ConfigChannel
                0x08001a34      0x190 build/stm32f4xx_hal_adc.o
                0x08001a34                HAL_ADC_ConfigChannel
 .text.HAL_CAN_Init
                0x08001bc4      0x14c build/stm32f4xx_hal_can.o
                0x08001bc4                HAL_CAN_Init
 .text.HAL_SPI_Init
                0x08001d10       0x80 build/stm32f4xx_hal_spi.o
                0x08001d10                HAL_SPI_Init
 .text.TIM_OC1_SetConfig
                0x08001d90       0x68 build/stm32f4xx_hal_tim.o
 .text.TIM_OC3_SetConfig
                0x08001df8       0x70 build/stm32f4xx_hal_tim.o
 .text.TIM_OC4_SetConfig
                0x08001e68       0x50 build/stm32f4xx_hal_tim.o
 .text.HAL_TIM_Base_Start_IT
                0x08001eb8       0x22 build/stm32f4xx_hal_tim.o
                0x08001eb8                HAL_TIM_Base_Start_IT
 .text.HAL_TIM_OC_MspInit
                0x08001eda        0x2 build/stm32f4xx_hal_tim.o
                0x08001eda                HAL_TIM_OC_MspInit
 .text.HAL_TIM_OC_DelayElapsedCallback
                0x08001edc        0x2 build/stm32f4xx_hal_tim.o
                0x08001edc                HAL_TIM_OC_DelayElapsedCallback
 .text.HAL_TIM_IC_CaptureCallback
                0x08001ede        0x2 build/stm32f4xx_hal_tim.o
                0x08001ede                HAL_TIM_IC_CaptureCallback
 .text.HAL_TIM_PWM_PulseFinishedCallback
                0x08001ee0        0x2 build/stm32f4xx_hal_tim.o
                0x08001ee0                HAL_TIM_PWM_PulseFinishedCallback
 .text.HAL_TIM_TriggerCallback
                0x08001ee2        0x2 build/stm32f4xx_hal_tim.o
                0x08001ee2                HAL_TIM_TriggerCallback
 .text.HAL_TIM_IRQHandler
                0x08001ee4      0x17a build/stm32f4xx_hal_tim.o
                0x08001ee4                HAL_TIM_IRQHandler
 *fill*         0x0800205e        0x2 
 .text.TIM_Base_SetConfig
                0x08002060       0xc8 build/stm32f4xx_hal_tim.o
                0x08002060                TIM_Base_SetConfig
 .text.HAL_TIM_Base_Init
                0x08002128       0x34 build/stm32f4xx_hal_tim.o
                0x08002128                HAL_TIM_Base_Init
 .text.HAL_TIM_OC_Init
                0x0800215c       0x34 build/stm32f4xx_hal_tim.o
                0x0800215c                HAL_TIM_OC_Init
 .text.HAL_TIM_PWM_Init
                0x08002190       0x34 build/stm32f4xx_hal_tim.o
                0x08002190                HAL_TIM_PWM_Init
 .text.HAL_TIM_Encoder_Init
                0x080021c4       0x9c build/stm32f4xx_hal_tim.o
                0x080021c4                HAL_TIM_Encoder_Init
 .text.TIM_OC2_SetConfig
                0x08002260       0x70 build/stm32f4xx_hal_tim.o
                0x08002260                TIM_OC2_SetConfig
 .text.HAL_TIM_OC_ConfigChannel
                0x080022d0       0x5e build/stm32f4xx_hal_tim.o
                0x080022d0                HAL_TIM_OC_ConfigChannel
 .text.HAL_TIM_PWM_ConfigChannel
                0x0800232e       0xdc build/stm32f4xx_hal_tim.o
                0x0800232e                HAL_TIM_PWM_ConfigChannel
 .text.TIM_CCxChannelCmd
                0x0800240a       0x22 build/stm32f4xx_hal_tim.o
                0x0800240a                TIM_CCxChannelCmd
 .text.HAL_TIM_PWM_Start
                0x0800242c       0x40 build/stm32f4xx_hal_tim.o
                0x0800242c                HAL_TIM_PWM_Start
 .text.TIM_CCxNChannelCmd
                0x0800246c       0x22 build/stm32f4xx_hal_tim_ex.o
 .text.HAL_TIMEx_PWMN_Start
                0x0800248e       0x2e build/stm32f4xx_hal_tim_ex.o
                0x0800248e                HAL_TIMEx_PWMN_Start
 .text.HAL_TIMEx_MasterConfigSynchronization
                0x080024bc       0x46 build/stm32f4xx_hal_tim_ex.o
                0x080024bc                HAL_TIMEx_MasterConfigSynchronization
 .text.HAL_TIMEx_ConfigBreakDeadTime
                0x08002502       0x52 build/stm32f4xx_hal_tim_ex.o
                0x08002502                HAL_TIMEx_ConfigBreakDeadTime
 .text.HAL_TIMEx_CommutCallback
                0x08002554        0x2 build/stm32f4xx_hal_tim_ex.o
                0x08002554                HAL_TIMEx_CommutCallback
 .text.HAL_TIMEx_BreakCallback
                0x08002556        0x2 build/stm32f4xx_hal_tim_ex.o
                0x08002556                HAL_TIMEx_BreakCallback
 .text.UART_SetConfig
                0x08002558      0x334 build/stm32f4xx_hal_uart.o
 .text.UART_WaitOnFlagUntilTimeout
                0x0800288c       0x62 build/stm32f4xx_hal_uart.o
 .text.HAL_UART_Init
                0x080028ee       0x5e build/stm32f4xx_hal_uart.o
                0x080028ee                HAL_UART_Init
 .text.HAL_UART_Transmit
                0x0800294c       0xe0 build/stm32f4xx_hal_uart.o
                0x0800294c                HAL_UART_Transmit
 .text.HAL_RCC_OscConfig
                0x08002a2c      0x398 build/stm32f4xx_hal_rcc.o
                0x08002a2c                HAL_RCC_OscConfig
 .text.HAL_RCC_GetSysClockFreq
                0x08002dc4       0xd4 build/stm32f4xx_hal_rcc.o
                0x08002dc4                HAL_RCC_GetSysClockFreq
 .text.HAL_RCC_ClockConfig
                0x08002e98      0x15c build/stm32f4xx_hal_rcc.o
                0x08002e98                HAL_RCC_ClockConfig
 .text.HAL_RCC_GetHCLKFreq
                0x08002ff4        0xc build/stm32f4xx_hal_rcc.o
                0x08002ff4                HAL_RCC_GetHCLKFreq
 .text.HAL_RCC_GetPCLK1Freq
                0x08003000       0x20 build/stm32f4xx_hal_rcc.o
                0x08003000                HAL_RCC_GetPCLK1Freq
 .text.HAL_RCC_GetPCLK2Freq
                0x08003020       0x20 build/stm32f4xx_hal_rcc.o
                0x08003020                HAL_RCC_GetPCLK2Freq
 .text.HAL_GPIO_Init
                0x08003040      0x1c8 build/stm32f4xx_hal_gpio.o
                0x08003040                HAL_GPIO_Init
 .text.HAL_GPIO_WritePin
                0x08003208        0xc build/stm32f4xx_hal_gpio.o
                0x08003208                HAL_GPIO_WritePin
 .text.DMA_SetConfig
                0x08003214       0x2c build/stm32f4xx_hal_dma.o
 .text.DMA_CalcBaseAndBitshift
                0x08003240       0x44 build/stm32f4xx_hal_dma.o
 .text.DMA_CheckFifoParam
                0x08003284       0x8e build/stm32f4xx_hal_dma.o
 *fill*         0x08003312        0x2 
 .text.HAL_DMA_Init
                0x08003314       0xcc build/stm32f4xx_hal_dma.o
                0x08003314                HAL_DMA_Init
 .text.HAL_DMA_Start_IT
                0x080033e0       0x74 build/stm32f4xx_hal_dma.o
                0x080033e0                HAL_DMA_Start_IT
 .text.HAL_DMA_IRQHandler
                0x08003454      0x1dc build/stm32f4xx_hal_dma.o
                0x08003454                HAL_DMA_IRQHandler
 .text.HAL_NVIC_SetPriorityGrouping
                0x08003630       0x24 build/stm32f4xx_hal_cortex.o
                0x08003630                HAL_NVIC_SetPriorityGrouping
 .text.HAL_NVIC_SetPriority
                0x08003654       0x68 build/stm32f4xx_hal_cortex.o
                0x08003654                HAL_NVIC_SetPriority
 .text.HAL_NVIC_EnableIRQ
                0x080036bc       0x1c build/stm32f4xx_hal_cortex.o
                0x080036bc                HAL_NVIC_EnableIRQ
 .text.HAL_SYSTICK_Config
                0x080036d8       0x2c build/stm32f4xx_hal_cortex.o
                0x080036d8                HAL_SYSTICK_Config
 .text.HAL_InitTick
                0x08003704       0x4c build/stm32f4xx_hal.o
                0x08003704                HAL_InitTick
 .text.HAL_Init
                0x08003750       0x34 build/stm32f4xx_hal.o
                0x08003750                HAL_Init
 .text.HAL_IncTick
                0x08003784       0x18 build/stm32f4xx_hal.o
                0x08003784                HAL_IncTick
 .text.HAL_GetTick
                0x0800379c        0xc build/stm32f4xx_hal.o
                0x0800379c                HAL_GetTick
 .text.SystemInit
                0x080037a8       0x4c build/system_stm32f4xx.o
                0x080037a8                SystemInit
 .text.Reset_Handler
                0x080037f4       0x50 build/startup_stm32f405xx.o
                0x080037f4                Reset_Handler
 .text.Default_Handler
                0x08003844        0x2 build/startup_stm32f405xx.o
                0x08003844                RTC_Alarm_IRQHandler
                0x08003844                HASH_RNG_IRQHandler
                0x08003844                EXTI2_IRQHandler
                0x08003844                TIM8_CC_IRQHandler
                0x08003844                TIM1_CC_IRQHandler
                0x08003844                DMA2_Stream5_IRQHandler
                0x08003844                DMA1_Stream5_IRQHandler
                0x08003844                PVD_IRQHandler
                0x08003844                SDIO_IRQHandler
                0x08003844                TAMP_STAMP_IRQHandler
                0x08003844                CAN2_RX1_IRQHandler
                0x08003844                EXTI3_IRQHandler
                0x08003844                TIM8_TRG_COM_TIM14_IRQHandler
                0x08003844                TIM1_UP_TIM10_IRQHandler
                0x08003844                I2C3_ER_IRQHandler
                0x08003844                EXTI0_IRQHandler
                0x08003844                I2C2_EV_IRQHandler
                0x08003844                DMA1_Stream2_IRQHandler
                0x08003844                CAN1_RX0_IRQHandler
                0x08003844                FPU_IRQHandler
                0x08003844                OTG_HS_WKUP_IRQHandler
                0x08003844                CAN2_SCE_IRQHandler
                0x08003844                SPI1_IRQHandler
                0x08003844                TIM1_BRK_TIM9_IRQHandler
                0x08003844                CAN2_RX0_IRQHandler
                0x08003844                DMA2_Stream3_IRQHandler
                0x08003844                USART6_IRQHandler
                0x08003844                USART3_IRQHandler
                0x08003844                CAN1_RX1_IRQHandler
                0x08003844                UART5_IRQHandler
                0x08003844                TIM4_IRQHandler
                0x08003844                I2C1_EV_IRQHandler
                0x08003844                DMA1_Stream6_IRQHandler
                0x08003844                UART4_IRQHandler
                0x08003844                TIM3_IRQHandler
                0x08003844                RCC_IRQHandler
                0x08003844                TIM8_BRK_TIM12_IRQHandler
                0x08003844                Default_Handler
                0x08003844                EXTI15_10_IRQHandler
                0x08003844                ADC_IRQHandler
                0x08003844                DMA1_Stream7_IRQHandler
                0x08003844                CAN2_TX_IRQHandler
                0x08003844                TIM5_IRQHandler
                0x08003844                DMA2_Stream7_IRQHandler
                0x08003844                I2C3_EV_IRQHandler
                0x08003844                EXTI9_5_IRQHandler
                0x08003844                RTC_WKUP_IRQHandler
                0x08003844                SPI2_IRQHandler
                0x08003844                OTG_HS_EP1_IN_IRQHandler
                0x08003844                DMA1_Stream0_IRQHandler
                0x08003844                CAN1_TX_IRQHandler
                0x08003844                EXTI4_IRQHandler
                0x08003844                FSMC_IRQHandler
                0x08003844                OTG_HS_EP1_OUT_IRQHandler
                0x08003844                WWDG_IRQHandler
                0x08003844                TIM2_IRQHandler
                0x08003844                OTG_FS_WKUP_IRQHandler
                0x08003844                TIM1_TRG_COM_TIM11_IRQHandler
                0x08003844                OTG_HS_IRQHandler
                0x08003844                EXTI1_IRQHandler
                0x08003844                USART2_IRQHandler
                0x08003844                I2C2_ER_IRQHandler
                0x08003844                DMA2_Stream1_IRQHandler
                0x08003844                CAN1_SCE_IRQHandler
                0x08003844                FLASH_IRQHandler
                0x08003844                DMA2_Stream4_IRQHandler
                0x08003844                USART1_IRQHandler
                0x08003844                OTG_FS_IRQHandler
                0x08003844                SPI3_IRQHandler
                0x08003844                DMA1_Stream4_IRQHandler
                0x08003844                I2C1_ER_IRQHandler
                0x08003844                DMA2_Stream6_IRQHandler
 *fill*         0x08003846        0x2 
 .text.__libc_init_array
                0x08003848       0x48 c:/arm_gcc/bin/../lib/gcc/arm-none-eabi/9.2.1/../../../../arm-none-eabi/lib/thumb/v7e-m+fp/hard\libc_nano.a(lib_a-init.o)
                0x08003848                __libc_init_array
 .text.memset   0x08003890       0x10 c:/arm_gcc/bin/../lib/gcc/arm-none-eabi/9.2.1/../../../../arm-none-eabi/lib/thumb/v7e-m+fp/hard\libc_nano.a(lib_a-memset.o)
                0x08003890                memset
 .text.cosf     0x080038a0       0x90 c:/arm_gcc/bin/../lib/gcc/arm-none-eabi/9.2.1/../../../../arm-none-eabi/lib/thumb/v7e-m+fp/hard\libm.a(lib_a-sf_cos.o)
                0x080038a0                cosf
 .text.sinf     0x08003930       0x94 c:/arm_gcc/bin/../lib/gcc/arm-none-eabi/9.2.1/../../../../arm-none-eabi/lib/thumb/v7e-m+fp/hard\libm.a(lib_a-sf_sin.o)
                0x08003930                sinf
 .text.__ieee754_rem_pio2f
                0x080039c4      0x294 c:/arm_gcc/bin/../lib/gcc/arm-none-eabi/9.2.1/../../../../arm-none-eabi/lib/thumb/v7e-m+fp/hard\libm.a(lib_a-ef_rem_pio2.o)
                0x080039c4                __ieee754_rem_pio2f
 .text.__kernel_cosf
                0x08003c58      0x104 c:/arm_gcc/bin/../lib/gcc/arm-none-eabi/9.2.1/../../../../arm-none-eabi/lib/thumb/v7e-m+fp/hard\libm.a(lib_a-kf_cos.o)
                0x08003c58                __kernel_cosf
 .text.__kernel_rem_pio2f
                0x08003d5c      0x66c c:/arm_gcc/bin/../lib/gcc/arm-none-eabi/9.2.1/../../../../arm-none-eabi/lib/thumb/v7e-m+fp/hard\libm.a(lib_a-kf_rem_pio2.o)
                0x08003d5c                __kernel_rem_pio2f
 .text.__kernel_sinf
                0x080043c8       0x90 c:/arm_gcc/bin/../lib/gcc/arm-none-eabi/9.2.1/../../../../arm-none-eabi/lib/thumb/v7e-m+fp/hard\libm.a(lib_a-kf_sin.o)
                0x080043c8                __kernel_sinf
 .text.fabsf    0x08004458       0x10 c:/arm_gcc/bin/../lib/gcc/arm-none-eabi/9.2.1/../../../../arm-none-eabi/lib/thumb/v7e-m+fp/hard\libm.a(lib_a-sf_fabs.o)
                0x08004458                fabsf
 .text.floorf   0x08004468       0x8c c:/arm_gcc/bin/../lib/gcc/arm-none-eabi/9.2.1/../../../../arm-none-eabi/lib/thumb/v7e-m+fp/hard\libm.a(lib_a-sf_floor.o)
                0x08004468                floorf
 .text.scalbnf  0x080044f4       0xe4 c:/arm_gcc/bin/../lib/gcc/arm-none-eabi/9.2.1/../../../../arm-none-eabi/lib/thumb/v7e-m+fp/hard\libm.a(lib_a-sf_scalbn.o)
                0x080044f4                scalbnf
 *(.glue_7)
 .glue_7        0x080045d8        0x0 linker stubs
 *(.glue_7t)
 .glue_7t       0x080045d8        0x0 linker stubs
 *(.eh_frame)
 .eh_frame      0x080045d8        0x0 c:/arm_gcc/bin/../lib/gcc/arm-none-eabi/9.2.1/thumb/v7e-m+fp/hard/crtbegin.o
 *(.init)
 .init          0x080045d8        0x4 c:/arm_gcc/bin/../lib/gcc/arm-none-eabi/9.2.1/thumb/v7e-m+fp/hard/crti.o
                0x080045d8                _init
 .init          0x080045dc        0x8 c:/arm_gcc/bin/../lib/gcc/arm-none-eabi/9.2.1/thumb/v7e-m+fp/hard/crtn.o
 *(.fini)
 .fini          0x080045e4        0x4 c:/arm_gcc/bin/../lib/gcc/arm-none-eabi/9.2.1/thumb/v7e-m+fp/hard/crti.o
                0x080045e4                _fini
 .fini          0x080045e8        0x8 c:/arm_gcc/bin/../lib/gcc/arm-none-eabi/9.2.1/thumb/v7e-m+fp/hard/crtn.o
                0x080045f0                . = ALIGN (0x4)
                0x080045f0                _etext = .

.vfp11_veneer   0x080045f0        0x0
 .vfp11_veneer  0x080045f0        0x0 linker stubs

.v4_bx          0x080045f0        0x0
 .v4_bx         0x080045f0        0x0 linker stubs

.iplt           0x080045f0        0x0
 .iplt          0x080045f0        0x0 c:/arm_gcc/bin/../lib/gcc/arm-none-eabi/9.2.1/thumb/v7e-m+fp/hard/crtbegin.o

.rodata         0x080045f0      0xbf4
                0x080045f0                . = ALIGN (0x4)
 *(.rodata)
 *(.rodata*)
 .rodata.sinTable_f32
                0x080045f0      0x804 build/arm_common_tables.o
                0x080045f0                sinTable_f32
 .rodata.flagBitshiftOffset.8557
                0x08004df4        0x8 build/stm32f4xx_hal_dma.o
 .rodata.AHBPrescTable
                0x08004dfc       0x10 build/system_stm32f4xx.o
                0x08004dfc                AHBPrescTable
 .rodata.APBPrescTable
                0x08004e0c        0x8 build/system_stm32f4xx.o
                0x08004e0c                APBPrescTable
 .rodata.npio2_hw
                0x08004e14       0x80 c:/arm_gcc/bin/../lib/gcc/arm-none-eabi/9.2.1/../../../../arm-none-eabi/lib/thumb/v7e-m+fp/hard\libm.a(lib_a-ef_rem_pio2.o)
 .rodata.two_over_pi
                0x08004e94      0x318 c:/arm_gcc/bin/../lib/gcc/arm-none-eabi/9.2.1/../../../../arm-none-eabi/lib/thumb/v7e-m+fp/hard\libm.a(lib_a-ef_rem_pio2.o)
 .rodata.PIo2   0x080051ac       0x2c c:/arm_gcc/bin/../lib/gcc/arm-none-eabi/9.2.1/../../../../arm-none-eabi/lib/thumb/v7e-m+fp/hard\libm.a(lib_a-kf_rem_pio2.o)
 .rodata.init_jk
                0x080051d8        0xc c:/arm_gcc/bin/../lib/gcc/arm-none-eabi/9.2.1/../../../../arm-none-eabi/lib/thumb/v7e-m+fp/hard\libm.a(lib_a-kf_rem_pio2.o)
                0x080051e4                . = ALIGN (0x4)

.ARM.extab
 *(.ARM.extab* .gnu.linkonce.armextab.*)

.ARM            0x080051e4        0x8
                0x080051e4                __exidx_start = .
 *(.ARM.exidx*)
 .ARM.exidx     0x080051e4        0x8 c:/arm_gcc/bin/../lib/gcc/arm-none-eabi/9.2.1/thumb/v7e-m+fp/hard\libgcc.a(_udivmoddi4.o)
                0x080051ec                __exidx_end = .

.rel.dyn        0x080051ec        0x0
 .rel.iplt      0x080051ec        0x0 c:/arm_gcc/bin/../lib/gcc/arm-none-eabi/9.2.1/thumb/v7e-m+fp/hard/crtbegin.o

.preinit_array  0x080051ec        0x0
                0x080051ec                PROVIDE (__preinit_array_start = .)
 *(.preinit_array*)
                0x080051ec                PROVIDE (__preinit_array_end = .)

.init_array     0x080051ec        0x4
                0x080051ec                PROVIDE (__init_array_start = .)
 *(SORT_BY_NAME(.init_array.*))
 *(.init_array*)
 .init_array    0x080051ec        0x4 c:/arm_gcc/bin/../lib/gcc/arm-none-eabi/9.2.1/thumb/v7e-m+fp/hard/crtbegin.o
                0x080051f0                PROVIDE (__init_array_end = .)

.fini_array     0x080051f0        0x4
                [!provide]                PROVIDE (__fini_array_start = .)
 *(SORT_BY_NAME(.fini_array.*))
 *(.fini_array*)
 .fini_array    0x080051f0        0x4 c:/arm_gcc/bin/../lib/gcc/arm-none-eabi/9.2.1/thumb/v7e-m+fp/hard/crtbegin.o
                [!provide]                PROVIDE (__fini_array_end = .)
                0x080051f4                _sidata = LOADADDR (.data)

.data           0x20000000       0xa8 load address 0x080051f4
                0x20000000                . = ALIGN (0x4)
                0x20000000                _sdata = .
 *(.data)
 *(.data*)
 .data.U1       0x20000000       0x10 build/foc.o
                0x20000000                U1
 .data.U2       0x20000010       0x10 build/foc.o
                0x20000010                U2
 .data.U3       0x20000020       0x10 build/foc.o
                0x20000020                U3
 .data.U4       0x20000030       0x10 build/foc.o
                0x20000030                U4
 .data.U5       0x20000040       0x10 build/foc.o
                0x20000040                U5
 .data.U6       0x20000050       0x10 build/foc.o
                0x20000050                U6
 .data.U7       0x20000060       0x10 build/foc.o
                0x20000060                U7
 .data.Uvects   0x20000070       0x18 build/foc.o
                0x20000070                Uvects
 .data.s        0x20000088       0x16 build/usart.o
                0x20000088                s
 .data.uwTickFreq
                0x2000009e        0x1 build/stm32f4xx_hal.o
                0x2000009e                uwTickFreq
 *fill*         0x2000009f        0x1 
 .data.uwTickPrio
                0x200000a0        0x4 build/stm32f4xx_hal.o
                0x200000a0                uwTickPrio
 .data.SystemCoreClock
                0x200000a4        0x4 build/system_stm32f4xx.o
                0x200000a4                SystemCoreClock
                0x200000a8                . = ALIGN (0x4)
                0x200000a8                _edata = .
                0x0800529c                _siccmram = LOADADDR (.ccmram)

.igot.plt       0x200000a8        0x0 load address 0x0800529c
 .igot.plt      0x200000a8        0x0 c:/arm_gcc/bin/../lib/gcc/arm-none-eabi/9.2.1/thumb/v7e-m+fp/hard/crtbegin.o

.ccmram         0x10000000        0x0 load address 0x0800529c
                0x10000000                . = ALIGN (0x4)
                0x10000000                _sccmram = .
 *(.ccmram)
 *(.ccmram*)
                0x10000000                . = ALIGN (0x4)
                0x10000000                _eccmram = .
                0x10000000                . = ALIGN (0x4)

.bss            0x200000a8      0x40c
                0x200000a8                _sbss = .
                0x200000a8                __bss_start__ = _sbss
 *(.bss)
 .bss           0x200000a8       0x1c c:/arm_gcc/bin/../lib/gcc/arm-none-eabi/9.2.1/thumb/v7e-m+fp/hard/crtbegin.o
 *(.bss*)
 .bss.theta     0x200000c4        0x4 build/foc.o
 .bss.ms_cnt.8504
                0x200000c8        0x4 build/main.o
 *(COMMON)
 COMMON         0x200000cc       0x10 build/foc.o
                0x200000cc                ADC_Values_Raw2
                0x200000d4                ADC_Values_Raw
 COMMON         0x200000dc        0x1 build/main.o
                0x200000dc                ms_2_flag
 *fill*         0x200000dd        0x3 
 COMMON         0x200000e0      0x150 build/adc.o
                0x200000e0                hadc2
                0x20000128                hadc1
                0x20000170                hdma_adc1
                0x200001d0                hdma_adc2
 COMMON         0x20000230       0x28 build/can.o
                0x20000230                hcan1
 COMMON         0x20000258       0x58 build/spi.o
                0x20000258                hspi3
 COMMON         0x200002b0      0x100 build/tim.o
                0x200002b0                htim8
                0x200002f0                htim4
                0x20000330                htim6
                0x20000370                htim7
 COMMON         0x200003b0      0x100 build/usart.o
                0x200003b0                hdma_usart3_rx
                0x20000410                huart3
                0x20000450                hdma_usart3_tx
 COMMON         0x200004b0        0x4 build/stm32f4xx_hal.o
                0x200004b0                uwTick
                0x200004b4                . = ALIGN (0x4)
                0x200004b4                _ebss = .
                0x200004b4                __bss_end__ = _ebss

._user_heap_stack
                0x200004b4      0x604
                0x200004b8                . = ALIGN (0x8)
 *fill*         0x200004b4        0x4 
                [!provide]                PROVIDE (end = .)
                [!provide]                PROVIDE (_end = .)
                0x200006b8                . = (. + _Min_Heap_Size)
 *fill*         0x200004b8      0x200 
                0x20000ab8                . = (. + _Min_Stack_Size)
 *fill*         0x200006b8      0x400 
                0x20000ab8                . = ALIGN (0x8)

/DISCARD/
 libc.a(*)
 libm.a(*)
 libgcc.a(*)

.ARM.attributes
                0x00000000       0x30
 *(.ARM.attributes)
 .ARM.attributes
                0x00000000       0x1e c:/arm_gcc/bin/../lib/gcc/arm-none-eabi/9.2.1/thumb/v7e-m+fp/hard/crti.o
 .ARM.attributes
                0x0000001e       0x34 c:/arm_gcc/bin/../lib/gcc/arm-none-eabi/9.2.1/thumb/v7e-m+fp/hard/crtbegin.o
 .ARM.attributes
                0x00000052       0x34 build/foc.o
 .ARM.attributes
                0x00000086       0x34 build/main.o
 .ARM.attributes
                0x000000ba       0x34 build/gpio.o
 .ARM.attributes
                0x000000ee       0x34 build/adc.o
 .ARM.attributes
                0x00000122       0x34 build/can.o
 .ARM.attributes
                0x00000156       0x34 build/dma.o
 .ARM.attributes
                0x0000018a       0x34 build/spi.o
 .ARM.attributes
                0x000001be       0x34 build/tim.o
 .ARM.attributes
                0x000001f2       0x34 build/usart.o
 .ARM.attributes
                0x00000226       0x39 build/arm_common_tables.o
 .ARM.attributes
                0x0000025f       0x34 build/arm_sin_cos_f32.o
 .ARM.attributes
                0x00000293       0x34 build/stm32f4xx_it.o
 .ARM.attributes
                0x000002c7       0x34 build/stm32f4xx_hal_msp.o
 .ARM.attributes
                0x000002fb       0x34 build/stm32f4xx_hal_adc.o
 .ARM.attributes
                0x0000032f       0x34 build/stm32f4xx_hal_can.o
 .ARM.attributes
                0x00000363       0x34 build/stm32f4xx_hal_spi.o
 .ARM.attributes
                0x00000397       0x34 build/stm32f4xx_hal_tim.o
 .ARM.attributes
                0x000003cb       0x34 build/stm32f4xx_hal_tim_ex.o
 .ARM.attributes
                0x000003ff       0x34 build/stm32f4xx_hal_uart.o
 .ARM.attributes
                0x00000433       0x34 build/stm32f4xx_hal_rcc.o
 .ARM.attributes
                0x00000467       0x34 build/stm32f4xx_hal_gpio.o
 .ARM.attributes
                0x0000049b       0x34 build/stm32f4xx_hal_dma.o
 .ARM.attributes
                0x000004cf       0x34 build/stm32f4xx_hal_cortex.o
 .ARM.attributes
                0x00000503       0x34 build/stm32f4xx_hal.o
 .ARM.attributes
                0x00000537       0x34 build/system_stm32f4xx.o
 .ARM.attributes
                0x0000056b       0x21 build/startup_stm32f405xx.o
 .ARM.attributes
                0x0000058c       0x34 c:/arm_gcc/bin/../lib/gcc/arm-none-eabi/9.2.1/../../../../arm-none-eabi/lib/thumb/v7e-m+fp/hard\libc_nano.a(lib_a-init.o)
 .ARM.attributes
                0x000005c0       0x34 c:/arm_gcc/bin/../lib/gcc/arm-none-eabi/9.2.1/../../../../arm-none-eabi/lib/thumb/v7e-m+fp/hard\libc_nano.a(lib_a-memset.o)
 .ARM.attributes
                0x000005f4       0x34 c:/arm_gcc/bin/../lib/gcc/arm-none-eabi/9.2.1/../../../../arm-none-eabi/lib/thumb/v7e-m+fp/hard\libm.a(lib_a-sf_cos.o)
 .ARM.attributes
                0x00000628       0x34 c:/arm_gcc/bin/../lib/gcc/arm-none-eabi/9.2.1/../../../../arm-none-eabi/lib/thumb/v7e-m+fp/hard\libm.a(lib_a-sf_sin.o)
 .ARM.attributes
                0x0000065c       0x34 c:/arm_gcc/bin/../lib/gcc/arm-none-eabi/9.2.1/../../../../arm-none-eabi/lib/thumb/v7e-m+fp/hard\libm.a(lib_a-ef_rem_pio2.o)
 .ARM.attributes
                0x00000690       0x34 c:/arm_gcc/bin/../lib/gcc/arm-none-eabi/9.2.1/../../../../arm-none-eabi/lib/thumb/v7e-m+fp/hard\libm.a(lib_a-kf_cos.o)
 .ARM.attributes
                0x000006c4       0x34 c:/arm_gcc/bin/../lib/gcc/arm-none-eabi/9.2.1/../../../../arm-none-eabi/lib/thumb/v7e-m+fp/hard\libm.a(lib_a-kf_rem_pio2.o)
 .ARM.attributes
                0x000006f8       0x34 c:/arm_gcc/bin/../lib/gcc/arm-none-eabi/9.2.1/../../../../arm-none-eabi/lib/thumb/v7e-m+fp/hard\libm.a(lib_a-kf_sin.o)
 .ARM.attributes
                0x0000072c       0x34 c:/arm_gcc/bin/../lib/gcc/arm-none-eabi/9.2.1/../../../../arm-none-eabi/lib/thumb/v7e-m+fp/hard\libm.a(lib_a-sf_fabs.o)
 .ARM.attributes
                0x00000760       0x34 c:/arm_gcc/bin/../lib/gcc/arm-none-eabi/9.2.1/../../../../arm-none-eabi/lib/thumb/v7e-m+fp/hard\libm.a(lib_a-sf_floor.o)
 .ARM.attributes
                0x00000794       0x34 c:/arm_gcc/bin/../lib/gcc/arm-none-eabi/9.2.1/../../../../arm-none-eabi/lib/thumb/v7e-m+fp/hard\libm.a(lib_a-sf_scalbn.o)
 .ARM.attributes
                0x000007c8       0x1e c:/arm_gcc/bin/../lib/gcc/arm-none-eabi/9.2.1/thumb/v7e-m+fp/hard\libgcc.a(_aeabi_uldivmod.o)
 .ARM.attributes
                0x000007e6       0x34 c:/arm_gcc/bin/../lib/gcc/arm-none-eabi/9.2.1/thumb/v7e-m+fp/hard\libgcc.a(_udivmoddi4.o)
 .ARM.attributes
                0x0000081a       0x1e c:/arm_gcc/bin/../lib/gcc/arm-none-eabi/9.2.1/thumb/v7e-m+fp/hard\libgcc.a(_dvmd_tls.o)
 .ARM.attributes
                0x00000838       0x1e c:/arm_gcc/bin/../lib/gcc/arm-none-eabi/9.2.1/thumb/v7e-m+fp/hard/crtn.o
OUTPUT(build/foc.elf elf32-littlearm)

.debug_info     0x00000000    0x1bd9c
 .debug_info    0x00000000     0x1ac6 build/foc.o
 .debug_info    0x00001ac6     0x19f2 build/main.o
 .debug_info    0x000034b8      0x5d2 build/gpio.o
 .debug_info    0x00003a8a      0xecf build/adc.o
 .debug_info    0x00004959      0xa4c build/can.o
 .debug_info    0x000053a5      0x689 build/dma.o
 .debug_info    0x00005a2e      0xb9d build/spi.o
 .debug_info    0x000065cb     0x166d build/tim.o
 .debug_info    0x00007c38     0x1602 build/usart.o
 .debug_info    0x0000923a     0x1578 build/arm_common_tables.o
 .debug_info    0x0000a7b2     0x135c build/arm_sin_cos_f32.o
 .debug_info    0x0000bb0e      0x94e build/stm32f4xx_it.o
 .debug_info    0x0000c45c      0x388 build/stm32f4xx_hal_msp.o
 .debug_info    0x0000c7e4     0x104d build/stm32f4xx_hal_adc.o
 .debug_info    0x0000d831     0x1426 build/stm32f4xx_hal_can.o
 .debug_info    0x0000ec57     0x1fce build/stm32f4xx_hal_spi.o
 .debug_info    0x00010c25     0x3a29 build/stm32f4xx_hal_tim.o
 .debug_info    0x0001464e     0x185f build/stm32f4xx_hal_tim_ex.o
 .debug_info    0x00015ead     0x1b32 build/stm32f4xx_hal_uart.o
 .debug_info    0x000179df      0xbd9 build/stm32f4xx_hal_rcc.o
 .debug_info    0x000185b8      0x8b8 build/stm32f4xx_hal_gpio.o
 .debug_info    0x00018e70      0xc2e build/stm32f4xx_hal_dma.o
 .debug_info    0x00019a9e     0x11e1 build/stm32f4xx_hal_cortex.o
 .debug_info    0x0001ac7f      0xb1c build/stm32f4xx_hal.o
 .debug_info    0x0001b79b      0x5df build/system_stm32f4xx.o
 .debug_info    0x0001bd7a       0x22 build/startup_stm32f405xx.o

.debug_abbrev   0x00000000     0x3a81
 .debug_abbrev  0x00000000      0x398 build/foc.o
 .debug_abbrev  0x00000398      0x26c build/main.o
 .debug_abbrev  0x00000604      0x17e build/gpio.o
 .debug_abbrev  0x00000782      0x1f9 build/adc.o
 .debug_abbrev  0x0000097b      0x1e9 build/can.o
 .debug_abbrev  0x00000b64      0x156 build/dma.o
 .debug_abbrev  0x00000cba      0x1f1 build/spi.o
 .debug_abbrev  0x00000eab      0x260 build/tim.o
 .debug_abbrev  0x0000110b      0x2a1 build/usart.o
 .debug_abbrev  0x000013ac      0x1ea build/arm_common_tables.o
 .debug_abbrev  0x00001596      0x22c build/arm_sin_cos_f32.o
 .debug_abbrev  0x000017c2      0x1c6 build/stm32f4xx_it.o
 .debug_abbrev  0x00001988      0x100 build/stm32f4xx_hal_msp.o
 .debug_abbrev  0x00001a88      0x2cd build/stm32f4xx_hal_adc.o
 .debug_abbrev  0x00001d55      0x2b8 build/stm32f4xx_hal_can.o
 .debug_abbrev  0x0000200d      0x2d2 build/stm32f4xx_hal_spi.o
 .debug_abbrev  0x000022df      0x2af build/stm32f4xx_hal_tim.o
 .debug_abbrev  0x0000258e      0x2ab build/stm32f4xx_hal_tim_ex.o
 .debug_abbrev  0x00002839      0x2fe build/stm32f4xx_hal_uart.o
 .debug_abbrev  0x00002b37      0x2cd build/stm32f4xx_hal_rcc.o
 .debug_abbrev  0x00002e04      0x258 build/stm32f4xx_hal_gpio.o
 .debug_abbrev  0x0000305c      0x312 build/stm32f4xx_hal_dma.o
 .debug_abbrev  0x0000336e      0x3b3 build/stm32f4xx_hal_cortex.o
 .debug_abbrev  0x00003721      0x220 build/stm32f4xx_hal.o
 .debug_abbrev  0x00003941      0x12e build/system_stm32f4xx.o
 .debug_abbrev  0x00003a6f       0x12 build/startup_stm32f405xx.o

.debug_loc      0x00000000    0x10118
 .debug_loc     0x00000000      0x6b7 build/foc.o
 .debug_loc     0x000006b7       0x59 build/main.o
 .debug_loc     0x00000710       0x39 build/gpio.o
 .debug_loc     0x00000749      0x19a build/adc.o
 .debug_loc     0x000008e3      0x108 build/can.o
 .debug_loc     0x000009eb       0x38 build/dma.o
 .debug_loc     0x00000a23      0x108 build/spi.o
 .debug_loc     0x00000b2b      0x461 build/tim.o
 .debug_loc     0x00000f8c      0x1b5 build/usart.o
 .debug_loc     0x00001141      0x4eb build/arm_sin_cos_f32.o
 .debug_loc     0x0000162c      0x100 build/stm32f4xx_it.o
 .debug_loc     0x0000172c       0x2c build/stm32f4xx_hal_msp.o
 .debug_loc     0x00001758      0xdca build/stm32f4xx_hal_adc.o
 .debug_loc     0x00002522      0xef2 build/stm32f4xx_hal_can.o
 .debug_loc     0x00003414     0x243c build/stm32f4xx_hal_spi.o
 .debug_loc     0x00005850     0x4e3d build/stm32f4xx_hal_tim.o
 .debug_loc     0x0000a68d     0x1813 build/stm32f4xx_hal_tim_ex.o
 .debug_loc     0x0000bea0     0x1d4e build/stm32f4xx_hal_uart.o
 .debug_loc     0x0000dbee      0x68d build/stm32f4xx_hal_rcc.o
 .debug_loc     0x0000e27b      0x5fe build/stm32f4xx_hal_gpio.o
 .debug_loc     0x0000e879      0xdd7 build/stm32f4xx_hal_dma.o
 .debug_loc     0x0000f650      0x790 build/stm32f4xx_hal_cortex.o
 .debug_loc     0x0000fde0      0x1cc build/stm32f4xx_hal.o
 .debug_loc     0x0000ffac      0x16c build/system_stm32f4xx.o

.debug_aranges  0x00000000     0x1110
 .debug_aranges
                0x00000000       0x58 build/foc.o
 .debug_aranges
                0x00000058       0x38 build/main.o
 .debug_aranges
                0x00000090       0x20 build/gpio.o
 .debug_aranges
                0x000000b0       0x38 build/adc.o
 .debug_aranges
                0x000000e8       0x30 build/can.o
 .debug_aranges
                0x00000118       0x20 build/dma.o
 .debug_aranges
                0x00000138       0x30 build/spi.o
 .debug_aranges
                0x00000168       0x70 build/tim.o
 .debug_aranges
                0x000001d8       0x38 build/usart.o
 .debug_aranges
                0x00000210       0x18 build/arm_common_tables.o
 .debug_aranges
                0x00000228       0x20 build/arm_sin_cos_f32.o
 .debug_aranges
                0x00000248       0x98 build/stm32f4xx_it.o
 .debug_aranges
                0x000002e0       0x20 build/stm32f4xx_hal_msp.o
 .debug_aranges
                0x00000300       0xe8 build/stm32f4xx_hal_adc.o
 .debug_aranges
                0x000003e8      0x138 build/stm32f4xx_hal_can.o
 .debug_aranges
                0x00000520      0x1d0 build/stm32f4xx_hal_spi.o
 .debug_aranges
                0x000006f0      0x3a8 build/stm32f4xx_hal_tim.o
 .debug_aranges
                0x00000a98      0x150 build/stm32f4xx_hal_tim_ex.o
 .debug_aranges
                0x00000be8      0x1d0 build/stm32f4xx_hal_uart.o
 .debug_aranges
                0x00000db8       0x88 build/stm32f4xx_hal_rcc.o
 .debug_aranges
                0x00000e40       0x58 build/stm32f4xx_hal_gpio.o
 .debug_aranges
                0x00000e98       0x90 build/stm32f4xx_hal_dma.o
 .debug_aranges
                0x00000f28       0xa8 build/stm32f4xx_hal_cortex.o
 .debug_aranges
                0x00000fd0       0xf0 build/stm32f4xx_hal.o
 .debug_aranges
                0x000010c0       0x28 build/system_stm32f4xx.o
 .debug_aranges
                0x000010e8       0x28 build/startup_stm32f405xx.o

.debug_ranges   0x00000000      0xfd0
 .debug_ranges  0x00000000       0x48 build/foc.o
 .debug_ranges  0x00000048       0x28 build/main.o
 .debug_ranges  0x00000070       0x10 build/gpio.o
 .debug_ranges  0x00000080       0x28 build/adc.o
 .debug_ranges  0x000000a8       0x20 build/can.o
 .debug_ranges  0x000000c8       0x10 build/dma.o
 .debug_ranges  0x000000d8       0x20 build/spi.o
 .debug_ranges  0x000000f8       0x60 build/tim.o
 .debug_ranges  0x00000158       0x28 build/usart.o
 .debug_ranges  0x00000180       0x10 build/arm_sin_cos_f32.o
 .debug_ranges  0x00000190       0x88 build/stm32f4xx_it.o
 .debug_ranges  0x00000218       0x10 build/stm32f4xx_hal_msp.o
 .debug_ranges  0x00000228       0xd8 build/stm32f4xx_hal_adc.o
 .debug_ranges  0x00000300      0x128 build/stm32f4xx_hal_can.o
 .debug_ranges  0x00000428      0x1c0 build/stm32f4xx_hal_spi.o
 .debug_ranges  0x000005e8      0x398 build/stm32f4xx_hal_tim.o
 .debug_ranges  0x00000980      0x140 build/stm32f4xx_hal_tim_ex.o
 .debug_ranges  0x00000ac0      0x1c0 build/stm32f4xx_hal_uart.o
 .debug_ranges  0x00000c80       0x90 build/stm32f4xx_hal_rcc.o
 .debug_ranges  0x00000d10       0x48 build/stm32f4xx_hal_gpio.o
 .debug_ranges  0x00000d58       0x80 build/stm32f4xx_hal_dma.o
 .debug_ranges  0x00000dd8       0xe0 build/stm32f4xx_hal_cortex.o
 .debug_ranges  0x00000eb8       0xe0 build/stm32f4xx_hal.o
 .debug_ranges  0x00000f98       0x18 build/system_stm32f4xx.o
 .debug_ranges  0x00000fb0       0x20 build/startup_stm32f405xx.o

.debug_line     0x00000000     0xfa1d
 .debug_line    0x00000000      0x5bd build/foc.o
 .debug_line    0x000005bd      0x3c8 build/main.o
 .debug_line    0x00000985      0x1d8 build/gpio.o
 .debug_line    0x00000b5d      0x53d build/adc.o
 .debug_line    0x0000109a      0x2b2 build/can.o
 .debug_line    0x0000134c      0x172 build/dma.o
 .debug_line    0x000014be      0x2ba build/spi.o
 .debug_line    0x00001778      0x6fa build/tim.o
 .debug_line    0x00001e72      0x3f8 build/usart.o
 .debug_line    0x0000226a      0x16d build/arm_common_tables.o
 .debug_line    0x000023d7      0x2a7 build/arm_sin_cos_f32.o
 .debug_line    0x0000267e      0x32b build/stm32f4xx_it.o
 .debug_line    0x000029a9      0x13e build/stm32f4xx_hal_msp.o
 .debug_line    0x00002ae7      0xfe2 build/stm32f4xx_hal_adc.o
 .debug_line    0x00003ac9     0x109b build/stm32f4xx_hal_can.o
 .debug_line    0x00004b64     0x2220 build/stm32f4xx_hal_spi.o
 .debug_line    0x00006d84     0x3379 build/stm32f4xx_hal_tim.o
 .debug_line    0x0000a0fd     0x1056 build/stm32f4xx_hal_tim_ex.o
 .debug_line    0x0000b153     0x1b54 build/stm32f4xx_hal_uart.o
 .debug_line    0x0000cca7      0xa4e build/stm32f4xx_hal_rcc.o
 .debug_line    0x0000d6f5      0x69a build/stm32f4xx_hal_gpio.o
 .debug_line    0x0000dd8f      0xdb4 build/stm32f4xx_hal_dma.o
 .debug_line    0x0000eb43      0x734 build/stm32f4xx_hal_cortex.o
 .debug_line    0x0000f277      0x4fd build/stm32f4xx_hal.o
 .debug_line    0x0000f774      0x235 build/system_stm32f4xx.o
 .debug_line    0x0000f9a9       0x74 build/startup_stm32f405xx.o

.debug_str      0x00000000     0x5744
 .debug_str     0x00000000      0xcac build/foc.o
                                0xd85 (size before relaxing)
 .debug_str     0x00000cac      0x87d build/main.o
                               0x10d0 (size before relaxing)
 .debug_str     0x00001529      0x196 build/gpio.o
                                0x3c0 (size before relaxing)
 .debug_str     0x000016bf       0xc5 build/adc.o
                                0x872 (size before relaxing)
 .debug_str     0x00001784       0x43 build/can.o
                                0x66d (size before relaxing)
 .debug_str     0x000017c7      0x4ff build/dma.o
                                0x7f6 (size before relaxing)
 .debug_str     0x00001cc6       0x43 build/spi.o
                                0x837 (size before relaxing)
 .debug_str     0x00001d09      0x379 build/tim.o
                               0x10bb (size before relaxing)
 .debug_str     0x00002082       0x8d build/usart.o
                                0xc6a (size before relaxing)
 .debug_str     0x0000210f      0x50e build/arm_common_tables.o
                                0xadf (size before relaxing)
 .debug_str     0x0000261d       0x46 build/arm_sin_cos_f32.o
                                0xb23 (size before relaxing)
 .debug_str     0x00002663      0x172 build/stm32f4xx_it.o
                                0x7cc (size before relaxing)
 .debug_str     0x000027d5       0x24 build/stm32f4xx_hal_msp.o
                                0x30f (size before relaxing)
 .debug_str     0x000027f9      0x2d4 build/stm32f4xx_hal_adc.o
                                0x98a (size before relaxing)
 .debug_str     0x00002acd      0x554 build/stm32f4xx_hal_can.o
                                0xa92 (size before relaxing)
 .debug_str     0x00003021      0x522 build/stm32f4xx_hal_spi.o
                                0xc10 (size before relaxing)
 .debug_str     0x00003543      0xbd2 build/stm32f4xx_hal_tim.o
                               0x1504 (size before relaxing)
 .debug_str     0x00004115      0x40e build/stm32f4xx_hal_tim_ex.o
                                0xd1c (size before relaxing)
 .debug_str     0x00004523      0x520 build/stm32f4xx_hal_uart.o
                                0xc4f (size before relaxing)
 .debug_str     0x00004a43      0x191 build/stm32f4xx_hal_rcc.o
                                0x6fa (size before relaxing)
 .debug_str     0x00004bd4      0x120 build/stm32f4xx_hal_gpio.o
                                0x527 (size before relaxing)
 .debug_str     0x00004cf4      0x289 build/stm32f4xx_hal_dma.o
                                0x7ad (size before relaxing)
 .debug_str     0x00004f7d      0x4c4 build/stm32f4xx_hal_cortex.o
                                0xc40 (size before relaxing)
 .debug_str     0x00005441      0x29d build/stm32f4xx_hal.o
                                0xb75 (size before relaxing)
 .debug_str     0x000056de       0x42 build/system_stm32f4xx.o
                                0x38b (size before relaxing)
 .debug_str     0x00005720       0x24 build/startup_stm32f405xx.o
                                 0x48 (size before relaxing)

.comment        0x00000000       0xef
 .comment       0x00000000       0x79 build/foc.o
                                 0x7a (size before relaxing)
 .comment       0x00000079       0x7a build/main.o
 .comment       0x00000079       0x76 build/gpio.o
                                 0x77 (size before relaxing)
 .comment       0x000000ef       0x77 build/adc.o
 .comment       0x000000ef       0x77 build/can.o
 .comment       0x000000ef       0x77 build/dma.o
 .comment       0x000000ef       0x77 build/spi.o
 .comment       0x000000ef       0x77 build/tim.o
 .comment       0x000000ef       0x77 build/usart.o
 .comment       0x000000ef       0x77 build/arm_common_tables.o
 .comment       0x000000ef       0x77 build/arm_sin_cos_f32.o
 .comment       0x000000ef       0x77 build/stm32f4xx_it.o
 .comment       0x000000ef       0x77 build/stm32f4xx_hal_msp.o
 .comment       0x000000ef       0x77 build/stm32f4xx_hal_adc.o
 .comment       0x000000ef       0x77 build/stm32f4xx_hal_can.o
 .comment       0x000000ef       0x77 build/stm32f4xx_hal_spi.o
 .comment       0x000000ef       0x77 build/stm32f4xx_hal_tim.o
 .comment       0x000000ef       0x77 build/stm32f4xx_hal_tim_ex.o
 .comment       0x000000ef       0x77 build/stm32f4xx_hal_uart.o
 .comment       0x000000ef       0x77 build/stm32f4xx_hal_rcc.o
 .comment       0x000000ef       0x77 build/stm32f4xx_hal_gpio.o
 .comment       0x000000ef       0x77 build/stm32f4xx_hal_dma.o
 .comment       0x000000ef       0x77 build/stm32f4xx_hal_cortex.o
 .comment       0x000000ef       0x77 build/stm32f4xx_hal.o
 .comment       0x000000ef       0x77 build/system_stm32f4xx.o

.debug_frame    0x00000000     0x3310
 .debug_frame   0x00000000      0x134 build/foc.o
 .debug_frame   0x00000134       0x70 build/main.o
 .debug_frame   0x000001a4       0x3c build/gpio.o
 .debug_frame   0x000001e0       0x98 build/adc.o
 .debug_frame   0x00000278       0x68 build/can.o
 .debug_frame   0x000002e0       0x30 build/dma.o
 .debug_frame   0x00000310       0x68 build/spi.o
 .debug_frame   0x00000378      0x170 build/tim.o
 .debug_frame   0x000004e8       0x8c build/usart.o
 .debug_frame   0x00000574       0x38 build/arm_sin_cos_f32.o
 .debug_frame   0x000005ac      0x170 build/stm32f4xx_it.o
 .debug_frame   0x0000071c       0x28 build/stm32f4xx_hal_msp.o
 .debug_frame   0x00000744      0x2b8 build/stm32f4xx_hal_adc.o
 .debug_frame   0x000009fc      0x310 build/stm32f4xx_hal_can.o
 .debug_frame   0x00000d0c      0x634 build/stm32f4xx_hal_spi.o
 .debug_frame   0x00001340      0xbc4 build/stm32f4xx_hal_tim.o
 .debug_frame   0x00001f04      0x430 build/stm32f4xx_hal_tim_ex.o
 .debug_frame   0x00002334      0x57c build/stm32f4xx_hal_uart.o
 .debug_frame   0x000028b0      0x1b0 build/stm32f4xx_hal_rcc.o
 .debug_frame   0x00002a60       0xec build/stm32f4xx_hal_gpio.o
 .debug_frame   0x00002b4c      0x1b8 build/stm32f4xx_hal_dma.o
 .debug_frame   0x00002d04      0x16c build/stm32f4xx_hal_cortex.o
 .debug_frame   0x00002e70      0x200 build/stm32f4xx_hal.o
 .debug_frame   0x00003070       0x30 build/system_stm32f4xx.o
 .debug_frame   0x000030a0       0x2c c:/arm_gcc/bin/../lib/gcc/arm-none-eabi/9.2.1/../../../../arm-none-eabi/lib/thumb/v7e-m+fp/hard\libc_nano.a(lib_a-init.o)
 .debug_frame   0x000030cc       0x20 c:/arm_gcc/bin/../lib/gcc/arm-none-eabi/9.2.1/../../../../arm-none-eabi/lib/thumb/v7e-m+fp/hard\libc_nano.a(lib_a-memset.o)
 .debug_frame   0x000030ec       0x34 c:/arm_gcc/bin/../lib/gcc/arm-none-eabi/9.2.1/../../../../arm-none-eabi/lib/thumb/v7e-m+fp/hard\libm.a(lib_a-sf_cos.o)
 .debug_frame   0x00003120       0x34 c:/arm_gcc/bin/../lib/gcc/arm-none-eabi/9.2.1/../../../../arm-none-eabi/lib/thumb/v7e-m+fp/hard\libm.a(lib_a-sf_sin.o)
 .debug_frame   0x00003154       0x44 c:/arm_gcc/bin/../lib/gcc/arm-none-eabi/9.2.1/../../../../arm-none-eabi/lib/thumb/v7e-m+fp/hard\libm.a(lib_a-ef_rem_pio2.o)
 .debug_frame   0x00003198       0x20 c:/arm_gcc/bin/../lib/gcc/arm-none-eabi/9.2.1/../../../../arm-none-eabi/lib/thumb/v7e-m+fp/hard\libm.a(lib_a-kf_cos.o)
 .debug_frame   0x000031b8       0x5c c:/arm_gcc/bin/../lib/gcc/arm-none-eabi/9.2.1/../../../../arm-none-eabi/lib/thumb/v7e-m+fp/hard\libm.a(lib_a-kf_rem_pio2.o)
 .debug_frame   0x00003214       0x20 c:/arm_gcc/bin/../lib/gcc/arm-none-eabi/9.2.1/../../../../arm-none-eabi/lib/thumb/v7e-m+fp/hard\libm.a(lib_a-kf_sin.o)
 .debug_frame   0x00003234       0x20 c:/arm_gcc/bin/../lib/gcc/arm-none-eabi/9.2.1/../../../../arm-none-eabi/lib/thumb/v7e-m+fp/hard\libm.a(lib_a-sf_fabs.o)
 .debug_frame   0x00003254       0x20 c:/arm_gcc/bin/../lib/gcc/arm-none-eabi/9.2.1/../../../../arm-none-eabi/lib/thumb/v7e-m+fp/hard\libm.a(lib_a-sf_floor.o)
 .debug_frame   0x00003274       0x3c c:/arm_gcc/bin/../lib/gcc/arm-none-eabi/9.2.1/../../../../arm-none-eabi/lib/thumb/v7e-m+fp/hard\libm.a(lib_a-sf_scalbn.o)
 .debug_frame   0x000032b0       0x2c c:/arm_gcc/bin/../lib/gcc/arm-none-eabi/9.2.1/thumb/v7e-m+fp/hard\libgcc.a(_aeabi_uldivmod.o)
 .debug_frame   0x000032dc       0x34 c:/arm_gcc/bin/../lib/gcc/arm-none-eabi/9.2.1/thumb/v7e-m+fp/hard\libgcc.a(_udivmoddi4.o)

Cross Reference Table

Symbol                                            File
ADC_IRQHandler                                    build/startup_stm32f405xx.o
ADC_Values_Raw                                    build/foc.o
                                                  build/main.o
ADC_Values_Raw2                                   build/foc.o
                                                  build/main.o
AHBPrescTable                                     build/system_stm32f4xx.o
                                                  build/stm32f4xx_hal_rcc.o
APBPrescTable                                     build/system_stm32f4xx.o
                                                  build/stm32f4xx_hal_rcc.o
BusFault_Handler                                  build/stm32f4xx_it.o
CAN1_RX0_IRQHandler                               build/startup_stm32f405xx.o
CAN1_RX1_IRQHandler                               build/startup_stm32f405xx.o
CAN1_SCE_IRQHandler                               build/startup_stm32f405xx.o
CAN1_TX_IRQHandler                                build/startup_stm32f405xx.o
CAN2_RX0_IRQHandler                               build/startup_stm32f405xx.o
CAN2_RX1_IRQHandler                               build/startup_stm32f405xx.o
CAN2_SCE_IRQHandler                               build/startup_stm32f405xx.o
CAN2_TX_IRQHandler                                build/startup_stm32f405xx.o
DMA1_Stream0_IRQHandler                           build/startup_stm32f405xx.o
DMA1_Stream1_IRQHandler                           build/stm32f4xx_it.o
DMA1_Stream2_IRQHandler                           build/startup_stm32f405xx.o
DMA1_Stream3_IRQHandler                           build/stm32f4xx_it.o
DMA1_Stream4_IRQHandler                           build/startup_stm32f405xx.o
DMA1_Stream5_IRQHandler                           build/startup_stm32f405xx.o
DMA1_Stream6_IRQHandler                           build/startup_stm32f405xx.o
DMA1_Stream7_IRQHandler                           build/startup_stm32f405xx.o
DMA2_Stream0_IRQHandler                           build/stm32f4xx_it.o
DMA2_Stream1_IRQHandler                           build/startup_stm32f405xx.o
DMA2_Stream2_IRQHandler                           build/stm32f4xx_it.o
DMA2_Stream3_IRQHandler                           build/startup_stm32f405xx.o
DMA2_Stream4_IRQHandler                           build/startup_stm32f405xx.o
DMA2_Stream5_IRQHandler                           build/startup_stm32f405xx.o
DMA2_Stream6_IRQHandler                           build/startup_stm32f405xx.o
DMA2_Stream7_IRQHandler                           build/startup_stm32f405xx.o
DebugMon_Handler                                  build/stm32f4xx_it.o
Default_Handler                                   build/startup_stm32f405xx.o
EXTI0_IRQHandler                                  build/startup_stm32f405xx.o
EXTI15_10_IRQHandler                              build/startup_stm32f405xx.o
EXTI1_IRQHandler                                  build/startup_stm32f405xx.o
EXTI2_IRQHandler                                  build/startup_stm32f405xx.o
EXTI3_IRQHandler                                  build/startup_stm32f405xx.o
EXTI4_IRQHandler                                  build/startup_stm32f405xx.o
EXTI9_5_IRQHandler                                build/startup_stm32f405xx.o
Error_Handler                                     build/main.o
                                                  build/usart.o
                                                  build/tim.o
                                                  build/spi.o
                                                  build/can.o
                                                  build/adc.o
FLASH_Erase_Sector                                build/stm32f4xx_hal_flash_ex.o
                                                  build/stm32f4xx_hal_flash.o
FLASH_FlushCaches                                 build/stm32f4xx_hal_flash_ex.o
                                                  build/stm32f4xx_hal_flash.o
FLASH_IRQHandler                                  build/startup_stm32f405xx.o
FLASH_WaitForLastOperation                        build/stm32f4xx_hal_flash.o
                                                  build/stm32f4xx_hal_flash_ex.o
FPU_IRQHandler                                    build/startup_stm32f405xx.o
FSMC_IRQHandler                                   build/startup_stm32f405xx.o
Foc_Init                                          build/foc.o
                                                  build/main.o
HAL_ADCEx_InjectedConfigChannel                   build/stm32f4xx_hal_adc_ex.o
HAL_ADCEx_InjectedConvCpltCallback                build/stm32f4xx_hal_adc_ex.o
                                                  build/stm32f4xx_hal_adc.o
HAL_ADCEx_InjectedGetValue                        build/stm32f4xx_hal_adc_ex.o
HAL_ADCEx_InjectedPollForConversion               build/stm32f4xx_hal_adc_ex.o
HAL_ADCEx_InjectedStart                           build/stm32f4xx_hal_adc_ex.o
HAL_ADCEx_InjectedStart_IT                        build/stm32f4xx_hal_adc_ex.o
HAL_ADCEx_InjectedStop                            build/stm32f4xx_hal_adc_ex.o
HAL_ADCEx_InjectedStop_IT                         build/stm32f4xx_hal_adc_ex.o
HAL_ADCEx_MultiModeConfigChannel                  build/stm32f4xx_hal_adc_ex.o
HAL_ADCEx_MultiModeGetValue                       build/stm32f4xx_hal_adc_ex.o
HAL_ADCEx_MultiModeStart_DMA                      build/stm32f4xx_hal_adc_ex.o
HAL_ADCEx_MultiModeStop_DMA                       build/stm32f4xx_hal_adc_ex.o
HAL_ADC_AnalogWDGConfig                           build/stm32f4xx_hal_adc.o
HAL_ADC_ConfigChannel                             build/stm32f4xx_hal_adc.o
                                                  build/adc.o
HAL_ADC_ConvCpltCallback                          build/stm32f4xx_hal_adc.o
                                                  build/stm32f4xx_hal_adc_ex.o
HAL_ADC_ConvHalfCpltCallback                      build/stm32f4xx_hal_adc.o
                                                  build/stm32f4xx_hal_adc_ex.o
HAL_ADC_DeInit                                    build/stm32f4xx_hal_adc.o
HAL_ADC_ErrorCallback                             build/stm32f4xx_hal_adc.o
                                                  build/stm32f4xx_hal_adc_ex.o
HAL_ADC_GetError                                  build/stm32f4xx_hal_adc.o
HAL_ADC_GetState                                  build/stm32f4xx_hal_adc.o
HAL_ADC_GetValue                                  build/stm32f4xx_hal_adc.o
HAL_ADC_IRQHandler                                build/stm32f4xx_hal_adc.o
HAL_ADC_Init                                      build/stm32f4xx_hal_adc.o
                                                  build/adc.o
HAL_ADC_LevelOutOfWindowCallback                  build/stm32f4xx_hal_adc.o
HAL_ADC_MspDeInit                                 build/adc.o
HAL_ADC_MspInit                                   build/adc.o
HAL_ADC_PollForConversion                         build/stm32f4xx_hal_adc.o
HAL_ADC_PollForEvent                              build/stm32f4xx_hal_adc.o
HAL_ADC_Start                                     build/stm32f4xx_hal_adc.o
HAL_ADC_Start_DMA                                 build/stm32f4xx_hal_adc.o
                                                  build/foc.o
HAL_ADC_Start_IT                                  build/stm32f4xx_hal_adc.o
HAL_ADC_Stop                                      build/stm32f4xx_hal_adc.o
HAL_ADC_Stop_DMA                                  build/stm32f4xx_hal_adc.o
HAL_ADC_Stop_IT                                   build/stm32f4xx_hal_adc.o
HAL_CAN_AbortTxRequest                            build/stm32f4xx_hal_can.o
HAL_CAN_ActivateNotification                      build/stm32f4xx_hal_can.o
HAL_CAN_AddTxMessage                              build/stm32f4xx_hal_can.o
HAL_CAN_ConfigFilter                              build/stm32f4xx_hal_can.o
HAL_CAN_DeInit                                    build/stm32f4xx_hal_can.o
HAL_CAN_DeactivateNotification                    build/stm32f4xx_hal_can.o
HAL_CAN_ErrorCallback                             build/stm32f4xx_hal_can.o
HAL_CAN_GetError                                  build/stm32f4xx_hal_can.o
HAL_CAN_GetRxFifoFillLevel                        build/stm32f4xx_hal_can.o
HAL_CAN_GetRxMessage                              build/stm32f4xx_hal_can.o
HAL_CAN_GetState                                  build/stm32f4xx_hal_can.o
HAL_CAN_GetTxMailboxesFreeLevel                   build/stm32f4xx_hal_can.o
HAL_CAN_GetTxTimestamp                            build/stm32f4xx_hal_can.o
HAL_CAN_IRQHandler                                build/stm32f4xx_hal_can.o
HAL_CAN_Init                                      build/stm32f4xx_hal_can.o
                                                  build/can.o
HAL_CAN_IsSleepActive                             build/stm32f4xx_hal_can.o
HAL_CAN_IsTxMessagePending                        build/stm32f4xx_hal_can.o
HAL_CAN_MspDeInit                                 build/can.o
HAL_CAN_MspInit                                   build/can.o
HAL_CAN_RequestSleep                              build/stm32f4xx_hal_can.o
HAL_CAN_ResetError                                build/stm32f4xx_hal_can.o
HAL_CAN_RxFifo0FullCallback                       build/stm32f4xx_hal_can.o
HAL_CAN_RxFifo0MsgPendingCallback                 build/stm32f4xx_hal_can.o
HAL_CAN_RxFifo1FullCallback                       build/stm32f4xx_hal_can.o
HAL_CAN_RxFifo1MsgPendingCallback                 build/stm32f4xx_hal_can.o
HAL_CAN_SleepCallback                             build/stm32f4xx_hal_can.o
HAL_CAN_Start                                     build/stm32f4xx_hal_can.o
HAL_CAN_Stop                                      build/stm32f4xx_hal_can.o
HAL_CAN_TxMailbox0AbortCallback                   build/stm32f4xx_hal_can.o
HAL_CAN_TxMailbox0CompleteCallback                build/stm32f4xx_hal_can.o
HAL_CAN_TxMailbox1AbortCallback                   build/stm32f4xx_hal_can.o
HAL_CAN_TxMailbox1CompleteCallback                build/stm32f4xx_hal_can.o
HAL_CAN_TxMailbox2AbortCallback                   build/stm32f4xx_hal_can.o
HAL_CAN_TxMailbox2CompleteCallback                build/stm32f4xx_hal_can.o
HAL_CAN_WakeUp                                    build/stm32f4xx_hal_can.o
HAL_CAN_WakeUpFromRxMsgCallback                   build/stm32f4xx_hal_can.o
HAL_DBGMCU_DisableDBGSleepMode                    build/stm32f4xx_hal.o
HAL_DBGMCU_DisableDBGStandbyMode                  build/stm32f4xx_hal.o
HAL_DBGMCU_DisableDBGStopMode                     build/stm32f4xx_hal.o
HAL_DBGMCU_EnableDBGSleepMode                     build/stm32f4xx_hal.o
HAL_DBGMCU_EnableDBGStandbyMode                   build/stm32f4xx_hal.o
HAL_DBGMCU_EnableDBGStopMode                      build/stm32f4xx_hal.o
HAL_DMAEx_ChangeMemory                            build/stm32f4xx_hal_dma_ex.o
HAL_DMAEx_MultiBufferStart                        build/stm32f4xx_hal_dma_ex.o
HAL_DMAEx_MultiBufferStart_IT                     build/stm32f4xx_hal_dma_ex.o
HAL_DMA_Abort                                     build/stm32f4xx_hal_dma.o
                                                  build/stm32f4xx_hal_uart.o
                                                  build/stm32f4xx_hal_spi.o
                                                  build/stm32f4xx_hal_adc_ex.o
                                                  build/stm32f4xx_hal_adc.o
HAL_DMA_Abort_IT                                  build/stm32f4xx_hal_dma.o
                                                  build/stm32f4xx_hal_uart.o
                                                  build/stm32f4xx_hal_tim_ex.o
                                                  build/stm32f4xx_hal_tim.o
                                                  build/stm32f4xx_hal_spi.o
HAL_DMA_DeInit                                    build/stm32f4xx_hal_dma.o
                                                  build/usart.o
                                                  build/adc.o
HAL_DMA_GetError                                  build/stm32f4xx_hal_dma.o
                                                  build/stm32f4xx_hal_uart.o
HAL_DMA_GetState                                  build/stm32f4xx_hal_dma.o
HAL_DMA_IRQHandler                                build/stm32f4xx_hal_dma.o
                                                  build/stm32f4xx_it.o
HAL_DMA_Init                                      build/stm32f4xx_hal_dma.o
                                                  build/usart.o
                                                  build/adc.o
HAL_DMA_PollForTransfer                           build/stm32f4xx_hal_dma.o
HAL_DMA_RegisterCallback                          build/stm32f4xx_hal_dma.o
HAL_DMA_Start                                     build/stm32f4xx_hal_dma.o
HAL_DMA_Start_IT                                  build/stm32f4xx_hal_dma.o
                                                  build/stm32f4xx_hal_uart.o
                                                  build/stm32f4xx_hal_tim_ex.o
                                                  build/stm32f4xx_hal_tim.o
                                                  build/stm32f4xx_hal_spi.o
                                                  build/stm32f4xx_hal_adc_ex.o
                                                  build/stm32f4xx_hal_adc.o
HAL_DMA_UnRegisterCallback                        build/stm32f4xx_hal_dma.o
HAL_DeInit                                        build/stm32f4xx_hal.o
HAL_Delay                                         build/stm32f4xx_hal.o
HAL_DisableCompensationCell                       build/stm32f4xx_hal.o
HAL_EXTI_ClearConfigLine                          build/stm32f4xx_hal_exti.o
HAL_EXTI_ClearPending                             build/stm32f4xx_hal_exti.o
HAL_EXTI_GenerateSWI                              build/stm32f4xx_hal_exti.o
HAL_EXTI_GetConfigLine                            build/stm32f4xx_hal_exti.o
HAL_EXTI_GetHandle                                build/stm32f4xx_hal_exti.o
HAL_EXTI_GetPending                               build/stm32f4xx_hal_exti.o
HAL_EXTI_IRQHandler                               build/stm32f4xx_hal_exti.o
HAL_EXTI_RegisterCallback                         build/stm32f4xx_hal_exti.o
HAL_EXTI_SetConfigLine                            build/stm32f4xx_hal_exti.o
HAL_EnableCompensationCell                        build/stm32f4xx_hal.o
HAL_FLASHEx_Erase                                 build/stm32f4xx_hal_flash_ex.o
HAL_FLASHEx_Erase_IT                              build/stm32f4xx_hal_flash_ex.o
HAL_FLASHEx_OBGetConfig                           build/stm32f4xx_hal_flash_ex.o
HAL_FLASHEx_OBProgram                             build/stm32f4xx_hal_flash_ex.o
HAL_FLASH_EndOfOperationCallback                  build/stm32f4xx_hal_flash.o
HAL_FLASH_GetError                                build/stm32f4xx_hal_flash.o
HAL_FLASH_IRQHandler                              build/stm32f4xx_hal_flash.o
HAL_FLASH_Lock                                    build/stm32f4xx_hal_flash.o
HAL_FLASH_OB_Launch                               build/stm32f4xx_hal_flash.o
HAL_FLASH_OB_Lock                                 build/stm32f4xx_hal_flash.o
HAL_FLASH_OB_Unlock                               build/stm32f4xx_hal_flash.o
HAL_FLASH_OperationErrorCallback                  build/stm32f4xx_hal_flash.o
HAL_FLASH_Program                                 build/stm32f4xx_hal_flash.o
HAL_FLASH_Program_IT                              build/stm32f4xx_hal_flash.o
HAL_FLASH_Unlock                                  build/stm32f4xx_hal_flash.o
HAL_GPIO_DeInit                                   build/stm32f4xx_hal_gpio.o
                                                  build/usart.o
                                                  build/tim.o
                                                  build/spi.o
                                                  build/can.o
                                                  build/adc.o
HAL_GPIO_EXTI_Callback                            build/stm32f4xx_hal_gpio.o
HAL_GPIO_EXTI_IRQHandler                          build/stm32f4xx_hal_gpio.o
HAL_GPIO_Init                                     build/stm32f4xx_hal_gpio.o
                                                  build/stm32f4xx_hal_rcc.o
                                                  build/usart.o
                                                  build/tim.o
                                                  build/spi.o
                                                  build/can.o
                                                  build/adc.o
                                                  build/gpio.o
HAL_GPIO_LockPin                                  build/stm32f4xx_hal_gpio.o
HAL_GPIO_ReadPin                                  build/stm32f4xx_hal_gpio.o
HAL_GPIO_TogglePin                                build/stm32f4xx_hal_gpio.o
HAL_GPIO_WritePin                                 build/stm32f4xx_hal_gpio.o
                                                  build/gpio.o
HAL_GetDEVID                                      build/stm32f4xx_hal.o
HAL_GetHalVersion                                 build/stm32f4xx_hal.o
HAL_GetREVID                                      build/stm32f4xx_hal.o
HAL_GetTick                                       build/stm32f4xx_hal.o
                                                  build/stm32f4xx_hal_pwr_ex.o
                                                  build/stm32f4xx_hal_dma.o
                                                  build/stm32f4xx_hal_flash.o
                                                  build/stm32f4xx_hal_rcc_ex.o
                                                  build/stm32f4xx_hal_rcc.o
                                                  build/stm32f4xx_hal_uart.o
                                                  build/stm32f4xx_hal_spi.o
                                                  build/stm32f4xx_hal_can.o
                                                  build/stm32f4xx_hal_adc_ex.o
                                                  build/stm32f4xx_hal_adc.o
HAL_GetTickFreq                                   build/stm32f4xx_hal.o
HAL_GetTickPrio                                   build/stm32f4xx_hal.o
HAL_GetUIDw0                                      build/stm32f4xx_hal.o
HAL_GetUIDw1                                      build/stm32f4xx_hal.o
HAL_GetUIDw2                                      build/stm32f4xx_hal.o
HAL_HalfDuplex_EnableReceiver                     build/stm32f4xx_hal_uart.o
HAL_HalfDuplex_EnableTransmitter                  build/stm32f4xx_hal_uart.o
HAL_HalfDuplex_Init                               build/stm32f4xx_hal_uart.o
HAL_IncTick                                       build/stm32f4xx_hal.o
                                                  build/stm32f4xx_it.o
HAL_Init                                          build/stm32f4xx_hal.o
                                                  build/main.o
HAL_InitTick                                      build/stm32f4xx_hal.o
                                                  build/stm32f4xx_hal_rcc_ex.o
                                                  build/stm32f4xx_hal_rcc.o
HAL_LIN_Init                                      build/stm32f4xx_hal_uart.o
HAL_LIN_SendBreak                                 build/stm32f4xx_hal_uart.o
HAL_MPU_ConfigRegion                              build/stm32f4xx_hal_cortex.o
HAL_MPU_Disable                                   build/stm32f4xx_hal_cortex.o
HAL_MPU_Enable                                    build/stm32f4xx_hal_cortex.o
HAL_MspDeInit                                     build/stm32f4xx_hal.o
HAL_MspInit                                       build/stm32f4xx_hal_msp.o
HAL_MultiProcessor_EnterMuteMode                  build/stm32f4xx_hal_uart.o
HAL_MultiProcessor_ExitMuteMode                   build/stm32f4xx_hal_uart.o
HAL_MultiProcessor_Init                           build/stm32f4xx_hal_uart.o
HAL_NVIC_ClearPendingIRQ                          build/stm32f4xx_hal_cortex.o
HAL_NVIC_DisableIRQ                               build/stm32f4xx_hal_cortex.o
                                                  build/tim.o
HAL_NVIC_EnableIRQ                                build/stm32f4xx_hal_cortex.o
                                                  build/tim.o
                                                  build/dma.o
HAL_NVIC_GetActive                                build/stm32f4xx_hal_cortex.o
HAL_NVIC_GetPendingIRQ                            build/stm32f4xx_hal_cortex.o
HAL_NVIC_GetPriority                              build/stm32f4xx_hal_cortex.o
HAL_NVIC_GetPriorityGrouping                      build/stm32f4xx_hal_cortex.o
HAL_NVIC_SetPendingIRQ                            build/stm32f4xx_hal_cortex.o
HAL_NVIC_SetPriority                              build/stm32f4xx_hal_cortex.o
                                                  build/stm32f4xx_hal.o
                                                  build/tim.o
                                                  build/dma.o
HAL_NVIC_SetPriorityGrouping                      build/stm32f4xx_hal_cortex.o
                                                  build/stm32f4xx_hal.o
HAL_NVIC_SystemReset                              build/stm32f4xx_hal_cortex.o
HAL_PWREx_ControlVoltageScaling                   build/stm32f4xx_hal_pwr_ex.o
HAL_PWREx_DisableBkUpReg                          build/stm32f4xx_hal_pwr_ex.o
HAL_PWREx_DisableFlashPowerDown                   build/stm32f4xx_hal_pwr_ex.o
HAL_PWREx_EnableBkUpReg                           build/stm32f4xx_hal_pwr_ex.o
HAL_PWREx_EnableFlashPowerDown                    build/stm32f4xx_hal_pwr_ex.o
HAL_PWREx_GetVoltageRange                         build/stm32f4xx_hal_pwr_ex.o
HAL_PWR_ConfigPVD                                 build/stm32f4xx_hal_pwr.o
HAL_PWR_DeInit                                    build/stm32f4xx_hal_pwr.o
HAL_PWR_DisableBkUpAccess                         build/stm32f4xx_hal_pwr.o
HAL_PWR_DisablePVD                                build/stm32f4xx_hal_pwr.o
HAL_PWR_DisableSEVOnPend                          build/stm32f4xx_hal_pwr.o
HAL_PWR_DisableSleepOnExit                        build/stm32f4xx_hal_pwr.o
HAL_PWR_DisableWakeUpPin                          build/stm32f4xx_hal_pwr.o
HAL_PWR_EnableBkUpAccess                          build/stm32f4xx_hal_pwr.o
HAL_PWR_EnablePVD                                 build/stm32f4xx_hal_pwr.o
HAL_PWR_EnableSEVOnPend                           build/stm32f4xx_hal_pwr.o
HAL_PWR_EnableSleepOnExit                         build/stm32f4xx_hal_pwr.o
HAL_PWR_EnableWakeUpPin                           build/stm32f4xx_hal_pwr.o
HAL_PWR_EnterSLEEPMode                            build/stm32f4xx_hal_pwr.o
HAL_PWR_EnterSTANDBYMode                          build/stm32f4xx_hal_pwr.o
HAL_PWR_EnterSTOPMode                             build/stm32f4xx_hal_pwr.o
HAL_PWR_PVDCallback                               build/stm32f4xx_hal_pwr.o
HAL_PWR_PVD_IRQHandler                            build/stm32f4xx_hal_pwr.o
HAL_RCCEx_DisablePLLI2S                           build/stm32f4xx_hal_rcc_ex.o
HAL_RCCEx_EnablePLLI2S                            build/stm32f4xx_hal_rcc_ex.o
HAL_RCCEx_GetPeriphCLKConfig                      build/stm32f4xx_hal_rcc_ex.o
HAL_RCCEx_GetPeriphCLKFreq                        build/stm32f4xx_hal_rcc_ex.o
HAL_RCCEx_PeriphCLKConfig                         build/stm32f4xx_hal_rcc_ex.o
HAL_RCC_CSSCallback                               build/stm32f4xx_hal_rcc.o
HAL_RCC_ClockConfig                               build/stm32f4xx_hal_rcc.o
                                                  build/main.o
HAL_RCC_DeInit                                    build/stm32f4xx_hal_rcc_ex.o
                                                  build/stm32f4xx_hal_rcc.o
HAL_RCC_DisableCSS                                build/stm32f4xx_hal_rcc.o
HAL_RCC_EnableCSS                                 build/stm32f4xx_hal_rcc.o
HAL_RCC_GetClockConfig                            build/stm32f4xx_hal_rcc.o
HAL_RCC_GetHCLKFreq                               build/stm32f4xx_hal_rcc.o
HAL_RCC_GetOscConfig                              build/stm32f4xx_hal_rcc.o
HAL_RCC_GetPCLK1Freq                              build/stm32f4xx_hal_rcc.o
                                                  build/stm32f4xx_hal_uart.o
HAL_RCC_GetPCLK2Freq                              build/stm32f4xx_hal_rcc.o
                                                  build/stm32f4xx_hal_uart.o
HAL_RCC_GetSysClockFreq                           build/stm32f4xx_hal_rcc.o
HAL_RCC_MCOConfig                                 build/stm32f4xx_hal_rcc.o
HAL_RCC_NMI_IRQHandler                            build/stm32f4xx_hal_rcc.o
HAL_RCC_OscConfig                                 build/stm32f4xx_hal_rcc.o
                                                  build/main.o
HAL_ResumeTick                                    build/stm32f4xx_hal.o
HAL_SPI_Abort                                     build/stm32f4xx_hal_spi.o
HAL_SPI_AbortCpltCallback                         build/stm32f4xx_hal_spi.o
HAL_SPI_Abort_IT                                  build/stm32f4xx_hal_spi.o
HAL_SPI_DMAPause                                  build/stm32f4xx_hal_spi.o
HAL_SPI_DMAResume                                 build/stm32f4xx_hal_spi.o
HAL_SPI_DMAStop                                   build/stm32f4xx_hal_spi.o
HAL_SPI_DeInit                                    build/stm32f4xx_hal_spi.o
HAL_SPI_ErrorCallback                             build/stm32f4xx_hal_spi.o
HAL_SPI_GetError                                  build/stm32f4xx_hal_spi.o
HAL_SPI_GetState                                  build/stm32f4xx_hal_spi.o
HAL_SPI_IRQHandler                                build/stm32f4xx_hal_spi.o
HAL_SPI_Init                                      build/stm32f4xx_hal_spi.o
                                                  build/spi.o
HAL_SPI_MspDeInit                                 build/spi.o
HAL_SPI_MspInit                                   build/spi.o
HAL_SPI_Receive                                   build/stm32f4xx_hal_spi.o
HAL_SPI_Receive_DMA                               build/stm32f4xx_hal_spi.o
HAL_SPI_Receive_IT                                build/stm32f4xx_hal_spi.o
HAL_SPI_RxCpltCallback                            build/stm32f4xx_hal_spi.o
HAL_SPI_RxHalfCpltCallback                        build/stm32f4xx_hal_spi.o
HAL_SPI_Transmit                                  build/stm32f4xx_hal_spi.o
HAL_SPI_TransmitReceive                           build/stm32f4xx_hal_spi.o
HAL_SPI_TransmitReceive_DMA                       build/stm32f4xx_hal_spi.o
HAL_SPI_TransmitReceive_IT                        build/stm32f4xx_hal_spi.o
HAL_SPI_Transmit_DMA                              build/stm32f4xx_hal_spi.o
HAL_SPI_Transmit_IT                               build/stm32f4xx_hal_spi.o
HAL_SPI_TxCpltCallback                            build/stm32f4xx_hal_spi.o
HAL_SPI_TxHalfCpltCallback                        build/stm32f4xx_hal_spi.o
HAL_SPI_TxRxCpltCallback                          build/stm32f4xx_hal_spi.o
HAL_SPI_TxRxHalfCpltCallback                      build/stm32f4xx_hal_spi.o
HAL_SYSTICK_CLKSourceConfig                       build/stm32f4xx_hal_cortex.o
HAL_SYSTICK_Callback                              build/stm32f4xx_hal_cortex.o
HAL_SYSTICK_Config                                build/stm32f4xx_hal_cortex.o
                                                  build/stm32f4xx_hal.o
HAL_SYSTICK_IRQHandler                            build/stm32f4xx_hal_cortex.o
HAL_SetTickFreq                                   build/stm32f4xx_hal.o
HAL_SuspendTick                                   build/stm32f4xx_hal.o
HAL_TIMEx_BreakCallback                           build/stm32f4xx_hal_tim_ex.o
                                                  build/stm32f4xx_hal_tim.o
HAL_TIMEx_CommutCallback                          build/stm32f4xx_hal_tim_ex.o
                                                  build/stm32f4xx_hal_tim.o
HAL_TIMEx_CommutHalfCpltCallback                  build/stm32f4xx_hal_tim_ex.o
HAL_TIMEx_ConfigBreakDeadTime                     build/stm32f4xx_hal_tim_ex.o
                                                  build/tim.o
HAL_TIMEx_ConfigCommutEvent                       build/stm32f4xx_hal_tim_ex.o
HAL_TIMEx_ConfigCommutEvent_DMA                   build/stm32f4xx_hal_tim_ex.o
HAL_TIMEx_ConfigCommutEvent_IT                    build/stm32f4xx_hal_tim_ex.o
HAL_TIMEx_HallSensor_DeInit                       build/stm32f4xx_hal_tim_ex.o
HAL_TIMEx_HallSensor_GetState                     build/stm32f4xx_hal_tim_ex.o
HAL_TIMEx_HallSensor_Init                         build/stm32f4xx_hal_tim_ex.o
HAL_TIMEx_HallSensor_MspDeInit                    build/stm32f4xx_hal_tim_ex.o
HAL_TIMEx_HallSensor_MspInit                      build/stm32f4xx_hal_tim_ex.o
HAL_TIMEx_HallSensor_Start                        build/stm32f4xx_hal_tim_ex.o
HAL_TIMEx_HallSensor_Start_DMA                    build/stm32f4xx_hal_tim_ex.o
HAL_TIMEx_HallSensor_Start_IT                     build/stm32f4xx_hal_tim_ex.o
HAL_TIMEx_HallSensor_Stop                         build/stm32f4xx_hal_tim_ex.o
HAL_TIMEx_HallSensor_Stop_DMA                     build/stm32f4xx_hal_tim_ex.o
HAL_TIMEx_HallSensor_Stop_IT                      build/stm32f4xx_hal_tim_ex.o
HAL_TIMEx_MasterConfigSynchronization             build/stm32f4xx_hal_tim_ex.o
                                                  build/tim.o
HAL_TIMEx_OCN_Start                               build/stm32f4xx_hal_tim_ex.o
HAL_TIMEx_OCN_Start_DMA                           build/stm32f4xx_hal_tim_ex.o
HAL_TIMEx_OCN_Start_IT                            build/stm32f4xx_hal_tim_ex.o
HAL_TIMEx_OCN_Stop                                build/stm32f4xx_hal_tim_ex.o
HAL_TIMEx_OCN_Stop_DMA                            build/stm32f4xx_hal_tim_ex.o
HAL_TIMEx_OCN_Stop_IT                             build/stm32f4xx_hal_tim_ex.o
HAL_TIMEx_OnePulseN_Start                         build/stm32f4xx_hal_tim_ex.o
HAL_TIMEx_OnePulseN_Start_IT                      build/stm32f4xx_hal_tim_ex.o
HAL_TIMEx_OnePulseN_Stop                          build/stm32f4xx_hal_tim_ex.o
HAL_TIMEx_OnePulseN_Stop_IT                       build/stm32f4xx_hal_tim_ex.o
HAL_TIMEx_PWMN_Start                              build/stm32f4xx_hal_tim_ex.o
                                                  build/foc.o
HAL_TIMEx_PWMN_Start_DMA                          build/stm32f4xx_hal_tim_ex.o
HAL_TIMEx_PWMN_Start_IT                           build/stm32f4xx_hal_tim_ex.o
HAL_TIMEx_PWMN_Stop                               build/stm32f4xx_hal_tim_ex.o
HAL_TIMEx_PWMN_Stop_DMA                           build/stm32f4xx_hal_tim_ex.o
HAL_TIMEx_PWMN_Stop_IT                            build/stm32f4xx_hal_tim_ex.o
HAL_TIMEx_RemapConfig                             build/stm32f4xx_hal_tim_ex.o
HAL_TIM_Base_DeInit                               build/stm32f4xx_hal_tim.o
HAL_TIM_Base_GetState                             build/stm32f4xx_hal_tim.o
HAL_TIM_Base_Init                                 build/stm32f4xx_hal_tim.o
                                                  build/tim.o
HAL_TIM_Base_MspDeInit                            build/tim.o
HAL_TIM_Base_MspInit                              build/tim.o
HAL_TIM_Base_Start                                build/stm32f4xx_hal_tim.o
HAL_TIM_Base_Start_DMA                            build/stm32f4xx_hal_tim.o
HAL_TIM_Base_Start_IT                             build/stm32f4xx_hal_tim.o
                                                  build/foc.o
HAL_TIM_Base_Stop                                 build/stm32f4xx_hal_tim.o
HAL_TIM_Base_Stop_DMA                             build/stm32f4xx_hal_tim.o
HAL_TIM_Base_Stop_IT                              build/stm32f4xx_hal_tim.o
HAL_TIM_ConfigClockSource                         build/stm32f4xx_hal_tim.o
HAL_TIM_ConfigOCrefClear                          build/stm32f4xx_hal_tim.o
HAL_TIM_ConfigTI1Input                            build/stm32f4xx_hal_tim.o
HAL_TIM_DMABurst_ReadStart                        build/stm32f4xx_hal_tim.o
HAL_TIM_DMABurst_ReadStop                         build/stm32f4xx_hal_tim.o
HAL_TIM_DMABurst_WriteStart                       build/stm32f4xx_hal_tim.o
HAL_TIM_DMABurst_WriteStop                        build/stm32f4xx_hal_tim.o
HAL_TIM_Encoder_DeInit                            build/stm32f4xx_hal_tim.o
HAL_TIM_Encoder_GetState                          build/stm32f4xx_hal_tim.o
HAL_TIM_Encoder_Init                              build/stm32f4xx_hal_tim.o
                                                  build/tim.o
HAL_TIM_Encoder_MspDeInit                         build/tim.o
HAL_TIM_Encoder_MspInit                           build/tim.o
HAL_TIM_Encoder_Start                             build/stm32f4xx_hal_tim.o
HAL_TIM_Encoder_Start_DMA                         build/stm32f4xx_hal_tim.o
HAL_TIM_Encoder_Start_IT                          build/stm32f4xx_hal_tim.o
HAL_TIM_Encoder_Stop                              build/stm32f4xx_hal_tim.o
HAL_TIM_Encoder_Stop_DMA                          build/stm32f4xx_hal_tim.o
HAL_TIM_Encoder_Stop_IT                           build/stm32f4xx_hal_tim.o
HAL_TIM_ErrorCallback                             build/stm32f4xx_hal_tim.o
HAL_TIM_GenerateEvent                             build/stm32f4xx_hal_tim.o
HAL_TIM_IC_CaptureCallback                        build/stm32f4xx_hal_tim.o
HAL_TIM_IC_CaptureHalfCpltCallback                build/stm32f4xx_hal_tim.o
HAL_TIM_IC_ConfigChannel                          build/stm32f4xx_hal_tim.o
HAL_TIM_IC_DeInit                                 build/stm32f4xx_hal_tim.o
HAL_TIM_IC_GetState                               build/stm32f4xx_hal_tim.o
HAL_TIM_IC_Init                                   build/stm32f4xx_hal_tim.o
HAL_TIM_IC_MspDeInit                              build/stm32f4xx_hal_tim.o
HAL_TIM_IC_MspInit                                build/stm32f4xx_hal_tim.o
HAL_TIM_IC_Start                                  build/stm32f4xx_hal_tim.o
HAL_TIM_IC_Start_DMA                              build/stm32f4xx_hal_tim.o
HAL_TIM_IC_Start_IT                               build/stm32f4xx_hal_tim.o
HAL_TIM_IC_Stop                                   build/stm32f4xx_hal_tim.o
HAL_TIM_IC_Stop_DMA                               build/stm32f4xx_hal_tim.o
HAL_TIM_IC_Stop_IT                                build/stm32f4xx_hal_tim.o
HAL_TIM_IRQHandler                                build/stm32f4xx_hal_tim.o
                                                  build/stm32f4xx_it.o
HAL_TIM_MspPostInit                               build/tim.o
HAL_TIM_OC_ConfigChannel                          build/stm32f4xx_hal_tim.o
                                                  build/tim.o
HAL_TIM_OC_DeInit                                 build/stm32f4xx_hal_tim.o
HAL_TIM_OC_DelayElapsedCallback                   build/stm32f4xx_hal_tim.o
HAL_TIM_OC_GetState                               build/stm32f4xx_hal_tim.o
HAL_TIM_OC_Init                                   build/stm32f4xx_hal_tim.o
                                                  build/tim.o
HAL_TIM_OC_MspDeInit                              build/stm32f4xx_hal_tim.o
HAL_TIM_OC_MspInit                                build/stm32f4xx_hal_tim.o
HAL_TIM_OC_Start                                  build/stm32f4xx_hal_tim.o
HAL_TIM_OC_Start_DMA                              build/stm32f4xx_hal_tim.o
HAL_TIM_OC_Start_IT                               build/stm32f4xx_hal_tim.o
HAL_TIM_OC_Stop                                   build/stm32f4xx_hal_tim.o
HAL_TIM_OC_Stop_DMA                               build/stm32f4xx_hal_tim.o
HAL_TIM_OC_Stop_IT                                build/stm32f4xx_hal_tim.o
HAL_TIM_OnePulse_ConfigChannel                    build/stm32f4xx_hal_tim.o
HAL_TIM_OnePulse_DeInit                           build/stm32f4xx_hal_tim.o
HAL_TIM_OnePulse_GetState                         build/stm32f4xx_hal_tim.o
HAL_TIM_OnePulse_Init                             build/stm32f4xx_hal_tim.o
HAL_TIM_OnePulse_MspDeInit                        build/stm32f4xx_hal_tim.o
HAL_TIM_OnePulse_MspInit                          build/stm32f4xx_hal_tim.o