Archive member included to satisfy reference by file (symbol)

c:/arm_gcc/bin/../lib/gcc/arm-none-eabi/9.2.1/../../../../arm-none-eabi/lib/thumb/v7e-m+fp/hard\libc_nano.a(lib_a-atof.o)
                              build/command.o (atof)
c:/arm_gcc/bin/../lib/gcc/arm-none-eabi/9.2.1/../../../../arm-none-eabi/lib/thumb/v7e-m+fp/hard\libc_nano.a(lib_a-ctype_.o)
                              build/command.o (_ctype_)
c:/arm_gcc/bin/../lib/gcc/arm-none-eabi/9.2.1/../../../../arm-none-eabi/lib/thumb/v7e-m+fp/hard\libc_nano.a(lib_a-exit.o)
                              c:/arm_gcc/bin/../lib/gcc/arm-none-eabi/9.2.1/../../../../arm-none-eabi/lib/thumb/v7e-m+fp/hard/crt0.o (exit)
c:/arm_gcc/bin/../lib/gcc/arm-none-eabi/9.2.1/../../../../arm-none-eabi/lib/thumb/v7e-m+fp/hard\libc_nano.a(lib_a-impure.o)
                              c:/arm_gcc/bin/../lib/gcc/arm-none-eabi/9.2.1/../../../../arm-none-eabi/lib/thumb/v7e-m+fp/hard\libc_nano.a(lib_a-exit.o) (_global_impure_ptr)
c:/arm_gcc/bin/../lib/gcc/arm-none-eabi/9.2.1/../../../../arm-none-eabi/lib/thumb/v7e-m+fp/hard\libc_nano.a(lib_a-init.o)
                              c:/arm_gcc/bin/../lib/gcc/arm-none-eabi/9.2.1/../../../../arm-none-eabi/lib/thumb/v7e-m+fp/hard/crt0.o (__libc_init_array)
c:/arm_gcc/bin/../lib/gcc/arm-none-eabi/9.2.1/../../../../arm-none-eabi/lib/thumb/v7e-m+fp/hard\libc_nano.a(lib_a-malloc.o)
                              build/command.o (malloc)
c:/arm_gcc/bin/../lib/gcc/arm-none-eabi/9.2.1/../../../../arm-none-eabi/lib/thumb/v7e-m+fp/hard\libc_nano.a(lib_a-memset.o)
                              c:/arm_gcc/bin/../lib/gcc/arm-none-eabi/9.2.1/../../../../arm-none-eabi/lib/thumb/v7e-m+fp/hard/crt0.o (memset)
c:/arm_gcc/bin/../lib/gcc/arm-none-eabi/9.2.1/../../../../arm-none-eabi/lib/thumb/v7e-m+fp/hard\libc_nano.a(lib_a-nano-freer.o)
                              c:/arm_gcc/bin/../lib/gcc/arm-none-eabi/9.2.1/../../../../arm-none-eabi/lib/thumb/v7e-m+fp/hard\libc_nano.a(lib_a-malloc.o) (_free_r)
c:/arm_gcc/bin/../lib/gcc/arm-none-eabi/9.2.1/../../../../arm-none-eabi/lib/thumb/v7e-m+fp/hard\libc_nano.a(lib_a-nano-mallocr.o)
                              c:/arm_gcc/bin/../lib/gcc/arm-none-eabi/9.2.1/../../../../arm-none-eabi/lib/thumb/v7e-m+fp/hard\libc_nano.a(lib_a-malloc.o) (_malloc_r)
c:/arm_gcc/bin/../lib/gcc/arm-none-eabi/9.2.1/../../../../arm-none-eabi/lib/thumb/v7e-m+fp/hard\libc_nano.a(lib_a-nano-vfprintf_float.o)
                              (_printf_float)
c:/arm_gcc/bin/../lib/gcc/arm-none-eabi/9.2.1/../../../../arm-none-eabi/lib/thumb/v7e-m+fp/hard\libc_nano.a(lib_a-nano-vfprintf_i.o)
                              c:/arm_gcc/bin/../lib/gcc/arm-none-eabi/9.2.1/../../../../arm-none-eabi/lib/thumb/v7e-m+fp/hard\libc_nano.a(lib_a-nano-vfprintf_float.o) (_printf_common)
c:/arm_gcc/bin/../lib/gcc/arm-none-eabi/9.2.1/../../../../arm-none-eabi/lib/thumb/v7e-m+fp/hard\libc_nano.a(lib_a-sbrkr.o)
                              c:/arm_gcc/bin/../lib/gcc/arm-none-eabi/9.2.1/../../../../arm-none-eabi/lib/thumb/v7e-m+fp/hard\libc_nano.a(lib_a-nano-mallocr.o) (_sbrk_r)
c:/arm_gcc/bin/../lib/gcc/arm-none-eabi/9.2.1/../../../../arm-none-eabi/lib/thumb/v7e-m+fp/hard\libc_nano.a(lib_a-strlen.o)
                              c:/arm_gcc/bin/../lib/gcc/arm-none-eabi/9.2.1/../../../../arm-none-eabi/lib/thumb/v7e-m+fp/hard\libc_nano.a(lib_a-nano-vfprintf_float.o) (strlen)
c:/arm_gcc/bin/../lib/gcc/arm-none-eabi/9.2.1/../../../../arm-none-eabi/lib/thumb/v7e-m+fp/hard\libc_nano.a(lib_a-strtod.o)
                              c:/arm_gcc/bin/../lib/gcc/arm-none-eabi/9.2.1/../../../../arm-none-eabi/lib/thumb/v7e-m+fp/hard\libc_nano.a(lib_a-atof.o) (strtod)
c:/arm_gcc/bin/../lib/gcc/arm-none-eabi/9.2.1/../../../../arm-none-eabi/lib/thumb/v7e-m+fp/hard\libc_nano.a(lib_a-vsnprintf.o)
                              build/uart_ext.o (vsnprintf)
c:/arm_gcc/bin/../lib/gcc/arm-none-eabi/9.2.1/../../../../arm-none-eabi/lib/thumb/v7e-m+fp/hard\libc_nano.a(lib_a-dtoa.o)
                              c:/arm_gcc/bin/../lib/gcc/arm-none-eabi/9.2.1/../../../../arm-none-eabi/lib/thumb/v7e-m+fp/hard\libc_nano.a(lib_a-nano-vfprintf_float.o) (_dtoa_r)
c:/arm_gcc/bin/../lib/gcc/arm-none-eabi/9.2.1/../../../../arm-none-eabi/lib/thumb/v7e-m+fp/hard\libc_nano.a(lib_a-gdtoa-gethex.o)
                              c:/arm_gcc/bin/../lib/gcc/arm-none-eabi/9.2.1/../../../../arm-none-eabi/lib/thumb/v7e-m+fp/hard\libc_nano.a(lib_a-strtod.o) (__gethex)
c:/arm_gcc/bin/../lib/gcc/arm-none-eabi/9.2.1/../../../../arm-none-eabi/lib/thumb/v7e-m+fp/hard\libc_nano.a(lib_a-gdtoa-hexnan.o)
                              c:/arm_gcc/bin/../lib/gcc/arm-none-eabi/9.2.1/../../../../arm-none-eabi/lib/thumb/v7e-m+fp/hard\libc_nano.a(lib_a-strtod.o) (__match)
c:/arm_gcc/bin/../lib/gcc/arm-none-eabi/9.2.1/../../../../arm-none-eabi/lib/thumb/v7e-m+fp/hard\libc_nano.a(lib_a-lnumeric.o)
[...]
Memory Configuration

Name             Origin             Length             Attributes
RAM              0x20000000         0x00020000         xrw
CCMRAM           0x10000000         0x00010000         rw
FLASH            0x08000000         0x00100000         xr
*default*        0x00000000         0xffffffff

Linker script and memory map

LOAD c:/arm_gcc/bin/../lib/gcc/arm-none-eabi/9.2.1/thumb/v7e-m+fp/hard/crti.o
LOAD c:/arm_gcc/bin/../lib/gcc/arm-none-eabi/9.2.1/thumb/v7e-m+fp/hard/crtbegin.o
LOAD c:/arm_gcc/bin/../lib/gcc/arm-none-eabi/9.2.1/../../../../arm-none-eabi/lib/thumb/v7e-m+fp/hard/crt0.o
LOAD build/foc.o
LOAD build/main.o
LOAD build/gpio.o
LOAD build/adc.o
LOAD build/can.o
LOAD build/dma.o
LOAD build/spi.o
LOAD build/tim.o
LOAD build/usart.o
LOAD build/myfunc.o
LOAD build/as5047.o
LOAD build/uart_ext.o
LOAD build/command.o
LOAD build/arm_common_tables.o
LOAD build/arm_sin_cos_f32.o
LOAD build/stm32f4xx_it.o
LOAD build/stm32f4xx_hal_msp.o
LOAD build/stm32f4xx_hal_adc.o
LOAD build/stm32f4xx_hal_adc_ex.o
LOAD build/stm32f4xx_hal_can.o
LOAD build/stm32f4xx_hal_spi.o
LOAD build/stm32f4xx_hal_tim.o
LOAD build/stm32f4xx_hal_tim_ex.o
LOAD build/stm32f4xx_hal_uart.o
LOAD build/stm32f4xx_hal_rcc.o
LOAD build/stm32f4xx_hal_rcc_ex.o
LOAD build/stm32f4xx_hal_flash.o
LOAD build/stm32f4xx_hal_flash_ex.o
LOAD build/stm32f4xx_hal_flash_ramfunc.o
LOAD build/stm32f4xx_hal_gpio.o
LOAD build/stm32f4xx_hal_dma_ex.o
LOAD build/stm32f4xx_hal_dma.o
LOAD build/stm32f4xx_hal_pwr.o
LOAD build/stm32f4xx_hal_pwr_ex.o
LOAD build/stm32f4xx_hal_cortex.o
LOAD build/stm32f4xx_hal.o
LOAD build/stm32f4xx_hal_exti.o
LOAD build/system_stm32f4xx.o
LOAD build/startup_stm32f405xx.o
LOAD c:/arm_gcc/bin/../lib/gcc/arm-none-eabi/9.2.1/../../../../arm-none-eabi/lib/thumb/v7e-m+fp/hard\libc_nano.a
LOAD c:/arm_gcc/bin/../lib/gcc/arm-none-eabi/9.2.1/../../../../arm-none-eabi/lib/thumb/v7e-m+fp/hard\libm.a
LOAD c:/arm_gcc/bin/../lib/gcc/arm-none-eabi/9.2.1/../../../../arm-none-eabi/lib/thumb/v7e-m+fp/hard\libnosys.a
LOAD c:/arm_gcc/bin/../lib/gcc/arm-none-eabi/9.2.1/../../../../arm-none-eabi/lib/thumb/v7e-m+fp/hard\librdimon_nano.a
START GROUP
LOAD c:/arm_gcc/bin/../lib/gcc/arm-none-eabi/9.2.1/thumb/v7e-m+fp/hard\libgcc.a
LOAD c:/arm_gcc/bin/../lib/gcc/arm-none-eabi/9.2.1/../../../../arm-none-eabi/lib/thumb/v7e-m+fp/hard\libc_nano.a
END GROUP
START GROUP
LOAD c:/arm_gcc/bin/../lib/gcc/arm-none-eabi/9.2.1/thumb/v7e-m+fp/hard\libgcc.a
LOAD c:/arm_gcc/bin/../lib/gcc/arm-none-eabi/9.2.1/../../../../arm-none-eabi/lib/thumb/v7e-m+fp/hard\libc_nano.a
END GROUP
LOAD c:/arm_gcc/bin/../lib/gcc/arm-none-eabi/9.2.1/thumb/v7e-m+fp/hard/crtend.o
LOAD c:/arm_gcc/bin/../lib/gcc/arm-none-eabi/9.2.1/thumb/v7e-m+fp/hard/crtn.o
                0x20020000                _estack = 0x20020000
                0x00000200                _Min_Heap_Size = 0x200
                0x00000400                _Min_Stack_Size = 0x400

.isr_vector     0x08000000      0x188
                0x08000000                . = ALIGN (0x4)
 *(.isr_vector)
 .isr_vector    0x08000000      0x188 build/startup_stm32f405xx.o
                0x08000000                g_pfnVectors
                0x08000188                . = ALIGN (0x4)

.text           0x08000190     0xa1d0
                0x08000190                . = ALIGN (0x4)
 *(.text)
 .text          0x08000190       0x40 c:/arm_gcc/bin/../lib/gcc/arm-none-eabi/9.2.1/thumb/v7e-m+fp/hard/crtbegin.o
 .text          0x080001d0       0x10 c:/arm_gcc/bin/../lib/gcc/arm-none-eabi/9.2.1/../../../../arm-none-eabi/lib/thumb/v7e-m+fp/hard\libc_nano.a(lib_a-strlen.o)
                0x080001d0                strlen
 .text          0x080001e0       0xa0 c:/arm_gcc/bin/../lib/gcc/arm-none-eabi/9.2.1/../../../../arm-none-eabi/lib/thumb/v7e-m+fp/hard\libc_nano.a(lib_a-memchr.o)
                0x080001e0                memchr
 .text          0x08000280      0x378 c:/arm_gcc/bin/../lib/gcc/arm-none-eabi/9.2.1/thumb/v7e-m+fp/hard\libgcc.a(_arm_addsubdf3.o)
                0x08000280                __aeabi_drsub
                0x08000288                __aeabi_dsub
                0x08000288                __subdf3
                0x0800028c                __aeabi_dadd
                0x0800028c                __adddf3
                0x08000504                __floatunsidf
                0x08000504                __aeabi_ui2d
                0x08000524                __floatsidf
                0x08000524                __aeabi_i2d
                0x08000548                __aeabi_f2d
                0x08000548                __extendsfdf2
                0x0800058c                __floatundidf
                0x0800058c                __aeabi_ul2d
                0x0800059c                __floatdidf
                0x0800059c                __aeabi_l2d
 .text          0x080005f8      0x424 c:/arm_gcc/bin/../lib/gcc/arm-none-eabi/9.2.1/thumb/v7e-m+fp/hard\libgcc.a(_arm_muldivdf3.o)
                0x080005f8                __aeabi_dmul
                0x080005f8                __muldf3
                0x0800084c                __divdf3
                0x0800084c                __aeabi_ddiv
 .text          0x08000a1c      0x110 c:/arm_gcc/bin/../lib/gcc/arm-none-eabi/9.2.1/thumb/v7e-m+fp/hard\libgcc.a(_arm_cmpdf2.o)
                0x08000a1c                __gtdf2
                0x08000a1c                __gedf2
                0x08000a24                __ltdf2
                0x08000a24                __ledf2
                0x08000a2c                __nedf2
                0x08000a2c                __eqdf2
                0x08000a2c                __cmpdf2
                0x08000aa8                __aeabi_cdrcmple
                0x08000ab8                __aeabi_cdcmpeq
                0x08000ab8                __aeabi_cdcmple
                0x08000ac8                __aeabi_dcmpeq
                0x08000adc                __aeabi_dcmplt
                0x08000af0                __aeabi_dcmple
                0x08000b04                __aeabi_dcmpge
                0x08000b18                __aeabi_dcmpgt
 .text          0x08000b2c       0x2c c:/arm_gcc/bin/../lib/gcc/arm-none-eabi/9.2.1/thumb/v7e-m+fp/hard\libgcc.a(_arm_unorddf2.o)
                0x08000b2c                __unorddf2
                0x08000b2c                __aeabi_dcmpun
 .text          0x08000b58       0x50 c:/arm_gcc/bin/../lib/gcc/arm-none-eabi/9.2.1/thumb/v7e-m+fp/hard\libgcc.a(_arm_fixdfsi.o)
                0x08000b58                __aeabi_d2iz
                0x08000b58                __fixdfsi
 .text          0x08000ba8       0x40 c:/arm_gcc/bin/../lib/gcc/arm-none-eabi/9.2.1/thumb/v7e-m+fp/hard\libgcc.a(_arm_fixunsdfsi.o)
                0x08000ba8                __aeabi_d2uiz
                0x08000ba8                __fixunsdfsi
 .text          0x08000be8       0xa0 c:/arm_gcc/bin/../lib/gcc/arm-none-eabi/9.2.1/thumb/v7e-m+fp/hard\libgcc.a(_arm_truncdfsf2.o)
                0x08000be8                __truncdfsf2
                0x08000be8                __aeabi_d2f
 .text          0x08000c88       0x30 c:/arm_gcc/bin/../lib/gcc/arm-none-eabi/9.2.1/thumb/v7e-m+fp/hard\libgcc.a(_aeabi_uldivmod.o)
                0x08000c88                __aeabi_uldivmod
 .text          0x08000cb8       0x30 c:/arm_gcc/bin/../lib/gcc/arm-none-eabi/9.2.1/thumb/v7e-m+fp/hard\libgcc.a(_fixdfdi.o)
                0x08000cb8                __fixdfdi
                0x08000cb8                __aeabi_d2lz
 .text          0x08000ce8       0x3c c:/arm_gcc/bin/../lib/gcc/arm-none-eabi/9.2.1/thumb/v7e-m+fp/hard\libgcc.a(_fixunsdfdi.o)
                0x08000ce8                __fixunsdfdi
                0x08000ce8                __aeabi_d2ulz
 .text          0x08000d24      0x2c4 c:/arm_gcc/bin/../lib/gcc/arm-none-eabi/9.2.1/thumb/v7e-m+fp/hard\libgcc.a(_udivmoddi4.o)
                0x08000d24                __udivmoddi4
 .text          0x08000fe8        0x4 c:/arm_gcc/bin/../lib/gcc/arm-none-eabi/9.2.1/thumb/v7e-m+fp/hard\libgcc.a(_dvmd_tls.o)
                0x08000fe8                __aeabi_idiv0
                0x08000fe8                __aeabi_ldiv0
 *(.text*)
 .text.SVPWM_Step
                0x08000fec       0x5c build/foc.o
 .text.Set_Vector
                0x08001048       0x46 build/foc.o
 *fill*         0x0800108e        0x2 
 .text.Measure_R_20Khz_Handler
                0x08001090       0xd4 build/foc.o
 .text.UVects_Init
                0x08001164       0x40 build/foc.o
 .text.Measure_R_MS_Handler
                0x080011a4      0x18c build/foc.o
 .text.Foc_Init
                0x08001330       0x7c build/foc.o
                0x08001330                Foc_Init
 .text.get_area
                0x080013ac       0x14 build/foc.o
                0x080013ac                get_area
 .text.get_area_u
                0x080013c0       0x9c build/foc.o
                0x080013c0                get_area_u
 .text.get_ccr_duty
                0x0800145c       0xf4 build/foc.o
                0x0800145c                get_ccr_duty
 .text.Set_to_U4
                0x08001550       0x7c build/foc.o
                0x08001550                Set_to_U4
 .text.SVPWM_Normal_CalT1T2
                0x080015cc       0xd0 build/foc.o
                0x080015cc                SVPWM_Normal_CalT1T2
 .text.SVPWM    0x0800169c       0x9c build/foc.o
 .text.Park_Conv
                0x08001738       0x2c build/foc.o
                0x08001738                Park_Conv
 .text.HAL_ADC_ConvCpltCallback
                0x08001764       0x98 build/foc.o
                0x08001764                HAL_ADC_ConvCpltCallback
 .text.Foc      0x080017fc       0x78 build/foc.o
                0x080017fc                Foc
 .text.VF_Openloop_Control
                0x08001874       0x80 build/foc.o
                0x08001874                VF_Openloop_Control
 .text.Test_Direction
                0x080018f4       0xac build/foc.o
 .text.Music_Get_Note
                0x080019a0       0xa8 build/foc.o
                0x080019a0                Music_Get_Note
 .text.Music_Play_Note
                0x08001a48       0x1c build/foc.o
                0x08001a48                Music_Play_Note
 .text.Muisc_Play_TIM7_IRQ_Handler
                0x08001a64       0x64 build/foc.o
                0x08001a64                Muisc_Play_TIM7_IRQ_Handler
 .text.Theta_Handler
                0x08001ac8       0x7c build/foc.o
                0x08001ac8                Theta_Handler
 .text.HAL_TIM_PeriodElapsedCallback
                0x08001b44       0x24 build/foc.o
                0x08001b44                HAL_TIM_PeriodElapsedCallback
 .text.Music_Play_Beat
                0x08001b68       0xc4 build/foc.o
                0x08001b68                Music_Play_Beat
 .text.SystemClock_Config
                0x08001c2c       0x94 build/main.o
                0x08001c2c                SystemClock_Config
 .text.main     0x08001cc0       0x9c build/main.o
                0x08001cc0                main
 .text.MS_IRQ_Handler
                0x08001d5c       0x38 build/main.o
                0x08001d5c                MS_IRQ_Handler
 .text.Error_Handler
                0x08001d94        0x2 build/main.o
                0x08001d94                Error_Handler
 *fill*         0x08001d96        0x2 
 .text.MX_GPIO_Init
                0x08001d98       0xd0 build/gpio.o
                0x08001d98                MX_GPIO_Init
 .text.MX_ADC2_Init
                0x08001e68       0x8c build/adc.o
                0x08001e68                MX_ADC2_Init
 .text.HAL_ADC_MspInit
                0x08001ef4      0x194 build/adc.o
                0x08001ef4                HAL_ADC_MspInit
 .text.MX_CAN1_Init
                0x08002088       0x38 build/can.o
                0x08002088                MX_CAN1_Init
 .text.HAL_CAN_MspInit
                0x080020c0       0x74 build/can.o
                0x080020c0                HAL_CAN_MspInit
 .text.MX_DMA_Init
                0x08002134       0x78 build/dma.o
                0x08002134                MX_DMA_Init
 .text.MX_SPI3_Init
                0x080021ac       0x48 build/spi.o
                0x080021ac                MX_SPI3_Init
 .text.HAL_SPI_MspInit
                0x080021f4       0x74 build/spi.o
                0x080021f4                HAL_SPI_MspInit
 .text.MX_TIM4_Init
                0x08002268       0x60 build/tim.o
                0x08002268                MX_TIM4_Init
 .text.MX_TIM6_Init
                0x080022c8       0x50 build/tim.o
                0x080022c8                MX_TIM6_Init
 .text.MX_TIM7_Init
                0x08002318       0x50 build/tim.o
                0x08002318                MX_TIM7_Init
 .text.HAL_TIM_Encoder_MspInit
                0x08002368       0x6c build/tim.o
                0x08002368                HAL_TIM_Encoder_MspInit
 .text.HAL_TIM_Base_MspInit
                0x080023d4       0x74 build/tim.o
                0x080023d4                HAL_TIM_Base_MspInit
 .text.HAL_TIM_PWM_MspInit
                0x08002448       0x40 build/tim.o
                0x08002448                HAL_TIM_PWM_MspInit
 .text.HAL_TIM_MspPostInit
                0x08002488       0xb4 build/tim.o
                0x08002488                HAL_TIM_MspPostInit
 .text.MX_TIM8_Init
                0x0800253c      0x108 build/tim.o
                0x0800253c                MX_TIM8_Init
 .text.MX_USART3_UART_Init
                0x08002644       0x34 build/usart.o
                0x08002644                MX_USART3_UART_Init
 .text.HAL_UART_MspInit
                0x08002678       0xfc build/usart.o
                0x08002678                HAL_UART_MspInit
 .text.test_direction
                0x08002774        0xc build/myfunc.o
                0x08002774                test_direction
 .text.measure_r
                0x08002780        0xc build/myfunc.o
                0x08002780                measure_r
 .text.get_position
                0x0800278c       0x20 build/myfunc.o
                0x0800278c                get_position
 .text.test     0x080027ac       0x60 build/myfunc.o
 .text.set_to_u4
                0x0800280c       0x38 build/myfunc.o
                0x0800280c                set_to_u4
 .text.command_init
                0x08002844       0x54 build/myfunc.o
                0x08002844                command_init
 .text.Count_PARC
                0x08002898       0x32 build/as5047.o
 .text.Command  0x080028ca       0x14 build/as5047.o
 *fill*         0x080028de        0x2 
 .text.Read_Reg
                0x080028e0       0xe0 build/as5047.o
                0x080028e0                Read_Reg
 .text.Get_Position
                0x080029c0       0x1c build/as5047.o
                0x080029c0                Get_Position
 .text.Get_Position_Rad_Dgree
                0x080029dc       0x48 build/as5047.o
                0x080029dc                Get_Position_Rad_Dgree
 .text.AS5047_Set_Direction
                0x08002a24       0xfc build/as5047.o
                0x08002a24                AS5047_Set_Direction
 .text.UART_Send
                0x08002b20       0x44 build/uart_ext.o
 .text.UART_Start_Receive
                0x08002b64       0x48 build/uart_ext.o
                0x08002b64                UART_Start_Receive
 .text.debug_uart_init
                0x08002bac       0x24 build/uart_ext.o
                0x08002bac                debug_uart_init
 .text.uprintf_polling
                0x08002bd0       0x3c build/uart_ext.o
                0x08002bd0                uprintf_polling
 .text.uprintf  0x08002c0c       0x30 build/uart_ext.o
                0x08002c0c                uprintf
 .text.HAL_UART_RxCpltCallback
                0x08002c3c       0x5c build/uart_ext.o
                0x08002c3c                HAL_UART_RxCpltCallback
 .text.HAL_UART_IDLECallback
                0x08002c98       0x3c build/uart_ext.o
                0x08002c98                HAL_UART_IDLECallback
 .text.UART_Command_Analize_And_Call
                0x08002cd4       0x1c build/uart_ext.o
                0x08002cd4                UART_Command_Analize_And_Call
 .text.get_prams
                0x08002cf0      0x160 build/command.o
 .text.add_cmd  0x08002e50       0x28 build/command.o
                0x08002e50                add_cmd
 .text.compare_cmd
                0x08002e78       0x30 build/command.o
                0x08002e78                compare_cmd
 .text.analize  0x08002ea8       0x74 build/command.o
                0x08002ea8                analize
 .text.arm_sin_cos_f32
                0x08002f1c      0x12c build/arm_sin_cos_f32.o
                0x08002f1c                arm_sin_cos_f32
 .text.NMI_Handler
                0x08003048        0x2 build/stm32f4xx_it.o
                0x08003048                NMI_Handler
 .text.HardFault_Handler
                0x0800304a        0x2 build/stm32f4xx_it.o
                0x0800304a                HardFault_Handler
 .text.MemManage_Handler
                0x0800304c        0x2 build/stm32f4xx_it.o
                0x0800304c                MemManage_Handler
 .text.BusFault_Handler
                0x0800304e        0x2 build/stm32f4xx_it.o
                0x0800304e                BusFault_Handler
 .text.UsageFault_Handler
                0x08003050        0x2 build/stm32f4xx_it.o
                0x08003050                UsageFault_Handler
 .text.SVC_Handler
                0x08003052        0x2 build/stm32f4xx_it.o
                0x08003052                SVC_Handler
 .text.DebugMon_Handler
                0x08003054        0x2 build/stm32f4xx_it.o
                0x08003054                DebugMon_Handler
 .text.PendSV_Handler
                0x08003056        0x2 build/stm32f4xx_it.o
                0x08003056                PendSV_Handler
 .text.SysTick_Handler
                0x08003058        0xc build/stm32f4xx_it.o
                0x08003058                SysTick_Handler
 .text.DMA1_Stream1_IRQHandler
                0x08003064       0x10 build/stm32f4xx_it.o
                0x08003064                DMA1_Stream1_IRQHandler
 .text.DMA1_Stream3_IRQHandler
                0x08003074       0x10 build/stm32f4xx_it.o
                0x08003074                DMA1_Stream3_IRQHandler
 .text.TIM8_UP_TIM13_IRQHandler
                0x08003084       0x10 build/stm32f4xx_it.o
                0x08003084                TIM8_UP_TIM13_IRQHandler
 .text.TIM6_DAC_IRQHandler
                0x08003094       0x10 build/stm32f4xx_it.o
                0x08003094                TIM6_DAC_IRQHandler
 .text.TIM7_IRQHandler
                0x080030a4       0x10 build/stm32f4xx_it.o
                0x080030a4                TIM7_IRQHandler
 .text.DMA2_Stream0_IRQHandler
                0x080030b4       0x10 build/stm32f4xx_it.o
                0x080030b4                DMA2_Stream0_IRQHandler
 .text.DMA2_Stream2_IRQHandler
                0x080030c4       0x10 build/stm32f4xx_it.o
                0x080030c4                DMA2_Stream2_IRQHandler
 .text.USART3_IRQHandler
                0x080030d4       0x24 build/stm32f4xx_it.o
                0x080030d4                USART3_IRQHandler
 .text.HAL_MspInit
                0x080030f8       0x38 build/stm32f4xx_hal_msp.o
                0x080030f8                HAL_MspInit
 .text.ADC_Init
                0x08003130      0x134 build/stm32f4xx_hal_adc.o
 .text.HAL_ADC_Init
                0x08003264       0x56 build/stm32f4xx_hal_adc.o
                0x08003264                HAL_ADC_Init
 *fill*         0x080032ba        0x2 
 .text.HAL_ADC_Start_DMA
                0x080032bc      0x17c build/stm32f4xx_hal_adc.o
                0x080032bc                HAL_ADC_Start_DMA
 .text.HAL_ADC_ConvHalfCpltCallback
                0x08003438        0x2 build/stm32f4xx_hal_adc.o
                0x08003438                HAL_ADC_ConvHalfCpltCallback
 .text.ADC_DMAHalfConvCplt
                0x0800343a        0xa build/stm32f4xx_hal_adc.o
 .text.HAL_ADC_ErrorCallback
                0x08003444        0x2 build/stm32f4xx_hal_adc.o
                0x08003444                HAL_ADC_ErrorCallback
 .text.ADC_DMAError
                0x08003446       0x16 build/stm32f4xx_hal_adc.o
 .text.ADC_DMAConvCplt
                0x0800345c       0x72 build/stm32f4xx_hal_adc.o
 *fill*         0x080034ce        0x2 
 .text.HAL_ADC_ConfigChannel
                0x080034d0      0x190 build/stm32f4xx_hal_adc.o
                0x080034d0                HAL_ADC_ConfigChannel
 .text.HAL_CAN_Init
                0x08003660      0x14c build/stm32f4xx_hal_can.o
                0x08003660                HAL_CAN_Init
 .text.SPI_WaitFlagStateUntilTimeout
                0x080037ac       0x94 build/stm32f4xx_hal_spi.o
 .text.SPI_EndRxTxTransaction
                0x08003840       0x24 build/stm32f4xx_hal_spi.o
 .text.HAL_SPI_Init
                0x08003864       0x80 build/stm32f4xx_hal_spi.o
                0x08003864                HAL_SPI_Init
 .text.HAL_SPI_Transmit
                0x080038e4      0x1a4 build/stm32f4xx_hal_spi.o
                0x080038e4                HAL_SPI_Transmit
 .text.HAL_SPI_TransmitReceive
                0x08003a88      0x238 build/stm32f4xx_hal_spi.o
                0x08003a88                HAL_SPI_TransmitReceive
 .text.TIM_OC1_SetConfig
                0x08003cc0       0x68 build/stm32f4xx_hal_tim.o
 .text.TIM_OC3_SetConfig
                0x08003d28       0x70 build/stm32f4xx_hal_tim.o
 .text.TIM_OC4_SetConfig
                0x08003d98       0x50 build/stm32f4xx_hal_tim.o
 .text.HAL_TIM_Base_Start
                0x08003de8       0x24 build/stm32f4xx_hal_tim.o
                0x08003de8                HAL_TIM_Base_Start
 .text.HAL_TIM_Base_Start_IT
                0x08003e0c       0x22 build/stm32f4xx_hal_tim.o
                0x08003e0c                HAL_TIM_Base_Start_IT
 .text.HAL_TIM_OC_MspInit
                0x08003e2e        0x2 build/stm32f4xx_hal_tim.o
                0x08003e2e                HAL_TIM_OC_MspInit
 .text.HAL_TIM_OC_DelayElapsedCallback
                0x08003e30        0x2 build/stm32f4xx_hal_tim.o
                0x08003e30                HAL_TIM_OC_DelayElapsedCallback
 .text.HAL_TIM_IC_CaptureCallback
                0x08003e32        0x2 build/stm32f4xx_hal_tim.o
                0x08003e32                HAL_TIM_IC_CaptureCallback
 .text.HAL_TIM_PWM_PulseFinishedCallback
                0x08003e34        0x2 build/stm32f4xx_hal_tim.o
                0x08003e34                HAL_TIM_PWM_PulseFinishedCallback
 .text.HAL_TIM_TriggerCallback
                0x08003e36        0x2 build/stm32f4xx_hal_tim.o
                0x08003e36                HAL_TIM_TriggerCallback
 .text.HAL_TIM_IRQHandler
                0x08003e38      0x17a build/stm32f4xx_hal_tim.o
                0x08003e38                HAL_TIM_IRQHandler
 *fill*         0x08003fb2        0x2 
 .text.TIM_Base_SetConfig
                0x08003fb4       0xc8 build/stm32f4xx_hal_tim.o
                0x08003fb4                TIM_Base_SetConfig
 .text.HAL_TIM_Base_Init
                0x0800407c       0x34 build/stm32f4xx_hal_tim.o
                0x0800407c                HAL_TIM_Base_Init
 .text.HAL_TIM_OC_Init
                0x080040b0       0x34 build/stm32f4xx_hal_tim.o
                0x080040b0                HAL_TIM_OC_Init
 .text.HAL_TIM_PWM_Init
                0x080040e4       0x34 build/stm32f4xx_hal_tim.o
                0x080040e4                HAL_TIM_PWM_Init
 .text.HAL_TIM_Encoder_Init
                0x08004118       0x9c build/stm32f4xx_hal_tim.o
                0x08004118                HAL_TIM_Encoder_Init
 .text.TIM_OC2_SetConfig
                0x080041b4       0x70 build/stm32f4xx_hal_tim.o
                0x080041b4                TIM_OC2_SetConfig
 .text.HAL_TIM_OC_ConfigChannel
                0x08004224       0x5e build/stm32f4xx_hal_tim.o
                0x08004224                HAL_TIM_OC_ConfigChannel
 .text.HAL_TIM_PWM_ConfigChannel
                0x08004282       0xdc build/stm32f4xx_hal_tim.o
                0x08004282                HAL_TIM_PWM_ConfigChannel
 .text.TIM_CCxChannelCmd
                0x0800435e       0x24 build/stm32f4xx_hal_tim.o
                0x0800435e                TIM_CCxChannelCmd
 *fill*         0x08004382        0x2 
 .text.HAL_TIM_PWM_Start
                0x08004384       0x40 build/stm32f4xx_hal_tim.o
                0x08004384                HAL_TIM_PWM_Start
 .text.TIM_CCxNChannelCmd
                0x080043c4       0x24 build/stm32f4xx_hal_tim_ex.o
 .text.HAL_TIMEx_PWMN_Start
                0x080043e8       0x2e build/stm32f4xx_hal_tim_ex.o
                0x080043e8                HAL_TIMEx_PWMN_Start
 .text.HAL_TIMEx_MasterConfigSynchronization
                0x08004416       0x46 build/stm32f4xx_hal_tim_ex.o
                0x08004416                HAL_TIMEx_MasterConfigSynchronization
 .text.HAL_TIMEx_ConfigBreakDeadTime
                0x0800445c       0x52 build/stm32f4xx_hal_tim_ex.o
                0x0800445c                HAL_TIMEx_ConfigBreakDeadTime
 .text.HAL_TIMEx_CommutCallback
                0x080044ae        0x2 build/stm32f4xx_hal_tim_ex.o
                0x080044ae                HAL_TIMEx_CommutCallback
 .text.HAL_TIMEx_BreakCallback
                0x080044b0        0x2 build/stm32f4xx_hal_tim_ex.o
                0x080044b0                HAL_TIMEx_BreakCallback
 .text.UART_EndTxTransfer
                0x080044b2       0x12 build/stm32f4xx_hal_uart.o
 .text.UART_EndRxTransfer
                0x080044c4       0x1c build/stm32f4xx_hal_uart.o
 .text.UART_Transmit_IT
                0x080044e0       0x66 build/stm32f4xx_hal_uart.o
 *fill*         0x08004546        0x2 
 .text.UART_SetConfig
                0x08004548      0x334 build/stm32f4xx_hal_uart.o
 .text.UART_WaitOnFlagUntilTimeout
                0x0800487c       0x68 build/stm32f4xx_hal_uart.o
 .text.HAL_UART_Init
                0x080048e4       0x5e build/stm32f4xx_hal_uart.o
                0x080048e4                HAL_UART_Init
 .text.HAL_UART_Transmit
                0x08004942       0xe0 build/stm32f4xx_hal_uart.o
                0x08004942                HAL_UART_Transmit
 .text.HAL_UART_Transmit_IT
                0x08004a22       0x48 build/stm32f4xx_hal_uart.o
                0x08004a22                HAL_UART_Transmit_IT
 .text.HAL_UART_Receive_IT
                0x08004a6a       0x5c build/stm32f4xx_hal_uart.o
                0x08004a6a                HAL_UART_Receive_IT
 *fill*         0x08004ac6        0x2 
 .text.HAL_UART_Transmit_DMA
                0x08004ac8       0x8c build/stm32f4xx_hal_uart.o
                0x08004ac8                HAL_UART_Transmit_DMA
 .text.HAL_UART_Receive_DMA
                0x08004b54       0xa8 build/stm32f4xx_hal_uart.o
                0x08004b54                HAL_UART_Receive_DMA
 .text.HAL_UART_DMAStop
                0x08004bfc       0x64 build/stm32f4xx_hal_uart.o
                0x08004bfc                HAL_UART_DMAStop
 .text.HAL_UART_TxCpltCallback
                0x08004c60        0x2 build/stm32f4xx_hal_uart.o
                0x08004c60                HAL_UART_TxCpltCallback
 .text.UART_DMATransmitCplt
                0x08004c62       0x30 build/stm32f4xx_hal_uart.o
 .text.UART_EndTransmit_IT
                0x08004c92       0x1a build/stm32f4xx_hal_uart.o
 .text.HAL_UART_TxHalfCpltCallback
                0x08004cac        0x2 build/stm32f4xx_hal_uart.o
                0x08004cac                HAL_UART_TxHalfCpltCallback
 .text.UART_DMATxHalfCplt
                0x08004cae        0xa build/stm32f4xx_hal_uart.o
 .text.UART_DMAReceiveCplt
                0x08004cb8       0x3e build/stm32f4xx_hal_uart.o
 .text.UART_Receive_IT
                0x08004cf6       0x9e build/stm32f4xx_hal_uart.o
 .text.HAL_UART_RxHalfCpltCallback
                0x08004d94        0x2 build/stm32f4xx_hal_uart.o
                0x08004d94                HAL_UART_RxHalfCpltCallback
 .text.UART_DMARxHalfCplt
                0x08004d96        0xa build/stm32f4xx_hal_uart.o
 .text.HAL_UART_ErrorCallback
                0x08004da0        0x2 build/stm32f4xx_hal_uart.o
                0x08004da0                HAL_UART_ErrorCallback
 .text.UART_DMAError
                0x08004da2       0x58 build/stm32f4xx_hal_uart.o
 *fill*         0x08004dfa        0x2 
 .text.HAL_UART_IRQHandler
                0x08004dfc      0x120 build/stm32f4xx_hal_uart.o
                0x08004dfc                HAL_UART_IRQHandler
 .text.UART_DMAAbortOnError
                0x08004f1c       0x10 build/stm32f4xx_hal_uart.o
 .text.HAL_RCC_OscConfig
                0x08004f2c      0x398 build/stm32f4xx_hal_rcc.o
                0x08004f2c                HAL_RCC_OscConfig
 .text.HAL_RCC_GetSysClockFreq
                0x080052c4       0xcc build/stm32f4xx_hal_rcc.o
                0x080052c4                HAL_RCC_GetSysClockFreq
 .text.HAL_RCC_ClockConfig
                0x08005390      0x15c build/stm32f4xx_hal_rcc.o
                0x08005390                HAL_RCC_ClockConfig
 .text.HAL_RCC_GetHCLKFreq
                0x080054ec        0xc build/stm32f4xx_hal_rcc.o
                0x080054ec                HAL_RCC_GetHCLKFreq
 .text.HAL_RCC_GetPCLK1Freq
                0x080054f8       0x20 build/stm32f4xx_hal_rcc.o
                0x080054f8                HAL_RCC_GetPCLK1Freq
 .text.HAL_RCC_GetPCLK2Freq
                0x08005518       0x20 build/stm32f4xx_hal_rcc.o
                0x08005518                HAL_RCC_GetPCLK2Freq
 .text.HAL_GPIO_Init
                0x08005538      0x1cc build/stm32f4xx_hal_gpio.o
                0x08005538                HAL_GPIO_Init
 .text.HAL_GPIO_WritePin
                0x08005704        0xc build/stm32f4xx_hal_gpio.o
                0x08005704                HAL_GPIO_WritePin
 .text.DMA_SetConfig
                0x08005710       0x2c build/stm32f4xx_hal_dma.o
 .text.DMA_CalcBaseAndBitshift
                0x0800573c       0x44 build/stm32f4xx_hal_dma.o
 .text.DMA_CheckFifoParam
                0x08005780       0x8e build/stm32f4xx_hal_dma.o
 *fill*         0x0800580e        0x2 
 .text.HAL_DMA_Init
                0x08005810       0xcc build/stm32f4xx_hal_dma.o
                0x08005810                HAL_DMA_Init
 .text.HAL_DMA_Start_IT
                0x080058dc       0x74 build/stm32f4xx_hal_dma.o
                0x080058dc                HAL_DMA_Start_IT
 .text.HAL_DMA_Abort
                0x08005950       0x94 build/stm32f4xx_hal_dma.o
                0x08005950                HAL_DMA_Abort
 .text.HAL_DMA_Abort_IT
                0x080059e4       0x26 build/stm32f4xx_hal_dma.o
                0x080059e4                HAL_DMA_Abort_IT
 *fill*         0x08005a0a        0x2 
 .text.HAL_DMA_IRQHandler
                0x08005a0c      0x1dc build/stm32f4xx_hal_dma.o
                0x08005a0c                HAL_DMA_IRQHandler
 .text.HAL_NVIC_SetPriorityGrouping
                0x08005be8       0x24 build/stm32f4xx_hal_cortex.o
                0x08005be8                HAL_NVIC_SetPriorityGrouping
 .text.HAL_NVIC_SetPriority
                0x08005c0c       0x68 build/stm32f4xx_hal_cortex.o
                0x08005c0c                HAL_NVIC_SetPriority
 .text.HAL_NVIC_EnableIRQ
                0x08005c74       0x1c build/stm32f4xx_hal_cortex.o
                0x08005c74                HAL_NVIC_EnableIRQ
 .text.HAL_SYSTICK_Config
                0x08005c90       0x2c build/stm32f4xx_hal_cortex.o
                0x08005c90                HAL_SYSTICK_Config
 .text.HAL_InitTick
                0x08005cbc       0x4c build/stm32f4xx_hal.o
                0x08005cbc                HAL_InitTick
 .text.HAL_Init
                0x08005d08       0x34 build/stm32f4xx_hal.o
                0x08005d08                HAL_Init
 .text.HAL_IncTick
                0x08005d3c       0x18 build/stm32f4xx_hal.o
                0x08005d3c                HAL_IncTick
 .text.HAL_GetTick
                0x08005d54        0xc build/stm32f4xx_hal.o
                0x08005d54                HAL_GetTick
 .text.HAL_Delay
                0x08005d60       0x28 build/stm32f4xx_hal.o
                0x08005d60                HAL_Delay
 .text.SystemInit
                0x08005d88       0x4c build/system_stm32f4xx.o
                0x08005d88                SystemInit
 .text.Reset_Handler
                0x08005dd4       0x50 build/startup_stm32f405xx.o
                0x08005dd4                Reset_Handler
 .text.Default_Handler
                0x08005e24        0x2 build/startup_stm32f405xx.o
                0x08005e24                RTC_Alarm_IRQHandler
                0x08005e24                HASH_RNG_IRQHandler
                0x08005e24                EXTI2_IRQHandler
                0x08005e24                TIM8_CC_IRQHandler
                0x08005e24                TIM1_CC_IRQHandler
                0x08005e24                DMA2_Stream5_IRQHandler
                0x08005e24                DMA1_Stream5_IRQHandler
                0x08005e24                PVD_IRQHandler
                0x08005e24                SDIO_IRQHandler
                0x08005e24                TAMP_STAMP_IRQHandler
                0x08005e24                CAN2_RX1_IRQHandler
                0x08005e24                EXTI3_IRQHandler
                0x08005e24                TIM8_TRG_COM_TIM14_IRQHandler
                0x08005e24                TIM1_UP_TIM10_IRQHandler
                0x08005e24                I2C3_ER_IRQHandler
                0x08005e24                EXTI0_IRQHandler
                0x08005e24                I2C2_EV_IRQHandler
                0x08005e24                DMA1_Stream2_IRQHandler
                0x08005e24                CAN1_RX0_IRQHandler
                0x08005e24                FPU_IRQHandler
                0x08005e24                OTG_HS_WKUP_IRQHandler
                0x08005e24                CAN2_SCE_IRQHandler
                0x08005e24                SPI1_IRQHandler
                0x08005e24                TIM1_BRK_TIM9_IRQHandler
                0x08005e24                CAN2_RX0_IRQHandler
                0x08005e24                DMA2_Stream3_IRQHandler
                0x08005e24                USART6_IRQHandler
                0x08005e24                CAN1_RX1_IRQHandler
                0x08005e24                UART5_IRQHandler
                0x08005e24                TIM4_IRQHandler
                0x08005e24                I2C1_EV_IRQHandler
                0x08005e24                DMA1_Stream6_IRQHandler
                0x08005e24                UART4_IRQHandler
                0x08005e24                TIM3_IRQHandler
                0x08005e24                RCC_IRQHandler
                0x08005e24                TIM8_BRK_TIM12_IRQHandler
                0x08005e24                Default_Handler
                0x08005e24                EXTI15_10_IRQHandler
                0x08005e24                ADC_IRQHandler
                0x08005e24                DMA1_Stream7_IRQHandler
                0x08005e24                CAN2_TX_IRQHandler
                0x08005e24                TIM5_IRQHandler
                0x08005e24                DMA2_Stream7_IRQHandler
                0x08005e24                I2C3_EV_IRQHandler
                0x08005e24                EXTI9_5_IRQHandler
                0x08005e24                RTC_WKUP_IRQHandler
                0x08005e24                SPI2_IRQHandler
                0x08005e24                OTG_HS_EP1_IN_IRQHandler
                0x08005e24                DMA1_Stream0_IRQHandler
                0x08005e24                CAN1_TX_IRQHandler
                0x08005e24                EXTI4_IRQHandler
                0x08005e24                FSMC_IRQHandler
                0x08005e24                OTG_HS_EP1_OUT_IRQHandler
                0x08005e24                WWDG_IRQHandler
                0x08005e24                TIM2_IRQHandler
                0x08005e24                OTG_FS_WKUP_IRQHandler
                0x08005e24                TIM1_TRG_COM_TIM11_IRQHandler
                0x08005e24                OTG_HS_IRQHandler
                0x08005e24                EXTI1_IRQHandler
                0x08005e24                USART2_IRQHandler
                0x08005e24                I2C2_ER_IRQHandler
                0x08005e24                DMA2_Stream1_IRQHandler
                0x08005e24                CAN1_SCE_IRQHandler
                0x08005e24                FLASH_IRQHandler
                0x08005e24                DMA2_Stream4_IRQHandler
                0x08005e24                USART1_IRQHandler
                0x08005e24                OTG_FS_IRQHandler
                0x08005e24                SPI3_IRQHandler
                0x08005e24                DMA1_Stream4_IRQHandler
                0x08005e24                I2C1_ER_IRQHandler
                0x08005e24                DMA2_Stream6_IRQHandler
 .text.atof     0x08005e26        0x6 c:/arm_gcc/bin/../lib/gcc/arm-none-eabi/9.2.1/../../../../arm-none-eabi/lib/thumb/v7e-m+fp/hard\libc_nano.a(lib_a-atof.o)
                0x08005e26                atof
 .text.__libc_init_array
                0x08005e2c       0x48 c:/arm_gcc/bin/../lib/gcc/arm-none-eabi/9.2.1/../../../../arm-none-eabi/lib/thumb/v7e-m+fp/hard\libc_nano.a(lib_a-init.o)
                0x08005e2c                __libc_init_array
 .text.malloc   0x08005e74       0x10 c:/arm_gcc/bin/../lib/gcc/arm-none-eabi/9.2.1/../../../../arm-none-eabi/lib/thumb/v7e-m+fp/hard\libc_nano.a(lib_a-malloc.o)
                0x08005e74                malloc
 .text.free     0x08005e84       0x10 c:/arm_gcc/bin/../lib/gcc/arm-none-eabi/9.2.1/../../../../arm-none-eabi/lib/thumb/v7e-m+fp/hard\libc_nano.a(lib_a-malloc.o)
                0x08005e84                free
 .text.memset   0x08005e94       0x10 c:/arm_gcc/bin/../lib/gcc/arm-none-eabi/9.2.1/../../../../arm-none-eabi/lib/thumb/v7e-m+fp/hard\libc_nano.a(lib_a-memset.o)
                0x08005e94                memset
 .text._free_r  0x08005ea4       0xa0 c:/arm_gcc/bin/../lib/gcc/arm-none-eabi/9.2.1/../../../../arm-none-eabi/lib/thumb/v7e-m+fp/hard\libc_nano.a(lib_a-nano-freer.o)
                0x08005ea4                _free_r
 .text._malloc_r
                0x08005f44       0xb4 c:/arm_gcc/bin/../lib/gcc/arm-none-eabi/9.2.1/../../../../arm-none-eabi/lib/thumb/v7e-m+fp/hard\libc_nano.a(lib_a-nano-mallocr.o)
                0x08005f44                _malloc_r
 .text.__cvt    0x08005ff8       0xc4 c:/arm_gcc/bin/../lib/gcc/arm-none-eabi/9.2.1/../../../../arm-none-eabi/lib/thumb/v7e-m+fp/hard\libc_nano.a(lib_a-nano-vfprintf_float.o)
                0x08005ff8                __cvt
 .text.__exponent
                0x080060bc       0x7c c:/arm_gcc/bin/../lib/gcc/arm-none-eabi/9.2.1/../../../../arm-none-eabi/lib/thumb/v7e-m+fp/hard\libc_nano.a(lib_a-nano-vfprintf_float.o)
                0x080060bc                __exponent
 .text._printf_float
                0x08006138      0x46c c:/arm_gcc/bin/../lib/gcc/arm-none-eabi/9.2.1/../../../../arm-none-eabi/lib/thumb/v7e-m+fp/hard\libc_nano.a(lib_a-nano-vfprintf_float.o)
                0x08006138                _printf_float
 .text._printf_common
                0x080065a4       0xda c:/arm_gcc/bin/../lib/gcc/arm-none-eabi/9.2.1/../../../../arm-none-eabi/lib/thumb/v7e-m+fp/hard\libc_nano.a(lib_a-nano-vfprintf_i.o)
                0x080065a4                _printf_common
 *fill*         0x0800667e        0x2 
 .text._printf_i
                0x08006680      0x24c c:/arm_gcc/bin/../lib/gcc/arm-none-eabi/9.2.1/../../../../arm-none-eabi/lib/thumb/v7e-m+fp/hard\libc_nano.a(lib_a-nano-vfprintf_i.o)
                0x08006680                _printf_i
 .text._sbrk_r  0x080068cc       0x20 c:/arm_gcc/bin/../lib/gcc/arm-none-eabi/9.2.1/../../../../arm-none-eabi/lib/thumb/v7e-m+fp/hard\libc_nano.a(lib_a-sbrkr.o)
                0x080068cc                _sbrk_r
 .text.sulp     0x080068ec       0x38 c:/arm_gcc/bin/../lib/gcc/arm-none-eabi/9.2.1/../../../../arm-none-eabi/lib/thumb/v7e-m+fp/hard\libc_nano.a(lib_a-strtod.o)
 *fill*         0x08006924        0x4 
 .text._strtod_l
                0x08006928      0xc14 c:/arm_gcc/bin/../lib/gcc/arm-none-eabi/9.2.1/../../../../arm-none-eabi/lib/thumb/v7e-m+fp/hard\libc_nano.a(lib_a-strtod.o)
                0x08006928                _strtod_l
 .text.strtod   0x0800753c       0x18 c:/arm_gcc/bin/../lib/gcc/arm-none-eabi/9.2.1/../../../../arm-none-eabi/lib/thumb/v7e-m+fp/hard\libc_nano.a(lib_a-strtod.o)
                0x0800753c                strtod
 .text._vsnprintf_r
                0x08007554       0x58 c:/arm_gcc/bin/../lib/gcc/arm-none-eabi/9.2.1/../../../../arm-none-eabi/lib/thumb/v7e-m+fp/hard\libc_nano.a(lib_a-vsnprintf.o)
                0x08007554                _vsniprintf_r
                0x08007554                _vsnprintf_r
 .text.vsnprintf
                0x080075ac       0x1c c:/arm_gcc/bin/../lib/gcc/arm-none-eabi/9.2.1/../../../../arm-none-eabi/lib/thumb/v7e-m+fp/hard\libc_nano.a(lib_a-vsnprintf.o)
                0x080075ac                vsniprintf
                0x080075ac                vsnprintf
 .text.quorem   0x080075c8      0x116 c:/arm_gcc/bin/../lib/gcc/arm-none-eabi/9.2.1/../../../../arm-none-eabi/lib/thumb/v7e-m+fp/hard\libc_nano.a(lib_a-dtoa.o)
 *fill*         0x080076de        0x2 
 .text._dtoa_r  0x080076e0      0xbbc c:/arm_gcc/bin/../lib/gcc/arm-none-eabi/9.2.1/../../../../arm-none-eabi/lib/thumb/v7e-m+fp/hard\libc_nano.a(lib_a-dtoa.o)
                0x080076e0                _dtoa_r
 .text.rshift   0x0800829c       0xa4 c:/arm_gcc/bin/../lib/gcc/arm-none-eabi/9.2.1/../../../../arm-none-eabi/lib/thumb/v7e-m+fp/hard\libc_nano.a(lib_a-gdtoa-gethex.o)
 .text.__hexdig_fun
                0x08008340       0x2a c:/arm_gcc/bin/../lib/gcc/arm-none-eabi/9.2.1/../../../../arm-none-eabi/lib/thumb/v7e-m+fp/hard\libc_nano.a(lib_a-gdtoa-gethex.o)
                0x08008340                __hexdig_fun
 *fill*         0x0800836a        0x2 
 .text.__gethex
                0x0800836c      0x468 c:/arm_gcc/bin/../lib/gcc/arm-none-eabi/9.2.1/../../../../arm-none-eabi/lib/thumb/v7e-m+fp/hard\libc_nano.a(lib_a-gdtoa-gethex.o)
                0x0800836c                __gethex
 .text.L_shift  0x080087d4       0x24 c:/arm_gcc/bin/../lib/gcc/arm-none-eabi/9.2.1/../../../../arm-none-eabi/lib/thumb/v7e-m+fp/hard\libc_nano.a(lib_a-gdtoa-hexnan.o)
 .text.__match  0x080087f8       0x28 c:/arm_gcc/bin/../lib/gcc/arm-none-eabi/9.2.1/../../../../arm-none-eabi/lib/thumb/v7e-m+fp/hard\libc_nano.a(lib_a-gdtoa-hexnan.o)
                0x080087f8                __match
 .text.__hexnan
                0x08008820      0x138 c:/arm_gcc/bin/../lib/gcc/arm-none-eabi/9.2.1/../../../../arm-none-eabi/lib/thumb/v7e-m+fp/hard\libc_nano.a(lib_a-gdtoa-hexnan.o)
                0x08008820                __hexnan
 .text._localeconv_r
                0x08008958        0x8 c:/arm_gcc/bin/../lib/gcc/arm-none-eabi/9.2.1/../../../../arm-none-eabi/lib/thumb/v7e-m+fp/hard\libc_nano.a(lib_a-localeconv.o)
                0x08008958                _localeconv_r
 .text.__ascii_mbtowc
                0x08008960       0x24 c:/arm_gcc/bin/../lib/gcc/arm-none-eabi/9.2.1/../../../../arm-none-eabi/lib/thumb/v7e-m+fp/hard\libc_nano.a(lib_a-mbtowc_r.o)
                0x08008960                __ascii_mbtowc
 .text.memcpy   0x08008984       0x1c c:/arm_gcc/bin/../lib/gcc/arm-none-eabi/9.2.1/../../../../arm-none-eabi/lib/thumb/v7e-m+fp/hard\libc_nano.a(lib_a-memcpy-stub.o)
                0x08008984                memcpy
 .text.__malloc_lock
                0x080089a0        0xc c:/arm_gcc/bin/../lib/gcc/arm-none-eabi/9.2.1/../../../../arm-none-eabi/lib/thumb/v7e-m+fp/hard\libc_nano.a(lib_a-mlock.o)
                0x080089a0                __malloc_lock
 .text.__malloc_unlock
                0x080089ac        0xc c:/arm_gcc/bin/../lib/gcc/arm-none-eabi/9.2.1/../../../../arm-none-eabi/lib/thumb/v7e-m+fp/hard\libc_nano.a(lib_a-mlock.o)
                0x080089ac                __malloc_unlock
 .text._Balloc  0x080089b8       0x68 c:/arm_gcc/bin/../lib/gcc/arm-none-eabi/9.2.1/../../../../arm-none-eabi/lib/thumb/v7e-m+fp/hard\libc_nano.a(lib_a-mprec.o)
                0x080089b8                _Balloc
 .text._Bfree   0x08008a20       0x2e c:/arm_gcc/bin/../lib/gcc/arm-none-eabi/9.2.1/../../../../arm-none-eabi/lib/thumb/v7e-m+fp/hard\libc_nano.a(lib_a-mprec.o)
                0x08008a20                _Bfree
 .text.__multadd
                0x08008a4e       0x7c c:/arm_gcc/bin/../lib/gcc/arm-none-eabi/9.2.1/../../../../arm-none-eabi/lib/thumb/v7e-m+fp/hard\libc_nano.a(lib_a-mprec.o)
                0x08008a4e                __multadd
 .text.__s2b    0x08008aca       0x7c c:/arm_gcc/bin/../lib/gcc/arm-none-eabi/9.2.1/../../../../arm-none-eabi/lib/thumb/v7e-m+fp/hard\libc_nano.a(lib_a-mprec.o)
                0x08008aca                __s2b
 .text.__hi0bits
                0x08008b46       0x40 c:/arm_gcc/bin/../lib/gcc/arm-none-eabi/9.2.1/../../../../arm-none-eabi/lib/thumb/v7e-m+fp/hard\libc_nano.a(lib_a-mprec.o)
                0x08008b46                __hi0bits
 .text.__lo0bits
                0x08008b86       0x60 c:/arm_gcc/bin/../lib/gcc/arm-none-eabi/9.2.1/../../../../arm-none-eabi/lib/thumb/v7e-m+fp/hard\libc_nano.a(lib_a-mprec.o)
                0x08008b86                __lo0bits
 .text.__i2b    0x08008be6       0x12 c:/arm_gcc/bin/../lib/gcc/arm-none-eabi/9.2.1/../../../../arm-none-eabi/lib/thumb/v7e-m+fp/hard\libc_nano.a(lib_a-mprec.o)
                0x08008be6                __i2b
 .text.__multiply
                0x08008bf8      0x138 c:/arm_gcc/bin/../lib/gcc/arm-none-eabi/9.2.1/../../../../arm-none-eabi/lib/thumb/v7e-m+fp/hard\libc_nano.a(lib_a-mprec.o)
                0x08008bf8                __multiply
 .text.__pow5mult
                0x08008d30       0x9c c:/arm_gcc/bin/../lib/gcc/arm-none-eabi/9.2.1/../../../../arm-none-eabi/lib/thumb/v7e-m+fp/hard\libc_nano.a(lib_a-mprec.o)
                0x08008d30                __pow5mult
 .text.__lshift
                0x08008dcc       0xbe c:/arm_gcc/bin/../lib/gcc/arm-none-eabi/9.2.1/../../../../arm-none-eabi/lib/thumb/v7e-m+fp/hard\libc_nano.a(lib_a-mprec.o)
                0x08008dcc                __lshift
 .text.__mcmp   0x08008e8a       0x38 c:/arm_gcc/bin/../lib/gcc/arm-none-eabi/9.2.1/../../../../arm-none-eabi/lib/thumb/v7e-m+fp/hard\libc_nano.a(lib_a-mprec.o)
                0x08008e8a                __mcmp
 .text.__mdiff  0x08008ec2       0xec c:/arm_gcc/bin/../lib/gcc/arm-none-eabi/9.2.1/../../../../arm-none-eabi/lib/thumb/v7e-m+fp/hard\libc_nano.a(lib_a-mprec.o)
                0x08008ec2                __mdiff
 *fill*         0x08008fae        0x2 
 .text.__ulp    0x08008fb0       0x58 c:/arm_gcc/bin/../lib/gcc/arm-none-eabi/9.2.1/../../../../arm-none-eabi/lib/thumb/v7e-m+fp/hard\libc_nano.a(lib_a-mprec.o)
                0x08008fb0                __ulp
 .text.__b2d    0x08009008       0xa0 c:/arm_gcc/bin/../lib/gcc/arm-none-eabi/9.2.1/../../../../arm-none-eabi/lib/thumb/v7e-m+fp/hard\libc_nano.a(lib_a-mprec.o)
                0x08009008                __b2d
 .text.__d2b    0x080090a8       0xa0 c:/arm_gcc/bin/../lib/gcc/arm-none-eabi/9.2.1/../../../../arm-none-eabi/lib/thumb/v7e-m+fp/hard\libc_nano.a(lib_a-mprec.o)
                0x080090a8                __d2b
 .text.__ratio  0x08009148       0x66 c:/arm_gcc/bin/../lib/gcc/arm-none-eabi/9.2.1/../../../../arm-none-eabi/lib/thumb/v7e-m+fp/hard\libc_nano.a(lib_a-mprec.o)
                0x08009148                __ratio
 .text.__copybits
                0x080091ae       0x46 c:/arm_gcc/bin/../lib/gcc/arm-none-eabi/9.2.1/../../../../arm-none-eabi/lib/thumb/v7e-m+fp/hard\libc_nano.a(lib_a-mprec.o)
                0x080091ae                __copybits
 .text.__any_on
                0x080091f4       0x42 c:/arm_gcc/bin/../lib/gcc/arm-none-eabi/9.2.1/../../../../arm-none-eabi/lib/thumb/v7e-m+fp/hard\libc_nano.a(lib_a-mprec.o)
                0x080091f4                __any_on
 .text._calloc_r
                0x08009236       0x1e c:/arm_gcc/bin/../lib/gcc/arm-none-eabi/9.2.1/../../../../arm-none-eabi/lib/thumb/v7e-m+fp/hard\libc_nano.a(lib_a-nano-callocr.o)
                0x08009236                _calloc_r
 .text.__ssputs_r
                0x08009254       0xb6 c:/arm_gcc/bin/../lib/gcc/arm-none-eabi/9.2.1/../../../../arm-none-eabi/lib/thumb/v7e-m+fp/hard\libc_nano.a(lib_a-nano-svfprintf.o)
                0x08009254                __ssputs_r
 *fill*         0x0800930a        0x2 
 .text._svfprintf_r
                0x0800930c      0x200 c:/arm_gcc/bin/../lib/gcc/arm-none-eabi/9.2.1/../../../../arm-none-eabi/lib/thumb/v7e-m+fp/hard\libc_nano.a(lib_a-nano-svfprintf.o)
                0x0800930c                _svfiprintf_r
                0x0800930c                _svfprintf_r
 *fill*         0x0800950c        0x4 
 .text.nan      0x08009510       0x10 c:/arm_gcc/bin/../lib/gcc/arm-none-eabi/9.2.1/../../../../arm-none-eabi/lib/thumb/v7e-m+fp/hard\libc_nano.a(lib_a-s_nan.o)
                0x08009510                nan
 .text.strncmp  0x08009520       0x24 c:/arm_gcc/bin/../lib/gcc/arm-none-eabi/9.2.1/../../../../arm-none-eabi/lib/thumb/v7e-m+fp/hard\libc_nano.a(lib_a-strncmp.o)
                0x08009520                strncmp
 .text.__ascii_wctomb
                0x08009544       0x1a c:/arm_gcc/bin/../lib/gcc/arm-none-eabi/9.2.1/../../../../arm-none-eabi/lib/thumb/v7e-m+fp/hard\libc_nano.a(lib_a-wctomb_r.o)
                0x08009544                __ascii_wctomb
 .text.__retarget_lock_acquire_recursive
                0x0800955e        0x2 c:/arm_gcc/bin/../lib/gcc/arm-none-eabi/9.2.1/../../../../arm-none-eabi/lib/thumb/v7e-m+fp/hard\libc_nano.a(lib_a-lock.o)
                0x0800955e                __retarget_lock_acquire_recursive
 .text.__retarget_lock_release_recursive
                0x08009560        0x2 c:/arm_gcc/bin/../lib/gcc/arm-none-eabi/9.2.1/../../../../arm-none-eabi/lib/thumb/v7e-m+fp/hard\libc_nano.a(lib_a-lock.o)
                0x08009560                __retarget_lock_release_recursive
 .text.memmove  0x08009562       0x34 c:/arm_gcc/bin/../lib/gcc/arm-none-eabi/9.2.1/../../../../arm-none-eabi/lib/thumb/v7e-m+fp/hard\libc_nano.a(lib_a-memmove.o)
                0x08009562                memmove
 .text._realloc_r
                0x08009596       0x4c c:/arm_gcc/bin/../lib/gcc/arm-none-eabi/9.2.1/../../../../arm-none-eabi/lib/thumb/v7e-m+fp/hard\libc_nano.a(lib_a-nano-reallocr.o)
                0x08009596                _realloc_r
 .text._malloc_usable_size_r
                0x080095e2       0x10 c:/arm_gcc/bin/../lib/gcc/arm-none-eabi/9.2.1/../../../../arm-none-eabi/lib/thumb/v7e-m+fp/hard\libc_nano.a(lib_a-nano-msizer.o)
                0x080095e2                _malloc_usable_size_r
 *fill*         0x080095f2        0x2 
 .text.cosf     0x080095f4       0x90 c:/arm_gcc/bin/../lib/gcc/arm-none-eabi/9.2.1/../../../../arm-none-eabi/lib/thumb/v7e-m+fp/hard\libm.a(lib_a-sf_cos.o)
                0x080095f4                cosf
 .text.sinf     0x08009684       0x94 c:/arm_gcc/bin/../lib/gcc/arm-none-eabi/9.2.1/../../../../arm-none-eabi/lib/thumb/v7e-m+fp/hard\libm.a(lib_a-sf_sin.o)
                0x08009684                sinf
 .text.__ieee754_rem_pio2f
                0x08009718      0x294 c:/arm_gcc/bin/../lib/gcc/arm-none-eabi/9.2.1/../../../../arm-none-eabi/lib/thumb/v7e-m+fp/hard\libm.a(lib_a-ef_rem_pio2.o)
                0x08009718                __ieee754_rem_pio2f
 .text.__kernel_cosf
                0x080099ac      0x104 c:/arm_gcc/bin/../lib/gcc/arm-none-eabi/9.2.1/../../../../arm-none-eabi/lib/thumb/v7e-m+fp/hard\libm.a(lib_a-kf_cos.o)
                0x080099ac                __kernel_cosf
 .text.__kernel_rem_pio2f
                0x08009ab0      0x66c c:/arm_gcc/bin/../lib/gcc/arm-none-eabi/9.2.1/../../../../arm-none-eabi/lib/thumb/v7e-m+fp/hard\libm.a(lib_a-kf_rem_pio2.o)
                0x08009ab0                __kernel_rem_pio2f
 .text.__kernel_sinf
                0x0800a11c       0x90 c:/arm_gcc/bin/../lib/gcc/arm-none-eabi/9.2.1/../../../../arm-none-eabi/lib/thumb/v7e-m+fp/hard\libm.a(lib_a-kf_sin.o)
                0x0800a11c                __kernel_sinf
 .text.fabsf    0x0800a1ac       0x10 c:/arm_gcc/bin/../lib/gcc/arm-none-eabi/9.2.1/../../../../arm-none-eabi/lib/thumb/v7e-m+fp/hard\libm.a(lib_a-sf_fabs.o)
                0x0800a1ac                fabsf
 .text.floorf   0x0800a1bc       0x8c c:/arm_gcc/bin/../lib/gcc/arm-none-eabi/9.2.1/../../../../arm-none-eabi/lib/thumb/v7e-m+fp/hard\libm.a(lib_a-sf_floor.o)
                0x0800a1bc                floorf
 .text.scalbnf  0x0800a248       0xe4 c:/arm_gcc/bin/../lib/gcc/arm-none-eabi/9.2.1/../../../../arm-none-eabi/lib/thumb/v7e-m+fp/hard\libm.a(lib_a-sf_scalbn.o)
                0x0800a248                scalbnf
 .text._sbrk    0x0800a32c       0x1c c:/arm_gcc/bin/../lib/gcc/arm-none-eabi/9.2.1/../../../../arm-none-eabi/lib/thumb/v7e-m+fp/hard\libnosys.a(sbrk.o)
                0x0800a32c                _sbrk
 *(.glue_7)
 .glue_7        0x0800a348        0x0 linker stubs
 *(.glue_7t)
 .glue_7t       0x0800a348        0x0 linker stubs
 *(.eh_frame)
 .eh_frame      0x0800a348        0x0 c:/arm_gcc/bin/../lib/gcc/arm-none-eabi/9.2.1/thumb/v7e-m+fp/hard/crtbegin.o
 *(.init)
 .init          0x0800a348        0x4 c:/arm_gcc/bin/../lib/gcc/arm-none-eabi/9.2.1/thumb/v7e-m+fp/hard/crti.o
                0x0800a348                _init
 .init          0x0800a34c        0x8 c:/arm_gcc/bin/../lib/gcc/arm-none-eabi/9.2.1/thumb/v7e-m+fp/hard/crtn.o
 *(.fini)
 .fini          0x0800a354        0x4 c:/arm_gcc/bin/../lib/gcc/arm-none-eabi/9.2.1/thumb/v7e-m+fp/hard/crti.o
                0x0800a354                _fini
 .fini          0x0800a358        0x8 c:/arm_gcc/bin/../lib/gcc/arm-none-eabi/9.2.1/thumb/v7e-m+fp/hard/crtn.o
                0x0800a360                . = ALIGN (0x4)
                0x0800a360                _etext = .

.vfp11_veneer   0x0800a360        0x0
 .vfp11_veneer  0x0800a360        0x0 linker stubs

.v4_bx          0x0800a360        0x0
 .v4_bx         0x0800a360        0x0 linker stubs

.iplt           0x0800a360        0x0
 .iplt          0x0800a360        0x0 c:/arm_gcc/bin/../lib/gcc/arm-none-eabi/9.2.1/thumb/v7e-m+fp/hard/crtbegin.o

.rodata         0x0800a360     0x1068
                0x0800a360                . = ALIGN (0x4)
 *(.rodata)
 *(.rodata*)
 .rodata.Measure_R_MS_Handler.str1.4
                0x0800a360       0x5d build/foc.o
 *fill*         0x0800a3bd        0x3 
 .rodata.Set_to_U4.str1.4
                0x0800a3c0        0xf build/foc.o
 *fill*         0x0800a3cf        0x1 
 .rodata.Test_Direction.str1.4
                0x0800a3d0       0x6e build/foc.o
 *fill*         0x0800a43e        0x2 
 .rodata.main.str1.4
                0x0800a440        0xf build/main.o
 *fill*         0x0800a44f        0x1 
 .rodata.get_position.str1.4
                0x0800a450        0xe build/myfunc.o
 *fill*         0x0800a45e        0x2 
 .rodata.test.str1.4
                0x0800a460       0x45 build/myfunc.o
 *fill*         0x0800a4a5        0x3 
 .rodata.set_to_u4.str1.4
                0x0800a4a8       0x1e build/myfunc.o
 *fill*         0x0800a4c6        0x2 
 .rodata.command_init.str1.4
                0x0800a4c8       0x32 build/myfunc.o
 *fill*         0x0800a4fa        0x2 
 .rodata.analize.str1.4
                0x0800a4fc       0x11 build/command.o
 *fill*         0x0800a50d        0x3 
 .rodata.sinTable_f32
                0x0800a510      0x804 build/arm_common_tables.o
                0x0800a510                sinTable_f32
 .rodata.flagBitshiftOffset.8563
                0x0800ad14        0x8 build/stm32f4xx_hal_dma.o
 .rodata.AHBPrescTable
                0x0800ad1c       0x10 build/system_stm32f4xx.o
                0x0800ad1c                AHBPrescTable
 .rodata.APBPrescTable
                0x0800ad2c        0x8 build/system_stm32f4xx.o
                0x0800ad2c                APBPrescTable
 .rodata._ctype_
                0x0800ad34      0x101 c:/arm_gcc/bin/../lib/gcc/arm-none-eabi/9.2.1/../../../../arm-none-eabi/lib/thumb/v7e-m+fp/hard\libc_nano.a(lib_a-ctype_.o)
                0x0800ad34                _ctype_
 .rodata._printf_float.str1.1
                0x0800ae35       0x12 c:/arm_gcc/bin/../lib/gcc/arm-none-eabi/9.2.1/../../../../arm-none-eabi/lib/thumb/v7e-m+fp/hard\libc_nano.a(lib_a-nano-vfprintf_float.o)
 .rodata._printf_i.str1.1
                0x0800ae47       0x22 c:/arm_gcc/bin/../lib/gcc/arm-none-eabi/9.2.1/../../../../arm-none-eabi/lib/thumb/v7e-m+fp/hard\libc_nano.a(lib_a-nano-vfprintf_i.o)
 .rodata._strtod_l.str1.1
                0x0800ae69       0x22 c:/arm_gcc/bin/../lib/gcc/arm-none-eabi/9.2.1/../../../../arm-none-eabi/lib/thumb/v7e-m+fp/hard\libc_nano.a(lib_a-strtod.o)
                                  0xd (size before relaxing)
 *fill*         0x0800ae69        0x3 
 .rodata.fpi.7566
                0x0800ae6c       0x14 c:/arm_gcc/bin/../lib/gcc/arm-none-eabi/9.2.1/../../../../arm-none-eabi/lib/thumb/v7e-m+fp/hard\libc_nano.a(lib_a-strtod.o)
 .rodata.fpinan.7602
                0x0800ae80       0x14 c:/arm_gcc/bin/../lib/gcc/arm-none-eabi/9.2.1/../../../../arm-none-eabi/lib/thumb/v7e-m+fp/hard\libc_nano.a(lib_a-strtod.o)
 *fill*         0x0800ae94        0x4 
 .rodata.tinytens
                0x0800ae98       0x28 c:/arm_gcc/bin/../lib/gcc/arm-none-eabi/9.2.1/../../../../arm-none-eabi/lib/thumb/v7e-m+fp/hard\libc_nano.a(lib_a-strtod.o)
 .rodata._dtoa_r.str1.1
                0x0800aec0        0xd c:/arm_gcc/bin/../lib/gcc/arm-none-eabi/9.2.1/../../../../arm-none-eabi/lib/thumb/v7e-m+fp/hard\libc_nano.a(lib_a-dtoa.o)
                                  0xf (size before relaxing)
 .rodata.str1.1
                0x0800aecd        0x2 c:/arm_gcc/bin/../lib/gcc/arm-none-eabi/9.2.1/../../../../arm-none-eabi/lib/thumb/v7e-m+fp/hard\libc_nano.a(lib_a-lnumeric.o)
                                  0x3 (size before relaxing)
 *fill*         0x0800aecf        0x1 
 .rodata._C_numeric_locale
                0x0800aed0        0xc c:/arm_gcc/bin/../lib/gcc/arm-none-eabi/9.2.1/../../../../arm-none-eabi/lib/thumb/v7e-m+fp/hard\libc_nano.a(lib_a-lnumeric.o)
                0x0800aed0                _C_numeric_locale
 .rodata._setlocale_r.str1.1
                0x0800aedc        0x8 c:/arm_gcc/bin/../lib/gcc/arm-none-eabi/9.2.1/../../../../arm-none-eabi/lib/thumb/v7e-m+fp/hard\libc_nano.a(lib_a-locale.o)
                                  0x9 (size before relaxing)
 .rodata.str1.1
                0x0800aee4        0x2 c:/arm_gcc/bin/../lib/gcc/arm-none-eabi/9.2.1/../../../../arm-none-eabi/lib/thumb/v7e-m+fp/hard\libc_nano.a(lib_a-locale.o)
 *fill*         0x0800aee4        0x4 
 .rodata.__mprec_bigtens
                0x0800aee8       0x28 c:/arm_gcc/bin/../lib/gcc/arm-none-eabi/9.2.1/../../../../arm-none-eabi/lib/thumb/v7e-m+fp/hard\libc_nano.a(lib_a-mprec.o)
                0x0800aee8                __mprec_bigtens
 .rodata.__mprec_tens
                0x0800af10       0xc8 c:/arm_gcc/bin/../lib/gcc/arm-none-eabi/9.2.1/../../../../arm-none-eabi/lib/thumb/v7e-m+fp/hard\libc_nano.a(lib_a-mprec.o)
                0x0800af10                __mprec_tens
 .rodata.p05.7490
                0x0800afd8        0xc c:/arm_gcc/bin/../lib/gcc/arm-none-eabi/9.2.1/../../../../arm-none-eabi/lib/thumb/v7e-m+fp/hard\libc_nano.a(lib_a-mprec.o)
 .rodata._svfprintf_r.str1.1
                0x0800afe4       0x11 c:/arm_gcc/bin/../lib/gcc/arm-none-eabi/9.2.1/../../../../arm-none-eabi/lib/thumb/v7e-m+fp/hard\libc_nano.a(lib_a-nano-svfprintf.o)
 *fill*         0x0800aff5        0x3 
 .rodata.npio2_hw
                0x0800aff8       0x80 c:/arm_gcc/bin/../lib/gcc/arm-none-eabi/9.2.1/../../../../arm-none-eabi/lib/thumb/v7e-m+fp/hard\libm.a(lib_a-ef_rem_pio2.o)
 .rodata.two_over_pi
                0x0800b078      0x318 c:/arm_gcc/bin/../lib/gcc/arm-none-eabi/9.2.1/../../../../arm-none-eabi/lib/thumb/v7e-m+fp/hard\libm.a(lib_a-ef_rem_pio2.o)
 .rodata.PIo2   0x0800b390       0x2c c:/arm_gcc/bin/../lib/gcc/arm-none-eabi/9.2.1/../../../../arm-none-eabi/lib/thumb/v7e-m+fp/hard\libm.a(lib_a-kf_rem_pio2.o)
 .rodata.init_jk
                0x0800b3bc        0xc c:/arm_gcc/bin/../lib/gcc/arm-none-eabi/9.2.1/../../../../arm-none-eabi/lib/thumb/v7e-m+fp/hard\libm.a(lib_a-kf_rem_pio2.o)
                0x0800b3c8                . = ALIGN (0x4)

.ARM.extab
 *(.ARM.extab* .gnu.linkonce.armextab.*)

.ARM            0x0800b3c8        0x8
                0x0800b3c8                __exidx_start = .
 *(.ARM.exidx*)
 .ARM.exidx     0x0800b3c8        0x8 c:/arm_gcc/bin/../lib/gcc/arm-none-eabi/9.2.1/thumb/v7e-m+fp/hard\libgcc.a(_udivmoddi4.o)
                0x0800b3d0                __exidx_end = .

.rel.dyn        0x0800b3d0        0x0
 .rel.iplt      0x0800b3d0        0x0 c:/arm_gcc/bin/../lib/gcc/arm-none-eabi/9.2.1/thumb/v7e-m+fp/hard/crtbegin.o

.preinit_array  0x0800b3d0        0x0
                0x0800b3d0                PROVIDE (__preinit_array_start = .)
 *(.preinit_array*)
                0x0800b3d0                PROVIDE (__preinit_array_end = .)

.init_array     0x0800b3d0        0x4
                0x0800b3d0                PROVIDE (__init_array_start = .)
 *(SORT_BY_NAME(.init_array.*))
 *(.init_array*)
 .init_array    0x0800b3d0        0x4 c:/arm_gcc/bin/../lib/gcc/arm-none-eabi/9.2.1/thumb/v7e-m+fp/hard/crtbegin.o
                0x0800b3d4                PROVIDE (__init_array_end = .)

.fini_array     0x0800b3d4        0x4
                [!provide]                PROVIDE (__fini_array_start = .)
 *(SORT_BY_NAME(.fini_array.*))
 *(.fini_array*)
 .fini_array    0x0800b3d4        0x4 c:/arm_gcc/bin/../lib/gcc/arm-none-eabi/9.2.1/thumb/v7e-m+fp/hard/crtbegin.o
                [!provide]                PROVIDE (__fini_array_end = .)
                0x0800b3d8                _sidata = LOADADDR (.data)

.data           0x20000000      0x34c load address 0x0800b3d8
                0x20000000                . = ALIGN (0x4)
                0x20000000                _sdata = .
 *(.data)
 *(.data*)
 .data.Motor    0x20000000       0x10 build/foc.o
                0x20000000                Motor
 .data.Music_Freqs
                0x20000010       0x10 build/foc.o
                0x20000010                Music_Freqs
 .data.Music_Song
                0x20000020       0xbe build/foc.o
                0x20000020                Music_Song
 *fill*         0x200000de        0x2 
 .data.Position_Offset
                0x200000e0        0x4 build/foc.o
                0x200000e0                Position_Offset
 .data.U1       0x200000e4       0x10 build/foc.o
                0x200000e4                U1
 .data.U2       0x200000f4       0x10 build/foc.o
                0x200000f4                U2
 .data.U3       0x20000104       0x10 build/foc.o
                0x20000104                U3
 .data.U4       0x20000114       0x10 build/foc.o
                0x20000114                U4
 .data.U5       0x20000124       0x10 build/foc.o
                0x20000124                U5
 .data.U6       0x20000134       0x10 build/foc.o
                0x20000134                U6
 .data.U7       0x20000144       0x10 build/foc.o
                0x20000144                U7
 .data.Uvects   0x20000154       0x18 build/foc.o
                0x20000154                Uvects
 .data.next_time.13033
                0x2000016c        0x2 build/foc.o
 .data.Rx_Mode  0x2000016e        0x1 build/uart_ext.o
 .data.uwTickFreq
                0x2000016f        0x1 build/stm32f4xx_hal.o
                0x2000016f                uwTickFreq
 .data.uwTickPrio
                0x20000170        0x4 build/stm32f4xx_hal.o
                0x20000170                uwTickPrio
 .data.SystemCoreClock
                0x20000174        0x4 build/system_stm32f4xx.o
                0x20000174                SystemCoreClock
 .data._impure_ptr
                0x20000178        0x4 c:/arm_gcc/bin/../lib/gcc/arm-none-eabi/9.2.1/../../../../arm-none-eabi/lib/thumb/v7e-m+fp/hard\libc_nano.a(lib_a-impure.o)
                0x20000178                _impure_ptr
 .data.impure_data
                0x2000017c       0x60 c:/arm_gcc/bin/../lib/gcc/arm-none-eabi/9.2.1/../../../../arm-none-eabi/lib/thumb/v7e-m+fp/hard\libc_nano.a(lib_a-impure.o)
 .data.numempty
                0x200001dc        0x2 c:/arm_gcc/bin/../lib/gcc/arm-none-eabi/9.2.1/../../../../arm-none-eabi/lib/thumb/v7e-m+fp/hard\libc_nano.a(lib_a-lnumeric.o)
 *fill*         0x200001de        0x2 
 .data.__global_locale
                0x200001e0      0x16c c:/arm_gcc/bin/../lib/gcc/arm-none-eabi/9.2.1/../../../../arm-none-eabi/lib/thumb/v7e-m+fp/hard\libc_nano.a(lib_a-locale.o)
                0x200001e0                __global_locale
                0x2000034c                . = ALIGN (0x4)
                0x2000034c                _edata = .
                0x0800b724                _siccmram = LOADADDR (.ccmram)

.igot.plt       0x2000034c        0x0 load address 0x0800b724
 .igot.plt      0x2000034c        0x0 c:/arm_gcc/bin/../lib/gcc/arm-none-eabi/9.2.1/thumb/v7e-m+fp/hard/crtbegin.o

.ccmram         0x10000000        0x0 load address 0x0800b724
                0x10000000                . = ALIGN (0x4)
                0x10000000                _sccmram = .
 *(.ccmram)
 *(.ccmram*)
                0x10000000                . = ALIGN (0x4)
                0x10000000                _eccmram = .
                0x10000000                . = ALIGN (0x4)

.bss            0x2000034c      0x6cc
                0x2000034c                _sbss = .
                0x2000034c                __bss_start__ = _sbss
 *(.bss)
 .bss           0x2000034c       0x1c c:/arm_gcc/bin/../lib/gcc/arm-none-eabi/9.2.1/thumb/v7e-m+fp/hard/crtbegin.o
 *(.bss*)
 .bss.CCR_Dutys.12945
                0x20000368        0xc build/foc.o
 .bss.U0        0x20000374       0x10 build/foc.o
                0x20000374                U0
 .bss.current1.12974
                0x20000384        0x4 build/foc.o
 .bss.current2.12975
                0x20000388        0x4 build/foc.o
 .bss.first_time.13030
                0x2000038c        0x1 build/foc.o
 *fill*         0x2000038d        0x3 
 .bss.theta.12953
                0x20000390        0x4 build/foc.o
 .bss.Init_OK   0x20000394        0x1 build/main.o
                0x20000394                Init_OK
 *fill*         0x20000395        0x3 
 .bss.ms_cnt.10194
                0x20000398        0x4 build/main.o
 .bss.OK.8477   0x2000039c        0x1 build/as5047.o
 *fill*         0x2000039d        0x1 
 .bss.result.8505
                0x2000039e        0x2 build/as5047.o
 .bss.Tx_Mode   0x200003a0        0x1 build/uart_ext.o
 *fill*         0x200003a1        0x3 
 .bss.buffer_rx_count
                0x200003a4        0x4 build/uart_ext.o
                0x200003a4                buffer_rx_count
 .bss.debug_uart
                0x200003a8        0x4 build/uart_ext.o
 .bss.__malloc_free_list
                0x200003ac        0x4 c:/arm_gcc/bin/../lib/gcc/arm-none-eabi/9.2.1/../../../../arm-none-eabi/lib/thumb/v7e-m+fp/hard\libc_nano.a(lib_a-nano-mallocr.o)
                0x200003ac                __malloc_free_list
 .bss.__malloc_sbrk_start
                0x200003b0        0x4 c:/arm_gcc/bin/../lib/gcc/arm-none-eabi/9.2.1/../../../../arm-none-eabi/lib/thumb/v7e-m+fp/hard\libc_nano.a(lib_a-nano-mallocr.o)
                0x200003b0                __malloc_sbrk_start
 .bss.heap_end.5507
                0x200003b4        0x4 c:/arm_gcc/bin/../lib/gcc/arm-none-eabi/9.2.1/../../../../arm-none-eabi/lib/thumb/v7e-m+fp/hard\libnosys.a(sbrk.o)
 *(COMMON)
 COMMON         0x200003b8       0x58 build/foc.o
                0x200003b8                Test_Direction_Info
                0x200003c4                ADC_Values_Raw2
                0x200003cc                Board_Mode
                0x200003d0                Music_Info
                0x200003e4                ADC_Values_Raw
                0x200003ec                Ibeta
                0x200003f0                Ialpha
                0x200003f4                Measure_R_Info
                0x2000040c                Position_Degree
 COMMON         0x20000410        0x1 build/main.o
                0x20000410                ms_2_flag
 *fill*         0x20000411        0x3 
 COMMON         0x20000414      0x150 build/adc.o
                0x20000414                hadc2
                0x2000045c                hadc1
                0x200004a4                hdma_adc1
                0x20000504                hdma_adc2
 COMMON         0x20000564       0x28 build/can.o
                0x20000564                hcan1
 COMMON         0x2000058c       0x58 build/spi.o
                0x2000058c                hspi3
 COMMON         0x200005e4      0x100 build/tim.o
                0x200005e4                htim8
                0x20000624                htim4
                0x20000664                htim6
                0x200006a4                htim7
 COMMON         0x200006e4      0x100 build/usart.o
                0x200006e4                hdma_usart3_rx
                0x20000744                huart3
                0x20000784                hdma_usart3_tx
 COMMON         0x200007e4        0x2 build/as5047.o
                0x200007e4                AS_5047_Err
 *fill*         0x200007e6        0x2 
 COMMON         0x200007e8       0x86 build/uart_ext.o
                0x200007e8                buffer_rx
                0x20000806                buffer_rx_OK
                0x20000808                uart_buffer
                0x2000086d                buffer_rx_temp
 *fill*         0x2000086e        0x2 
 COMMON         0x20000870      0x194 build/command.o
                0x20000870                CMD
 COMMON         0x20000a04        0x4 build/stm32f4xx_hal.o
                0x20000a04                uwTick
 COMMON         0x20000a08        0x4 c:/arm_gcc/bin/../lib/gcc/arm-none-eabi/9.2.1/../../../../arm-none-eabi/lib/thumb/v7e-m+fp/hard\libc_nano.a(lib_a-reent.o)
                0x20000a08                errno
 COMMON         0x20000a0c        0x9 c:/arm_gcc/bin/../lib/gcc/arm-none-eabi/9.2.1/../../../../arm-none-eabi/lib/thumb/v7e-m+fp/hard\libc_nano.a(lib_a-lock.o)
                0x20000a0c                __lock___atexit_recursive_mutex
                0x20000a0d                __lock___arc4random_mutex
                0x20000a0e                __lock___env_recursive_mutex
                0x20000a0f                __lock___sinit_recursive_mutex
                0x20000a10                __lock___malloc_recursive_mutex
                0x20000a11                __lock___at_quick_exit_mutex
                0x20000a12                __lock___dd_hash_mutex
                0x20000a13                __lock___tz_mutex
                0x20000a14                __lock___sfp_recursive_mutex
                0x20000a18                . = ALIGN (0x4)
 *fill*         0x20000a15        0x3 
                0x20000a18                _ebss = .
                0x20000a18                __bss_end__ = _ebss

._user_heap_stack
                0x20000a18      0x600
                0x20000a18                . = ALIGN (0x8)
                0x20000a18                PROVIDE (end = .)
                [!provide]                PROVIDE (_end = .)
                0x20000c18                . = (. + _Min_Heap_Size)
 *fill*         0x20000a18      0x200 
                0x20001018                . = (. + _Min_Stack_Size)
 *fill*         0x20000c18      0x400 
                0x20001018                . = ALIGN (0x8)

/DISCARD/
 libc.a(*)
 libm.a(*)
 libgcc.a(*)

.ARM.attributes
                0x00000000       0x30
 *(.ARM.attributes)
 .ARM.attributes
                0x00000000       0x1e c:/arm_gcc/bin/../lib/gcc/arm-none-eabi/9.2.1/thumb/v7e-m+fp/hard/crti.o
 .ARM.attributes
                0x0000001e       0x34 c:/arm_gcc/bin/../lib/gcc/arm-none-eabi/9.2.1/thumb/v7e-m+fp/hard/crtbegin.o
 .ARM.attributes
                0x00000052       0x34 build/foc.o
 .ARM.attributes
                0x00000086       0x34 build/main.o
 .ARM.attributes
                0x000000ba       0x34 build/gpio.o
 .ARM.attributes
                0x000000ee       0x34 build/adc.o
 .ARM.attributes
                0x00000122       0x34 build/can.o
 .ARM.attributes
                0x00000156       0x34 build/dma.o
 .ARM.attributes
                0x0000018a       0x34 build/spi.o
 .ARM.attributes
                0x000001be       0x34 build/tim.o
 .ARM.attributes
                0x000001f2       0x34 build/usart.o
 .ARM.attributes
                0x00000226       0x34 build/myfunc.o
 .ARM.attributes
                0x0000025a       0x34 build/as5047.o
 .ARM.attributes
                0x0000028e       0x34 build/uart_ext.o
 .ARM.attributes
                0x000002c2       0x34 build/command.o
 .ARM.attributes
                0x000002f6       0x39 build/arm_common_tables.o
 .ARM.attributes
                0x0000032f       0x34 build/arm_sin_cos_f32.o
 .ARM.attributes
                0x00000363       0x34 build/stm32f4xx_it.o
 .ARM.attributes
                0x00000397       0x34 build/stm32f4xx_hal_msp.o
 .ARM.attributes
                0x000003cb       0x34 build/stm32f4xx_hal_adc.o
 .ARM.attributes
                0x000003ff       0x34 build/stm32f4xx_hal_can.o
 .ARM.attributes
                0x00000433       0x34 build/stm32f4xx_hal_spi.o
 .ARM.attributes
                0x00000467       0x34 build/stm32f4xx_hal_tim.o
 .ARM.attributes
                0x0000049b       0x34 build/stm32f4xx_hal_tim_ex.o
 .ARM.attributes
                0x000004cf       0x34 build/stm32f4xx_hal_uart.o
 .ARM.attributes
                0x00000503       0x34 build/stm32f4xx_hal_rcc.o
 .ARM.attributes
                0x00000537       0x34 build/stm32f4xx_hal_gpio.o
 .ARM.attributes
                0x0000056b       0x34 build/stm32f4xx_hal_dma.o
 .ARM.attributes
                0x0000059f       0x34 build/stm32f4xx_hal_cortex.o
 .ARM.attributes
                0x000005d3       0x34 build/stm32f4xx_hal.o
 .ARM.attributes
                0x00000607       0x34 build/system_stm32f4xx.o
 .ARM.attributes
                0x0000063b       0x21 build/startup_stm32f405xx.o
 .ARM.attributes
                0x0000065c       0x34 c:/arm_gcc/bin/../lib/gcc/arm-none-eabi/9.2.1/../../../../arm-none-eabi/lib/thumb/v7e-m+fp/hard\libc_nano.a(lib_a-atof.o)
 .ARM.attributes
                0x00000690       0x32 c:/arm_gcc/bin/../lib/gcc/arm-none-eabi/9.2.1/../../../../arm-none-eabi/lib/thumb/v7e-m+fp/hard\libc_nano.a(lib_a-ctype_.o)
 .ARM.attributes
                0x000006c2       0x32 c:/arm_gcc/bin/../lib/gcc/arm-none-eabi/9.2.1/../../../../arm-none-eabi/lib/thumb/v7e-m+fp/hard\libc_nano.a(lib_a-impure.o)
 .ARM.attributes
                0x000006f4       0x34 c:/arm_gcc/bin/../lib/gcc/arm-none-eabi/9.2.1/../../../../arm-none-eabi/lib/thumb/v7e-m+fp/hard\libc_nano.a(lib_a-init.o)
 .ARM.attributes
                0x00000728       0x34 c:/arm_gcc/bin/../lib/gcc/arm-none-eabi/9.2.1/../../../../arm-none-eabi/lib/thumb/v7e-m+fp/hard\libc_nano.a(lib_a-malloc.o)
 .ARM.attributes
                0x0000075c       0x34 c:/arm_gcc/bin/../lib/gcc/arm-none-eabi/9.2.1/../../../../arm-none-eabi/lib/thumb/v7e-m+fp/hard\libc_nano.a(lib_a-memset.o)
 .ARM.attributes
                0x00000790       0x34 c:/arm_gcc/bin/../lib/gcc/arm-none-eabi/9.2.1/../../../../arm-none-eabi/lib/thumb/v7e-m+fp/hard\libc_nano.a(lib_a-nano-freer.o)
 .ARM.attributes
                0x000007c4       0x34 c:/arm_gcc/bin/../lib/gcc/arm-none-eabi/9.2.1/../../../../arm-none-eabi/lib/thumb/v7e-m+fp/hard\libc_nano.a(lib_a-nano-mallocr.o)
 .ARM.attributes
                0x000007f8       0x34 c:/arm_gcc/bin/../lib/gcc/arm-none-eabi/9.2.1/../../../../arm-none-eabi/lib/thumb/v7e-m+fp/hard\libc_nano.a(lib_a-nano-vfprintf_float.o)
 .ARM.attributes
                0x0000082c       0x34 c:/arm_gcc/bin/../lib/gcc/arm-none-eabi/9.2.1/../../../../arm-none-eabi/lib/thumb/v7e-m+fp/hard\libc_nano.a(lib_a-nano-vfprintf_i.o)
 .ARM.attributes
                0x00000860       0x34 c:/arm_gcc/bin/../lib/gcc/arm-none-eabi/9.2.1/../../../../arm-none-eabi/lib/thumb/v7e-m+fp/hard\libc_nano.a(lib_a-sbrkr.o)
 .ARM.attributes
                0x00000894       0x17 c:/arm_gcc/bin/../lib/gcc/arm-none-eabi/9.2.1/../../../../arm-none-eabi/lib/thumb/v7e-m+fp/hard\libc_nano.a(lib_a-strlen.o)
 .ARM.attributes
                0x000008ab       0x34 c:/arm_gcc/bin/../lib/gcc/arm-none-eabi/9.2.1/../../../../arm-none-eabi/lib/thumb/v7e-m+fp/hard\libc_nano.a(lib_a-strtod.o)
 .ARM.attributes
                0x000008df       0x34 c:/arm_gcc/bin/../lib/gcc/arm-none-eabi/9.2.1/../../../../arm-none-eabi/lib/thumb/v7e-m+fp/hard\libc_nano.a(lib_a-vsnprintf.o)
 .ARM.attributes
                0x00000913       0x34 c:/arm_gcc/bin/../lib/gcc/arm-none-eabi/9.2.1/../../../../arm-none-eabi/lib/thumb/v7e-m+fp/hard\libc_nano.a(lib_a-dtoa.o)
 .ARM.attributes
                0x00000947       0x34 c:/arm_gcc/bin/../lib/gcc/arm-none-eabi/9.2.1/../../../../arm-none-eabi/lib/thumb/v7e-m+fp/hard\libc_nano.a(lib_a-gdtoa-gethex.o)
 .ARM.attributes
                0x0000097b       0x34 c:/arm_gcc/bin/../lib/gcc/arm-none-eabi/9.2.1/../../../../arm-none-eabi/lib/thumb/v7e-m+fp/hard\libc_nano.a(lib_a-gdtoa-hexnan.o)
 .ARM.attributes
                0x000009af       0x34 c:/arm_gcc/bin/../lib/gcc/arm-none-eabi/9.2.1/../../../../arm-none-eabi/lib/thumb/v7e-m+fp/hard\libc_nano.a(lib_a-lnumeric.o)
 .ARM.attributes
                0x000009e3       0x34 c:/arm_gcc/bin/../lib/gcc/arm-none-eabi/9.2.1/../../../../arm-none-eabi/lib/thumb/v7e-m+fp/hard\libc_nano.a(lib_a-locale.o)
 .ARM.attributes
                0x00000a17       0x34 c:/arm_gcc/bin/../lib/gcc/arm-none-eabi/9.2.1/../../../../arm-none-eabi/lib/thumb/v7e-m+fp/hard\libc_nano.a(lib_a-localeconv.o)
 .ARM.attributes
                0x00000a4b       0x34 c:/arm_gcc/bin/../lib/gcc/arm-none-eabi/9.2.1/../../../../arm-none-eabi/lib/thumb/v7e-m+fp/hard\libc_nano.a(lib_a-mbtowc_r.o)
 .ARM.attributes
                0x00000a7f       0x1c c:/arm_gcc/bin/../lib/gcc/arm-none-eabi/9.2.1/../../../../arm-none-eabi/lib/thumb/v7e-m+fp/hard\libc_nano.a(lib_a-memchr.o)
 .ARM.attributes
                0x00000a9b       0x34 c:/arm_gcc/bin/../lib/gcc/arm-none-eabi/9.2.1/../../../../arm-none-eabi/lib/thumb/v7e-m+fp/hard\libc_nano.a(lib_a-memcpy-stub.o)
 .ARM.attributes
                0x00000acf       0x34 c:/arm_gcc/bin/../lib/gcc/arm-none-eabi/9.2.1/../../../../arm-none-eabi/lib/thumb/v7e-m+fp/hard\libc_nano.a(lib_a-mlock.o)
 .ARM.attributes
                0x00000b03       0x34 c:/arm_gcc/bin/../lib/gcc/arm-none-eabi/9.2.1/../../../../arm-none-eabi/lib/thumb/v7e-m+fp/hard\libc_nano.a(lib_a-mprec.o)
 .ARM.attributes
                0x00000b37       0x34 c:/arm_gcc/bin/../lib/gcc/arm-none-eabi/9.2.1/../../../../arm-none-eabi/lib/thumb/v7e-m+fp/hard\libc_nano.a(lib_a-nano-callocr.o)
 .ARM.attributes
                0x00000b6b       0x34 c:/arm_gcc/bin/../lib/gcc/arm-none-eabi/9.2.1/../../../../arm-none-eabi/lib/thumb/v7e-m+fp/hard\libc_nano.a(lib_a-nano-svfprintf.o)
 .ARM.attributes
                0x00000b9f       0x34 c:/arm_gcc/bin/../lib/gcc/arm-none-eabi/9.2.1/../../../../arm-none-eabi/lib/thumb/v7e-m+fp/hard\libc_nano.a(lib_a-reent.o)
 .ARM.attributes
                0x00000bd3       0x34 c:/arm_gcc/bin/../lib/gcc/arm-none-eabi/9.2.1/../../../../arm-none-eabi/lib/thumb/v7e-m+fp/hard\libc_nano.a(lib_a-s_nan.o)
 .ARM.attributes
                0x00000c07       0x34 c:/arm_gcc/bin/../lib/gcc/arm-none-eabi/9.2.1/../../../../arm-none-eabi/lib/thumb/v7e-m+fp/hard\libc_nano.a(lib_a-strncmp.o)
 .ARM.attributes
                0x00000c3b       0x34 c:/arm_gcc/bin/../lib/gcc/arm-none-eabi/9.2.1/../../../../arm-none-eabi/lib/thumb/v7e-m+fp/hard\libc_nano.a(lib_a-wctomb_r.o)
 .ARM.attributes
                0x00000c6f       0x34 c:/arm_gcc/bin/../lib/gcc/arm-none-eabi/9.2.1/../../../../arm-none-eabi/lib/thumb/v7e-m+fp/hard\libc_nano.a(lib_a-lock.o)
 .ARM.attributes
                0x00000ca3       0x34 c:/arm_gcc/bin/../lib/gcc/arm-none-eabi/9.2.1/../../../../arm-none-eabi/lib/thumb/v7e-m+fp/hard\libc_nano.a(lib_a-memmove.o)
 .ARM.attributes
                0x00000cd7       0x34 c:/arm_gcc/bin/../lib/gcc/arm-none-eabi/9.2.1/../../../../arm-none-eabi/lib/thumb/v7e-m+fp/hard\libc_nano.a(lib_a-nano-reallocr.o)
 .ARM.attributes
                0x00000d0b       0x34 c:/arm_gcc/bin/../lib/gcc/arm-none-eabi/9.2.1/../../../../arm-none-eabi/lib/thumb/v7e-m+fp/hard\libc_nano.a(lib_a-nano-msizer.o)
 .ARM.attributes
                0x00000d3f       0x34 c:/arm_gcc/bin/../lib/gcc/arm-none-eabi/9.2.1/../../../../arm-none-eabi/lib/thumb/v7e-m+fp/hard\libm.a(lib_a-sf_cos.o)
 .ARM.attributes
                0x00000d73       0x34 c:/arm_gcc/bin/../lib/gcc/arm-none-eabi/9.2.1/../../../../arm-none-eabi/lib/thumb/v7e-m+fp/hard\libm.a(lib_a-sf_sin.o)
 .ARM.attributes
                0x00000da7       0x34 c:/arm_gcc/bin/../lib/gcc/arm-none-eabi/9.2.1/../../../../arm-none-eabi/lib/thumb/v7e-m+fp/hard\libm.a(lib_a-ef_rem_pio2.o)
 .ARM.attributes
                0x00000ddb       0x34 c:/arm_gcc/bin/../lib/gcc/arm-none-eabi/9.2.1/../../../../arm-none-eabi/lib/thumb/v7e-m+fp/hard\libm.a(lib_a-kf_cos.o)
 .ARM.attributes
                0x00000e0f       0x34 c:/arm_gcc/bin/../lib/gcc/arm-none-eabi/9.2.1/../../../../arm-none-eabi/lib/thumb/v7e-m+fp/hard\libm.a(lib_a-kf_rem_pio2.o)
 .ARM.attributes
                0x00000e43       0x34 c:/arm_gcc/bin/../lib/gcc/arm-none-eabi/9.2.1/../../../../arm-none-eabi/lib/thumb/v7e-m+fp/hard\libm.a(lib_a-kf_sin.o)
 .ARM.attributes
                0x00000e77       0x34 c:/arm_gcc/bin/../lib/gcc/arm-none-eabi/9.2.1/../../../../arm-none-eabi/lib/thumb/v7e-m+fp/hard\libm.a(lib_a-sf_fabs.o)
 .ARM.attributes
                0x00000eab       0x34 c:/arm_gcc/bin/../lib/gcc/arm-none-eabi/9.2.1/../../../../arm-none-eabi/lib/thumb/v7e-m+fp/hard\libm.a(lib_a-sf_floor.o)
 .ARM.attributes
                0x00000edf       0x34 c:/arm_gcc/bin/../lib/gcc/arm-none-eabi/9.2.1/../../../../arm-none-eabi/lib/thumb/v7e-m+fp/hard\libm.a(lib_a-sf_scalbn.o)
 .ARM.attributes
                0x00000f13       0x34 c:/arm_gcc/bin/../lib/gcc/arm-none-eabi/9.2.1/../../../../arm-none-eabi/lib/thumb/v7e-m+fp/hard\libnosys.a(sbrk.o)
 .ARM.attributes
                0x00000f47       0x1e c:/arm_gcc/bin/../lib/gcc/arm-none-eabi/9.2.1/thumb/v7e-m+fp/hard\libgcc.a(_arm_addsubdf3.o)
 .ARM.attributes
                0x00000f65       0x1e c:/arm_gcc/bin/../lib/gcc/arm-none-eabi/9.2.1/thumb/v7e-m+fp/hard\libgcc.a(_arm_muldivdf3.o)
 .ARM.attributes
                0x00000f83       0x1e c:/arm_gcc/bin/../lib/gcc/arm-none-eabi/9.2.1/thumb/v7e-m+fp/hard\libgcc.a(_arm_cmpdf2.o)
 .ARM.attributes
                0x00000fa1       0x1e c:/arm_gcc/bin/../lib/gcc/arm-none-eabi/9.2.1/thumb/v7e-m+fp/hard\libgcc.a(_arm_unorddf2.o)
 .ARM.attributes
                0x00000fbf       0x1e c:/arm_gcc/bin/../lib/gcc/arm-none-eabi/9.2.1/thumb/v7e-m+fp/hard\libgcc.a(_arm_fixdfsi.o)
 .ARM.attributes
                0x00000fdd       0x1e c:/arm_gcc/bin/../lib/gcc/arm-none-eabi/9.2.1/thumb/v7e-m+fp/hard\libgcc.a(_arm_fixunsdfsi.o)
 .ARM.attributes
                0x00000ffb       0x1e c:/arm_gcc/bin/../lib/gcc/arm-none-eabi/9.2.1/thumb/v7e-m+fp/hard\libgcc.a(_arm_truncdfsf2.o)
 .ARM.attributes
                0x00001019       0x1e c:/arm_gcc/bin/../lib/gcc/arm-none-eabi/9.2.1/thumb/v7e-m+fp/hard\libgcc.a(_aeabi_uldivmod.o)
 .ARM.attributes
                0x00001037       0x34 c:/arm_gcc/bin/../lib/gcc/arm-none-eabi/9.2.1/thumb/v7e-m+fp/hard\libgcc.a(_fixdfdi.o)
 .ARM.attributes
                0x0000106b       0x34 c:/arm_gcc/bin/../lib/gcc/arm-none-eabi/9.2.1/thumb/v7e-m+fp/hard\libgcc.a(_fixunsdfdi.o)
 .ARM.attributes
                0x0000109f       0x34 c:/arm_gcc/bin/../lib/gcc/arm-none-eabi/9.2.1/thumb/v7e-m+fp/hard\libgcc.a(_udivmoddi4.o)
 .ARM.attributes
                0x000010d3       0x1e c:/arm_gcc/bin/../lib/gcc/arm-none-eabi/9.2.1/thumb/v7e-m+fp/hard\libgcc.a(_dvmd_tls.o)
 .ARM.attributes
                0x000010f1       0x1e c:/arm_gcc/bin/../lib/gcc/arm-none-eabi/9.2.1/thumb/v7e-m+fp/hard/crtn.o
OUTPUT(build/foc.elf elf32-littlearm)

.debug_info     0x00000000    0x22242
 .debug_info    0x00000000     0x2697 build/foc.o
 .debug_info    0x00002697     0x247a build/main.o
 .debug_info    0x00004b11      0x5d2 build/gpio.o
 .debug_info    0x000050e3      0xe7e build/adc.o
 .debug_info    0x00005f61      0xa4c build/can.o
 .debug_info    0x000069ad      0x689 build/dma.o
 .debug_info    0x00007036      0xb9d build/spi.o
 .debug_info    0x00007bd3     0x164e build/tim.o
 .debug_info    0x00009221     0x179c build/usart.o
 .debug_info    0x0000a9bd     0x10a9 build/myfunc.o
 .debug_info    0x0000ba66     0x1073 build/as5047.o
 .debug_info    0x0000cad9     0x1586 build/uart_ext.o
 .debug_info    0x0000e05f     0x147b build/command.o
 .debug_info    0x0000f4da     0x1584 build/arm_common_tables.o
 .debug_info    0x00010a5e     0x1368 build/arm_sin_cos_f32.o
 .debug_info    0x00011dc6      0xc5c build/stm32f4xx_it.o
 .debug_info    0x00012a22      0x388 build/stm32f4xx_hal_msp.o
 .debug_info    0x00012daa     0x1057 build/stm32f4xx_hal_adc.o
 .debug_info    0x00013e01     0x1422 build/stm32f4xx_hal_can.o
 .debug_info    0x00015223     0x1fce build/stm32f4xx_hal_spi.o
 .debug_info    0x000171f1     0x3955 build/stm32f4xx_hal_tim.o
 .debug_info    0x0001ab46     0x181f build/stm32f4xx_hal_tim_ex.o
 .debug_info    0x0001c365     0x1b32 build/stm32f4xx_hal_uart.o
 .debug_info    0x0001de97      0xbd9 build/stm32f4xx_hal_rcc.o
 .debug_info    0x0001ea70      0x8b8 build/stm32f4xx_hal_gpio.o
 .debug_info    0x0001f328      0xc2e build/stm32f4xx_hal_dma.o
 .debug_info    0x0001ff56     0x11cf build/stm32f4xx_hal_cortex.o
 .debug_info    0x00021125      0xb1c build/stm32f4xx_hal.o
 .debug_info    0x00021c41      0x5df build/system_stm32f4xx.o
 .debug_info    0x00022220       0x22 build/startup_stm32f405xx.o

.debug_abbrev   0x00000000     0x4964
 .debug_abbrev  0x00000000      0x613 build/foc.o
 .debug_abbrev  0x00000613      0x2ff build/main.o
 .debug_abbrev  0x00000912      0x17e build/gpio.o
 .debug_abbrev  0x00000a90      0x1f9 build/adc.o
 .debug_abbrev  0x00000c89      0x1e9 build/can.o
 .debug_abbrev  0x00000e72      0x156 build/dma.o
 .debug_abbrev  0x00000fc8      0x1f1 build/spi.o
 .debug_abbrev  0x000011b9      0x260 build/tim.o
 .debug_abbrev  0x00001419      0x28c build/usart.o
 .debug_abbrev  0x000016a5      0x2fc build/myfunc.o
 .debug_abbrev  0x000019a1      0x294 build/as5047.o
 .debug_abbrev  0x00001c35      0x324 build/uart_ext.o
 .debug_abbrev  0x00001f59      0x317 build/command.o
 .debug_abbrev  0x00002270      0x1ea build/arm_common_tables.o
 .debug_abbrev  0x0000245a      0x22c build/arm_sin_cos_f32.o
 .debug_abbrev  0x00002686      0x208 build/stm32f4xx_it.o
 .debug_abbrev  0x0000288e      0x100 build/stm32f4xx_hal_msp.o
 .debug_abbrev  0x0000298e      0x2be build/stm32f4xx_hal_adc.o
 .debug_abbrev  0x00002c4c      0x2af build/stm32f4xx_hal_can.o
 .debug_abbrev  0x00002efb      0x2d2 build/stm32f4xx_hal_spi.o
 .debug_abbrev  0x000031cd      0x2af build/stm32f4xx_hal_tim.o
 .debug_abbrev  0x0000347c      0x2ab build/stm32f4xx_hal_tim_ex.o
 .debug_abbrev  0x00003727      0x2fe build/stm32f4xx_hal_uart.o
 .debug_abbrev  0x00003a25      0x2cd build/stm32f4xx_hal_rcc.o
 .debug_abbrev  0x00003cf2      0x258 build/stm32f4xx_hal_gpio.o
 .debug_abbrev  0x00003f4a      0x312 build/stm32f4xx_hal_dma.o
 .debug_abbrev  0x0000425c      0x3a8 build/stm32f4xx_hal_cortex.o
 .debug_abbrev  0x00004604      0x220 build/stm32f4xx_hal.o
 .debug_abbrev  0x00004824      0x12e build/system_stm32f4xx.o
 .debug_abbrev  0x00004952       0x12 build/startup_stm32f405xx.o

.debug_loc      0x00000000    0x1103f
 .debug_loc     0x00000000      0xf99 build/foc.o
 .debug_loc     0x00000f99       0x79 build/main.o
 .debug_loc     0x00001012       0x39 build/gpio.o
 .debug_loc     0x0000104b      0x19a build/adc.o
 .debug_loc     0x000011e5      0x108 build/can.o
 .debug_loc     0x000012ed       0x38 build/dma.o
 .debug_loc     0x00001325      0x108 build/spi.o
 .debug_loc     0x0000142d      0x461 build/tim.o
 .debug_loc     0x0000188e       0xf5 build/usart.o
 .debug_loc     0x00001983      0x445 build/myfunc.o
 .debug_loc     0x00001dc8      0x3d8 build/as5047.o
 .debug_loc     0x000021a0      0x4da build/uart_ext.o
 .debug_loc     0x0000267a      0x596 build/command.o
 .debug_loc     0x00002c10      0x4f9 build/arm_sin_cos_f32.o
 .debug_loc     0x00003109      0x120 build/stm32f4xx_it.o
 .debug_loc     0x00003229       0x2c build/stm32f4xx_hal_msp.o
 .debug_loc     0x00003255      0xda2 build/stm32f4xx_hal_adc.o
 .debug_loc     0x00003ff7      0xf4a build/stm32f4xx_hal_can.o
 .debug_loc     0x00004f41     0x2387 build/stm32f4xx_hal_spi.o
 .debug_loc     0x000072c8     0x457e build/stm32f4xx_hal_tim.o
 .debug_loc     0x0000b846     0x15ca build/stm32f4xx_hal_tim_ex.o
 .debug_loc     0x0000ce10     0x1d3d build/stm32f4xx_hal_uart.o
 .debug_loc     0x0000eb4d      0x698 build/stm32f4xx_hal_rcc.o
 .debug_loc     0x0000f1e5      0x5e1 build/stm32f4xx_hal_gpio.o
 .debug_loc     0x0000f7c6      0xd6d build/stm32f4xx_hal_dma.o
 .debug_loc     0x00010533      0x7d4 build/stm32f4xx_hal_cortex.o
 .debug_loc     0x00010d07      0x1cc build/stm32f4xx_hal.o
 .debug_loc     0x00010ed3      0x16c build/system_stm32f4xx.o

.debug_aranges  0x00000000     0x12d0
 .debug_aranges
                0x00000000       0xe0 build/foc.o
 .debug_aranges
                0x000000e0       0x38 build/main.o
 .debug_aranges
                0x00000118       0x20 build/gpio.o
 .debug_aranges
                0x00000138       0x38 build/adc.o
 .debug_aranges
                0x00000170       0x30 build/can.o
 .debug_aranges
                0x000001a0       0x20 build/dma.o
 .debug_aranges
                0x000001c0       0x30 build/spi.o
 .debug_aranges
                0x000001f0       0x70 build/tim.o
 .debug_aranges
                0x00000260       0x30 build/usart.o
 .debug_aranges
                0x00000290       0x50 build/myfunc.o
 .debug_aranges
                0x000002e0       0x48 build/as5047.o
 .debug_aranges
                0x00000328       0x60 build/uart_ext.o
 .debug_aranges
                0x00000388       0x40 build/command.o
 .debug_aranges
                0x000003c8       0x18 build/arm_common_tables.o
 .debug_aranges
                0x000003e0       0x20 build/arm_sin_cos_f32.o
 .debug_aranges
                0x00000400       0xa0 build/stm32f4xx_it.o
 .debug_aranges
                0x000004a0       0x20 build/stm32f4xx_hal_msp.o
 .debug_aranges
                0x000004c0       0xe8 build/stm32f4xx_hal_adc.o
 .debug_aranges
                0x000005a8      0x138 build/stm32f4xx_hal_can.o
 .debug_aranges
                0x000006e0      0x1d0 build/stm32f4xx_hal_spi.o
 .debug_aranges
                0x000008b0      0x3a8 build/stm32f4xx_hal_tim.o
 .debug_aranges
                0x00000c58      0x150 build/stm32f4xx_hal_tim_ex.o
 .debug_aranges
                0x00000da8      0x1d0 build/stm32f4xx_hal_uart.o
 .debug_aranges
                0x00000f78       0x88 build/stm32f4xx_hal_rcc.o
 .debug_aranges
                0x00001000       0x58 build/stm32f4xx_hal_gpio.o
 .debug_aranges
                0x00001058       0x90 build/stm32f4xx_hal_dma.o
 .debug_aranges
                0x000010e8       0xa8 build/stm32f4xx_hal_cortex.o
 .debug_aranges
                0x00001190       0xf0 build/stm32f4xx_hal.o
 .debug_aranges
                0x00001280       0x28 build/system_stm32f4xx.o
 .debug_aranges
                0x000012a8       0x28 build/startup_stm32f405xx.o

.debug_ranges   0x00000000     0x11b8
 .debug_ranges  0x00000000       0xf0 build/foc.o
 .debug_ranges  0x000000f0       0x28 build/main.o
 .debug_ranges  0x00000118       0x10 build/gpio.o
 .debug_ranges  0x00000128       0x28 build/adc.o
 .debug_ranges  0x00000150       0x20 build/can.o
 .debug_ranges  0x00000170       0x10 build/dma.o
 .debug_ranges  0x00000180       0x20 build/spi.o
 .debug_ranges  0x000001a0       0x60 build/tim.o
 .debug_ranges  0x00000200       0x20 build/usart.o
 .debug_ranges  0x00000220       0x58 build/myfunc.o
 .debug_ranges  0x00000278       0x50 build/as5047.o
 .debug_ranges  0x000002c8       0x50 build/uart_ext.o
 .debug_ranges  0x00000318       0x30 build/command.o
 .debug_ranges  0x00000348       0x10 build/arm_sin_cos_f32.o
 .debug_ranges  0x00000358       0x90 build/stm32f4xx_it.o
 .debug_ranges  0x000003e8       0x10 build/stm32f4xx_hal_msp.o
 .debug_ranges  0x000003f8       0xd8 build/stm32f4xx_hal_adc.o
 .debug_ranges  0x000004d0      0x128 build/stm32f4xx_hal_can.o
 .debug_ranges  0x000005f8      0x1c0 build/stm32f4xx_hal_spi.o
 .debug_ranges  0x000007b8      0x398 build/stm32f4xx_hal_tim.o
 .debug_ranges  0x00000b50      0x140 build/stm32f4xx_hal_tim_ex.o
 .debug_ranges  0x00000c90      0x1c0 build/stm32f4xx_hal_uart.o
 .debug_ranges  0x00000e50       0x90 build/stm32f4xx_hal_rcc.o
 .debug_ranges  0x00000ee0       0x48 build/stm32f4xx_hal_gpio.o
 .debug_ranges  0x00000f28       0x80 build/stm32f4xx_hal_dma.o
 .debug_ranges  0x00000fa8       0xf8 build/stm32f4xx_hal_cortex.o
 .debug_ranges  0x000010a0       0xe0 build/stm32f4xx_hal.o
 .debug_ranges  0x00001180       0x18 build/system_stm32f4xx.o
 .debug_ranges  0x00001198       0x20 build/startup_stm32f405xx.o

.debug_line     0x00000000    0x11c28
 .debug_line    0x00000000      0xd06 build/foc.o
 .debug_line    0x00000d06      0x480 build/main.o
 .debug_line    0x00001186      0x1dc build/gpio.o
 .debug_line    0x00001362      0x511 build/adc.o
 .debug_line    0x00001873      0x2bb build/can.o
 .debug_line    0x00001b2e      0x174 build/dma.o
 .debug_line    0x00001ca2      0x2c3 build/spi.o
 .debug_line    0x00001f65      0x741 build/tim.o
 .debug_line    0x000026a6      0x3e8 build/usart.o
 .debug_line    0x00002a8e      0x3df build/myfunc.o
 .debug_line    0x00002e6d      0x407 build/as5047.o
 .debug_line    0x00003274      0x459 build/uart_ext.o
 .debug_line    0x000036cd      0x603 build/command.o
 .debug_line    0x00003cd0      0x16d build/arm_common_tables.o
 .debug_line    0x00003e3d      0x2a7 build/arm_sin_cos_f32.o
 .debug_line    0x000040e4      0x394 build/stm32f4xx_it.o
 .debug_line    0x00004478      0x140 build/stm32f4xx_hal_msp.o
 .debug_line    0x000045b8     0x1033 build/stm32f4xx_hal_adc.o
 .debug_line    0x000055eb     0x10c6 build/stm32f4xx_hal_can.o
 .debug_line    0x000066b1     0x237b build/stm32f4xx_hal_spi.o
 .debug_line    0x00008a2c     0x3668 build/stm32f4xx_hal_tim.o
 .debug_line    0x0000c094     0x119d build/stm32f4xx_hal_tim_ex.o
 .debug_line    0x0000d231     0x1bd7 build/stm32f4xx_hal_uart.o
 .debug_line    0x0000ee08      0xa92 build/stm32f4xx_hal_rcc.o
 .debug_line    0x0000f89a      0x6c0 build/stm32f4xx_hal_gpio.o