Archive member included to satisfy reference by file (symbol)

c:/arm_gcc/bin/../lib/gcc/arm-none-eabi/9.2.1/../../../../arm-none-eabi/lib/thumb/v7e-m+fp/hard\libc_nano.a(lib_a-atof.o)
                              build/command.o (atof)
c:/arm_gcc/bin/../lib/gcc/arm-none-eabi/9.2.1/../../../../arm-none-eabi/lib/thumb/v7e-m+fp/hard\libc_nano.a(lib_a-ctype_.o)
                              build/command.o (_ctype_)
c:/arm_gcc/bin/../lib/gcc/arm-none-eabi/9.2.1/../../../../arm-none-eabi/lib/thumb/v7e-m+fp/hard\libc_nano.a(lib_a-exit.o)
                              c:/arm_gcc/bin/../lib/gcc/arm-none-eabi/9.2.1/../../../../arm-none-eabi/lib/thumb/v7e-m+fp/hard/crt0.o (exit)
c:/arm_gcc/bin/../lib/gcc/arm-none-eabi/9.2.1/../../../../arm-none-eabi/lib/thumb/v7e-m+fp/hard\libc_nano.a(lib_a-impure.o)
                              c:/arm_gcc/bin/../lib/gcc/arm-none-eabi/9.2.1/../../../../arm-none-eabi/lib/thumb/v7e-m+fp/hard\libc_nano.a(lib_a-exit.o) (_global_impure_ptr)
c:/arm_gcc/bin/../lib/gcc/arm-none-eabi/9.2.1/../../../../arm-none-eabi/lib/thumb/v7e-m+fp/hard\libc_nano.a(lib_a-init.o)
                              c:/arm_gcc/bin/../lib/gcc/arm-none-eabi/9.2.1/../../../../arm-none-eabi/lib/thumb/v7e-m+fp/hard/crt0.o (__libc_init_array)
c:/arm_gcc/bin/../lib/gcc/arm-none-eabi/9.2.1/../../../../arm-none-eabi/lib/thumb/v7e-m+fp/hard\libc_nano.a(lib_a-malloc.o)
                              build/command.o (malloc)
c:/arm_gcc/bin/../lib/gcc/arm-none-eabi/9.2.1/../../../../arm-none-eabi/lib/thumb/v7e-m+fp/hard\libc_nano.a(lib_a-memset.o)
                              c:/arm_gcc/bin/../lib/gcc/arm-none-eabi/9.2.1/../../../../arm-none-eabi/lib/thumb/v7e-m+fp/hard/crt0.o (memset)
c:/arm_gcc/bin/../lib/gcc/arm-none-eabi/9.2.1/../../../../arm-none-eabi/lib/thumb/v7e-m+fp/hard\libc_nano.a(lib_a-nano-freer.o)
                              c:/arm_gcc/bin/../lib/gcc/arm-none-eabi/9.2.1/../../../../arm-none-eabi/lib/thumb/v7e-m+fp/hard\libc_nano.a(lib_a-malloc.o) (_free_r)
c:/arm_gcc/bin/../lib/gcc/arm-none-eabi/9.2.1/../../../../arm-none-eabi/lib/thumb/v7e-m+fp/hard\libc_nano.a(lib_a-nano-mallocr.o)
                              c:/arm_gcc/bin/../lib/gcc/arm-none-eabi/9.2.1/../../../../arm-none-eabi/lib/thumb/v7e-m+fp/hard\libc_nano.a(lib_a-malloc.o) (_malloc_r)
c:/arm_gcc/bin/../lib/gcc/arm-none-eabi/9.2.1/../../../../arm-none-eabi/lib/thumb/v7e-m+fp/hard\libc_nano.a(lib_a-nano-vfprintf_float.o)
                              (_printf_float)
c:/arm_gcc/bin/../lib/gcc/arm-none-eabi/9.2.1/../../../../arm-none-eabi/lib/thumb/v7e-m+fp/hard\libc_nano.a(lib_a-nano-vfprintf_i.o)
                              c:/arm_gcc/bin/../lib/gcc/arm-none-eabi/9.2.1/../../../../arm-none-eabi/lib/thumb/v7e-m+fp/hard\libc_nano.a(lib_a-nano-vfprintf_float.o) (_printf_common)
c:/arm_gcc/bin/../lib/gcc/arm-none-eabi/9.2.1/../../../../arm-none-eabi/lib/thumb/v7e-m+fp/hard\libc_nano.a(lib_a-sbrkr.o)
                              c:/arm_gcc/bin/../lib/gcc/arm-none-eabi/9.2.1/../../../../arm-none-eabi/lib/thumb/v7e-m+fp/hard\libc_nano.a(lib_a-nano-mallocr.o) (_sbrk_r)
c:/arm_gcc/bin/../lib/gcc/arm-none-eabi/9.2.1/../../../../arm-none-eabi/lib/thumb/v7e-m+fp/hard\libc_nano.a(lib_a-strlen.o)
                              c:/arm_gcc/bin/../lib/gcc/arm-none-eabi/9.2.1/../../../../arm-none-eabi/lib/thumb/v7e-m+fp/hard\libc_nano.a(lib_a-nano-vfprintf_float.o) (strlen)
c:/arm_gcc/bin/../lib/gcc/arm-none-eabi/9.2.1/../../../../arm-none-eabi/lib/thumb/v7e-m+fp/hard\libc_nano.a(lib_a-strtod.o)
                              c:/arm_gcc/bin/../lib/gcc/arm-none-eabi/9.2.1/../../../../arm-none-eabi/lib/thumb/v7e-m+fp/hard\libc_nano.a(lib_a-atof.o) (strtod)
c:/arm_gcc/bin/../lib/gcc/arm-none-eabi/9.2.1/../../../../arm-none-eabi/lib/thumb/v7e-m+fp/hard\libc_nano.a(lib_a-vsnprintf.o)
                              build/uart_ext.o (vsnprintf)
c:/arm_gcc/bin/../lib/gcc/arm-none-eabi/9.2.1/../../../../arm-none-eabi/lib/thumb/v7e-m+fp/hard\libc_nano.a(lib_a-dtoa.o)
                              c:/arm_gcc/bin/../lib/gcc/arm-none-eabi/9.2.1/../../../../arm-none-eabi/lib/thumb/v7e-m+fp/hard\libc_nano.a(lib_a-nano-vfprintf_float.o) (_dtoa_r)
c:/arm_gcc/bin/../lib/gcc/arm-none-eabi/9.2.1/../../../../arm-none-eabi/lib/thumb/v7e-m+fp/hard\libc_nano.a(lib_a-gdtoa-gethex.o)
                              c:/arm_gcc/bin/../lib/gcc/arm-none-eabi/9.2.1/../../../../arm-none-eabi/lib/thumb/v7e-m+fp/hard\libc_nano.a(lib_a-strtod.o) (__gethex)
c:/arm_gcc/bin/../lib/gcc/arm-none-eabi/9.2.1/../../../../arm-none-eabi/lib/thumb/v7e-m+fp/hard\libc_nano.a(lib_a-gdtoa-hexnan.o)
                              c:/arm_gcc/bin/../lib/gcc/arm-none-eabi/9.2.1/../../../../arm-none-eabi/lib/thumb/v7e-m+fp/hard\libc_nano.a(lib_a-strtod.o) (__match)
c:/arm_gcc/bin/../lib/gcc/arm-none-eabi/9.2.1/../../../../arm-none-eabi/lib/thumb/v7e-m+fp/hard\libc_nano.a(lib_a-lnumeric.o)
[...]
Memory Configuration

Name             Origin             Length             Attributes
RAM              0x20000000         0x00020000         xrw
CCMRAM           0x10000000         0x00010000         rw
FLASH            0x08000000         0x00100000         xr
*default*        0x00000000         0xffffffff

Linker script and memory map

LOAD c:/arm_gcc/bin/../lib/gcc/arm-none-eabi/9.2.1/thumb/v7e-m+fp/hard/crti.o
LOAD c:/arm_gcc/bin/../lib/gcc/arm-none-eabi/9.2.1/thumb/v7e-m+fp/hard/crtbegin.o
LOAD c:/arm_gcc/bin/../lib/gcc/arm-none-eabi/9.2.1/../../../../arm-none-eabi/lib/thumb/v7e-m+fp/hard/crt0.o
LOAD build/foc.o
LOAD build/main.o
LOAD build/gpio.o
LOAD build/adc.o
LOAD build/can.o
LOAD build/dma.o
LOAD build/spi.o
LOAD build/tim.o
LOAD build/usart.o
LOAD build/myfunc.o
LOAD build/music_and_voice.o
LOAD build/as5047.o
LOAD build/uart_ext.o
LOAD build/command.o
LOAD build/tim_ext.o
LOAD build/arm_common_tables.o
LOAD build/arm_sin_cos_f32.o
LOAD build/stm32f4xx_it.o
LOAD build/stm32f4xx_hal_msp.o
LOAD build/stm32f4xx_hal_adc.o
LOAD build/stm32f4xx_hal_adc_ex.o
LOAD build/stm32f4xx_hal_can.o
LOAD build/stm32f4xx_hal_spi.o
LOAD build/stm32f4xx_hal_tim.o
LOAD build/stm32f4xx_hal_tim_ex.o
LOAD build/stm32f4xx_hal_uart.o
LOAD build/stm32f4xx_hal_rcc.o
LOAD build/stm32f4xx_hal_rcc_ex.o
LOAD build/stm32f4xx_hal_flash.o
LOAD build/stm32f4xx_hal_flash_ex.o
LOAD build/stm32f4xx_hal_flash_ramfunc.o
LOAD build/stm32f4xx_hal_gpio.o
LOAD build/stm32f4xx_hal_dma_ex.o
LOAD build/stm32f4xx_hal_dma.o
LOAD build/stm32f4xx_hal_pwr.o
LOAD build/stm32f4xx_hal_pwr_ex.o
LOAD build/stm32f4xx_hal_cortex.o
LOAD build/stm32f4xx_hal.o
LOAD build/stm32f4xx_hal_exti.o
LOAD build/system_stm32f4xx.o
LOAD build/startup_stm32f405xx.o
LOAD c:/arm_gcc/bin/../lib/gcc/arm-none-eabi/9.2.1/../../../../arm-none-eabi/lib/thumb/v7e-m+fp/hard\libc_nano.a
LOAD c:/arm_gcc/bin/../lib/gcc/arm-none-eabi/9.2.1/../../../../arm-none-eabi/lib/thumb/v7e-m+fp/hard\libm.a
LOAD c:/arm_gcc/bin/../lib/gcc/arm-none-eabi/9.2.1/../../../../arm-none-eabi/lib/thumb/v7e-m+fp/hard\libnosys.a
LOAD c:/arm_gcc/bin/../lib/gcc/arm-none-eabi/9.2.1/../../../../arm-none-eabi/lib/thumb/v7e-m+fp/hard\librdimon_nano.a
START GROUP
LOAD c:/arm_gcc/bin/../lib/gcc/arm-none-eabi/9.2.1/thumb/v7e-m+fp/hard\libgcc.a
LOAD c:/arm_gcc/bin/../lib/gcc/arm-none-eabi/9.2.1/../../../../arm-none-eabi/lib/thumb/v7e-m+fp/hard\libc_nano.a
END GROUP
START GROUP
LOAD c:/arm_gcc/bin/../lib/gcc/arm-none-eabi/9.2.1/thumb/v7e-m+fp/hard\libgcc.a
LOAD c:/arm_gcc/bin/../lib/gcc/arm-none-eabi/9.2.1/../../../../arm-none-eabi/lib/thumb/v7e-m+fp/hard\libc_nano.a
END GROUP
LOAD c:/arm_gcc/bin/../lib/gcc/arm-none-eabi/9.2.1/thumb/v7e-m+fp/hard/crtend.o
LOAD c:/arm_gcc/bin/../lib/gcc/arm-none-eabi/9.2.1/thumb/v7e-m+fp/hard/crtn.o
                0x20020000                _estack = 0x20020000
                0x00000200                _Min_Heap_Size = 0x200
                0x00000400                _Min_Stack_Size = 0x400

.isr_vector     0x08000000      0x188
                0x08000000                . = ALIGN (0x4)
 *(.isr_vector)
 .isr_vector    0x08000000      0x188 build/startup_stm32f405xx.o
                0x08000000                g_pfnVectors
                0x08000188                . = ALIGN (0x4)

.text           0x08000190     0xa3b8
                0x08000190                . = ALIGN (0x4)
 *(.text)
 .text          0x08000190       0x40 c:/arm_gcc/bin/../lib/gcc/arm-none-eabi/9.2.1/thumb/v7e-m+fp/hard/crtbegin.o
 .text          0x080001d0       0x10 c:/arm_gcc/bin/../lib/gcc/arm-none-eabi/9.2.1/../../../../arm-none-eabi/lib/thumb/v7e-m+fp/hard\libc_nano.a(lib_a-strlen.o)
                0x080001d0                strlen
 .text          0x080001e0       0xa0 c:/arm_gcc/bin/../lib/gcc/arm-none-eabi/9.2.1/../../../../arm-none-eabi/lib/thumb/v7e-m+fp/hard\libc_nano.a(lib_a-memchr.o)
                0x080001e0                memchr
 .text          0x08000280      0x378 c:/arm_gcc/bin/../lib/gcc/arm-none-eabi/9.2.1/thumb/v7e-m+fp/hard\libgcc.a(_arm_addsubdf3.o)
                0x08000280                __aeabi_drsub
                0x08000288                __aeabi_dsub
                0x08000288                __subdf3
                0x0800028c                __aeabi_dadd
                0x0800028c                __adddf3
                0x08000504                __floatunsidf
                0x08000504                __aeabi_ui2d
                0x08000524                __floatsidf
                0x08000524                __aeabi_i2d
                0x08000548                __aeabi_f2d
                0x08000548                __extendsfdf2
                0x0800058c                __floatundidf
                0x0800058c                __aeabi_ul2d
                0x0800059c                __floatdidf
                0x0800059c                __aeabi_l2d
 .text          0x080005f8      0x424 c:/arm_gcc/bin/../lib/gcc/arm-none-eabi/9.2.1/thumb/v7e-m+fp/hard\libgcc.a(_arm_muldivdf3.o)
                0x080005f8                __aeabi_dmul
                0x080005f8                __muldf3
                0x0800084c                __divdf3
                0x0800084c                __aeabi_ddiv
 .text          0x08000a1c      0x110 c:/arm_gcc/bin/../lib/gcc/arm-none-eabi/9.2.1/thumb/v7e-m+fp/hard\libgcc.a(_arm_cmpdf2.o)
                0x08000a1c                __gtdf2
                0x08000a1c                __gedf2
                0x08000a24                __ltdf2
                0x08000a24                __ledf2
                0x08000a2c                __nedf2
                0x08000a2c                __eqdf2
                0x08000a2c                __cmpdf2
                0x08000aa8                __aeabi_cdrcmple
                0x08000ab8                __aeabi_cdcmpeq
                0x08000ab8                __aeabi_cdcmple
                0x08000ac8                __aeabi_dcmpeq
                0x08000adc                __aeabi_dcmplt
                0x08000af0                __aeabi_dcmple
                0x08000b04                __aeabi_dcmpge
                0x08000b18                __aeabi_dcmpgt
 .text          0x08000b2c       0x2c c:/arm_gcc/bin/../lib/gcc/arm-none-eabi/9.2.1/thumb/v7e-m+fp/hard\libgcc.a(_arm_unorddf2.o)
                0x08000b2c                __unorddf2
                0x08000b2c                __aeabi_dcmpun
 .text          0x08000b58       0x50 c:/arm_gcc/bin/../lib/gcc/arm-none-eabi/9.2.1/thumb/v7e-m+fp/hard\libgcc.a(_arm_fixdfsi.o)
                0x08000b58                __aeabi_d2iz
                0x08000b58                __fixdfsi
 .text          0x08000ba8       0x40 c:/arm_gcc/bin/../lib/gcc/arm-none-eabi/9.2.1/thumb/v7e-m+fp/hard\libgcc.a(_arm_fixunsdfsi.o)
                0x08000ba8                __aeabi_d2uiz
                0x08000ba8                __fixunsdfsi
 .text          0x08000be8       0xa0 c:/arm_gcc/bin/../lib/gcc/arm-none-eabi/9.2.1/thumb/v7e-m+fp/hard\libgcc.a(_arm_truncdfsf2.o)
                0x08000be8                __truncdfsf2
                0x08000be8                __aeabi_d2f
 .text          0x08000c88       0x30 c:/arm_gcc/bin/../lib/gcc/arm-none-eabi/9.2.1/thumb/v7e-m+fp/hard\libgcc.a(_aeabi_uldivmod.o)
                0x08000c88                __aeabi_uldivmod
 .text          0x08000cb8       0x30 c:/arm_gcc/bin/../lib/gcc/arm-none-eabi/9.2.1/thumb/v7e-m+fp/hard\libgcc.a(_fixdfdi.o)
                0x08000cb8                __fixdfdi
                0x08000cb8                __aeabi_d2lz
 .text          0x08000ce8       0x3c c:/arm_gcc/bin/../lib/gcc/arm-none-eabi/9.2.1/thumb/v7e-m+fp/hard\libgcc.a(_fixunsdfdi.o)
                0x08000ce8                __fixunsdfdi
                0x08000ce8                __aeabi_d2ulz
 .text          0x08000d24      0x2c4 c:/arm_gcc/bin/../lib/gcc/arm-none-eabi/9.2.1/thumb/v7e-m+fp/hard\libgcc.a(_udivmoddi4.o)
                0x08000d24                __udivmoddi4
 .text          0x08000fe8        0x4 c:/arm_gcc/bin/../lib/gcc/arm-none-eabi/9.2.1/thumb/v7e-m+fp/hard\libgcc.a(_dvmd_tls.o)
                0x08000fe8                __aeabi_idiv0
                0x08000fe8                __aeabi_ldiv0
 *(.text*)
 .text.SVPWM_Step
                0x08000fec       0x5c build/foc.o
 .text.Measure_R_20Khz_Handler
                0x08001048       0x68 build/foc.o
 .text.UVects_Init
                0x080010b0       0x40 build/foc.o
 .text.Measure_L_20Khz_Handler
                0x080010f0       0x44 build/foc.o
 .text.Foc_Init
                0x08001134       0x7c build/foc.o
                0x08001134                Foc_Init
 .text.get_area
                0x080011b0       0x14 build/foc.o
                0x080011b0                get_area
 .text.get_area_u
                0x080011c4       0x9c build/foc.o
                0x080011c4                get_area_u
 .text.get_ccr_duty
                0x08001260       0xf4 build/foc.o
                0x08001260                get_ccr_duty
 .text.Set_to_U4
                0x08001354       0x7c build/foc.o
                0x08001354                Set_to_U4
 .text.SVPWM_Normal_CalT1T2
                0x080013d0       0xd0 build/foc.o
                0x080013d0                SVPWM_Normal_CalT1T2
 .text.SVPWM    0x080014a0       0x9c build/foc.o
 .text.Park_Conv
                0x0800153c       0x2c build/foc.o
                0x0800153c                Park_Conv
 .text.HAL_ADC_ConvCpltCallback
                0x08001568       0xcc build/foc.o
                0x08001568                HAL_ADC_ConvCpltCallback
 .text.Foc      0x08001634       0x78 build/foc.o
                0x08001634                Foc
 .text.VF_Openloop_Control
                0x080016ac       0x80 build/foc.o
                0x080016ac                VF_Openloop_Control
 .text.Test_Direction
                0x0800172c       0xac build/foc.o
 .text.Set_Vector
                0x080017d8       0x5c build/foc.o
                0x080017d8                Set_Vector
 .text.Measure_R_MS_Handler
                0x08001834      0x164 build/foc.o
 .text.Theta_Handler
                0x08001998       0x7c build/foc.o
                0x08001998                Theta_Handler
 .text.HAL_TIM_PeriodElapsedCallback
                0x08001a14       0x40 build/foc.o
                0x08001a14                HAL_TIM_PeriodElapsedCallback
 .text.Measure_L
                0x08001a54       0x38 build/foc.o
                0x08001a54                Measure_L
 .text.SystemClock_Config
                0x08001a8c       0x94 build/main.o
                0x08001a8c                SystemClock_Config
 .text.main     0x08001b20       0xbc build/main.o
                0x08001b20                main
 .text.MS_IRQ_Handler
                0x08001bdc       0x48 build/main.o
                0x08001bdc                MS_IRQ_Handler
 .text.Error_Handler
                0x08001c24        0x2 build/main.o
                0x08001c24                Error_Handler
 *fill*         0x08001c26        0x2 
 .text.MX_GPIO_Init
                0x08001c28       0xd0 build/gpio.o
                0x08001c28                MX_GPIO_Init
 .text.MX_ADC2_Init
                0x08001cf8       0x8c build/adc.o
                0x08001cf8                MX_ADC2_Init
 .text.HAL_ADC_MspInit
                0x08001d84      0x194 build/adc.o
                0x08001d84                HAL_ADC_MspInit
 .text.MX_CAN1_Init
                0x08001f18       0x38 build/can.o
                0x08001f18                MX_CAN1_Init
 .text.HAL_CAN_MspInit
                0x08001f50       0x74 build/can.o
                0x08001f50                HAL_CAN_MspInit
 .text.MX_DMA_Init
                0x08001fc4       0x78 build/dma.o
                0x08001fc4                MX_DMA_Init
 .text.MX_SPI3_Init
                0x0800203c       0x48 build/spi.o
                0x0800203c                MX_SPI3_Init
 .text.HAL_SPI_MspInit
                0x08002084       0x74 build/spi.o
                0x08002084                HAL_SPI_MspInit
 .text.MX_TIM4_Init
                0x080020f8       0x60 build/tim.o
                0x080020f8                MX_TIM4_Init
 .text.MX_TIM6_Init
                0x08002158       0x4c build/tim.o
                0x08002158                MX_TIM6_Init
 .text.MX_TIM7_Init
                0x080021a4       0x50 build/tim.o
                0x080021a4                MX_TIM7_Init
 .text.HAL_TIM_Encoder_MspInit
                0x080021f4       0x6c build/tim.o
                0x080021f4                HAL_TIM_Encoder_MspInit
 .text.HAL_TIM_Base_MspInit
                0x08002260       0x74 build/tim.o
                0x08002260                HAL_TIM_Base_MspInit
 .text.HAL_TIM_PWM_MspInit
                0x080022d4       0x40 build/tim.o
                0x080022d4                HAL_TIM_PWM_MspInit
 .text.HAL_TIM_MspPostInit
                0x08002314       0xb4 build/tim.o
                0x08002314                HAL_TIM_MspPostInit
 .text.MX_TIM8_Init
                0x080023c8      0x108 build/tim.o
                0x080023c8                MX_TIM8_Init
 .text.MX_USART3_UART_Init
                0x080024d0       0x38 build/usart.o
                0x080024d0                MX_USART3_UART_Init
 .text.HAL_UART_MspInit
                0x08002508       0xfc build/usart.o
                0x08002508                HAL_UART_MspInit
 .text.test_direction
                0x08002604        0xc build/myfunc.o
                0x08002604                test_direction
 .text.measure_r
                0x08002610        0xc build/myfunc.o
                0x08002610                measure_r
 .text.get_position
                0x0800261c       0x20 build/myfunc.o
                0x0800261c                get_position
 .text.test     0x0800263c       0x60 build/myfunc.o
 .text.set_to_u4
                0x0800269c       0x38 build/myfunc.o
                0x0800269c                set_to_u4
 .text.measure_l
                0x080026d4        0xc build/myfunc.o
                0x080026d4                measure_l
 .text.command_init
                0x080026e0       0x64 build/myfunc.o
                0x080026e0                command_init
 .text.Music_Init
                0x08002744       0x48 build/music_and_voice.o
                0x08002744                Music_Init
 .text.Music_Get_Note
                0x0800278c       0xa8 build/music_and_voice.o
                0x0800278c                Music_Get_Note
 .text.Music_Play_Note
                0x08002834       0x34 build/music_and_voice.o
                0x08002834                Music_Play_Note
 .text.Muisc_Play_TIM_IRQ_Handler
                0x08002868       0x64 build/music_and_voice.o
                0x08002868                Muisc_Play_TIM_IRQ_Handler
 *fill*         0x080028cc        0x4 
 .text.Music_Play_Beat
                0x080028d0       0xbc build/music_and_voice.o
                0x080028d0                Music_Play_Beat
 .text.Count_PARC
                0x0800298c       0x32 build/as5047.o
 .text.Command  0x080029be       0x14 build/as5047.o
 *fill*         0x080029d2        0x2 
 .text.Read_Reg
                0x080029d4       0xe0 build/as5047.o
                0x080029d4                Read_Reg
 .text.Get_Position
                0x08002ab4       0x1c build/as5047.o
                0x08002ab4                Get_Position
 .text.Get_Position_Rad_Dgree
                0x08002ad0       0x48 build/as5047.o
                0x08002ad0                Get_Position_Rad_Dgree
 .text.AS5047_Set_Direction
                0x08002b18       0xfc build/as5047.o
                0x08002b18                AS5047_Set_Direction
 .text.UART_Send
                0x08002c14       0x44 build/uart_ext.o
 .text.UART_Start_Receive
                0x08002c58       0x48 build/uart_ext.o
                0x08002c58                UART_Start_Receive
 .text.debug_uart_init
                0x08002ca0       0x24 build/uart_ext.o
                0x08002ca0                debug_uart_init
 .text.send_wave
                0x08002cc4       0x40 build/uart_ext.o
                0x08002cc4                send_wave
 .text.uprintf_polling
                0x08002d04       0x3c build/uart_ext.o
                0x08002d04                uprintf_polling
 .text.uprintf  0x08002d40       0x30 build/uart_ext.o
                0x08002d40                uprintf
 .text.HAL_UART_RxCpltCallback
                0x08002d70       0x5c build/uart_ext.o
                0x08002d70                HAL_UART_RxCpltCallback
 .text.HAL_UART_IDLECallback
                0x08002dcc       0x3c build/uart_ext.o
                0x08002dcc                HAL_UART_IDLECallback
 .text.UART_Command_Analize_And_Call
                0x08002e08       0x1c build/uart_ext.o
                0x08002e08                UART_Command_Analize_And_Call
 .text.get_prams
                0x08002e24      0x160 build/command.o
 .text.add_cmd  0x08002f84       0x28 build/command.o
                0x08002f84                add_cmd
 .text.compare_cmd
                0x08002fac       0x30 build/command.o
                0x08002fac                compare_cmd
 .text.analize  0x08002fdc       0x74 build/command.o
                0x08002fdc                analize
 .text.Time_Counter_Start
                0x08003050       0x1c build/tim_ext.o
                0x08003050                Time_Counter_Start
 .text.Time_Counter_Stop
                0x0800306c       0x28 build/tim_ext.o
                0x0800306c                Time_Counter_Stop
 .text.Timer_Init
                0x08003094       0x64 build/tim_ext.o
                0x08003094                Timer_Init
 .text.Timer_1ms_IRQ_Handler
                0x080030f8       0x10 build/tim_ext.o
                0x080030f8                Timer_1ms_IRQ_Handler
 .text.arm_sin_cos_f32
                0x08003108      0x12c build/arm_sin_cos_f32.o
                0x08003108                arm_sin_cos_f32
 .text.NMI_Handler
                0x08003234        0x2 build/stm32f4xx_it.o
                0x08003234                NMI_Handler
 .text.HardFault_Handler
                0x08003236        0x2 build/stm32f4xx_it.o
                0x08003236                HardFault_Handler
 .text.MemManage_Handler
                0x08003238        0x2 build/stm32f4xx_it.o
                0x08003238                MemManage_Handler
 .text.BusFault_Handler
                0x0800323a        0x2 build/stm32f4xx_it.o
                0x0800323a                BusFault_Handler
 .text.UsageFault_Handler
                0x0800323c        0x2 build/stm32f4xx_it.o
                0x0800323c                UsageFault_Handler
 .text.SVC_Handler
                0x0800323e        0x2 build/stm32f4xx_it.o
                0x0800323e                SVC_Handler
 .text.DebugMon_Handler
                0x08003240        0x2 build/stm32f4xx_it.o
                0x08003240                DebugMon_Handler
 .text.PendSV_Handler
                0x08003242        0x2 build/stm32f4xx_it.o
                0x08003242                PendSV_Handler
 .text.SysTick_Handler
                0x08003244        0xc build/stm32f4xx_it.o
                0x08003244                SysTick_Handler
 .text.DMA1_Stream1_IRQHandler
                0x08003250       0x10 build/stm32f4xx_it.o
                0x08003250                DMA1_Stream1_IRQHandler
 .text.DMA1_Stream3_IRQHandler
                0x08003260       0x10 build/stm32f4xx_it.o
                0x08003260                DMA1_Stream3_IRQHandler
 .text.TIM8_UP_TIM13_IRQHandler
                0x08003270       0x10 build/stm32f4xx_it.o
                0x08003270                TIM8_UP_TIM13_IRQHandler
 .text.TIM6_DAC_IRQHandler
                0x08003280       0x10 build/stm32f4xx_it.o
                0x08003280                TIM6_DAC_IRQHandler
 .text.TIM7_IRQHandler
                0x08003290       0x10 build/stm32f4xx_it.o
                0x08003290                TIM7_IRQHandler
 .text.DMA2_Stream0_IRQHandler
                0x080032a0       0x10 build/stm32f4xx_it.o
                0x080032a0                DMA2_Stream0_IRQHandler
 .text.DMA2_Stream2_IRQHandler
                0x080032b0       0x10 build/stm32f4xx_it.o
                0x080032b0                DMA2_Stream2_IRQHandler
 .text.USART3_IRQHandler
                0x080032c0       0x24 build/stm32f4xx_it.o
                0x080032c0                USART3_IRQHandler
 .text.HAL_MspInit
                0x080032e4       0x38 build/stm32f4xx_hal_msp.o
                0x080032e4                HAL_MspInit
 .text.ADC_Init
                0x0800331c      0x134 build/stm32f4xx_hal_adc.o
 .text.HAL_ADC_Init
                0x08003450       0x56 build/stm32f4xx_hal_adc.o
                0x08003450                HAL_ADC_Init
 *fill*         0x080034a6        0x2 
 .text.HAL_ADC_Start_DMA
                0x080034a8      0x17c build/stm32f4xx_hal_adc.o
                0x080034a8                HAL_ADC_Start_DMA
 .text.HAL_ADC_ConvHalfCpltCallback
                0x08003624        0x2 build/stm32f4xx_hal_adc.o
                0x08003624                HAL_ADC_ConvHalfCpltCallback
 .text.ADC_DMAHalfConvCplt
                0x08003626        0xa build/stm32f4xx_hal_adc.o
 .text.HAL_ADC_ErrorCallback
                0x08003630        0x2 build/stm32f4xx_hal_adc.o
                0x08003630                HAL_ADC_ErrorCallback
 .text.ADC_DMAError
                0x08003632       0x16 build/stm32f4xx_hal_adc.o
 .text.ADC_DMAConvCplt
                0x08003648       0x72 build/stm32f4xx_hal_adc.o
 *fill*         0x080036ba        0x2 
 .text.HAL_ADC_ConfigChannel
                0x080036bc      0x190 build/stm32f4xx_hal_adc.o
                0x080036bc                HAL_ADC_ConfigChannel
 .text.HAL_CAN_Init
                0x0800384c      0x14c build/stm32f4xx_hal_can.o
                0x0800384c                HAL_CAN_Init
 .text.SPI_WaitFlagStateUntilTimeout
                0x08003998       0x94 build/stm32f4xx_hal_spi.o
 .text.SPI_EndRxTxTransaction
                0x08003a2c       0x24 build/stm32f4xx_hal_spi.o
 .text.HAL_SPI_Init
                0x08003a50       0x80 build/stm32f4xx_hal_spi.o
                0x08003a50                HAL_SPI_Init
 .text.HAL_SPI_Transmit
                0x08003ad0      0x1a4 build/stm32f4xx_hal_spi.o
                0x08003ad0                HAL_SPI_Transmit
 .text.HAL_SPI_TransmitReceive
                0x08003c74      0x238 build/stm32f4xx_hal_spi.o
                0x08003c74                HAL_SPI_TransmitReceive
 .text.TIM_OC1_SetConfig
                0x08003eac       0x68 build/stm32f4xx_hal_tim.o
 .text.TIM_OC3_SetConfig
                0x08003f14       0x70 build/stm32f4xx_hal_tim.o
 .text.TIM_OC4_SetConfig
                0x08003f84       0x50 build/stm32f4xx_hal_tim.o
 .text.HAL_TIM_Base_Start
                0x08003fd4       0x24 build/stm32f4xx_hal_tim.o
                0x08003fd4                HAL_TIM_Base_Start
 .text.HAL_TIM_Base_Start_IT
                0x08003ff8       0x22 build/stm32f4xx_hal_tim.o
                0x08003ff8                HAL_TIM_Base_Start_IT
 .text.HAL_TIM_OC_MspInit
                0x0800401a        0x2 build/stm32f4xx_hal_tim.o
                0x0800401a                HAL_TIM_OC_MspInit
 .text.HAL_TIM_OC_DelayElapsedCallback
                0x0800401c        0x2 build/stm32f4xx_hal_tim.o
                0x0800401c                HAL_TIM_OC_DelayElapsedCallback
 .text.HAL_TIM_IC_CaptureCallback
                0x0800401e        0x2 build/stm32f4xx_hal_tim.o
                0x0800401e                HAL_TIM_IC_CaptureCallback
 .text.HAL_TIM_PWM_PulseFinishedCallback
                0x08004020        0x2 build/stm32f4xx_hal_tim.o
                0x08004020                HAL_TIM_PWM_PulseFinishedCallback
 .text.HAL_TIM_TriggerCallback
                0x08004022        0x2 build/stm32f4xx_hal_tim.o
                0x08004022                HAL_TIM_TriggerCallback
 .text.HAL_TIM_IRQHandler
                0x08004024      0x17a build/stm32f4xx_hal_tim.o
                0x08004024                HAL_TIM_IRQHandler
 *fill*         0x0800419e        0x2 
 .text.TIM_Base_SetConfig
                0x080041a0       0xc8 build/stm32f4xx_hal_tim.o
                0x080041a0                TIM_Base_SetConfig
 .text.HAL_TIM_Base_Init
                0x08004268       0x34 build/stm32f4xx_hal_tim.o
                0x08004268                HAL_TIM_Base_Init
 .text.HAL_TIM_OC_Init
                0x0800429c       0x34 build/stm32f4xx_hal_tim.o
                0x0800429c                HAL_TIM_OC_Init
 .text.HAL_TIM_PWM_Init
                0x080042d0       0x34 build/stm32f4xx_hal_tim.o
                0x080042d0                HAL_TIM_PWM_Init
 .text.HAL_TIM_Encoder_Init
                0x08004304       0x9c build/stm32f4xx_hal_tim.o
                0x08004304                HAL_TIM_Encoder_Init
 .text.TIM_OC2_SetConfig
                0x080043a0       0x70 build/stm32f4xx_hal_tim.o
                0x080043a0                TIM_OC2_SetConfig
 .text.HAL_TIM_OC_ConfigChannel
                0x08004410       0x5e build/stm32f4xx_hal_tim.o
                0x08004410                HAL_TIM_OC_ConfigChannel
 .text.HAL_TIM_PWM_ConfigChannel
                0x0800446e       0xdc build/stm32f4xx_hal_tim.o
                0x0800446e                HAL_TIM_PWM_ConfigChannel
 .text.TIM_CCxChannelCmd
                0x0800454a       0x24 build/stm32f4xx_hal_tim.o
                0x0800454a                TIM_CCxChannelCmd
 *fill*         0x0800456e        0x2 
 .text.HAL_TIM_PWM_Start
                0x08004570       0x40 build/stm32f4xx_hal_tim.o
                0x08004570                HAL_TIM_PWM_Start
 .text.TIM_CCxNChannelCmd
                0x080045b0       0x24 build/stm32f4xx_hal_tim_ex.o
 .text.HAL_TIMEx_PWMN_Start
                0x080045d4       0x2e build/stm32f4xx_hal_tim_ex.o
                0x080045d4                HAL_TIMEx_PWMN_Start
 .text.HAL_TIMEx_MasterConfigSynchronization
                0x08004602       0x46 build/stm32f4xx_hal_tim_ex.o
                0x08004602                HAL_TIMEx_MasterConfigSynchronization
 .text.HAL_TIMEx_ConfigBreakDeadTime
                0x08004648       0x52 build/stm32f4xx_hal_tim_ex.o
                0x08004648                HAL_TIMEx_ConfigBreakDeadTime
 .text.HAL_TIMEx_CommutCallback
                0x0800469a        0x2 build/stm32f4xx_hal_tim_ex.o
                0x0800469a                HAL_TIMEx_CommutCallback
 .text.HAL_TIMEx_BreakCallback
                0x0800469c        0x2 build/stm32f4xx_hal_tim_ex.o
                0x0800469c                HAL_TIMEx_BreakCallback
 .text.UART_EndTxTransfer
                0x0800469e       0x12 build/stm32f4xx_hal_uart.o
 .text.UART_EndRxTransfer
                0x080046b0       0x1c build/stm32f4xx_hal_uart.o
 .text.UART_Transmit_IT
                0x080046cc       0x66 build/stm32f4xx_hal_uart.o
 *fill*         0x08004732        0x2 
 .text.UART_SetConfig
                0x08004734      0x334 build/stm32f4xx_hal_uart.o
 .text.UART_WaitOnFlagUntilTimeout
                0x08004a68       0x68 build/stm32f4xx_hal_uart.o
 .text.HAL_UART_Init
                0x08004ad0       0x5e build/stm32f4xx_hal_uart.o
                0x08004ad0                HAL_UART_Init
 .text.HAL_UART_Transmit
                0x08004b2e       0xe0 build/stm32f4xx_hal_uart.o
                0x08004b2e                HAL_UART_Transmit
 .text.HAL_UART_Transmit_IT
                0x08004c0e       0x48 build/stm32f4xx_hal_uart.o
                0x08004c0e                HAL_UART_Transmit_IT
 .text.HAL_UART_Receive_IT
                0x08004c56       0x5c build/stm32f4xx_hal_uart.o
                0x08004c56                HAL_UART_Receive_IT
 *fill*         0x08004cb2        0x2 
 .text.HAL_UART_Transmit_DMA
                0x08004cb4       0x8c build/stm32f4xx_hal_uart.o
                0x08004cb4                HAL_UART_Transmit_DMA
 .text.HAL_UART_Receive_DMA
                0x08004d40       0xa8 build/stm32f4xx_hal_uart.o
                0x08004d40                HAL_UART_Receive_DMA
 .text.HAL_UART_DMAStop
                0x08004de8       0x64 build/stm32f4xx_hal_uart.o
                0x08004de8                HAL_UART_DMAStop
 .text.HAL_UART_TxCpltCallback
                0x08004e4c        0x2 build/stm32f4xx_hal_uart.o
                0x08004e4c                HAL_UART_TxCpltCallback
 .text.UART_DMATransmitCplt
                0x08004e4e       0x30 build/stm32f4xx_hal_uart.o
 .text.UART_EndTransmit_IT
                0x08004e7e       0x1a build/stm32f4xx_hal_uart.o
 .text.HAL_UART_TxHalfCpltCallback
                0x08004e98        0x2 build/stm32f4xx_hal_uart.o
                0x08004e98                HAL_UART_TxHalfCpltCallback
 .text.UART_DMATxHalfCplt
                0x08004e9a        0xa build/stm32f4xx_hal_uart.o
 .text.UART_DMAReceiveCplt
                0x08004ea4       0x3e build/stm32f4xx_hal_uart.o
 .text.UART_Receive_IT
                0x08004ee2       0x9e build/stm32f4xx_hal_uart.o
 .text.HAL_UART_RxHalfCpltCallback
                0x08004f80        0x2 build/stm32f4xx_hal_uart.o
                0x08004f80                HAL_UART_RxHalfCpltCallback
 .text.UART_DMARxHalfCplt
                0x08004f82        0xa build/stm32f4xx_hal_uart.o
 .text.HAL_UART_ErrorCallback
                0x08004f8c        0x2 build/stm32f4xx_hal_uart.o
                0x08004f8c                HAL_UART_ErrorCallback
 .text.UART_DMAError
                0x08004f8e       0x58 build/stm32f4xx_hal_uart.o
 *fill*         0x08004fe6        0x2 
 .text.HAL_UART_IRQHandler
                0x08004fe8      0x120 build/stm32f4xx_hal_uart.o
                0x08004fe8                HAL_UART_IRQHandler
 .text.UART_DMAAbortOnError
                0x08005108       0x10 build/stm32f4xx_hal_uart.o
 .text.HAL_RCC_OscConfig
                0x08005118      0x398 build/stm32f4xx_hal_rcc.o
                0x08005118                HAL_RCC_OscConfig
 .text.HAL_RCC_GetSysClockFreq
                0x080054b0       0xcc build/stm32f4xx_hal_rcc.o
                0x080054b0                HAL_RCC_GetSysClockFreq
 .text.HAL_RCC_ClockConfig
                0x0800557c      0x15c build/stm32f4xx_hal_rcc.o
                0x0800557c                HAL_RCC_ClockConfig
 .text.HAL_RCC_GetHCLKFreq
                0x080056d8        0xc build/stm32f4xx_hal_rcc.o
                0x080056d8                HAL_RCC_GetHCLKFreq
 .text.HAL_RCC_GetPCLK1Freq
                0x080056e4       0x20 build/stm32f4xx_hal_rcc.o
                0x080056e4                HAL_RCC_GetPCLK1Freq
 .text.HAL_RCC_GetPCLK2Freq
                0x08005704       0x20 build/stm32f4xx_hal_rcc.o
                0x08005704                HAL_RCC_GetPCLK2Freq
 .text.HAL_GPIO_Init
                0x08005724      0x1cc build/stm32f4xx_hal_gpio.o
                0x08005724                HAL_GPIO_Init
 .text.HAL_GPIO_WritePin
                0x080058f0        0xc build/stm32f4xx_hal_gpio.o
                0x080058f0                HAL_GPIO_WritePin
 .text.DMA_SetConfig
                0x080058fc       0x2c build/stm32f4xx_hal_dma.o
 .text.DMA_CalcBaseAndBitshift
                0x08005928       0x44 build/stm32f4xx_hal_dma.o
 .text.DMA_CheckFifoParam
                0x0800596c       0x8e build/stm32f4xx_hal_dma.o
 *fill*         0x080059fa        0x2 
 .text.HAL_DMA_Init
                0x080059fc       0xcc build/stm32f4xx_hal_dma.o
                0x080059fc                HAL_DMA_Init
 .text.HAL_DMA_Start_IT
                0x08005ac8       0x74 build/stm32f4xx_hal_dma.o
                0x08005ac8                HAL_DMA_Start_IT
 .text.HAL_DMA_Abort
                0x08005b3c       0x94 build/stm32f4xx_hal_dma.o
                0x08005b3c                HAL_DMA_Abort
 .text.HAL_DMA_Abort_IT
                0x08005bd0       0x26 build/stm32f4xx_hal_dma.o
                0x08005bd0                HAL_DMA_Abort_IT
 *fill*         0x08005bf6        0x2 
 .text.HAL_DMA_IRQHandler
                0x08005bf8      0x1dc build/stm32f4xx_hal_dma.o
                0x08005bf8                HAL_DMA_IRQHandler
 .text.HAL_NVIC_SetPriorityGrouping
                0x08005dd4       0x24 build/stm32f4xx_hal_cortex.o
                0x08005dd4                HAL_NVIC_SetPriorityGrouping
 .text.HAL_NVIC_SetPriority
                0x08005df8       0x68 build/stm32f4xx_hal_cortex.o
                0x08005df8                HAL_NVIC_SetPriority
 .text.HAL_NVIC_EnableIRQ
                0x08005e60       0x1c build/stm32f4xx_hal_cortex.o
                0x08005e60                HAL_NVIC_EnableIRQ
 .text.HAL_SYSTICK_Config
                0x08005e7c       0x2c build/stm32f4xx_hal_cortex.o
                0x08005e7c                HAL_SYSTICK_Config
 .text.HAL_InitTick
                0x08005ea8       0x4c build/stm32f4xx_hal.o
                0x08005ea8                HAL_InitTick
 .text.HAL_Init
                0x08005ef4       0x34 build/stm32f4xx_hal.o
                0x08005ef4                HAL_Init
 .text.HAL_IncTick
                0x08005f28       0x18 build/stm32f4xx_hal.o
                0x08005f28                HAL_IncTick
 .text.HAL_GetTick
                0x08005f40        0xc build/stm32f4xx_hal.o
                0x08005f40                HAL_GetTick
 .text.HAL_Delay
                0x08005f4c       0x28 build/stm32f4xx_hal.o
                0x08005f4c                HAL_Delay
 .text.SystemInit
                0x08005f74       0x4c build/system_stm32f4xx.o
                0x08005f74                SystemInit
 .text.Reset_Handler
                0x08005fc0       0x50 build/startup_stm32f405xx.o
                0x08005fc0                Reset_Handler
 .text.Default_Handler
                0x08006010        0x2 build/startup_stm32f405xx.o
                0x08006010                RTC_Alarm_IRQHandler
                0x08006010                HASH_RNG_IRQHandler
                0x08006010                EXTI2_IRQHandler
                0x08006010                TIM8_CC_IRQHandler
                0x08006010                TIM1_CC_IRQHandler
                0x08006010                DMA2_Stream5_IRQHandler
                0x08006010                DMA1_Stream5_IRQHandler
                0x08006010                PVD_IRQHandler
                0x08006010                SDIO_IRQHandler
                0x08006010                TAMP_STAMP_IRQHandler
                0x08006010                CAN2_RX1_IRQHandler
                0x08006010                EXTI3_IRQHandler
                0x08006010                TIM8_TRG_COM_TIM14_IRQHandler
                0x08006010                TIM1_UP_TIM10_IRQHandler
                0x08006010                I2C3_ER_IRQHandler
                0x08006010                EXTI0_IRQHandler
                0x08006010                I2C2_EV_IRQHandler
                0x08006010                DMA1_Stream2_IRQHandler
                0x08006010                CAN1_RX0_IRQHandler
                0x08006010                FPU_IRQHandler
                0x08006010                OTG_HS_WKUP_IRQHandler
                0x08006010                CAN2_SCE_IRQHandler
                0x08006010                SPI1_IRQHandler
                0x08006010                TIM1_BRK_TIM9_IRQHandler
                0x08006010                CAN2_RX0_IRQHandler
                0x08006010                DMA2_Stream3_IRQHandler
                0x08006010                USART6_IRQHandler
                0x08006010                CAN1_RX1_IRQHandler
                0x08006010                UART5_IRQHandler
                0x08006010                TIM4_IRQHandler
                0x08006010                I2C1_EV_IRQHandler
                0x08006010                DMA1_Stream6_IRQHandler
                0x08006010                UART4_IRQHandler
                0x08006010                TIM3_IRQHandler
                0x08006010                RCC_IRQHandler
                0x08006010                TIM8_BRK_TIM12_IRQHandler
                0x08006010                Default_Handler
                0x08006010                EXTI15_10_IRQHandler
                0x08006010                ADC_IRQHandler
                0x08006010                DMA1_Stream7_IRQHandler
                0x08006010                CAN2_TX_IRQHandler
                0x08006010                TIM5_IRQHandler
                0x08006010                DMA2_Stream7_IRQHandler
                0x08006010                I2C3_EV_IRQHandler
                0x08006010                EXTI9_5_IRQHandler
                0x08006010                RTC_WKUP_IRQHandler
                0x08006010                SPI2_IRQHandler
                0x08006010                OTG_HS_EP1_IN_IRQHandler
                0x08006010                DMA1_Stream0_IRQHandler
                0x08006010                CAN1_TX_IRQHandler
                0x08006010                EXTI4_IRQHandler
                0x08006010                FSMC_IRQHandler
                0x08006010                OTG_HS_EP1_OUT_IRQHandler
                0x08006010                WWDG_IRQHandler
                0x08006010                TIM2_IRQHandler
                0x08006010                OTG_FS_WKUP_IRQHandler
                0x08006010                TIM1_TRG_COM_TIM11_IRQHandler
                0x08006010                OTG_HS_IRQHandler
                0x08006010                EXTI1_IRQHandler
                0x08006010                USART2_IRQHandler
                0x08006010                I2C2_ER_IRQHandler
                0x08006010                DMA2_Stream1_IRQHandler
                0x08006010                CAN1_SCE_IRQHandler
                0x08006010                FLASH_IRQHandler
                0x08006010                DMA2_Stream4_IRQHandler
                0x08006010                USART1_IRQHandler
                0x08006010                OTG_FS_IRQHandler
                0x08006010                SPI3_IRQHandler
                0x08006010                DMA1_Stream4_IRQHandler
                0x08006010                I2C1_ER_IRQHandler
                0x08006010                DMA2_Stream6_IRQHandler
 .text.atof     0x08006012        0x6 c:/arm_gcc/bin/../lib/gcc/arm-none-eabi/9.2.1/../../../../arm-none-eabi/lib/thumb/v7e-m+fp/hard\libc_nano.a(lib_a-atof.o)
                0x08006012                atof
 .text.__libc_init_array
                0x08006018       0x48 c:/arm_gcc/bin/../lib/gcc/arm-none-eabi/9.2.1/../../../../arm-none-eabi/lib/thumb/v7e-m+fp/hard\libc_nano.a(lib_a-init.o)
                0x08006018                __libc_init_array
 .text.malloc   0x08006060       0x10 c:/arm_gcc/bin/../lib/gcc/arm-none-eabi/9.2.1/../../../../arm-none-eabi/lib/thumb/v7e-m+fp/hard\libc_nano.a(lib_a-malloc.o)
                0x08006060                malloc
 .text.free     0x08006070       0x10 c:/arm_gcc/bin/../lib/gcc/arm-none-eabi/9.2.1/../../../../arm-none-eabi/lib/thumb/v7e-m+fp/hard\libc_nano.a(lib_a-malloc.o)
                0x08006070                free
 .text.memset   0x08006080       0x10 c:/arm_gcc/bin/../lib/gcc/arm-none-eabi/9.2.1/../../../../arm-none-eabi/lib/thumb/v7e-m+fp/hard\libc_nano.a(lib_a-memset.o)
                0x08006080                memset
 .text._free_r  0x08006090       0xa0 c:/arm_gcc/bin/../lib/gcc/arm-none-eabi/9.2.1/../../../../arm-none-eabi/lib/thumb/v7e-m+fp/hard\libc_nano.a(lib_a-nano-freer.o)
                0x08006090                _free_r
 .text._malloc_r
                0x08006130       0xb4 c:/arm_gcc/bin/../lib/gcc/arm-none-eabi/9.2.1/../../../../arm-none-eabi/lib/thumb/v7e-m+fp/hard\libc_nano.a(lib_a-nano-mallocr.o)
                0x08006130                _malloc_r
 .text.__cvt    0x080061e4       0xc4 c:/arm_gcc/bin/../lib/gcc/arm-none-eabi/9.2.1/../../../../arm-none-eabi/lib/thumb/v7e-m+fp/hard\libc_nano.a(lib_a-nano-vfprintf_float.o)
                0x080061e4                __cvt
 .text.__exponent
                0x080062a8       0x7c c:/arm_gcc/bin/../lib/gcc/arm-none-eabi/9.2.1/../../../../arm-none-eabi/lib/thumb/v7e-m+fp/hard\libc_nano.a(lib_a-nano-vfprintf_float.o)
                0x080062a8                __exponent
 .text._printf_float
                0x08006324      0x46c c:/arm_gcc/bin/../lib/gcc/arm-none-eabi/9.2.1/../../../../arm-none-eabi/lib/thumb/v7e-m+fp/hard\libc_nano.a(lib_a-nano-vfprintf_float.o)
                0x08006324                _printf_float
 .text._printf_common
                0x08006790       0xda c:/arm_gcc/bin/../lib/gcc/arm-none-eabi/9.2.1/../../../../arm-none-eabi/lib/thumb/v7e-m+fp/hard\libc_nano.a(lib_a-nano-vfprintf_i.o)
                0x08006790                _printf_common
 *fill*         0x0800686a        0x2 
 .text._printf_i
                0x0800686c      0x24c c:/arm_gcc/bin/../lib/gcc/arm-none-eabi/9.2.1/../../../../arm-none-eabi/lib/thumb/v7e-m+fp/hard\libc_nano.a(lib_a-nano-vfprintf_i.o)
                0x0800686c                _printf_i
 .text._sbrk_r  0x08006ab8       0x20 c:/arm_gcc/bin/../lib/gcc/arm-none-eabi/9.2.1/../../../../arm-none-eabi/lib/thumb/v7e-m+fp/hard\libc_nano.a(lib_a-sbrkr.o)
                0x08006ab8                _sbrk_r
 .text.sulp     0x08006ad8       0x38 c:/arm_gcc/bin/../lib/gcc/arm-none-eabi/9.2.1/../../../../arm-none-eabi/lib/thumb/v7e-m+fp/hard\libc_nano.a(lib_a-strtod.o)
 .text._strtod_l
                0x08006b10      0xc14 c:/arm_gcc/bin/../lib/gcc/arm-none-eabi/9.2.1/../../../../arm-none-eabi/lib/thumb/v7e-m+fp/hard\libc_nano.a(lib_a-strtod.o)
                0x08006b10                _strtod_l
 .text.strtod   0x08007724       0x18 c:/arm_gcc/bin/../lib/gcc/arm-none-eabi/9.2.1/../../../../arm-none-eabi/lib/thumb/v7e-m+fp/hard\libc_nano.a(lib_a-strtod.o)
                0x08007724                strtod
 .text._vsnprintf_r
                0x0800773c       0x58 c:/arm_gcc/bin/../lib/gcc/arm-none-eabi/9.2.1/../../../../arm-none-eabi/lib/thumb/v7e-m+fp/hard\libc_nano.a(lib_a-vsnprintf.o)
                0x0800773c                _vsniprintf_r
                0x0800773c                _vsnprintf_r
 .text.vsnprintf
                0x08007794       0x1c c:/arm_gcc/bin/../lib/gcc/arm-none-eabi/9.2.1/../../../../arm-none-eabi/lib/thumb/v7e-m+fp/hard\libc_nano.a(lib_a-vsnprintf.o)
                0x08007794                vsniprintf
                0x08007794                vsnprintf
 .text.quorem   0x080077b0      0x116 c:/arm_gcc/bin/../lib/gcc/arm-none-eabi/9.2.1/../../../../arm-none-eabi/lib/thumb/v7e-m+fp/hard\libc_nano.a(lib_a-dtoa.o)
 *fill*         0x080078c6        0x2 
 .text._dtoa_r  0x080078c8      0xbbc c:/arm_gcc/bin/../lib/gcc/arm-none-eabi/9.2.1/../../../../arm-none-eabi/lib/thumb/v7e-m+fp/hard\libc_nano.a(lib_a-dtoa.o)
                0x080078c8                _dtoa_r
 .text.rshift   0x08008484       0xa4 c:/arm_gcc/bin/../lib/gcc/arm-none-eabi/9.2.1/../../../../arm-none-eabi/lib/thumb/v7e-m+fp/hard\libc_nano.a(lib_a-gdtoa-gethex.o)
 .text.__hexdig_fun
                0x08008528       0x2a c:/arm_gcc/bin/../lib/gcc/arm-none-eabi/9.2.1/../../../../arm-none-eabi/lib/thumb/v7e-m+fp/hard\libc_nano.a(lib_a-gdtoa-gethex.o)
                0x08008528                __hexdig_fun
 *fill*         0x08008552        0x2 
 .text.__gethex
                0x08008554      0x468 c:/arm_gcc/bin/../lib/gcc/arm-none-eabi/9.2.1/../../../../arm-none-eabi/lib/thumb/v7e-m+fp/hard\libc_nano.a(lib_a-gdtoa-gethex.o)
                0x08008554                __gethex
 .text.L_shift  0x080089bc       0x24 c:/arm_gcc/bin/../lib/gcc/arm-none-eabi/9.2.1/../../../../arm-none-eabi/lib/thumb/v7e-m+fp/hard\libc_nano.a(lib_a-gdtoa-hexnan.o)
 .text.__match  0x080089e0       0x28 c:/arm_gcc/bin/../lib/gcc/arm-none-eabi/9.2.1/../../../../arm-none-eabi/lib/thumb/v7e-m+fp/hard\libc_nano.a(lib_a-gdtoa-hexnan.o)
                0x080089e0                __match
 .text.__hexnan
                0x08008a08      0x138 c:/arm_gcc/bin/../lib/gcc/arm-none-eabi/9.2.1/../../../../arm-none-eabi/lib/thumb/v7e-m+fp/hard\libc_nano.a(lib_a-gdtoa-hexnan.o)
                0x08008a08                __hexnan
 .text._localeconv_r
                0x08008b40        0x8 c:/arm_gcc/bin/../lib/gcc/arm-none-eabi/9.2.1/../../../../arm-none-eabi/lib/thumb/v7e-m+fp/hard\libc_nano.a(lib_a-localeconv.o)
                0x08008b40                _localeconv_r
 .text.__ascii_mbtowc
                0x08008b48       0x24 c:/arm_gcc/bin/../lib/gcc/arm-none-eabi/9.2.1/../../../../arm-none-eabi/lib/thumb/v7e-m+fp/hard\libc_nano.a(lib_a-mbtowc_r.o)
                0x08008b48                __ascii_mbtowc
 .text.memcpy   0x08008b6c       0x1c c:/arm_gcc/bin/../lib/gcc/arm-none-eabi/9.2.1/../../../../arm-none-eabi/lib/thumb/v7e-m+fp/hard\libc_nano.a(lib_a-memcpy-stub.o)
                0x08008b6c                memcpy
 .text.__malloc_lock
                0x08008b88        0xc c:/arm_gcc/bin/../lib/gcc/arm-none-eabi/9.2.1/../../../../arm-none-eabi/lib/thumb/v7e-m+fp/hard\libc_nano.a(lib_a-mlock.o)
                0x08008b88                __malloc_lock
 .text.__malloc_unlock
                0x08008b94        0xc c:/arm_gcc/bin/../lib/gcc/arm-none-eabi/9.2.1/../../../../arm-none-eabi/lib/thumb/v7e-m+fp/hard\libc_nano.a(lib_a-mlock.o)
                0x08008b94                __malloc_unlock
 .text._Balloc  0x08008ba0       0x68 c:/arm_gcc/bin/../lib/gcc/arm-none-eabi/9.2.1/../../../../arm-none-eabi/lib/thumb/v7e-m+fp/hard\libc_nano.a(lib_a-mprec.o)
                0x08008ba0                _Balloc
 .text._Bfree   0x08008c08       0x2e c:/arm_gcc/bin/../lib/gcc/arm-none-eabi/9.2.1/../../../../arm-none-eabi/lib/thumb/v7e-m+fp/hard\libc_nano.a(lib_a-mprec.o)
                0x08008c08                _Bfree
 .text.__multadd
                0x08008c36       0x7c c:/arm_gcc/bin/../lib/gcc/arm-none-eabi/9.2.1/../../../../arm-none-eabi/lib/thumb/v7e-m+fp/hard\libc_nano.a(lib_a-mprec.o)
                0x08008c36                __multadd
 .text.__s2b    0x08008cb2       0x7c c:/arm_gcc/bin/../lib/gcc/arm-none-eabi/9.2.1/../../../../arm-none-eabi/lib/thumb/v7e-m+fp/hard\libc_nano.a(lib_a-mprec.o)
                0x08008cb2                __s2b
 .text.__hi0bits
                0x08008d2e       0x40 c:/arm_gcc/bin/../lib/gcc/arm-none-eabi/9.2.1/../../../../arm-none-eabi/lib/thumb/v7e-m+fp/hard\libc_nano.a(lib_a-mprec.o)
                0x08008d2e                __hi0bits
 .text.__lo0bits
                0x08008d6e       0x60 c:/arm_gcc/bin/../lib/gcc/arm-none-eabi/9.2.1/../../../../arm-none-eabi/lib/thumb/v7e-m+fp/hard\libc_nano.a(lib_a-mprec.o)
                0x08008d6e                __lo0bits
 .text.__i2b    0x08008dce       0x12 c:/arm_gcc/bin/../lib/gcc/arm-none-eabi/9.2.1/../../../../arm-none-eabi/lib/thumb/v7e-m+fp/hard\libc_nano.a(lib_a-mprec.o)
                0x08008dce                __i2b
 .text.__multiply
                0x08008de0      0x138 c:/arm_gcc/bin/../lib/gcc/arm-none-eabi/9.2.1/../../../../arm-none-eabi/lib/thumb/v7e-m+fp/hard\libc_nano.a(lib_a-mprec.o)
                0x08008de0                __multiply
 .text.__pow5mult
                0x08008f18       0x9c c:/arm_gcc/bin/../lib/gcc/arm-none-eabi/9.2.1/../../../../arm-none-eabi/lib/thumb/v7e-m+fp/hard\libc_nano.a(lib_a-mprec.o)
                0x08008f18                __pow5mult
 .text.__lshift
                0x08008fb4       0xbe c:/arm_gcc/bin/../lib/gcc/arm-none-eabi/9.2.1/../../../../arm-none-eabi/lib/thumb/v7e-m+fp/hard\libc_nano.a(lib_a-mprec.o)
                0x08008fb4                __lshift
 .text.__mcmp   0x08009072       0x38 c:/arm_gcc/bin/../lib/gcc/arm-none-eabi/9.2.1/../../../../arm-none-eabi/lib/thumb/v7e-m+fp/hard\libc_nano.a(lib_a-mprec.o)
                0x08009072                __mcmp
 .text.__mdiff  0x080090aa       0xec c:/arm_gcc/bin/../lib/gcc/arm-none-eabi/9.2.1/../../../../arm-none-eabi/lib/thumb/v7e-m+fp/hard\libc_nano.a(lib_a-mprec.o)
                0x080090aa                __mdiff
 *fill*         0x08009196        0x2 
 .text.__ulp    0x08009198       0x58 c:/arm_gcc/bin/../lib/gcc/arm-none-eabi/9.2.1/../../../../arm-none-eabi/lib/thumb/v7e-m+fp/hard\libc_nano.a(lib_a-mprec.o)
                0x08009198                __ulp
 .text.__b2d    0x080091f0       0xa0 c:/arm_gcc/bin/../lib/gcc/arm-none-eabi/9.2.1/../../../../arm-none-eabi/lib/thumb/v7e-m+fp/hard\libc_nano.a(lib_a-mprec.o)
                0x080091f0                __b2d
 .text.__d2b    0x08009290       0xa0 c:/arm_gcc/bin/../lib/gcc/arm-none-eabi/9.2.1/../../../../arm-none-eabi/lib/thumb/v7e-m+fp/hard\libc_nano.a(lib_a-mprec.o)
                0x08009290                __d2b
 .text.__ratio  0x08009330       0x66 c:/arm_gcc/bin/../lib/gcc/arm-none-eabi/9.2.1/../../../../arm-none-eabi/lib/thumb/v7e-m+fp/hard\libc_nano.a(lib_a-mprec.o)
                0x08009330                __ratio
 .text.__copybits
                0x08009396       0x46 c:/arm_gcc/bin/../lib/gcc/arm-none-eabi/9.2.1/../../../../arm-none-eabi/lib/thumb/v7e-m+fp/hard\libc_nano.a(lib_a-mprec.o)
                0x08009396                __copybits
 .text.__any_on
                0x080093dc       0x42 c:/arm_gcc/bin/../lib/gcc/arm-none-eabi/9.2.1/../../../../arm-none-eabi/lib/thumb/v7e-m+fp/hard\libc_nano.a(lib_a-mprec.o)
                0x080093dc                __any_on
 .text._calloc_r
                0x0800941e       0x1e c:/arm_gcc/bin/../lib/gcc/arm-none-eabi/9.2.1/../../../../arm-none-eabi/lib/thumb/v7e-m+fp/hard\libc_nano.a(lib_a-nano-callocr.o)
                0x0800941e                _calloc_r
 .text.__ssputs_r
                0x0800943c       0xb6 c:/arm_gcc/bin/../lib/gcc/arm-none-eabi/9.2.1/../../../../arm-none-eabi/lib/thumb/v7e-m+fp/hard\libc_nano.a(lib_a-nano-svfprintf.o)
                0x0800943c                __ssputs_r
 *fill*         0x080094f2        0x2 
 .text._svfprintf_r
                0x080094f4      0x200 c:/arm_gcc/bin/../lib/gcc/arm-none-eabi/9.2.1/../../../../arm-none-eabi/lib/thumb/v7e-m+fp/hard\libc_nano.a(lib_a-nano-svfprintf.o)
                0x080094f4                _svfiprintf_r
                0x080094f4                _svfprintf_r
 *fill*         0x080096f4        0x4 
 .text.nan      0x080096f8       0x10 c:/arm_gcc/bin/../lib/gcc/arm-none-eabi/9.2.1/../../../../arm-none-eabi/lib/thumb/v7e-m+fp/hard\libc_nano.a(lib_a-s_nan.o)
                0x080096f8                nan
 .text.strncmp  0x08009708       0x24 c:/arm_gcc/bin/../lib/gcc/arm-none-eabi/9.2.1/../../../../arm-none-eabi/lib/thumb/v7e-m+fp/hard\libc_nano.a(lib_a-strncmp.o)
                0x08009708                strncmp
 .text.__ascii_wctomb
                0x0800972c       0x1a c:/arm_gcc/bin/../lib/gcc/arm-none-eabi/9.2.1/../../../../arm-none-eabi/lib/thumb/v7e-m+fp/hard\libc_nano.a(lib_a-wctomb_r.o)
                0x0800972c                __ascii_wctomb
 .text.__retarget_lock_acquire_recursive
                0x08009746        0x2 c:/arm_gcc/bin/../lib/gcc/arm-none-eabi/9.2.1/../../../../arm-none-eabi/lib/thumb/v7e-m+fp/hard\libc_nano.a(lib_a-lock.o)
                0x08009746                __retarget_lock_acquire_recursive
 .text.__retarget_lock_release_recursive
                0x08009748        0x2 c:/arm_gcc/bin/../lib/gcc/arm-none-eabi/9.2.1/../../../../arm-none-eabi/lib/thumb/v7e-m+fp/hard\libc_nano.a(lib_a-lock.o)
                0x08009748                __retarget_lock_release_recursive
 .text.memmove  0x0800974a       0x34 c:/arm_gcc/bin/../lib/gcc/arm-none-eabi/9.2.1/../../../../arm-none-eabi/lib/thumb/v7e-m+fp/hard\libc_nano.a(lib_a-memmove.o)
                0x0800974a                memmove
 .text._realloc_r
                0x0800977e       0x4c c:/arm_gcc/bin/../lib/gcc/arm-none-eabi/9.2.1/../../../../arm-none-eabi/lib/thumb/v7e-m+fp/hard\libc_nano.a(lib_a-nano-reallocr.o)
                0x0800977e                _realloc_r
 .text._malloc_usable_size_r
                0x080097ca       0x10 c:/arm_gcc/bin/../lib/gcc/arm-none-eabi/9.2.1/../../../../arm-none-eabi/lib/thumb/v7e-m+fp/hard\libc_nano.a(lib_a-nano-msizer.o)
                0x080097ca                _malloc_usable_size_r
 *fill*         0x080097da        0x2 
 .text.cosf     0x080097dc       0x90 c:/arm_gcc/bin/../lib/gcc/arm-none-eabi/9.2.1/../../../../arm-none-eabi/lib/thumb/v7e-m+fp/hard\libm.a(lib_a-sf_cos.o)
                0x080097dc                cosf
 .text.sinf     0x0800986c       0x94 c:/arm_gcc/bin/../lib/gcc/arm-none-eabi/9.2.1/../../../../arm-none-eabi/lib/thumb/v7e-m+fp/hard\libm.a(lib_a-sf_sin.o)
                0x0800986c                sinf
 .text.__ieee754_rem_pio2f
                0x08009900      0x294 c:/arm_gcc/bin/../lib/gcc/arm-none-eabi/9.2.1/../../../../arm-none-eabi/lib/thumb/v7e-m+fp/hard\libm.a(lib_a-ef_rem_pio2.o)
                0x08009900                __ieee754_rem_pio2f
 .text.__kernel_cosf
                0x08009b94      0x104 c:/arm_gcc/bin/../lib/gcc/arm-none-eabi/9.2.1/../../../../arm-none-eabi/lib/thumb/v7e-m+fp/hard\libm.a(lib_a-kf_cos.o)
                0x08009b94                __kernel_cosf
 .text.__kernel_rem_pio2f
                0x08009c98      0x66c c:/arm_gcc/bin/../lib/gcc/arm-none-eabi/9.2.1/../../../../arm-none-eabi/lib/thumb/v7e-m+fp/hard\libm.a(lib_a-kf_rem_pio2.o)
                0x08009c98                __kernel_rem_pio2f
 .text.__kernel_sinf
                0x0800a304       0x90 c:/arm_gcc/bin/../lib/gcc/arm-none-eabi/9.2.1/../../../../arm-none-eabi/lib/thumb/v7e-m+fp/hard\libm.a(lib_a-kf_sin.o)
                0x0800a304                __kernel_sinf
 .text.fabsf    0x0800a394       0x10 c:/arm_gcc/bin/../lib/gcc/arm-none-eabi/9.2.1/../../../../arm-none-eabi/lib/thumb/v7e-m+fp/hard\libm.a(lib_a-sf_fabs.o)
                0x0800a394                fabsf
 .text.floorf   0x0800a3a4       0x8c c:/arm_gcc/bin/../lib/gcc/arm-none-eabi/9.2.1/../../../../arm-none-eabi/lib/thumb/v7e-m+fp/hard\libm.a(lib_a-sf_floor.o)
                0x0800a3a4                floorf
 .text.scalbnf  0x0800a430       0xe4 c:/arm_gcc/bin/../lib/gcc/arm-none-eabi/9.2.1/../../../../arm-none-eabi/lib/thumb/v7e-m+fp/hard\libm.a(lib_a-sf_scalbn.o)
                0x0800a430                scalbnf
 .text._sbrk    0x0800a514       0x1c c:/arm_gcc/bin/../lib/gcc/arm-none-eabi/9.2.1/../../../../arm-none-eabi/lib/thumb/v7e-m+fp/hard\libnosys.a(sbrk.o)
                0x0800a514                _sbrk
 *(.glue_7)
 .glue_7        0x0800a530        0x0 linker stubs
 *(.glue_7t)
 .glue_7t       0x0800a530        0x0 linker stubs
 *(.eh_frame)
 .eh_frame      0x0800a530        0x0 c:/arm_gcc/bin/../lib/gcc/arm-none-eabi/9.2.1/thumb/v7e-m+fp/hard/crtbegin.o
 *(.init)
 .init          0x0800a530        0x4 c:/arm_gcc/bin/../lib/gcc/arm-none-eabi/9.2.1/thumb/v7e-m+fp/hard/crti.o
                0x0800a530                _init
 .init          0x0800a534        0x8 c:/arm_gcc/bin/../lib/gcc/arm-none-eabi/9.2.1/thumb/v7e-m+fp/hard/crtn.o
 *(.fini)
 .fini          0x0800a53c        0x4 c:/arm_gcc/bin/../lib/gcc/arm-none-eabi/9.2.1/thumb/v7e-m+fp/hard/crti.o
                0x0800a53c                _fini
 .fini          0x0800a540        0x8 c:/arm_gcc/bin/../lib/gcc/arm-none-eabi/9.2.1/thumb/v7e-m+fp/hard/crtn.o
                0x0800a548                . = ALIGN (0x4)
                0x0800a548                _etext = .

.vfp11_veneer   0x0800a548        0x0
 .vfp11_veneer  0x0800a548        0x0 linker stubs

.v4_bx          0x0800a548        0x0
 .v4_bx         0x0800a548        0x0 linker stubs

.iplt           0x0800a548        0x0
 .iplt          0x0800a548        0x0 c:/arm_gcc/bin/../lib/gcc/arm-none-eabi/9.2.1/thumb/v7e-m+fp/hard/crtbegin.o

.rodata         0x0800a548     0x1090
                0x0800a548                . = ALIGN (0x4)
 *(.rodata)
 *(.rodata*)
 .rodata.Measure_L_20Khz_Handler.str1.4
                0x0800a548       0x14 build/foc.o
 .rodata.Set_to_U4.str1.4
                0x0800a55c        0xf build/foc.o
 *fill*         0x0800a56b        0x1 
 .rodata.Test_Direction.str1.4
                0x0800a56c       0x6e build/foc.o
 *fill*         0x0800a5da        0x2 
 .rodata.Measure_R_MS_Handler.str1.4
                0x0800a5dc       0x5d build/foc.o
 *fill*         0x0800a639        0x3 
 .rodata.Measure_L.str1.4
                0x0800a63c        0xc build/foc.o
 .rodata.main.str1.4
                0x0800a648        0xf build/main.o
 *fill*         0x0800a657        0x1 
 .rodata.get_position.str1.4
                0x0800a658        0xe build/myfunc.o
 *fill*         0x0800a666        0x2 
 .rodata.test.str1.4
                0x0800a668       0x45 build/myfunc.o
 *fill*         0x0800a6ad        0x3 
 .rodata.set_to_u4.str1.4
                0x0800a6b0       0x1e build/myfunc.o
 *fill*         0x0800a6ce        0x2 
 .rodata.command_init.str1.4
                0x0800a6d0       0x3e build/myfunc.o
 *fill*         0x0800a70e        0x2 
 .rodata.analize.str1.4
                0x0800a710       0x11 build/command.o
 *fill*         0x0800a721        0x3 
 .rodata.sinTable_f32
                0x0800a724      0x804 build/arm_common_tables.o
                0x0800a724                sinTable_f32
 .rodata.flagBitshiftOffset.8563
                0x0800af28        0x8 build/stm32f4xx_hal_dma.o
 .rodata.AHBPrescTable
                0x0800af30       0x10 build/system_stm32f4xx.o
                0x0800af30                AHBPrescTable
 .rodata.APBPrescTable
                0x0800af40        0x8 build/system_stm32f4xx.o
                0x0800af40                APBPrescTable
 .rodata._ctype_
                0x0800af48      0x101 c:/arm_gcc/bin/../lib/gcc/arm-none-eabi/9.2.1/../../../../arm-none-eabi/lib/thumb/v7e-m+fp/hard\libc_nano.a(lib_a-ctype_.o)
                0x0800af48                _ctype_
 .rodata._printf_float.str1.1
                0x0800b049       0x12 c:/arm_gcc/bin/../lib/gcc/arm-none-eabi/9.2.1/../../../../arm-none-eabi/lib/thumb/v7e-m+fp/hard\libc_nano.a(lib_a-nano-vfprintf_float.o)
 .rodata._printf_i.str1.1
                0x0800b05b       0x22 c:/arm_gcc/bin/../lib/gcc/arm-none-eabi/9.2.1/../../../../arm-none-eabi/lib/thumb/v7e-m+fp/hard\libc_nano.a(lib_a-nano-vfprintf_i.o)
 .rodata._strtod_l.str1.1
                0x0800b07d       0x22 c:/arm_gcc/bin/../lib/gcc/arm-none-eabi/9.2.1/../../../../arm-none-eabi/lib/thumb/v7e-m+fp/hard\libc_nano.a(lib_a-strtod.o)
                                  0xd (size before relaxing)
 *fill*         0x0800b07d        0x3 
 .rodata.fpi.7566
                0x0800b080       0x14 c:/arm_gcc/bin/../lib/gcc/arm-none-eabi/9.2.1/../../../../arm-none-eabi/lib/thumb/v7e-m+fp/hard\libc_nano.a(lib_a-strtod.o)
 .rodata.fpinan.7602
                0x0800b094       0x14 c:/arm_gcc/bin/../lib/gcc/arm-none-eabi/9.2.1/../../../../arm-none-eabi/lib/thumb/v7e-m+fp/hard\libc_nano.a(lib_a-strtod.o)
 .rodata.tinytens
                0x0800b0a8       0x28 c:/arm_gcc/bin/../lib/gcc/arm-none-eabi/9.2.1/../../../../arm-none-eabi/lib/thumb/v7e-m+fp/hard\libc_nano.a(lib_a-strtod.o)
 .rodata._dtoa_r.str1.1
                0x0800b0d0        0xd c:/arm_gcc/bin/../lib/gcc/arm-none-eabi/9.2.1/../../../../arm-none-eabi/lib/thumb/v7e-m+fp/hard\libc_nano.a(lib_a-dtoa.o)
                                  0xf (size before relaxing)
 .rodata.str1.1
                0x0800b0dd        0x2 c:/arm_gcc/bin/../lib/gcc/arm-none-eabi/9.2.1/../../../../arm-none-eabi/lib/thumb/v7e-m+fp/hard\libc_nano.a(lib_a-lnumeric.o)
                                  0x3 (size before relaxing)
 *fill*         0x0800b0df        0x1 
 .rodata._C_numeric_locale
                0x0800b0e0        0xc c:/arm_gcc/bin/../lib/gcc/arm-none-eabi/9.2.1/../../../../arm-none-eabi/lib/thumb/v7e-m+fp/hard\libc_nano.a(lib_a-lnumeric.o)
                0x0800b0e0                _C_numeric_locale
 .rodata._setlocale_r.str1.1
                0x0800b0ec        0x8 c:/arm_gcc/bin/../lib/gcc/arm-none-eabi/9.2.1/../../../../arm-none-eabi/lib/thumb/v7e-m+fp/hard\libc_nano.a(lib_a-locale.o)
                                  0x9 (size before relaxing)
 .rodata.str1.1
                0x0800b0f4        0x2 c:/arm_gcc/bin/../lib/gcc/arm-none-eabi/9.2.1/../../../../arm-none-eabi/lib/thumb/v7e-m+fp/hard\libc_nano.a(lib_a-locale.o)
 *fill*         0x0800b0f4        0x4 
 .rodata.__mprec_bigtens
                0x0800b0f8       0x28 c:/arm_gcc/bin/../lib/gcc/arm-none-eabi/9.2.1/../../../../arm-none-eabi/lib/thumb/v7e-m+fp/hard\libc_nano.a(lib_a-mprec.o)
                0x0800b0f8                __mprec_bigtens
 .rodata.__mprec_tens
                0x0800b120       0xc8 c:/arm_gcc/bin/../lib/gcc/arm-none-eabi/9.2.1/../../../../arm-none-eabi/lib/thumb/v7e-m+fp/hard\libc_nano.a(lib_a-mprec.o)
                0x0800b120                __mprec_tens
 .rodata.p05.7490
                0x0800b1e8        0xc c:/arm_gcc/bin/../lib/gcc/arm-none-eabi/9.2.1/../../../../arm-none-eabi/lib/thumb/v7e-m+fp/hard\libc_nano.a(lib_a-mprec.o)
 .rodata._svfprintf_r.str1.1
                0x0800b1f4       0x11 c:/arm_gcc/bin/../lib/gcc/arm-none-eabi/9.2.1/../../../../arm-none-eabi/lib/thumb/v7e-m+fp/hard\libc_nano.a(lib_a-nano-svfprintf.o)
 *fill*         0x0800b205        0x3 
 .rodata.npio2_hw
                0x0800b208       0x80 c:/arm_gcc/bin/../lib/gcc/arm-none-eabi/9.2.1/../../../../arm-none-eabi/lib/thumb/v7e-m+fp/hard\libm.a(lib_a-ef_rem_pio2.o)
 .rodata.two_over_pi
                0x0800b288      0x318 c:/arm_gcc/bin/../lib/gcc/arm-none-eabi/9.2.1/../../../../arm-none-eabi/lib/thumb/v7e-m+fp/hard\libm.a(lib_a-ef_rem_pio2.o)
 .rodata.PIo2   0x0800b5a0       0x2c c:/arm_gcc/bin/../lib/gcc/arm-none-eabi/9.2.1/../../../../arm-none-eabi/lib/thumb/v7e-m+fp/hard\libm.a(lib_a-kf_rem_pio2.o)
 .rodata.init_jk
                0x0800b5cc        0xc c:/arm_gcc/bin/../lib/gcc/arm-none-eabi/9.2.1/../../../../arm-none-eabi/lib/thumb/v7e-m+fp/hard\libm.a(lib_a-kf_rem_pio2.o)
                0x0800b5d8                . = ALIGN (0x4)

.ARM.extab
 *(.ARM.extab* .gnu.linkonce.armextab.*)

.ARM            0x0800b5d8        0x8
                0x0800b5d8                __exidx_start = .
 *(.ARM.exidx*)
 .ARM.exidx     0x0800b5d8        0x8 c:/arm_gcc/bin/../lib/gcc/arm-none-eabi/9.2.1/thumb/v7e-m+fp/hard\libgcc.a(_udivmoddi4.o)
                0x0800b5e0                __exidx_end = .

.rel.dyn        0x0800b5e0        0x0
 .rel.iplt      0x0800b5e0        0x0 c:/arm_gcc/bin/../lib/gcc/arm-none-eabi/9.2.1/thumb/v7e-m+fp/hard/crtbegin.o

.preinit_array  0x0800b5e0        0x0
                0x0800b5e0                PROVIDE (__preinit_array_start = .)
 *(.preinit_array*)
                0x0800b5e0                PROVIDE (__preinit_array_end = .)

.init_array     0x0800b5e0        0x4
                0x0800b5e0                PROVIDE (__init_array_start = .)
 *(SORT_BY_NAME(.init_array.*))
 *(.init_array*)
 .init_array    0x0800b5e0        0x4 c:/arm_gcc/bin/../lib/gcc/arm-none-eabi/9.2.1/thumb/v7e-m+fp/hard/crtbegin.o
                0x0800b5e4                PROVIDE (__init_array_end = .)

.fini_array     0x0800b5e4        0x4
                [!provide]                PROVIDE (__fini_array_start = .)
 *(SORT_BY_NAME(.fini_array.*))
 *(.fini_array*)
 .fini_array    0x0800b5e4        0x4 c:/arm_gcc/bin/../lib/gcc/arm-none-eabi/9.2.1/thumb/v7e-m+fp/hard/crtbegin.o
                [!provide]                PROVIDE (__fini_array_end = .)
                0x0800b5e8                _sidata = LOADADDR (.data)

.data           0x20000000      0x364 load address 0x0800b5e8
                0x20000000                . = ALIGN (0x4)
                0x20000000                _sdata = .
 *(.data)
 *(.data*)
 .data.Motor    0x20000000       0x10 build/foc.o
                0x20000000                Motor
 .data.Position_Offset
                0x20000010        0x4 build/foc.o
                0x20000010                Position_Offset
 .data.U1       0x20000014       0x10 build/foc.o
                0x20000014                U1
 .data.U2       0x20000024       0x10 build/foc.o
                0x20000024                U2
 .data.U3       0x20000034       0x10 build/foc.o
                0x20000034                U3
 .data.U4       0x20000044       0x10 build/foc.o
                0x20000044                U4
 .data.U5       0x20000054       0x10 build/foc.o
                0x20000054                U5
 .data.U6       0x20000064       0x10 build/foc.o
                0x20000064                U6
 .data.U7       0x20000074       0x10 build/foc.o
                0x20000074                U7
 .data.Uvects   0x20000084       0x18 build/foc.o
                0x20000084                Uvects
 .data.Music_Freqs
                0x2000009c       0x10 build/music_and_voice.o
                0x2000009c                Music_Freqs
 .data.Music_Song
                0x200000ac       0xbe build/music_and_voice.o
                0x200000ac                Music_Song
 .data.next_time.8578
                0x2000016a        0x2 build/music_and_voice.o
 .data.Rx_Mode  0x2000016c        0x1 build/uart_ext.o
 *fill*         0x2000016d        0x3 
 .data.s        0x20000170       0x16 build/uart_ext.o
                0x20000170                s
 .data.uwTickFreq
                0x20000186        0x1 build/stm32f4xx_hal.o
                0x20000186                uwTickFreq
 *fill*         0x20000187        0x1 
 .data.uwTickPrio
                0x20000188        0x4 build/stm32f4xx_hal.o
                0x20000188                uwTickPrio
 .data.SystemCoreClock
                0x2000018c        0x4 build/system_stm32f4xx.o
                0x2000018c                SystemCoreClock
 .data._impure_ptr
                0x20000190        0x4 c:/arm_gcc/bin/../lib/gcc/arm-none-eabi/9.2.1/../../../../arm-none-eabi/lib/thumb/v7e-m+fp/hard\libc_nano.a(lib_a-impure.o)
                0x20000190                _impure_ptr
 .data.impure_data
                0x20000194       0x60 c:/arm_gcc/bin/../lib/gcc/arm-none-eabi/9.2.1/../../../../arm-none-eabi/lib/thumb/v7e-m+fp/hard\libc_nano.a(lib_a-impure.o)
 .data.numempty
                0x200001f4        0x2 c:/arm_gcc/bin/../lib/gcc/arm-none-eabi/9.2.1/../../../../arm-none-eabi/lib/thumb/v7e-m+fp/hard\libc_nano.a(lib_a-lnumeric.o)
 *fill*         0x200001f6        0x2 
 .data.__global_locale
                0x200001f8      0x16c c:/arm_gcc/bin/../lib/gcc/arm-none-eabi/9.2.1/../../../../arm-none-eabi/lib/thumb/v7e-m+fp/hard\libc_nano.a(lib_a-locale.o)
                0x200001f8                __global_locale
                0x20000364                . = ALIGN (0x4)
                0x20000364                _edata = .
                0x0800b94c                _siccmram = LOADADDR (.ccmram)

.igot.plt       0x20000364        0x0 load address 0x0800b94c
 .igot.plt      0x20000364        0x0 c:/arm_gcc/bin/../lib/gcc/arm-none-eabi/9.2.1/thumb/v7e-m+fp/hard/crtbegin.o

.ccmram         0x10000000        0x0 load address 0x0800b94c
                0x10000000                . = ALIGN (0x4)
                0x10000000                _sccmram = .
 *(.ccmram)
 *(.ccmram*)
                0x10000000                . = ALIGN (0x4)
                0x10000000                _eccmram = .
                0x10000000                . = ALIGN (0x4)

.bss            0x20000364     0x1e7c
                0x20000364                _sbss = .
                0x20000364                __bss_start__ = _sbss
 *(.bss)
 .bss           0x20000364       0x1c c:/arm_gcc/bin/../lib/gcc/arm-none-eabi/9.2.1/thumb/v7e-m+fp/hard/crtbegin.o
 *(.bss*)
 .bss.CCR_Dutys.12983
                0x20000380        0xc build/foc.o
 .bss.U0        0x2000038c       0x10 build/foc.o
                0x2000038c                U0
 .bss.current1.13004
                0x2000039c        0x4 build/foc.o
 .bss.current2.13005
                0x200003a0        0x4 build/foc.o
 .bss.theta.12991
                0x200003a4        0x4 build/foc.o
 .bss.Init_OK   0x200003a8        0x1 build/main.o
                0x200003a8                Init_OK
 *fill*         0x200003a9        0x3 
 .bss.ms_cnt.10230
                0x200003ac        0x4 build/main.o
 .bss.first_time.8575
                0x200003b0        0x1 build/music_and_voice.o
 .bss.OK.8477   0x200003b1        0x1 build/as5047.o
 .bss.result.8505
                0x200003b2        0x2 build/as5047.o
 .bss.Tx_Mode   0x200003b4        0x1 build/uart_ext.o
 *fill*         0x200003b5        0x3 
 .bss.buffer_rx_count
                0x200003b8        0x4 build/uart_ext.o
                0x200003b8                buffer_rx_count
 .bss.debug_uart
                0x200003bc        0x4 build/uart_ext.o
 .bss.Pass_Time_ms
                0x200003c0        0x4 build/tim_ext.o
 .bss.Timer_Tim
                0x200003c4        0x4 build/tim_ext.o
 .bss.__malloc_free_list
                0x200003c8        0x4 c:/arm_gcc/bin/../lib/gcc/arm-none-eabi/9.2.1/../../../../arm-none-eabi/lib/thumb/v7e-m+fp/hard\libc_nano.a(lib_a-nano-mallocr.o)
                0x200003c8                __malloc_free_list
 .bss.__malloc_sbrk_start
                0x200003cc        0x4 c:/arm_gcc/bin/../lib/gcc/arm-none-eabi/9.2.1/../../../../arm-none-eabi/lib/thumb/v7e-m+fp/hard\libc_nano.a(lib_a-nano-mallocr.o)
                0x200003cc                __malloc_sbrk_start
 .bss.heap_end.5507
                0x200003d0        0x4 c:/arm_gcc/bin/../lib/gcc/arm-none-eabi/9.2.1/../../../../arm-none-eabi/lib/thumb/v7e-m+fp/hard\libnosys.a(sbrk.o)
 *(COMMON)
 COMMON         0x200003d4       0x50 build/foc.o
                0x200003d4                Test_Direction_Info
                0x200003e0                ADC_Values_Raw2
                0x200003e8                Board_Mode
                0x200003ec                ADC_Values_Raw
                0x200003f4                Ibeta
                0x200003f8                Ialpha
                0x200003fc                Measure_R_Info
                0x20000418                Measure_L_Time_Counter
                0x20000420                Position_Degree
 COMMON         0x20000424        0x1 build/main.o
                0x20000424                ms_2_flag
 *fill*         0x20000425        0x3 
 COMMON         0x20000428      0x150 build/adc.o
                0x20000428                hadc2
                0x20000470                hadc1
                0x200004b8                hdma_adc1
                0x20000518                hdma_adc2
 COMMON         0x20000578       0x28 build/can.o
                0x20000578                hcan1
 COMMON         0x200005a0       0x58 build/spi.o
                0x200005a0                hspi3
 COMMON         0x200005f8      0x100 build/tim.o
                0x200005f8                htim8
                0x20000638                htim4
                0x20000678                htim6
                0x200006b8                htim7
 COMMON         0x200006f8      0x100 build/usart.o
                0x200006f8                hdma_usart3_rx
                0x20000758                huart3
                0x20000798                hdma_usart3_tx
 COMMON         0x200007f8     0x17b0 build/music_and_voice.o
                0x200007f8                Music_Info
                0x2000081c                Voice_Data
                0x20001f8c                Voice_Init_OK
                0x20001f90                Voice_Info
                0x20001fa4                Voice_Data_End_Index
                0x20001fa6                Voice_Data_Head_Index
 COMMON         0x20001fa8        0x2 build/as5047.o
                0x20001fa8                AS_5047_Err
 *fill*         0x20001faa        0x2 
 COMMON         0x20001fac       0x86 build/uart_ext.o
                0x20001fac                buffer_rx
                0x20001fca                buffer_rx_OK
                0x20001fcc                uart_buffer
                0x20002031                buffer_rx_temp
 *fill*         0x20002032        0x2 
 COMMON         0x20002034      0x194 build/command.o
                0x20002034                CMD
 COMMON         0x200021c8        0x4 build/tim_ext.o
                0x200021c8                TIM_MAX_FREQ
 COMMON         0x200021cc        0x4 build/stm32f4xx_hal.o
                0x200021cc                uwTick
 COMMON         0x200021d0        0x4 c:/arm_gcc/bin/../lib/gcc/arm-none-eabi/9.2.1/../../../../arm-none-eabi/lib/thumb/v7e-m+fp/hard\libc_nano.a(lib_a-reent.o)
                0x200021d0                errno
 COMMON         0x200021d4        0x9 c:/arm_gcc/bin/../lib/gcc/arm-none-eabi/9.2.1/../../../../arm-none-eabi/lib/thumb/v7e-m+fp/hard\libc_nano.a(lib_a-lock.o)
                0x200021d4                __lock___atexit_recursive_mutex
                0x200021d5                __lock___arc4random_mutex
                0x200021d6                __lock___env_recursive_mutex
                0x200021d7                __lock___sinit_recursive_mutex
                0x200021d8                __lock___malloc_recursive_mutex
                0x200021d9                __lock___at_quick_exit_mutex
                0x200021da                __lock___dd_hash_mutex
                0x200021db                __lock___tz_mutex
                0x200021dc                __lock___sfp_recursive_mutex
                0x200021e0                . = ALIGN (0x4)
 *fill*         0x200021dd        0x3 
                0x200021e0                _ebss = .
                0x200021e0                __bss_end__ = _ebss

._user_heap_stack
                0x200021e0      0x600
                0x200021e0                . = ALIGN (0x8)
                0x200021e0                PROVIDE (end = .)
                [!provide]                PROVIDE (_end = .)
                0x200023e0                . = (. + _Min_Heap_Size)
 *fill*         0x200021e0      0x200 
                0x200027e0                . = (. + _Min_Stack_Size)
 *fill*         0x200023e0      0x400 
                0x200027e0                . = ALIGN (0x8)

/DISCARD/
 libc.a(*)
 libm.a(*)
 libgcc.a(*)

.ARM.attributes
                0x00000000       0x30
 *(.ARM.attributes)
 .ARM.attributes
                0x00000000       0x1e c:/arm_gcc/bin/../lib/gcc/arm-none-eabi/9.2.1/thumb/v7e-m+fp/hard/crti.o
 .ARM.attributes
                0x0000001e       0x34 c:/arm_gcc/bin/../lib/gcc/arm-none-eabi/9.2.1/thumb/v7e-m+fp/hard/crtbegin.o
 .ARM.attributes
                0x00000052       0x34 build/foc.o
 .ARM.attributes
                0x00000086       0x34 build/main.o
 .ARM.attributes
                0x000000ba       0x34 build/gpio.o
 .ARM.attributes
                0x000000ee       0x34 build/adc.o
 .ARM.attributes
                0x00000122       0x34 build/can.o
 .ARM.attributes
                0x00000156       0x34 build/dma.o
 .ARM.attributes
                0x0000018a       0x34 build/spi.o
 .ARM.attributes
                0x000001be       0x34 build/tim.o
 .ARM.attributes
                0x000001f2       0x34 build/usart.o
 .ARM.attributes
                0x00000226       0x34 build/myfunc.o
 .ARM.attributes
                0x0000025a       0x34 build/music_and_voice.o
 .ARM.attributes
                0x0000028e       0x34 build/as5047.o
 .ARM.attributes
                0x000002c2       0x34 build/uart_ext.o
 .ARM.attributes
                0x000002f6       0x34 build/command.o
 .ARM.attributes
                0x0000032a       0x34 build/tim_ext.o
 .ARM.attributes
                0x0000035e       0x39 build/arm_common_tables.o
 .ARM.attributes
                0x00000397       0x34 build/arm_sin_cos_f32.o
 .ARM.attributes
                0x000003cb       0x34 build/stm32f4xx_it.o
 .ARM.attributes
                0x000003ff       0x34 build/stm32f4xx_hal_msp.o
 .ARM.attributes
                0x00000433       0x34 build/stm32f4xx_hal_adc.o
 .ARM.attributes
                0x00000467       0x34 build/stm32f4xx_hal_can.o
 .ARM.attributes
                0x0000049b       0x34 build/stm32f4xx_hal_spi.o
 .ARM.attributes
                0x000004cf       0x34 build/stm32f4xx_hal_tim.o
 .ARM.attributes
                0x00000503       0x34 build/stm32f4xx_hal_tim_ex.o
 .ARM.attributes
                0x00000537       0x34 build/stm32f4xx_hal_uart.o
 .ARM.attributes
                0x0000056b       0x34 build/stm32f4xx_hal_rcc.o
 .ARM.attributes
                0x0000059f       0x34 build/stm32f4xx_hal_gpio.o
 .ARM.attributes
                0x000005d3       0x34 build/stm32f4xx_hal_dma.o
 .ARM.attributes
                0x00000607       0x34 build/stm32f4xx_hal_cortex.o
 .ARM.attributes
                0x0000063b       0x34 build/stm32f4xx_hal.o
 .ARM.attributes
                0x0000066f       0x34 build/system_stm32f4xx.o
 .ARM.attributes
                0x000006a3       0x21 build/startup_stm32f405xx.o
 .ARM.attributes
                0x000006c4       0x34 c:/arm_gcc/bin/../lib/gcc/arm-none-eabi/9.2.1/../../../../arm-none-eabi/lib/thumb/v7e-m+fp/hard\libc_nano.a(lib_a-atof.o)
 .ARM.attributes
                0x000006f8       0x32 c:/arm_gcc/bin/../lib/gcc/arm-none-eabi/9.2.1/../../../../arm-none-eabi/lib/thumb/v7e-m+fp/hard\libc_nano.a(lib_a-ctype_.o)
 .ARM.attributes
                0x0000072a       0x32 c:/arm_gcc/bin/../lib/gcc/arm-none-eabi/9.2.1/../../../../arm-none-eabi/lib/thumb/v7e-m+fp/hard\libc_nano.a(lib_a-impure.o)
 .ARM.attributes
                0x0000075c       0x34 c:/arm_gcc/bin/../lib/gcc/arm-none-eabi/9.2.1/../../../../arm-none-eabi/lib/thumb/v7e-m+fp/hard\libc_nano.a(lib_a-init.o)
 .ARM.attributes
                0x00000790       0x34 c:/arm_gcc/bin/../lib/gcc/arm-none-eabi/9.2.1/../../../../arm-none-eabi/lib/thumb/v7e-m+fp/hard\libc_nano.a(lib_a-malloc.o)
 .ARM.attributes
                0x000007c4       0x34 c:/arm_gcc/bin/../lib/gcc/arm-none-eabi/9.2.1/../../../../arm-none-eabi/lib/thumb/v7e-m+fp/hard\libc_nano.a(lib_a-memset.o)
 .ARM.attributes
                0x000007f8       0x34 c:/arm_gcc/bin/../lib/gcc/arm-none-eabi/9.2.1/../../../../arm-none-eabi/lib/thumb/v7e-m+fp/hard\libc_nano.a(lib_a-nano-freer.o)
 .ARM.attributes
                0x0000082c       0x34 c:/arm_gcc/bin/../lib/gcc/arm-none-eabi/9.2.1/../../../../arm-none-eabi/lib/thumb/v7e-m+fp/hard\libc_nano.a(lib_a-nano-mallocr.o)
 .ARM.attributes
                0x00000860       0x34 c:/arm_gcc/bin/../lib/gcc/arm-none-eabi/9.2.1/../../../../arm-none-eabi/lib/thumb/v7e-m+fp/hard\libc_nano.a(lib_a-nano-vfprintf_float.o)
 .ARM.attributes
                0x00000894       0x34 c:/arm_gcc/bin/../lib/gcc/arm-none-eabi/9.2.1/../../../../arm-none-eabi/lib/thumb/v7e-m+fp/hard\libc_nano.a(lib_a-nano-vfprintf_i.o)
 .ARM.attributes
                0x000008c8       0x34 c:/arm_gcc/bin/../lib/gcc/arm-none-eabi/9.2.1/../../../../arm-none-eabi/lib/thumb/v7e-m+fp/hard\libc_nano.a(lib_a-sbrkr.o)
 .ARM.attributes
                0x000008fc       0x17 c:/arm_gcc/bin/../lib/gcc/arm-none-eabi/9.2.1/../../../../arm-none-eabi/lib/thumb/v7e-m+fp/hard\libc_nano.a(lib_a-strlen.o)
 .ARM.attributes
                0x00000913       0x34 c:/arm_gcc/bin/../lib/gcc/arm-none-eabi/9.2.1/../../../../arm-none-eabi/lib/thumb/v7e-m+fp/hard\libc_nano.a(lib_a-strtod.o)
 .ARM.attributes
                0x00000947       0x34 c:/arm_gcc/bin/../lib/gcc/arm-none-eabi/9.2.1/../../../../arm-none-eabi/lib/thumb/v7e-m+fp/hard\libc_nano.a(lib_a-vsnprintf.o)
 .ARM.attributes
                0x0000097b       0x34 c:/arm_gcc/bin/../lib/gcc/arm-none-eabi/9.2.1/../../../../arm-none-eabi/lib/thumb/v7e-m+fp/hard\libc_nano.a(lib_a-dtoa.o)
 .ARM.attributes
                0x000009af       0x34 c:/arm_gcc/bin/../lib/gcc/arm-none-eabi/9.2.1/../../../../arm-none-eabi/lib/thumb/v7e-m+fp/hard\libc_nano.a(lib_a-gdtoa-gethex.o)
 .ARM.attributes
                0x000009e3       0x34 c:/arm_gcc/bin/../lib/gcc/arm-none-eabi/9.2.1/../../../../arm-none-eabi/lib/thumb/v7e-m+fp/hard\libc_nano.a(lib_a-gdtoa-hexnan.o)
 .ARM.attributes
                0x00000a17       0x34 c:/arm_gcc/bin/../lib/gcc/arm-none-eabi/9.2.1/../../../../arm-none-eabi/lib/thumb/v7e-m+fp/hard\libc_nano.a(lib_a-lnumeric.o)
 .ARM.attributes
                0x00000a4b       0x34 c:/arm_gcc/bin/../lib/gcc/arm-none-eabi/9.2.1/../../../../arm-none-eabi/lib/thumb/v7e-m+fp/hard\libc_nano.a(lib_a-locale.o)
 .ARM.attributes
                0x00000a7f       0x34 c:/arm_gcc/bin/../lib/gcc/arm-none-eabi/9.2.1/../../../../arm-none-eabi/lib/thumb/v7e-m+fp/hard\libc_nano.a(lib_a-localeconv.o)
 .ARM.attributes
                0x00000ab3       0x34 c:/arm_gcc/bin/../lib/gcc/arm-none-eabi/9.2.1/../../../../arm-none-eabi/lib/thumb/v7e-m+fp/hard\libc_nano.a(lib_a-mbtowc_r.o)
 .ARM.attributes
                0x00000ae7       0x1c c:/arm_gcc/bin/../lib/gcc/arm-none-eabi/9.2.1/../../../../arm-none-eabi/lib/thumb/v7e-m+fp/hard\libc_nano.a(lib_a-memchr.o)
 .ARM.attributes
                0x00000b03       0x34 c:/arm_gcc/bin/../lib/gcc/arm-none-eabi/9.2.1/../../../../arm-none-eabi/lib/thumb/v7e-m+fp/hard\libc_nano.a(lib_a-memcpy-stub.o)
 .ARM.attributes
                0x00000b37       0x34 c:/arm_gcc/bin/../lib/gcc/arm-none-eabi/9.2.1/../../../../arm-none-eabi/lib/thumb/v7e-m+fp/hard\libc_nano.a(lib_a-mlock.o)
 .ARM.attributes
                0x00000b6b       0x34 c:/arm_gcc/bin/../lib/gcc/arm-none-eabi/9.2.1/../../../../arm-none-eabi/lib/thumb/v7e-m+fp/hard\libc_nano.a(lib_a-mprec.o)
 .ARM.attributes
                0x00000b9f       0x34 c:/arm_gcc/bin/../lib/gcc/arm-none-eabi/9.2.1/../../../../arm-none-eabi/lib/thumb/v7e-m+fp/hard\libc_nano.a(lib_a-nano-callocr.o)
 .ARM.attributes
                0x00000bd3       0x34 c:/arm_gcc/bin/../lib/gcc/arm-none-eabi/9.2.1/../../../../arm-none-eabi/lib/thumb/v7e-m+fp/hard\libc_nano.a(lib_a-nano-svfprintf.o)
 .ARM.attributes
                0x00000c07       0x34 c:/arm_gcc/bin/../lib/gcc/arm-none-eabi/9.2.1/../../../../arm-none-eabi/lib/thumb/v7e-m+fp/hard\libc_nano.a(lib_a-reent.o)
 .ARM.attributes
                0x00000c3b       0x34 c:/arm_gcc/bin/../lib/gcc/arm-none-eabi/9.2.1/../../../../arm-none-eabi/lib/thumb/v7e-m+fp/hard\libc_nano.a(lib_a-s_nan.o)
 .ARM.attributes
                0x00000c6f       0x34 c:/arm_gcc/bin/../lib/gcc/arm-none-eabi/9.2.1/../../../../arm-none-eabi/lib/thumb/v7e-m+fp/hard\libc_nano.a(lib_a-strncmp.o)
 .ARM.attributes
                0x00000ca3       0x34 c:/arm_gcc/bin/../lib/gcc/arm-none-eabi/9.2.1/../../../../arm-none-eabi/lib/thumb/v7e-m+fp/hard\libc_nano.a(lib_a-wctomb_r.o)
 .ARM.attributes
                0x00000cd7       0x34 c:/arm_gcc/bin/../lib/gcc/arm-none-eabi/9.2.1/../../../../arm-none-eabi/lib/thumb/v7e-m+fp/hard\libc_nano.a(lib_a-lock.o)
 .ARM.attributes
                0x00000d0b       0x34 c:/arm_gcc/bin/../lib/gcc/arm-none-eabi/9.2.1/../../../../arm-none-eabi/lib/thumb/v7e-m+fp/hard\libc_nano.a(lib_a-memmove.o)
 .ARM.attributes
                0x00000d3f       0x34 c:/arm_gcc/bin/../lib/gcc/arm-none-eabi/9.2.1/../../../../arm-none-eabi/lib/thumb/v7e-m+fp/hard\libc_nano.a(lib_a-nano-reallocr.o)
 .ARM.attributes
                0x00000d73       0x34 c:/arm_gcc/bin/../lib/gcc/arm-none-eabi/9.2.1/../../../../arm-none-eabi/lib/thumb/v7e-m+fp/hard\libc_nano.a(lib_a-nano-msizer.o)
 .ARM.attributes
                0x00000da7       0x34 c:/arm_gcc/bin/../lib/gcc/arm-none-eabi/9.2.1/../../../../arm-none-eabi/lib/thumb/v7e-m+fp/hard\libm.a(lib_a-sf_cos.o)
 .ARM.attributes
                0x00000ddb       0x34 c:/arm_gcc/bin/../lib/gcc/arm-none-eabi/9.2.1/../../../../arm-none-eabi/lib/thumb/v7e-m+fp/hard\libm.a(lib_a-sf_sin.o)
 .ARM.attributes
                0x00000e0f       0x34 c:/arm_gcc/bin/../lib/gcc/arm-none-eabi/9.2.1/../../../../arm-none-eabi/lib/thumb/v7e-m+fp/hard\libm.a(lib_a-ef_rem_pio2.o)
 .ARM.attributes
                0x00000e43       0x34 c:/arm_gcc/bin/../lib/gcc/arm-none-eabi/9.2.1/../../../../arm-none-eabi/lib/thumb/v7e-m+fp/hard\libm.a(lib_a-kf_cos.o)
 .ARM.attributes
                0x00000e77       0x34 c:/arm_gcc/bin/../lib/gcc/arm-none-eabi/9.2.1/../../../../arm-none-eabi/lib/thumb/v7e-m+fp/hard\libm.a(lib_a-kf_rem_pio2.o)
 .ARM.attributes
                0x00000eab       0x34 c:/arm_gcc/bin/../lib/gcc/arm-none-eabi/9.2.1/../../../../arm-none-eabi/lib/thumb/v7e-m+fp/hard\libm.a(lib_a-kf_sin.o)
 .ARM.attributes
                0x00000edf       0x34 c:/arm_gcc/bin/../lib/gcc/arm-none-eabi/9.2.1/../../../../arm-none-eabi/lib/thumb/v7e-m+fp/hard\libm.a(lib_a-sf_fabs.o)
 .ARM.attributes
                0x00000f13       0x34 c:/arm_gcc/bin/../lib/gcc/arm-none-eabi/9.2.1/../../../../arm-none-eabi/lib/thumb/v7e-m+fp/hard\libm.a(lib_a-sf_floor.o)
 .ARM.attributes
                0x00000f47       0x34 c:/arm_gcc/bin/../lib/gcc/arm-none-eabi/9.2.1/../../../../arm-none-eabi/lib/thumb/v7e-m+fp/hard\libm.a(lib_a-sf_scalbn.o)
 .ARM.attributes
                0x00000f7b       0x34 c:/arm_gcc/bin/../lib/gcc/arm-none-eabi/9.2.1/../../../../arm-none-eabi/lib/thumb/v7e-m+fp/hard\libnosys.a(sbrk.o)
 .ARM.attributes
                0x00000faf       0x1e c:/arm_gcc/bin/../lib/gcc/arm-none-eabi/9.2.1/thumb/v7e-m+fp/hard\libgcc.a(_arm_addsubdf3.o)
 .ARM.attributes
                0x00000fcd       0x1e c:/arm_gcc/bin/../lib/gcc/arm-none-eabi/9.2.1/thumb/v7e-m+fp/hard\libgcc.a(_arm_muldivdf3.o)
 .ARM.attributes
                0x00000feb       0x1e c:/arm_gcc/bin/../lib/gcc/arm-none-eabi/9.2.1/thumb/v7e-m+fp/hard\libgcc.a(_arm_cmpdf2.o)
 .ARM.attributes
                0x00001009       0x1e c:/arm_gcc/bin/../lib/gcc/arm-none-eabi/9.2.1/thumb/v7e-m+fp/hard\libgcc.a(_arm_unorddf2.o)
 .ARM.attributes
                0x00001027       0x1e c:/arm_gcc/bin/../lib/gcc/arm-none-eabi/9.2.1/thumb/v7e-m+fp/hard\libgcc.a(_arm_fixdfsi.o)
 .ARM.attributes
                0x00001045       0x1e c:/arm_gcc/bin/../lib/gcc/arm-none-eabi/9.2.1/thumb/v7e-m+fp/hard\libgcc.a(_arm_fixunsdfsi.o)
 .ARM.attributes
                0x00001063       0x1e c:/arm_gcc/bin/../lib/gcc/arm-none-eabi/9.2.1/thumb/v7e-m+fp/hard\libgcc.a(_arm_truncdfsf2.o)
 .ARM.attributes
                0x00001081       0x1e c:/arm_gcc/bin/../lib/gcc/arm-none-eabi/9.2.1/thumb/v7e-m+fp/hard\libgcc.a(_aeabi_uldivmod.o)
 .ARM.attributes
                0x0000109f       0x34 c:/arm_gcc/bin/../lib/gcc/arm-none-eabi/9.2.1/thumb/v7e-m+fp/hard\libgcc.a(_fixdfdi.o)
 .ARM.attributes
                0x000010d3       0x34 c:/arm_gcc/bin/../lib/gcc/arm-none-eabi/9.2.1/thumb/v7e-m+fp/hard\libgcc.a(_fixunsdfdi.o)
 .ARM.attributes
                0x00001107       0x34 c:/arm_gcc/bin/../lib/gcc/arm-none-eabi/9.2.1/thumb/v7e-m+fp/hard\libgcc.a(_udivmoddi4.o)
 .ARM.attributes
                0x0000113b       0x1e c:/arm_gcc/bin/../lib/gcc/arm-none-eabi/9.2.1/thumb/v7e-m+fp/hard\libgcc.a(_dvmd_tls.o)
 .ARM.attributes
                0x00001159       0x1e c:/arm_gcc/bin/../lib/gcc/arm-none-eabi/9.2.1/thumb/v7e-m+fp/hard/crtn.o
OUTPUT(build/foc.elf elf32-littlearm)

.debug_info     0x00000000    0x24aed
 .debug_info    0x00000000     0x25b7 build/foc.o
 .debug_info    0x000025b7     0x2522 build/main.o
 .debug_info    0x00004ad9      0x5d2 build/gpio.o
 .debug_info    0x000050ab      0xe7e build/adc.o
 .debug_info    0x00005f29      0xa4c build/can.o
 .debug_info    0x00006975      0x689 build/dma.o
 .debug_info    0x00006ffe      0xb9d build/spi.o
 .debug_info    0x00007b9b     0x164e build/tim.o
 .debug_info    0x000091e9     0x179c build/usart.o
 .debug_info    0x0000a985     0x1153 build/myfunc.o
 .debug_info    0x0000bad8     0x161c build/music_and_voice.o
 .debug_info    0x0000d0f4     0x1073 build/as5047.o
 .debug_info    0x0000e167     0x159b build/uart_ext.o
 .debug_info    0x0000f702     0x147b build/command.o
 .debug_info    0x00010b7d     0x1208 build/tim_ext.o
 .debug_info    0x00011d85     0x1584 build/arm_common_tables.o
 .debug_info    0x00013309     0x1368 build/arm_sin_cos_f32.o
 .debug_info    0x00014671      0xc5c build/stm32f4xx_it.o
 .debug_info    0x000152cd      0x388 build/stm32f4xx_hal_msp.o
 .debug_info    0x00015655     0x1057 build/stm32f4xx_hal_adc.o
 .debug_info    0x000166ac     0x1422 build/stm32f4xx_hal_can.o
 .debug_info    0x00017ace     0x1fce build/stm32f4xx_hal_spi.o
 .debug_info    0x00019a9c     0x3955 build/stm32f4xx_hal_tim.o
 .debug_info    0x0001d3f1     0x181f build/stm32f4xx_hal_tim_ex.o
 .debug_info    0x0001ec10     0x1b32 build/stm32f4xx_hal_uart.o
 .debug_info    0x00020742      0xbd9 build/stm32f4xx_hal_rcc.o
 .debug_info    0x0002131b      0x8b8 build/stm32f4xx_hal_gpio.o
 .debug_info    0x00021bd3      0xc2e build/stm32f4xx_hal_dma.o
 .debug_info    0x00022801     0x11cf build/stm32f4xx_hal_cortex.o
 .debug_info    0x000239d0      0xb1c build/stm32f4xx_hal.o
 .debug_info    0x000244ec      0x5df build/system_stm32f4xx.o
 .debug_info    0x00024acb       0x22 build/startup_stm32f405xx.o

.debug_abbrev   0x00000000     0x4fb3
 .debug_abbrev  0x00000000      0x5ca build/foc.o
 .debug_abbrev  0x000005ca      0x314 build/main.o
 .debug_abbrev  0x000008de      0x17e build/gpio.o
 .debug_abbrev  0x00000a5c      0x1f9 build/adc.o
 .debug_abbrev  0x00000c55      0x1e9 build/can.o
 .debug_abbrev  0x00000e3e      0x156 build/dma.o
 .debug_abbrev  0x00000f94      0x1f1 build/spi.o
 .debug_abbrev  0x00001185      0x260 build/tim.o
 .debug_abbrev  0x000013e5      0x28c build/usart.o
 .debug_abbrev  0x00001671      0x2fe build/myfunc.o
 .debug_abbrev  0x0000196f      0x383 build/music_and_voice.o
 .debug_abbrev  0x00001cf2      0x294 build/as5047.o
 .debug_abbrev  0x00001f86      0x33c build/uart_ext.o
 .debug_abbrev  0x000022c2      0x317 build/command.o
 .debug_abbrev  0x000025d9      0x2e6 build/tim_ext.o
 .debug_abbrev  0x000028bf      0x1ea build/arm_common_tables.o
 .debug_abbrev  0x00002aa9      0x22c build/arm_sin_cos_f32.o
 .debug_abbrev  0x00002cd5      0x208 build/stm32f4xx_it.o
 .debug_abbrev  0x00002edd      0x100 build/stm32f4xx_hal_msp.o
 .debug_abbrev  0x00002fdd      0x2be build/stm32f4xx_hal_adc.o
 .debug_abbrev  0x0000329b      0x2af build/stm32f4xx_hal_can.o
 .debug_abbrev  0x0000354a      0x2d2 build/stm32f4xx_hal_spi.o
 .debug_abbrev  0x0000381c      0x2af build/stm32f4xx_hal_tim.o
 .debug_abbrev  0x00003acb      0x2ab build/stm32f4xx_hal_tim_ex.o
 .debug_abbrev  0x00003d76      0x2fe build/stm32f4xx_hal_uart.o
 .debug_abbrev  0x00004074      0x2cd build/stm32f4xx_hal_rcc.o
 .debug_abbrev  0x00004341      0x258 build/stm32f4xx_hal_gpio.o
 .debug_abbrev  0x00004599      0x312 build/stm32f4xx_hal_dma.o
 .debug_abbrev  0x000048ab      0x3a8 build/stm32f4xx_hal_cortex.o
 .debug_abbrev  0x00004c53      0x220 build/stm32f4xx_hal.o
 .debug_abbrev  0x00004e73      0x12e build/system_stm32f4xx.o
 .debug_abbrev  0x00004fa1       0x12 build/startup_stm32f405xx.o

.debug_loc      0x00000000    0x11300
 .debug_loc     0x00000000      0xe85 build/foc.o
 .debug_loc     0x00000e85       0x79 build/main.o
 .debug_loc     0x00000efe       0x39 build/gpio.o
 .debug_loc     0x00000f37      0x19a build/adc.o
 .debug_loc     0x000010d1      0x108 build/can.o
 .debug_loc     0x000011d9       0x38 build/dma.o
 .debug_loc     0x00001211      0x108 build/spi.o
 .debug_loc     0x00001319      0x461 build/tim.o
 .debug_loc     0x0000177a       0xf5 build/usart.o
 .debug_loc     0x0000186f      0x4d4 build/myfunc.o
 .debug_loc     0x00001d43      0x287 build/music_and_voice.o
 .debug_loc     0x00001fca      0x3d8 build/as5047.o
 .debug_loc     0x000023a2      0x4da build/uart_ext.o
 .debug_loc     0x0000287c      0x596 build/command.o
 .debug_loc     0x00002e12       0xbf build/tim_ext.o
 .debug_loc     0x00002ed1      0x4f9 build/arm_sin_cos_f32.o
 .debug_loc     0x000033ca      0x120 build/stm32f4xx_it.o
 .debug_loc     0x000034ea       0x2c build/stm32f4xx_hal_msp.o
 .debug_loc     0x00003516      0xda2 build/stm32f4xx_hal_adc.o
 .debug_loc     0x000042b8      0xf4a build/stm32f4xx_hal_can.o
 .debug_loc     0x00005202     0x2387 build/stm32f4xx_hal_spi.o
 .debug_loc     0x00007589     0x457e build/stm32f4xx_hal_tim.o
 .debug_loc     0x0000bb07     0x15ca build/stm32f4xx_hal_tim_ex.o
 .debug_loc     0x0000d0d1     0x1d3d build/stm32f4xx_hal_uart.o
 .debug_loc     0x0000ee0e      0x698 build/stm32f4xx_hal_rcc.o
 .debug_loc     0x0000f4a6      0x5e1 build/stm32f4xx_hal_gpio.o
 .debug_loc     0x0000fa87      0xd6d build/stm32f4xx_hal_dma.o
 .debug_loc     0x000107f4      0x7d4 build/stm32f4xx_hal_cortex.o
 .debug_loc     0x00010fc8      0x1cc build/stm32f4xx_hal.o
 .debug_loc     0x00011194      0x16c build/system_stm32f4xx.o

.debug_aranges  0x00000000     0x1340
 .debug_aranges
                0x00000000       0xc8 build/foc.o
 .debug_aranges
                0x000000c8       0x38 build/main.o
 .debug_aranges
                0x00000100       0x20 build/gpio.o
 .debug_aranges
                0x00000120       0x38 build/adc.o
 .debug_aranges
                0x00000158       0x30 build/can.o
 .debug_aranges
                0x00000188       0x20 build/dma.o
 .debug_aranges
                0x000001a8       0x30 build/spi.o
 .debug_aranges
                0x000001d8       0x70 build/tim.o
 .debug_aranges
                0x00000248       0x30 build/usart.o
 .debug_aranges
                0x00000278       0x58 build/myfunc.o
 .debug_aranges
                0x000002d0       0x40 build/music_and_voice.o
 .debug_aranges
                0x00000310       0x48 build/as5047.o
 .debug_aranges
                0x00000358       0x68 build/uart_ext.o
 .debug_aranges
                0x000003c0       0x40 build/command.o
 .debug_aranges
                0x00000400       0x38 build/tim_ext.o
 .debug_aranges
                0x00000438       0x18 build/arm_common_tables.o
 .debug_aranges
                0x00000450       0x20 build/arm_sin_cos_f32.o
 .debug_aranges
                0x00000470       0xa0 build/stm32f4xx_it.o
 .debug_aranges
                0x00000510       0x20 build/stm32f4xx_hal_msp.o
 .debug_aranges
                0x00000530       0xe8 build/stm32f4xx_hal_adc.o
 .debug_aranges
                0x00000618      0x138 build/stm32f4xx_hal_can.o
 .debug_aranges
                0x00000750      0x1d0 build/stm32f4xx_hal_spi.o
 .debug_aranges
                0x00000920      0x3a8 build/stm32f4xx_hal_tim.o
 .debug_aranges
                0x00000cc8      0x150 build/stm32f4xx_hal_tim_ex.o
 .debug_aranges
                0x00000e18      0x1d0 build/stm32f4xx_hal_uart.o
 .debug_aranges
                0x00000fe8       0x88 build/stm32f4xx_hal_rcc.o
 .debug_aranges
                0x00001070       0x58 build/stm32f4xx_hal_gpio.o
 .debug_aranges
                0x000010c8       0x90 build/stm32f4xx_hal_dma.o
 .debug_aranges
                0x00001158       0xa8 build/stm32f4xx_hal_cortex.o
 .debug_aranges
                0x00001200       0xf0 build/stm32f4xx_hal.o
 .debug_aranges
                0x000012f0       0x28 build/system_stm32f4xx.o
 .debug_aranges
                0x00001318       0x28 build/startup_stm32f405xx.o

.debug_ranges   0x00000000     0x1220
 .debug_ranges  0x00000000       0xd8 build/foc.o
 .debug_ranges  0x000000d8       0x28 build/main.o
 .debug_ranges  0x00000100       0x10 build/gpio.o
 .debug_ranges  0x00000110       0x28 build/adc.o
 .debug_ranges  0x00000138       0x20 build/can.o
 .debug_ranges  0x00000158       0x10 build/dma.o
 .debug_ranges  0x00000168       0x20 build/spi.o
 .debug_ranges  0x00000188       0x60 build/tim.o