Archive member included to satisfy reference by file (symbol)

c:/arm_gcc/bin/../lib/gcc/arm-none-eabi/9.2.1/../../../../arm-none-eabi/lib/thumb/v7e-m+fp/hard\libc_nano.a(lib_a-exit.o)
                              c:/arm_gcc/bin/../lib/gcc/arm-none-eabi/9.2.1/../../../../arm-none-eabi/lib/thumb/v7e-m+fp/hard/crt0.o (exit)
c:/arm_gcc/bin/../lib/gcc/arm-none-eabi/9.2.1/../../../../arm-none-eabi/lib/thumb/v7e-m+fp/hard\libc_nano.a(lib_a-impure.o)
                              c:/arm_gcc/bin/../lib/gcc/arm-none-eabi/9.2.1/../../../../arm-none-eabi/lib/thumb/v7e-m+fp/hard\libc_nano.a(lib_a-exit.o) (_global_impure_ptr)
c:/arm_gcc/bin/../lib/gcc/arm-none-eabi/9.2.1/../../../../arm-none-eabi/lib/thumb/v7e-m+fp/hard\libc_nano.a(lib_a-init.o)
                              c:/arm_gcc/bin/../lib/gcc/arm-none-eabi/9.2.1/../../../../arm-none-eabi/lib/thumb/v7e-m+fp/hard/crt0.o (__libc_init_array)
c:/arm_gcc/bin/../lib/gcc/arm-none-eabi/9.2.1/../../../../arm-none-eabi/lib/thumb/v7e-m+fp/hard\libc_nano.a(lib_a-memset.o)
                              c:/arm_gcc/bin/../lib/gcc/arm-none-eabi/9.2.1/../../../../arm-none-eabi/lib/thumb/v7e-m+fp/hard/crt0.o (memset)
c:/arm_gcc/bin/../lib/gcc/arm-none-eabi/9.2.1/../../../../arm-none-eabi/lib/thumb/v7e-m+fp/hard\libm.a(lib_a-sf_cos.o)
                              build/foc.o (cosf)
c:/arm_gcc/bin/../lib/gcc/arm-none-eabi/9.2.1/../../../../arm-none-eabi/lib/thumb/v7e-m+fp/hard\libm.a(lib_a-sf_sin.o)
                              build/foc.o (sinf)
c:/arm_gcc/bin/../lib/gcc/arm-none-eabi/9.2.1/../../../../arm-none-eabi/lib/thumb/v7e-m+fp/hard\libm.a(lib_a-ef_rem_pio2.o)
                              c:/arm_gcc/bin/../lib/gcc/arm-none-eabi/9.2.1/../../../../arm-none-eabi/lib/thumb/v7e-m+fp/hard\libm.a(lib_a-sf_cos.o) (__ieee754_rem_pio2f)
c:/arm_gcc/bin/../lib/gcc/arm-none-eabi/9.2.1/../../../../arm-none-eabi/lib/thumb/v7e-m+fp/hard\libm.a(lib_a-kf_cos.o)
                              c:/arm_gcc/bin/../lib/gcc/arm-none-eabi/9.2.1/../../../../arm-none-eabi/lib/thumb/v7e-m+fp/hard\libm.a(lib_a-sf_cos.o) (__kernel_cosf)
c:/arm_gcc/bin/../lib/gcc/arm-none-eabi/9.2.1/../../../../arm-none-eabi/lib/thumb/v7e-m+fp/hard\libm.a(lib_a-kf_rem_pio2.o)
                              c:/arm_gcc/bin/../lib/gcc/arm-none-eabi/9.2.1/../../../../arm-none-eabi/lib/thumb/v7e-m+fp/hard\libm.a(lib_a-ef_rem_pio2.o) (__kernel_rem_pio2f)
c:/arm_gcc/bin/../lib/gcc/arm-none-eabi/9.2.1/../../../../arm-none-eabi/lib/thumb/v7e-m+fp/hard\libm.a(lib_a-kf_sin.o)
                              c:/arm_gcc/bin/../lib/gcc/arm-none-eabi/9.2.1/../../../../arm-none-eabi/lib/thumb/v7e-m+fp/hard\libm.a(lib_a-sf_cos.o) (__kernel_sinf)
c:/arm_gcc/bin/../lib/gcc/arm-none-eabi/9.2.1/../../../../arm-none-eabi/lib/thumb/v7e-m+fp/hard\libm.a(lib_a-sf_fabs.o)
                              c:/arm_gcc/bin/../lib/gcc/arm-none-eabi/9.2.1/../../../../arm-none-eabi/lib/thumb/v7e-m+fp/hard\libm.a(lib_a-ef_rem_pio2.o) (fabsf)
c:/arm_gcc/bin/../lib/gcc/arm-none-eabi/9.2.1/../../../../arm-none-eabi/lib/thumb/v7e-m+fp/hard\libm.a(lib_a-sf_floor.o)
                              c:/arm_gcc/bin/../lib/gcc/arm-none-eabi/9.2.1/../../../../arm-none-eabi/lib/thumb/v7e-m+fp/hard\libm.a(lib_a-kf_rem_pio2.o) (floorf)
c:/arm_gcc/bin/../lib/gcc/arm-none-eabi/9.2.1/../../../../arm-none-eabi/lib/thumb/v7e-m+fp/hard\libm.a(lib_a-sf_scalbn.o)
                              c:/arm_gcc/bin/../lib/gcc/arm-none-eabi/9.2.1/../../../../arm-none-eabi/lib/thumb/v7e-m+fp/hard\libm.a(lib_a-kf_rem_pio2.o) (scalbnf)
c:/arm_gcc/bin/../lib/gcc/arm-none-eabi/9.2.1/../../../../arm-none-eabi/lib/thumb/v7e-m+fp/hard\libnosys.a(_exit.o)
                              c:/arm_gcc/bin/../lib/gcc/arm-none-eabi/9.2.1/../../../../arm-none-eabi/lib/thumb/v7e-m+fp/hard\libc_nano.a(lib_a-exit.o) (_exit)
c:/arm_gcc/bin/../lib/gcc/arm-none-eabi/9.2.1/thumb/v7e-m+fp/hard\libgcc.a(_aeabi_uldivmod.o)
                              build/stm32f4xx_hal_rcc.o (__aeabi_uldivmod)
c:/arm_gcc/bin/../lib/gcc/arm-none-eabi/9.2.1/thumb/v7e-m+fp/hard\libgcc.a(_udivmoddi4.o)
                              c:/arm_gcc/bin/../lib/gcc/arm-none-eabi/9.2.1/thumb/v7e-m+fp/hard\libgcc.a(_aeabi_uldivmod.o) (__udivmoddi4)
c:/arm_gcc/bin/../lib/gcc/arm-none-eabi/9.2.1/thumb/v7e-m+fp/hard\libgcc.a(_dvmd_tls.o)
                              c:/arm_gcc/bin/../lib/gcc/arm-none-eabi/9.2.1/thumb/v7e-m+fp/hard\libgcc.a(_aeabi_uldivmod.o) (__aeabi_ldiv0)

Allocating common symbols
Common symbol       size              file

ADC_Values_Raw2     0x8               build/foc.o
htim8               0x40              build/tim.o
htim4               0x40              build/tim.o
hdma_usart3_rx      0x60              build/usart.o
huart3              0x40              build/usart.o
hadc2               0x48              build/adc.o
ms_2_flag           0x1               build/main.o
uwTick              0x4               build/stm32f4xx_hal.o
hdma_usart3_tx      0x60              build/usart.o
[...]
Memory Configuration

Name             Origin             Length             Attributes
RAM              0x20000000         0x00020000         xrw
CCMRAM           0x10000000         0x00010000         rw
FLASH            0x08000000         0x00100000         xr
*default*        0x00000000         0xffffffff

Linker script and memory map

LOAD c:/arm_gcc/bin/../lib/gcc/arm-none-eabi/9.2.1/thumb/v7e-m+fp/hard/crti.o
LOAD c:/arm_gcc/bin/../lib/gcc/arm-none-eabi/9.2.1/thumb/v7e-m+fp/hard/crtbegin.o
LOAD c:/arm_gcc/bin/../lib/gcc/arm-none-eabi/9.2.1/../../../../arm-none-eabi/lib/thumb/v7e-m+fp/hard/crt0.o
LOAD build/foc.o
LOAD build/main.o
LOAD build/gpio.o
LOAD build/adc.o
LOAD build/can.o
LOAD build/dma.o
LOAD build/spi.o
LOAD build/tim.o
LOAD build/usart.o
LOAD build/arm_common_tables.o
LOAD build/arm_sin_cos_f32.o
LOAD build/stm32f4xx_it.o
LOAD build/stm32f4xx_hal_msp.o
LOAD build/stm32f4xx_hal_adc.o
LOAD build/stm32f4xx_hal_adc_ex.o
LOAD build/stm32f4xx_hal_can.o
LOAD build/stm32f4xx_hal_spi.o
LOAD build/stm32f4xx_hal_tim.o
LOAD build/stm32f4xx_hal_tim_ex.o
LOAD build/stm32f4xx_hal_uart.o
LOAD build/stm32f4xx_hal_rcc.o
LOAD build/stm32f4xx_hal_rcc_ex.o
LOAD build/stm32f4xx_hal_flash.o
LOAD build/stm32f4xx_hal_flash_ex.o
LOAD build/stm32f4xx_hal_flash_ramfunc.o
LOAD build/stm32f4xx_hal_gpio.o
LOAD build/stm32f4xx_hal_dma_ex.o
LOAD build/stm32f4xx_hal_dma.o
LOAD build/stm32f4xx_hal_pwr.o
LOAD build/stm32f4xx_hal_pwr_ex.o
LOAD build/stm32f4xx_hal_cortex.o
LOAD build/stm32f4xx_hal.o
LOAD build/stm32f4xx_hal_exti.o
LOAD build/system_stm32f4xx.o
LOAD build/startup_stm32f405xx.o
LOAD c:/arm_gcc/bin/../lib/gcc/arm-none-eabi/9.2.1/../../../../arm-none-eabi/lib/thumb/v7e-m+fp/hard\libc_nano.a
LOAD c:/arm_gcc/bin/../lib/gcc/arm-none-eabi/9.2.1/../../../../arm-none-eabi/lib/thumb/v7e-m+fp/hard\libm.a
LOAD c:/arm_gcc/bin/../lib/gcc/arm-none-eabi/9.2.1/../../../../arm-none-eabi/lib/thumb/v7e-m+fp/hard\libnosys.a
START GROUP
LOAD c:/arm_gcc/bin/../lib/gcc/arm-none-eabi/9.2.1/thumb/v7e-m+fp/hard\libgcc.a
LOAD c:/arm_gcc/bin/../lib/gcc/arm-none-eabi/9.2.1/../../../../arm-none-eabi/lib/thumb/v7e-m+fp/hard\libc_nano.a
END GROUP
START GROUP
LOAD c:/arm_gcc/bin/../lib/gcc/arm-none-eabi/9.2.1/thumb/v7e-m+fp/hard\libgcc.a
LOAD c:/arm_gcc/bin/../lib/gcc/arm-none-eabi/9.2.1/../../../../arm-none-eabi/lib/thumb/v7e-m+fp/hard\libc_nano.a
END GROUP
LOAD c:/arm_gcc/bin/../lib/gcc/arm-none-eabi/9.2.1/thumb/v7e-m+fp/hard/crtend.o
LOAD c:/arm_gcc/bin/../lib/gcc/arm-none-eabi/9.2.1/thumb/v7e-m+fp/hard/crtn.o
                0x20020000                _estack = 0x20020000
                0x00000200                _Min_Heap_Size = 0x200
                0x00000400                _Min_Stack_Size = 0x400

.isr_vector     0x08000000      0x188
                0x08000000                . = ALIGN (0x4)
 *(.isr_vector)
 .isr_vector    0x08000000      0x188 build/startup_stm32f405xx.o
                0x08000000                g_pfnVectors
                0x08000188                . = ALIGN (0x4)

.text           0x08000188     0x4448
                0x08000188                . = ALIGN (0x4)
 *(.text)
 .text          0x08000188       0x40 c:/arm_gcc/bin/../lib/gcc/arm-none-eabi/9.2.1/thumb/v7e-m+fp/hard/crtbegin.o
 .text          0x080001c8       0x30 c:/arm_gcc/bin/../lib/gcc/arm-none-eabi/9.2.1/thumb/v7e-m+fp/hard\libgcc.a(_aeabi_uldivmod.o)
                0x080001c8                __aeabi_uldivmod
 .text          0x080001f8      0x2c4 c:/arm_gcc/bin/../lib/gcc/arm-none-eabi/9.2.1/thumb/v7e-m+fp/hard\libgcc.a(_udivmoddi4.o)
                0x080001f8                __udivmoddi4
 .text          0x080004bc        0x4 c:/arm_gcc/bin/../lib/gcc/arm-none-eabi/9.2.1/thumb/v7e-m+fp/hard\libgcc.a(_dvmd_tls.o)
                0x080004bc                __aeabi_idiv0
                0x080004bc                __aeabi_ldiv0
 *(.text*)
 .text.UVects_Init
                0x080004c0       0x40 build/foc.o
                0x080004c0                UVects_Init
 .text.Foc_Init
                0x08000500       0x48 build/foc.o
                0x08000500                Foc_Init
 .text.get_area
                0x08000548       0x14 build/foc.o
                0x08000548                get_area
 .text.get_area_u
                0x0800055c       0x9c build/foc.o
                0x0800055c                get_area_u
 .text.get_ccr_duty
                0x080005f8       0xf4 build/foc.o
                0x080005f8                get_ccr_duty
 .text.SVPWM_Step
                0x080006ec       0x5c build/foc.o
                0x080006ec                SVPWM_Step
 .text.SVPWM_Normal_CalT1T2
                0x08000748       0xd0 build/foc.o
                0x08000748                SVPWM_Normal_CalT1T2
 .text.Theta_Handler
                0x08000818       0xf8 build/foc.o
                0x08000818                Theta_Handler
 .text.HAL_TIM_PeriodElapsedCallback
                0x08000910       0x3c build/foc.o
                0x08000910                HAL_TIM_PeriodElapsedCallback
 .text.HAL_ADC_ConvCpltCallback
                0x0800094c        0x2 build/foc.o
                0x0800094c                HAL_ADC_ConvCpltCallback
 *fill*         0x0800094e        0x2 
 .text.SystemClock_Config
                0x08000950       0x94 build/main.o
                0x08000950                SystemClock_Config
 .text.main     0x080009e4       0x98 build/main.o
                0x080009e4                main
 .text.MS_IRQ_Handler
                0x08000a7c       0x30 build/main.o
                0x08000a7c                MS_IRQ_Handler
 .text.Error_Handler
                0x08000aac        0x2 build/main.o
                0x08000aac                Error_Handler
 *fill*         0x08000aae        0x2 
 .text.MX_GPIO_Init
                0x08000ab0       0xd0 build/gpio.o
                0x08000ab0                MX_GPIO_Init
 .text.MX_ADC1_Init
                0x08000b80       0x8c build/adc.o
                0x08000b80                MX_ADC1_Init
 .text.MX_ADC2_Init
                0x08000c0c       0xa4 build/adc.o
                0x08000c0c                MX_ADC2_Init
 .text.HAL_ADC_MspInit
                0x08000cb0      0x18c build/adc.o
                0x08000cb0                HAL_ADC_MspInit
 .text.MX_CAN1_Init
                0x08000e3c       0x38 build/can.o
                0x08000e3c                MX_CAN1_Init
 .text.HAL_CAN_MspInit
                0x08000e74       0x70 build/can.o
                0x08000e74                HAL_CAN_MspInit
 .text.MX_DMA_Init
                0x08000ee4       0x78 build/dma.o
                0x08000ee4                MX_DMA_Init
 .text.MX_SPI3_Init
                0x08000f5c       0x40 build/spi.o
                0x08000f5c                MX_SPI3_Init
 .text.HAL_SPI_MspInit
                0x08000f9c       0x70 build/spi.o
                0x08000f9c                HAL_SPI_MspInit
 .text.MX_TIM4_Init
                0x0800100c       0x60 build/tim.o
                0x0800100c                MX_TIM4_Init
 .text.MX_TIM6_Init
                0x0800106c       0x50 build/tim.o
                0x0800106c                MX_TIM6_Init
 .text.MX_TIM7_Init
                0x080010bc       0x4c build/tim.o
                0x080010bc                MX_TIM7_Init
 .text.HAL_TIM_Encoder_MspInit
                0x08001108       0x6c build/tim.o
                0x08001108                HAL_TIM_Encoder_MspInit
 .text.HAL_TIM_Base_MspInit
                0x08001174       0x74 build/tim.o
                0x08001174                HAL_TIM_Base_MspInit
 .text.HAL_TIM_PWM_MspInit
                0x080011e8       0x40 build/tim.o
                0x080011e8                HAL_TIM_PWM_MspInit
 .text.HAL_TIM_MspPostInit
                0x08001228       0xb4 build/tim.o
                0x08001228                HAL_TIM_MspPostInit
 .text.MX_TIM8_Init
                0x080012dc      0x10c build/tim.o
                0x080012dc                MX_TIM8_Init
 .text.MX_USART3_UART_Init
                0x080013e8       0x34 build/usart.o
                0x080013e8                MX_USART3_UART_Init
 .text.HAL_UART_MspInit
                0x0800141c       0xec build/usart.o
                0x0800141c                HAL_UART_MspInit
 .text.send_wave
                0x08001508       0x30 build/usart.o
                0x08001508                send_wave
 .text.arm_sin_cos_f32
                0x08001538      0x12c build/arm_sin_cos_f32.o
                0x08001538                arm_sin_cos_f32
 .text.NMI_Handler
                0x08001664        0x2 build/stm32f4xx_it.o
                0x08001664                NMI_Handler
 .text.HardFault_Handler
                0x08001666        0x2 build/stm32f4xx_it.o
                0x08001666                HardFault_Handler
 .text.MemManage_Handler
                0x08001668        0x2 build/stm32f4xx_it.o
                0x08001668                MemManage_Handler
 .text.BusFault_Handler
                0x0800166a        0x2 build/stm32f4xx_it.o
                0x0800166a                BusFault_Handler
 .text.UsageFault_Handler
                0x0800166c        0x2 build/stm32f4xx_it.o
                0x0800166c                UsageFault_Handler
 .text.SVC_Handler
                0x0800166e        0x2 build/stm32f4xx_it.o
                0x0800166e                SVC_Handler
 .text.DebugMon_Handler
                0x08001670        0x2 build/stm32f4xx_it.o
                0x08001670                DebugMon_Handler
 .text.PendSV_Handler
                0x08001672        0x2 build/stm32f4xx_it.o
                0x08001672                PendSV_Handler
 .text.SysTick_Handler
                0x08001674        0xc build/stm32f4xx_it.o
                0x08001674                SysTick_Handler
 .text.DMA1_Stream1_IRQHandler
                0x08001680       0x10 build/stm32f4xx_it.o
                0x08001680                DMA1_Stream1_IRQHandler
 .text.DMA1_Stream3_IRQHandler
                0x08001690       0x10 build/stm32f4xx_it.o
                0x08001690                DMA1_Stream3_IRQHandler
 .text.TIM8_UP_TIM13_IRQHandler
                0x080016a0       0x10 build/stm32f4xx_it.o
                0x080016a0                TIM8_UP_TIM13_IRQHandler
 .text.TIM6_DAC_IRQHandler
                0x080016b0       0x10 build/stm32f4xx_it.o
                0x080016b0                TIM6_DAC_IRQHandler
 .text.TIM7_IRQHandler
                0x080016c0       0x10 build/stm32f4xx_it.o
                0x080016c0                TIM7_IRQHandler
 .text.DMA2_Stream0_IRQHandler
                0x080016d0       0x10 build/stm32f4xx_it.o
                0x080016d0                DMA2_Stream0_IRQHandler
 .text.DMA2_Stream2_IRQHandler
                0x080016e0       0x10 build/stm32f4xx_it.o
                0x080016e0                DMA2_Stream2_IRQHandler
 .text.HAL_MspInit
                0x080016f0       0x38 build/stm32f4xx_hal_msp.o
                0x080016f0                HAL_MspInit
 .text.ADC_Init
                0x08001728      0x134 build/stm32f4xx_hal_adc.o
 .text.HAL_ADC_Init
                0x0800185c       0x56 build/stm32f4xx_hal_adc.o
                0x0800185c                HAL_ADC_Init
 *fill*         0x080018b2        0x2 
 .text.HAL_ADC_Start_DMA
                0x080018b4      0x178 build/stm32f4xx_hal_adc.o
                0x080018b4                HAL_ADC_Start_DMA
 .text.HAL_ADC_ConvHalfCpltCallback
                0x08001a2c        0x2 build/stm32f4xx_hal_adc.o
                0x08001a2c                HAL_ADC_ConvHalfCpltCallback
 .text.ADC_DMAHalfConvCplt
                0x08001a2e        0xa build/stm32f4xx_hal_adc.o
 .text.HAL_ADC_ErrorCallback
                0x08001a38        0x2 build/stm32f4xx_hal_adc.o
                0x08001a38                HAL_ADC_ErrorCallback
 .text.ADC_DMAError
                0x08001a3a       0x16 build/stm32f4xx_hal_adc.o
 .text.ADC_DMAConvCplt
                0x08001a50       0x72 build/stm32f4xx_hal_adc.o
 *fill*         0x08001ac2        0x2 
 .text.HAL_ADC_ConfigChannel
                0x08001ac4      0x190 build/stm32f4xx_hal_adc.o
                0x08001ac4                HAL_ADC_ConfigChannel
 .text.HAL_CAN_Init
                0x08001c54      0x14c build/stm32f4xx_hal_can.o
                0x08001c54                HAL_CAN_Init
 .text.HAL_SPI_Init
                0x08001da0       0x80 build/stm32f4xx_hal_spi.o
                0x08001da0                HAL_SPI_Init
 .text.TIM_OC1_SetConfig
                0x08001e20       0x68 build/stm32f4xx_hal_tim.o
 .text.TIM_OC3_SetConfig
                0x08001e88       0x70 build/stm32f4xx_hal_tim.o
 .text.TIM_OC4_SetConfig
                0x08001ef8       0x50 build/stm32f4xx_hal_tim.o
 .text.HAL_TIM_Base_Start_IT
                0x08001f48       0x22 build/stm32f4xx_hal_tim.o
                0x08001f48                HAL_TIM_Base_Start_IT
 .text.HAL_TIM_OC_MspInit
                0x08001f6a        0x2 build/stm32f4xx_hal_tim.o
                0x08001f6a                HAL_TIM_OC_MspInit
 .text.HAL_TIM_OC_DelayElapsedCallback
                0x08001f6c        0x2 build/stm32f4xx_hal_tim.o
                0x08001f6c                HAL_TIM_OC_DelayElapsedCallback
 .text.HAL_TIM_IC_CaptureCallback
                0x08001f6e        0x2 build/stm32f4xx_hal_tim.o
                0x08001f6e                HAL_TIM_IC_CaptureCallback
 .text.HAL_TIM_PWM_PulseFinishedCallback
                0x08001f70        0x2 build/stm32f4xx_hal_tim.o
                0x08001f70                HAL_TIM_PWM_PulseFinishedCallback
 .text.HAL_TIM_TriggerCallback
                0x08001f72        0x2 build/stm32f4xx_hal_tim.o
                0x08001f72                HAL_TIM_TriggerCallback
 .text.HAL_TIM_IRQHandler
                0x08001f74      0x17a build/stm32f4xx_hal_tim.o
                0x08001f74                HAL_TIM_IRQHandler
 *fill*         0x080020ee        0x2 
 .text.TIM_Base_SetConfig
                0x080020f0       0xc8 build/stm32f4xx_hal_tim.o
                0x080020f0                TIM_Base_SetConfig
 .text.HAL_TIM_Base_Init
                0x080021b8       0x34 build/stm32f4xx_hal_tim.o
                0x080021b8                HAL_TIM_Base_Init
 .text.HAL_TIM_OC_Init
                0x080021ec       0x34 build/stm32f4xx_hal_tim.o
                0x080021ec                HAL_TIM_OC_Init
 .text.HAL_TIM_PWM_Init
                0x08002220       0x34 build/stm32f4xx_hal_tim.o
                0x08002220                HAL_TIM_PWM_Init
 .text.HAL_TIM_Encoder_Init
                0x08002254       0x9c build/stm32f4xx_hal_tim.o
                0x08002254                HAL_TIM_Encoder_Init
 .text.TIM_OC2_SetConfig
                0x080022f0       0x70 build/stm32f4xx_hal_tim.o
                0x080022f0                TIM_OC2_SetConfig
 .text.HAL_TIM_OC_ConfigChannel
                0x08002360       0x5e build/stm32f4xx_hal_tim.o
                0x08002360                HAL_TIM_OC_ConfigChannel
 .text.HAL_TIM_PWM_ConfigChannel
                0x080023be       0xdc build/stm32f4xx_hal_tim.o
                0x080023be                HAL_TIM_PWM_ConfigChannel
 .text.HAL_TIMEx_MasterConfigSynchronization
                0x0800249a       0x46 build/stm32f4xx_hal_tim_ex.o
                0x0800249a                HAL_TIMEx_MasterConfigSynchronization
 .text.HAL_TIMEx_ConfigBreakDeadTime
                0x080024e0       0x52 build/stm32f4xx_hal_tim_ex.o
                0x080024e0                HAL_TIMEx_ConfigBreakDeadTime
 .text.HAL_TIMEx_CommutCallback
                0x08002532        0x2 build/stm32f4xx_hal_tim_ex.o
                0x08002532                HAL_TIMEx_CommutCallback
 .text.HAL_TIMEx_BreakCallback
                0x08002534        0x2 build/stm32f4xx_hal_tim_ex.o
                0x08002534                HAL_TIMEx_BreakCallback
 *fill*         0x08002536        0x2 
 .text.UART_SetConfig
                0x08002538      0x334 build/stm32f4xx_hal_uart.o
 .text.UART_WaitOnFlagUntilTimeout
                0x0800286c       0x62 build/stm32f4xx_hal_uart.o
 .text.HAL_UART_Init
                0x080028ce       0x5e build/stm32f4xx_hal_uart.o
                0x080028ce                HAL_UART_Init
 .text.HAL_UART_Transmit
                0x0800292c       0xe0 build/stm32f4xx_hal_uart.o
                0x0800292c                HAL_UART_Transmit
 .text.HAL_RCC_OscConfig
                0x08002a0c      0x398 build/stm32f4xx_hal_rcc.o
                0x08002a0c                HAL_RCC_OscConfig
 .text.HAL_RCC_GetSysClockFreq
                0x08002da4       0xd4 build/stm32f4xx_hal_rcc.o
                0x08002da4                HAL_RCC_GetSysClockFreq
 .text.HAL_RCC_ClockConfig
                0x08002e78      0x15c build/stm32f4xx_hal_rcc.o
                0x08002e78                HAL_RCC_ClockConfig
 .text.HAL_RCC_GetHCLKFreq
                0x08002fd4        0xc build/stm32f4xx_hal_rcc.o
                0x08002fd4                HAL_RCC_GetHCLKFreq
 .text.HAL_RCC_GetPCLK1Freq
                0x08002fe0       0x20 build/stm32f4xx_hal_rcc.o
                0x08002fe0                HAL_RCC_GetPCLK1Freq
 .text.HAL_RCC_GetPCLK2Freq
                0x08003000       0x20 build/stm32f4xx_hal_rcc.o
                0x08003000                HAL_RCC_GetPCLK2Freq
 .text.HAL_GPIO_Init
                0x08003020      0x1c8 build/stm32f4xx_hal_gpio.o
                0x08003020                HAL_GPIO_Init
 .text.HAL_GPIO_WritePin
                0x080031e8        0xc build/stm32f4xx_hal_gpio.o
                0x080031e8                HAL_GPIO_WritePin
 .text.DMA_SetConfig
                0x080031f4       0x2c build/stm32f4xx_hal_dma.o
 .text.DMA_CalcBaseAndBitshift
                0x08003220       0x44 build/stm32f4xx_hal_dma.o
 .text.DMA_CheckFifoParam
                0x08003264       0x8e build/stm32f4xx_hal_dma.o
 *fill*         0x080032f2        0x2 
 .text.HAL_DMA_Init
                0x080032f4       0xcc build/stm32f4xx_hal_dma.o
                0x080032f4                HAL_DMA_Init
 .text.HAL_DMA_Start_IT
                0x080033c0       0x74 build/stm32f4xx_hal_dma.o
                0x080033c0                HAL_DMA_Start_IT
 .text.HAL_DMA_IRQHandler
                0x08003434      0x1dc build/stm32f4xx_hal_dma.o
                0x08003434                HAL_DMA_IRQHandler
 .text.HAL_NVIC_SetPriorityGrouping
                0x08003610       0x24 build/stm32f4xx_hal_cortex.o
                0x08003610                HAL_NVIC_SetPriorityGrouping
 .text.HAL_NVIC_SetPriority
                0x08003634       0x68 build/stm32f4xx_hal_cortex.o
                0x08003634                HAL_NVIC_SetPriority
 .text.HAL_NVIC_EnableIRQ
                0x0800369c       0x1c build/stm32f4xx_hal_cortex.o
                0x0800369c                HAL_NVIC_EnableIRQ
 .text.HAL_SYSTICK_Config
                0x080036b8       0x2c build/stm32f4xx_hal_cortex.o
                0x080036b8                HAL_SYSTICK_Config
 .text.HAL_InitTick
                0x080036e4       0x4c build/stm32f4xx_hal.o
                0x080036e4                HAL_InitTick
 .text.HAL_Init
                0x08003730       0x34 build/stm32f4xx_hal.o
                0x08003730                HAL_Init
 .text.HAL_IncTick
                0x08003764       0x18 build/stm32f4xx_hal.o
                0x08003764                HAL_IncTick
 .text.HAL_GetTick
                0x0800377c        0xc build/stm32f4xx_hal.o
                0x0800377c                HAL_GetTick
 .text.SystemInit
                0x08003788       0x4c build/system_stm32f4xx.o
                0x08003788                SystemInit
 .text.Reset_Handler
                0x080037d4       0x50 build/startup_stm32f405xx.o
                0x080037d4                Reset_Handler
 .text.Default_Handler
                0x08003824        0x2 build/startup_stm32f405xx.o
                0x08003824                RTC_Alarm_IRQHandler
                0x08003824                HASH_RNG_IRQHandler
                0x08003824                EXTI2_IRQHandler
                0x08003824                TIM8_CC_IRQHandler
                0x08003824                TIM1_CC_IRQHandler
                0x08003824                DMA2_Stream5_IRQHandler
                0x08003824                DMA1_Stream5_IRQHandler
                0x08003824                PVD_IRQHandler
                0x08003824                SDIO_IRQHandler
                0x08003824                TAMP_STAMP_IRQHandler
                0x08003824                CAN2_RX1_IRQHandler
                0x08003824                EXTI3_IRQHandler
                0x08003824                TIM8_TRG_COM_TIM14_IRQHandler
                0x08003824                TIM1_UP_TIM10_IRQHandler
                0x08003824                I2C3_ER_IRQHandler
                0x08003824                EXTI0_IRQHandler
                0x08003824                I2C2_EV_IRQHandler
                0x08003824                DMA1_Stream2_IRQHandler
                0x08003824                CAN1_RX0_IRQHandler
                0x08003824                FPU_IRQHandler
                0x08003824                OTG_HS_WKUP_IRQHandler
                0x08003824                CAN2_SCE_IRQHandler
                0x08003824                SPI1_IRQHandler
                0x08003824                TIM1_BRK_TIM9_IRQHandler
                0x08003824                CAN2_RX0_IRQHandler
                0x08003824                DMA2_Stream3_IRQHandler
                0x08003824                USART6_IRQHandler
                0x08003824                USART3_IRQHandler
                0x08003824                CAN1_RX1_IRQHandler
                0x08003824                UART5_IRQHandler
                0x08003824                TIM4_IRQHandler
                0x08003824                I2C1_EV_IRQHandler
                0x08003824                DMA1_Stream6_IRQHandler
                0x08003824                UART4_IRQHandler
                0x08003824                TIM3_IRQHandler
                0x08003824                RCC_IRQHandler
                0x08003824                TIM8_BRK_TIM12_IRQHandler
                0x08003824                Default_Handler
                0x08003824                EXTI15_10_IRQHandler
                0x08003824                ADC_IRQHandler
                0x08003824                DMA1_Stream7_IRQHandler
                0x08003824                CAN2_TX_IRQHandler
                0x08003824                TIM5_IRQHandler
                0x08003824                DMA2_Stream7_IRQHandler
                0x08003824                I2C3_EV_IRQHandler
                0x08003824                EXTI9_5_IRQHandler
                0x08003824                RTC_WKUP_IRQHandler
                0x08003824                SPI2_IRQHandler
                0x08003824                OTG_HS_EP1_IN_IRQHandler
                0x08003824                DMA1_Stream0_IRQHandler
                0x08003824                CAN1_TX_IRQHandler
                0x08003824                EXTI4_IRQHandler
                0x08003824                FSMC_IRQHandler
                0x08003824                OTG_HS_EP1_OUT_IRQHandler
                0x08003824                WWDG_IRQHandler
                0x08003824                TIM2_IRQHandler
                0x08003824                OTG_FS_WKUP_IRQHandler
                0x08003824                TIM1_TRG_COM_TIM11_IRQHandler
                0x08003824                OTG_HS_IRQHandler
                0x08003824                EXTI1_IRQHandler
                0x08003824                USART2_IRQHandler
                0x08003824                I2C2_ER_IRQHandler
                0x08003824                DMA2_Stream1_IRQHandler
                0x08003824                CAN1_SCE_IRQHandler
                0x08003824                FLASH_IRQHandler
                0x08003824                DMA2_Stream4_IRQHandler
                0x08003824                USART1_IRQHandler
                0x08003824                OTG_FS_IRQHandler
                0x08003824                SPI3_IRQHandler
                0x08003824                DMA1_Stream4_IRQHandler
                0x08003824                I2C1_ER_IRQHandler
                0x08003824                DMA2_Stream6_IRQHandler
 *fill*         0x08003826        0x2 
 .text.__libc_init_array
                0x08003828       0x48 c:/arm_gcc/bin/../lib/gcc/arm-none-eabi/9.2.1/../../../../arm-none-eabi/lib/thumb/v7e-m+fp/hard\libc_nano.a(lib_a-init.o)
                0x08003828                __libc_init_array
 .text.memset   0x08003870       0x10 c:/arm_gcc/bin/../lib/gcc/arm-none-eabi/9.2.1/../../../../arm-none-eabi/lib/thumb/v7e-m+fp/hard\libc_nano.a(lib_a-memset.o)
                0x08003870                memset
 .text.cosf     0x08003880       0x90 c:/arm_gcc/bin/../lib/gcc/arm-none-eabi/9.2.1/../../../../arm-none-eabi/lib/thumb/v7e-m+fp/hard\libm.a(lib_a-sf_cos.o)
                0x08003880                cosf
 .text.sinf     0x08003910       0x94 c:/arm_gcc/bin/../lib/gcc/arm-none-eabi/9.2.1/../../../../arm-none-eabi/lib/thumb/v7e-m+fp/hard\libm.a(lib_a-sf_sin.o)
                0x08003910                sinf
 .text.__ieee754_rem_pio2f
                0x080039a4      0x294 c:/arm_gcc/bin/../lib/gcc/arm-none-eabi/9.2.1/../../../../arm-none-eabi/lib/thumb/v7e-m+fp/hard\libm.a(lib_a-ef_rem_pio2.o)
                0x080039a4                __ieee754_rem_pio2f
 .text.__kernel_cosf
                0x08003c38      0x104 c:/arm_gcc/bin/../lib/gcc/arm-none-eabi/9.2.1/../../../../arm-none-eabi/lib/thumb/v7e-m+fp/hard\libm.a(lib_a-kf_cos.o)
                0x08003c38                __kernel_cosf
 .text.__kernel_rem_pio2f
                0x08003d3c      0x66c c:/arm_gcc/bin/../lib/gcc/arm-none-eabi/9.2.1/../../../../arm-none-eabi/lib/thumb/v7e-m+fp/hard\libm.a(lib_a-kf_rem_pio2.o)
                0x08003d3c                __kernel_rem_pio2f
 .text.__kernel_sinf
                0x080043a8       0x90 c:/arm_gcc/bin/../lib/gcc/arm-none-eabi/9.2.1/../../../../arm-none-eabi/lib/thumb/v7e-m+fp/hard\libm.a(lib_a-kf_sin.o)
                0x080043a8                __kernel_sinf
 .text.fabsf    0x08004438       0x10 c:/arm_gcc/bin/../lib/gcc/arm-none-eabi/9.2.1/../../../../arm-none-eabi/lib/thumb/v7e-m+fp/hard\libm.a(lib_a-sf_fabs.o)
                0x08004438                fabsf
 .text.floorf   0x08004448       0x8c c:/arm_gcc/bin/../lib/gcc/arm-none-eabi/9.2.1/../../../../arm-none-eabi/lib/thumb/v7e-m+fp/hard\libm.a(lib_a-sf_floor.o)
                0x08004448                floorf
 .text.scalbnf  0x080044d4       0xe4 c:/arm_gcc/bin/../lib/gcc/arm-none-eabi/9.2.1/../../../../arm-none-eabi/lib/thumb/v7e-m+fp/hard\libm.a(lib_a-sf_scalbn.o)
                0x080044d4                scalbnf
 *(.glue_7)
 .glue_7        0x080045b8        0x0 linker stubs
 *(.glue_7t)
 .glue_7t       0x080045b8        0x0 linker stubs
 *(.eh_frame)
 .eh_frame      0x080045b8        0x0 c:/arm_gcc/bin/../lib/gcc/arm-none-eabi/9.2.1/thumb/v7e-m+fp/hard/crtbegin.o
 *(.init)
 .init          0x080045b8        0x4 c:/arm_gcc/bin/../lib/gcc/arm-none-eabi/9.2.1/thumb/v7e-m+fp/hard/crti.o
                0x080045b8                _init
 .init          0x080045bc        0x8 c:/arm_gcc/bin/../lib/gcc/arm-none-eabi/9.2.1/thumb/v7e-m+fp/hard/crtn.o
 *(.fini)
 .fini          0x080045c4        0x4 c:/arm_gcc/bin/../lib/gcc/arm-none-eabi/9.2.1/thumb/v7e-m+fp/hard/crti.o
                0x080045c4                _fini
 .fini          0x080045c8        0x8 c:/arm_gcc/bin/../lib/gcc/arm-none-eabi/9.2.1/thumb/v7e-m+fp/hard/crtn.o
                0x080045d0                . = ALIGN (0x4)
                0x080045d0                _etext = .

.vfp11_veneer   0x080045d0        0x0
 .vfp11_veneer  0x080045d0        0x0 linker stubs

.v4_bx          0x080045d0        0x0
 .v4_bx         0x080045d0        0x0 linker stubs

.iplt           0x080045d0        0x0
 .iplt          0x080045d0        0x0 c:/arm_gcc/bin/../lib/gcc/arm-none-eabi/9.2.1/thumb/v7e-m+fp/hard/crtbegin.o

.rodata         0x080045d0      0xbf4
                0x080045d0                . = ALIGN (0x4)
 *(.rodata)
 *(.rodata*)
 .rodata.sinTable_f32
                0x080045d0      0x804 build/arm_common_tables.o
                0x080045d0                sinTable_f32
 .rodata.flagBitshiftOffset.8557
                0x08004dd4        0x8 build/stm32f4xx_hal_dma.o
 .rodata.AHBPrescTable
                0x08004ddc       0x10 build/system_stm32f4xx.o
                0x08004ddc                AHBPrescTable
 .rodata.APBPrescTable
                0x08004dec        0x8 build/system_stm32f4xx.o
                0x08004dec                APBPrescTable
 .rodata.npio2_hw
                0x08004df4       0x80 c:/arm_gcc/bin/../lib/gcc/arm-none-eabi/9.2.1/../../../../arm-none-eabi/lib/thumb/v7e-m+fp/hard\libm.a(lib_a-ef_rem_pio2.o)
 .rodata.two_over_pi
                0x08004e74      0x318 c:/arm_gcc/bin/../lib/gcc/arm-none-eabi/9.2.1/../../../../arm-none-eabi/lib/thumb/v7e-m+fp/hard\libm.a(lib_a-ef_rem_pio2.o)
 .rodata.PIo2   0x0800518c       0x2c c:/arm_gcc/bin/../lib/gcc/arm-none-eabi/9.2.1/../../../../arm-none-eabi/lib/thumb/v7e-m+fp/hard\libm.a(lib_a-kf_rem_pio2.o)
 .rodata.init_jk
                0x080051b8        0xc c:/arm_gcc/bin/../lib/gcc/arm-none-eabi/9.2.1/../../../../arm-none-eabi/lib/thumb/v7e-m+fp/hard\libm.a(lib_a-kf_rem_pio2.o)
                0x080051c4                . = ALIGN (0x4)

.ARM.extab
 *(.ARM.extab* .gnu.linkonce.armextab.*)

.ARM            0x080051c4        0x8
                0x080051c4                __exidx_start = .
 *(.ARM.exidx*)
 .ARM.exidx     0x080051c4        0x8 c:/arm_gcc/bin/../lib/gcc/arm-none-eabi/9.2.1/thumb/v7e-m+fp/hard\libgcc.a(_udivmoddi4.o)
                0x080051cc                __exidx_end = .

.rel.dyn        0x080051cc        0x0
 .rel.iplt      0x080051cc        0x0 c:/arm_gcc/bin/../lib/gcc/arm-none-eabi/9.2.1/thumb/v7e-m+fp/hard/crtbegin.o

.preinit_array  0x080051cc        0x0
                0x080051cc                PROVIDE (__preinit_array_start = .)
 *(.preinit_array*)
                0x080051cc                PROVIDE (__preinit_array_end = .)

.init_array     0x080051cc        0x4
                0x080051cc                PROVIDE (__init_array_start = .)
 *(SORT_BY_NAME(.init_array.*))
 *(.init_array*)
 .init_array    0x080051cc        0x4 c:/arm_gcc/bin/../lib/gcc/arm-none-eabi/9.2.1/thumb/v7e-m+fp/hard/crtbegin.o
                0x080051d0                PROVIDE (__init_array_end = .)

.fini_array     0x080051d0        0x4
                [!provide]                PROVIDE (__fini_array_start = .)
 *(SORT_BY_NAME(.fini_array.*))
 *(.fini_array*)
 .fini_array    0x080051d0        0x4 c:/arm_gcc/bin/../lib/gcc/arm-none-eabi/9.2.1/thumb/v7e-m+fp/hard/crtbegin.o
                [!provide]                PROVIDE (__fini_array_end = .)
                0x080051d4                _sidata = LOADADDR (.data)

.data           0x20000000       0xac load address 0x080051d4
                0x20000000                . = ALIGN (0x4)
                0x20000000                _sdata = .
 *(.data)
 *(.data*)
 .data.RPS      0x20000000        0x4 build/foc.o
                0x20000000                RPS
 .data.U1       0x20000004       0x10 build/foc.o
                0x20000004                U1
 .data.U2       0x20000014       0x10 build/foc.o
                0x20000014                U2
 .data.U3       0x20000024       0x10 build/foc.o
                0x20000024                U3
 .data.U4       0x20000034       0x10 build/foc.o
                0x20000034                U4
 .data.U5       0x20000044       0x10 build/foc.o
                0x20000044                U5
 .data.U6       0x20000054       0x10 build/foc.o
                0x20000054                U6
 .data.U7       0x20000064       0x10 build/foc.o
                0x20000064                U7
 .data.Uvects   0x20000074       0x18 build/foc.o
                0x20000074                Uvects
 .data.s        0x2000008c       0x16 build/usart.o
                0x2000008c                s
 .data.uwTickFreq
                0x200000a2        0x1 build/stm32f4xx_hal.o
                0x200000a2                uwTickFreq
 *fill*         0x200000a3        0x1 
 .data.uwTickPrio
                0x200000a4        0x4 build/stm32f4xx_hal.o
                0x200000a4                uwTickPrio
 .data.SystemCoreClock
                0x200000a8        0x4 build/system_stm32f4xx.o
                0x200000a8                SystemCoreClock
                0x200000ac                . = ALIGN (0x4)
                0x200000ac                _edata = .
                0x08005280                _siccmram = LOADADDR (.ccmram)

.igot.plt       0x200000ac        0x0 load address 0x08005280
 .igot.plt      0x200000ac        0x0 c:/arm_gcc/bin/../lib/gcc/arm-none-eabi/9.2.1/thumb/v7e-m+fp/hard/crtbegin.o

.ccmram         0x10000000        0x0 load address 0x08005280
                0x10000000                . = ALIGN (0x4)
                0x10000000                _sccmram = .
 *(.ccmram)
 *(.ccmram*)
                0x10000000                . = ALIGN (0x4)
                0x10000000                _eccmram = .
                0x10000000                . = ALIGN (0x4)

.bss            0x200000ac      0x41c
                0x200000ac                _sbss = .
                0x200000ac                __bss_start__ = _sbss
 *(.bss)
 .bss           0x200000ac       0x1c c:/arm_gcc/bin/../lib/gcc/arm-none-eabi/9.2.1/thumb/v7e-m+fp/hard/crtbegin.o
 *(.bss*)
 .bss.CCR_Dutys
                0x200000c8        0xc build/foc.o
                0x200000c8                CCR_Dutys
 .bss.theta     0x200000d4        0x4 build/foc.o
 .bss.Init_OK   0x200000d8        0x1 build/main.o
                0x200000d8                Init_OK
 *fill*         0x200000d9        0x3 
 .bss.ms_cnt.8506
                0x200000dc        0x4 build/main.o
 *(COMMON)
 COMMON         0x200000e0       0x10 build/foc.o
                0x200000e0                ADC_Values_Raw2
                0x200000e8                ADC_Values_Raw
 COMMON         0x200000f0        0x1 build/main.o
                0x200000f0                ms_2_flag
 *fill*         0x200000f1        0x3 
 COMMON         0x200000f4      0x150 build/adc.o
                0x200000f4                hadc2
                0x2000013c                hadc1
                0x20000184                hdma_adc1
                0x200001e4                hdma_adc2
 COMMON         0x20000244       0x28 build/can.o
                0x20000244                hcan1
 COMMON         0x2000026c       0x58 build/spi.o
                0x2000026c                hspi3
 COMMON         0x200002c4      0x100 build/tim.o
                0x200002c4                htim8
                0x20000304                htim4
                0x20000344                htim6
                0x20000384                htim7
 COMMON         0x200003c4      0x100 build/usart.o
                0x200003c4                hdma_usart3_rx
                0x20000424                huart3
                0x20000464                hdma_usart3_tx
 COMMON         0x200004c4        0x4 build/stm32f4xx_hal.o
                0x200004c4                uwTick
                0x200004c8                . = ALIGN (0x4)
                0x200004c8                _ebss = .
                0x200004c8                __bss_end__ = _ebss

._user_heap_stack
                0x200004c8      0x600
                0x200004c8                . = ALIGN (0x8)
                [!provide]                PROVIDE (end = .)
                [!provide]                PROVIDE (_end = .)
                0x200006c8                . = (. + _Min_Heap_Size)
 *fill*         0x200004c8      0x200 
                0x20000ac8                . = (. + _Min_Stack_Size)
 *fill*         0x200006c8      0x400 
                0x20000ac8                . = ALIGN (0x8)

/DISCARD/
 libc.a(*)
 libm.a(*)
 libgcc.a(*)

.ARM.attributes
                0x00000000       0x30
 *(.ARM.attributes)
 .ARM.attributes
                0x00000000       0x1e c:/arm_gcc/bin/../lib/gcc/arm-none-eabi/9.2.1/thumb/v7e-m+fp/hard/crti.o
 .ARM.attributes
                0x0000001e       0x34 c:/arm_gcc/bin/../lib/gcc/arm-none-eabi/9.2.1/thumb/v7e-m+fp/hard/crtbegin.o
 .ARM.attributes
                0x00000052       0x34 build/foc.o
 .ARM.attributes
                0x00000086       0x34 build/main.o
 .ARM.attributes
                0x000000ba       0x34 build/gpio.o
 .ARM.attributes
                0x000000ee       0x34 build/adc.o
 .ARM.attributes
                0x00000122       0x34 build/can.o
 .ARM.attributes
                0x00000156       0x34 build/dma.o
 .ARM.attributes
                0x0000018a       0x34 build/spi.o
 .ARM.attributes
                0x000001be       0x34 build/tim.o
 .ARM.attributes
                0x000001f2       0x34 build/usart.o
 .ARM.attributes
                0x00000226       0x39 build/arm_common_tables.o
 .ARM.attributes
                0x0000025f       0x34 build/arm_sin_cos_f32.o
 .ARM.attributes
                0x00000293       0x34 build/stm32f4xx_it.o
 .ARM.attributes
                0x000002c7       0x34 build/stm32f4xx_hal_msp.o
 .ARM.attributes
                0x000002fb       0x34 build/stm32f4xx_hal_adc.o
 .ARM.attributes
                0x0000032f       0x34 build/stm32f4xx_hal_can.o
 .ARM.attributes
                0x00000363       0x34 build/stm32f4xx_hal_spi.o
 .ARM.attributes
                0x00000397       0x34 build/stm32f4xx_hal_tim.o
 .ARM.attributes
                0x000003cb       0x34 build/stm32f4xx_hal_tim_ex.o
 .ARM.attributes
                0x000003ff       0x34 build/stm32f4xx_hal_uart.o
 .ARM.attributes
                0x00000433       0x34 build/stm32f4xx_hal_rcc.o
 .ARM.attributes
                0x00000467       0x34 build/stm32f4xx_hal_gpio.o
 .ARM.attributes
                0x0000049b       0x34 build/stm32f4xx_hal_dma.o
 .ARM.attributes
                0x000004cf       0x34 build/stm32f4xx_hal_cortex.o
 .ARM.attributes
                0x00000503       0x34 build/stm32f4xx_hal.o
 .ARM.attributes
                0x00000537       0x34 build/system_stm32f4xx.o
 .ARM.attributes
                0x0000056b       0x21 build/startup_stm32f405xx.o
 .ARM.attributes
                0x0000058c       0x34 c:/arm_gcc/bin/../lib/gcc/arm-none-eabi/9.2.1/../../../../arm-none-eabi/lib/thumb/v7e-m+fp/hard\libc_nano.a(lib_a-init.o)
 .ARM.attributes
                0x000005c0       0x34 c:/arm_gcc/bin/../lib/gcc/arm-none-eabi/9.2.1/../../../../arm-none-eabi/lib/thumb/v7e-m+fp/hard\libc_nano.a(lib_a-memset.o)
 .ARM.attributes
                0x000005f4       0x34 c:/arm_gcc/bin/../lib/gcc/arm-none-eabi/9.2.1/../../../../arm-none-eabi/lib/thumb/v7e-m+fp/hard\libm.a(lib_a-sf_cos.o)
 .ARM.attributes
                0x00000628       0x34 c:/arm_gcc/bin/../lib/gcc/arm-none-eabi/9.2.1/../../../../arm-none-eabi/lib/thumb/v7e-m+fp/hard\libm.a(lib_a-sf_sin.o)
 .ARM.attributes
                0x0000065c       0x34 c:/arm_gcc/bin/../lib/gcc/arm-none-eabi/9.2.1/../../../../arm-none-eabi/lib/thumb/v7e-m+fp/hard\libm.a(lib_a-ef_rem_pio2.o)
 .ARM.attributes
                0x00000690       0x34 c:/arm_gcc/bin/../lib/gcc/arm-none-eabi/9.2.1/../../../../arm-none-eabi/lib/thumb/v7e-m+fp/hard\libm.a(lib_a-kf_cos.o)
 .ARM.attributes
                0x000006c4       0x34 c:/arm_gcc/bin/../lib/gcc/arm-none-eabi/9.2.1/../../../../arm-none-eabi/lib/thumb/v7e-m+fp/hard\libm.a(lib_a-kf_rem_pio2.o)
 .ARM.attributes
                0x000006f8       0x34 c:/arm_gcc/bin/../lib/gcc/arm-none-eabi/9.2.1/../../../../arm-none-eabi/lib/thumb/v7e-m+fp/hard\libm.a(lib_a-kf_sin.o)
 .ARM.attributes
                0x0000072c       0x34 c:/arm_gcc/bin/../lib/gcc/arm-none-eabi/9.2.1/../../../../arm-none-eabi/lib/thumb/v7e-m+fp/hard\libm.a(lib_a-sf_fabs.o)
 .ARM.attributes
                0x00000760       0x34 c:/arm_gcc/bin/../lib/gcc/arm-none-eabi/9.2.1/../../../../arm-none-eabi/lib/thumb/v7e-m+fp/hard\libm.a(lib_a-sf_floor.o)
 .ARM.attributes
                0x00000794       0x34 c:/arm_gcc/bin/../lib/gcc/arm-none-eabi/9.2.1/../../../../arm-none-eabi/lib/thumb/v7e-m+fp/hard\libm.a(lib_a-sf_scalbn.o)
 .ARM.attributes
                0x000007c8       0x1e c:/arm_gcc/bin/../lib/gcc/arm-none-eabi/9.2.1/thumb/v7e-m+fp/hard\libgcc.a(_aeabi_uldivmod.o)
 .ARM.attributes
                0x000007e6       0x34 c:/arm_gcc/bin/../lib/gcc/arm-none-eabi/9.2.1/thumb/v7e-m+fp/hard\libgcc.a(_udivmoddi4.o)
 .ARM.attributes
                0x0000081a       0x1e c:/arm_gcc/bin/../lib/gcc/arm-none-eabi/9.2.1/thumb/v7e-m+fp/hard\libgcc.a(_dvmd_tls.o)
 .ARM.attributes
                0x00000838       0x1e c:/arm_gcc/bin/../lib/gcc/arm-none-eabi/9.2.1/thumb/v7e-m+fp/hard/crtn.o
OUTPUT(build/foc.elf elf32-littlearm)

.debug_info     0x00000000    0x1bf18
 .debug_info    0x00000000     0x1c4e build/foc.o
 .debug_info    0x00001c4e     0x1a05 build/main.o
 .debug_info    0x00003653      0x5d2 build/gpio.o
 .debug_info    0x00003c25      0xecf build/adc.o
 .debug_info    0x00004af4      0xa4c build/can.o
 .debug_info    0x00005540      0x689 build/dma.o
 .debug_info    0x00005bc9      0xb9d build/spi.o
 .debug_info    0x00006766     0x164e build/tim.o
 .debug_info    0x00007db4     0x1602 build/usart.o
 .debug_info    0x000093b6     0x1578 build/arm_common_tables.o
 .debug_info    0x0000a92e     0x135c build/arm_sin_cos_f32.o
 .debug_info    0x0000bc8a      0x94e build/stm32f4xx_it.o
 .debug_info    0x0000c5d8      0x388 build/stm32f4xx_hal_msp.o
 .debug_info    0x0000c960     0x104d build/stm32f4xx_hal_adc.o
 .debug_info    0x0000d9ad     0x1426 build/stm32f4xx_hal_can.o
 .debug_info    0x0000edd3     0x1fce build/stm32f4xx_hal_spi.o
 .debug_info    0x00010da1     0x3a29 build/stm32f4xx_hal_tim.o
 .debug_info    0x000147ca     0x185f build/stm32f4xx_hal_tim_ex.o
 .debug_info    0x00016029     0x1b32 build/stm32f4xx_hal_uart.o
 .debug_info    0x00017b5b      0xbd9 build/stm32f4xx_hal_rcc.o
 .debug_info    0x00018734      0x8b8 build/stm32f4xx_hal_gpio.o
 .debug_info    0x00018fec      0xc2e build/stm32f4xx_hal_dma.o
 .debug_info    0x00019c1a     0x11e1 build/stm32f4xx_hal_cortex.o
 .debug_info    0x0001adfb      0xb1c build/stm32f4xx_hal.o
 .debug_info    0x0001b917      0x5df build/system_stm32f4xx.o
 .debug_info    0x0001bef6       0x22 build/startup_stm32f405xx.o

.debug_abbrev   0x00000000     0x3aec
 .debug_abbrev  0x00000000      0x403 build/foc.o
 .debug_abbrev  0x00000403      0x26c build/main.o
 .debug_abbrev  0x0000066f      0x17e build/gpio.o
 .debug_abbrev  0x000007ed      0x1f9 build/adc.o
 .debug_abbrev  0x000009e6      0x1e9 build/can.o
 .debug_abbrev  0x00000bcf      0x156 build/dma.o
 .debug_abbrev  0x00000d25      0x1f1 build/spi.o
 .debug_abbrev  0x00000f16      0x260 build/tim.o
 .debug_abbrev  0x00001176      0x2a1 build/usart.o
 .debug_abbrev  0x00001417      0x1ea build/arm_common_tables.o
 .debug_abbrev  0x00001601      0x22c build/arm_sin_cos_f32.o
 .debug_abbrev  0x0000182d      0x1c6 build/stm32f4xx_it.o
 .debug_abbrev  0x000019f3      0x100 build/stm32f4xx_hal_msp.o
 .debug_abbrev  0x00001af3      0x2cd build/stm32f4xx_hal_adc.o
 .debug_abbrev  0x00001dc0      0x2b8 build/stm32f4xx_hal_can.o
 .debug_abbrev  0x00002078      0x2d2 build/stm32f4xx_hal_spi.o
 .debug_abbrev  0x0000234a      0x2af build/stm32f4xx_hal_tim.o
 .debug_abbrev  0x000025f9      0x2ab build/stm32f4xx_hal_tim_ex.o
 .debug_abbrev  0x000028a4      0x2fe build/stm32f4xx_hal_uart.o
 .debug_abbrev  0x00002ba2      0x2cd build/stm32f4xx_hal_rcc.o
 .debug_abbrev  0x00002e6f      0x258 build/stm32f4xx_hal_gpio.o
 .debug_abbrev  0x000030c7      0x312 build/stm32f4xx_hal_dma.o
 .debug_abbrev  0x000033d9      0x3b3 build/stm32f4xx_hal_cortex.o
 .debug_abbrev  0x0000378c      0x220 build/stm32f4xx_hal.o
 .debug_abbrev  0x000039ac      0x12e build/system_stm32f4xx.o
 .debug_abbrev  0x00003ada       0x12 build/startup_stm32f405xx.o

.debug_loc      0x00000000    0x10396
 .debug_loc     0x00000000      0x935 build/foc.o
 .debug_loc     0x00000935       0x59 build/main.o
 .debug_loc     0x0000098e       0x39 build/gpio.o
 .debug_loc     0x000009c7      0x19a build/adc.o
 .debug_loc     0x00000b61      0x108 build/can.o
 .debug_loc     0x00000c69       0x38 build/dma.o
 .debug_loc     0x00000ca1      0x108 build/spi.o
 .debug_loc     0x00000da9      0x461 build/tim.o
 .debug_loc     0x0000120a      0x1b5 build/usart.o
 .debug_loc     0x000013bf      0x4eb build/arm_sin_cos_f32.o
 .debug_loc     0x000018aa      0x100 build/stm32f4xx_it.o
 .debug_loc     0x000019aa       0x2c build/stm32f4xx_hal_msp.o
 .debug_loc     0x000019d6      0xdca build/stm32f4xx_hal_adc.o
 .debug_loc     0x000027a0      0xef2 build/stm32f4xx_hal_can.o
 .debug_loc     0x00003692     0x243c build/stm32f4xx_hal_spi.o
 .debug_loc     0x00005ace     0x4e3d build/stm32f4xx_hal_tim.o
 .debug_loc     0x0000a90b     0x1813 build/stm32f4xx_hal_tim_ex.o
 .debug_loc     0x0000c11e     0x1d4e build/stm32f4xx_hal_uart.o
 .debug_loc     0x0000de6c      0x68d build/stm32f4xx_hal_rcc.o
 .debug_loc     0x0000e4f9      0x5fe build/stm32f4xx_hal_gpio.o
 .debug_loc     0x0000eaf7      0xdd7 build/stm32f4xx_hal_dma.o
 .debug_loc     0x0000f8ce      0x790 build/stm32f4xx_hal_cortex.o
 .debug_loc     0x0001005e      0x1cc build/stm32f4xx_hal.o
 .debug_loc     0x0001022a      0x16c build/system_stm32f4xx.o

.debug_aranges  0x00000000     0x1138
 .debug_aranges
                0x00000000       0x80 build/foc.o
 .debug_aranges
                0x00000080       0x38 build/main.o
 .debug_aranges
                0x000000b8       0x20 build/gpio.o
 .debug_aranges
                0x000000d8       0x38 build/adc.o
 .debug_aranges
                0x00000110       0x30 build/can.o
 .debug_aranges
                0x00000140       0x20 build/dma.o
 .debug_aranges
                0x00000160       0x30 build/spi.o
 .debug_aranges
                0x00000190       0x70 build/tim.o
 .debug_aranges
                0x00000200       0x38 build/usart.o
 .debug_aranges
                0x00000238       0x18 build/arm_common_tables.o
 .debug_aranges
                0x00000250       0x20 build/arm_sin_cos_f32.o
 .debug_aranges
                0x00000270       0x98 build/stm32f4xx_it.o
 .debug_aranges
                0x00000308       0x20 build/stm32f4xx_hal_msp.o
 .debug_aranges
                0x00000328       0xe8 build/stm32f4xx_hal_adc.o
 .debug_aranges
                0x00000410      0x138 build/stm32f4xx_hal_can.o
 .debug_aranges
                0x00000548      0x1d0 build/stm32f4xx_hal_spi.o
 .debug_aranges
                0x00000718      0x3a8 build/stm32f4xx_hal_tim.o
 .debug_aranges
                0x00000ac0      0x150 build/stm32f4xx_hal_tim_ex.o
 .debug_aranges
                0x00000c10      0x1d0 build/stm32f4xx_hal_uart.o
 .debug_aranges
                0x00000de0       0x88 build/stm32f4xx_hal_rcc.o
 .debug_aranges
                0x00000e68       0x58 build/stm32f4xx_hal_gpio.o
 .debug_aranges
                0x00000ec0       0x90 build/stm32f4xx_hal_dma.o
 .debug_aranges
                0x00000f50       0xa8 build/stm32f4xx_hal_cortex.o
 .debug_aranges
                0x00000ff8       0xf0 build/stm32f4xx_hal.o
 .debug_aranges
                0x000010e8       0x28 build/system_stm32f4xx.o
 .debug_aranges
                0x00001110       0x28 build/startup_stm32f405xx.o

.debug_ranges   0x00000000      0xff8
 .debug_ranges  0x00000000       0x70 build/foc.o
 .debug_ranges  0x00000070       0x28 build/main.o
 .debug_ranges  0x00000098       0x10 build/gpio.o
 .debug_ranges  0x000000a8       0x28 build/adc.o
 .debug_ranges  0x000000d0       0x20 build/can.o
 .debug_ranges  0x000000f0       0x10 build/dma.o
 .debug_ranges  0x00000100       0x20 build/spi.o
 .debug_ranges  0x00000120       0x60 build/tim.o
 .debug_ranges  0x00000180       0x28 build/usart.o
 .debug_ranges  0x000001a8       0x10 build/arm_sin_cos_f32.o
 .debug_ranges  0x000001b8       0x88 build/stm32f4xx_it.o
 .debug_ranges  0x00000240       0x10 build/stm32f4xx_hal_msp.o
 .debug_ranges  0x00000250       0xd8 build/stm32f4xx_hal_adc.o
 .debug_ranges  0x00000328      0x128 build/stm32f4xx_hal_can.o
 .debug_ranges  0x00000450      0x1c0 build/stm32f4xx_hal_spi.o
 .debug_ranges  0x00000610      0x398 build/stm32f4xx_hal_tim.o
 .debug_ranges  0x000009a8      0x140 build/stm32f4xx_hal_tim_ex.o
 .debug_ranges  0x00000ae8      0x1c0 build/stm32f4xx_hal_uart.o
 .debug_ranges  0x00000ca8       0x90 build/stm32f4xx_hal_rcc.o
 .debug_ranges  0x00000d38       0x48 build/stm32f4xx_hal_gpio.o
 .debug_ranges  0x00000d80       0x80 build/stm32f4xx_hal_dma.o
 .debug_ranges  0x00000e00       0xe0 build/stm32f4xx_hal_cortex.o
 .debug_ranges  0x00000ee0       0xe0 build/stm32f4xx_hal.o
 .debug_ranges  0x00000fc0       0x18 build/system_stm32f4xx.o
 .debug_ranges  0x00000fd8       0x20 build/startup_stm32f405xx.o

.debug_line     0x00000000     0xfbdc
 .debug_line    0x00000000      0x727 build/foc.o
 .debug_line    0x00000727      0x3d6 build/main.o
 .debug_line    0x00000afd      0x1d8 build/gpio.o
 .debug_line    0x00000cd5      0x53d build/adc.o
 .debug_line    0x00001212      0x2b2 build/can.o
 .debug_line    0x000014c4      0x172 build/dma.o
 .debug_line    0x00001636      0x2ba build/spi.o
 .debug_line    0x000018f0      0x741 build/tim.o
 .debug_line    0x00002031      0x3f8 build/usart.o
 .debug_line    0x00002429      0x16d build/arm_common_tables.o
 .debug_line    0x00002596      0x2a7 build/arm_sin_cos_f32.o
 .debug_line    0x0000283d      0x32b build/stm32f4xx_it.o
 .debug_line    0x00002b68      0x13e build/stm32f4xx_hal_msp.o
 .debug_line    0x00002ca6      0xfe2 build/stm32f4xx_hal_adc.o
 .debug_line    0x00003c88     0x109b build/stm32f4xx_hal_can.o
 .debug_line    0x00004d23     0x2220 build/stm32f4xx_hal_spi.o
 .debug_line    0x00006f43     0x3379 build/stm32f4xx_hal_tim.o
 .debug_line    0x0000a2bc     0x1056 build/stm32f4xx_hal_tim_ex.o
 .debug_line    0x0000b312     0x1b54 build/stm32f4xx_hal_uart.o
 .debug_line    0x0000ce66      0xa4e build/stm32f4xx_hal_rcc.o
 .debug_line    0x0000d8b4      0x69a build/stm32f4xx_hal_gpio.o
 .debug_line    0x0000df4e      0xdb4 build/stm32f4xx_hal_dma.o
 .debug_line    0x0000ed02      0x734 build/stm32f4xx_hal_cortex.o
 .debug_line    0x0000f436      0x4fd build/stm32f4xx_hal.o
 .debug_line    0x0000f933      0x235 build/system_stm32f4xx.o
 .debug_line    0x0000fb68       0x74 build/startup_stm32f405xx.o

.debug_str      0x00000000     0x57a2
 .debug_str     0x00000000      0xcfe build/foc.o
                                0xddc (size before relaxing)
 .debug_str     0x00000cfe      0x885 build/main.o
                               0x10d8 (size before relaxing)
 .debug_str     0x00001583      0x196 build/gpio.o
                                0x3c0 (size before relaxing)
 .debug_str     0x00001719       0xc5 build/adc.o
                                0x872 (size before relaxing)
 .debug_str     0x000017de       0x43 build/can.o
                                0x66d (size before relaxing)
 .debug_str     0x00001821      0x4ff build/dma.o
                                0x7f6 (size before relaxing)
 .debug_str     0x00001d20       0x43 build/spi.o
                                0x837 (size before relaxing)
 .debug_str     0x00001d63      0x379 build/tim.o
                               0x10bf (size before relaxing)
 .debug_str     0x000020dc       0x8d build/usart.o
                                0xc6a (size before relaxing)
 .debug_str     0x00002169      0x50e build/arm_common_tables.o
                                0xadf (size before relaxing)
 .debug_str     0x00002677       0x41 build/arm_sin_cos_f32.o
                                0xb23 (size before relaxing)
 .debug_str     0x000026b8      0x172 build/stm32f4xx_it.o
                                0x7cc (size before relaxing)
 .debug_str     0x0000282a       0x24 build/stm32f4xx_hal_msp.o
                                0x30f (size before relaxing)
 .debug_str     0x0000284e      0x2b6 build/stm32f4xx_hal_adc.o
                                0x98a (size before relaxing)
 .debug_str     0x00002b04      0x554 build/stm32f4xx_hal_can.o
                                0xa92 (size before relaxing)
 .debug_str     0x00003058      0x522 build/stm32f4xx_hal_spi.o
                                0xc10 (size before relaxing)
 .debug_str     0x0000357a      0xbe4 build/stm32f4xx_hal_tim.o
                               0x1504 (size before relaxing)
 .debug_str     0x0000415e      0x423 build/stm32f4xx_hal_tim_ex.o
                                0xd1c (size before relaxing)
 .debug_str     0x00004581      0x520 build/stm32f4xx_hal_uart.o
                                0xc4f (size before relaxing)
 .debug_str     0x00004aa1      0x191 build/stm32f4xx_hal_rcc.o
                                0x6fa (size before relaxing)
 .debug_str     0x00004c32      0x120 build/stm32f4xx_hal_gpio.o
                                0x527 (size before relaxing)
 .debug_str     0x00004d52      0x289 build/stm32f4xx_hal_dma.o
                                0x7ad (size before relaxing)
 .debug_str     0x00004fdb      0x4c4 build/stm32f4xx_hal_cortex.o
                                0xc40 (size before relaxing)
 .debug_str     0x0000549f      0x29d build/stm32f4xx_hal.o
                                0xb75 (size before relaxing)
 .debug_str     0x0000573c       0x42 build/system_stm32f4xx.o
                                0x38b (size before relaxing)
 .debug_str     0x0000577e       0x24 build/startup_stm32f405xx.o
                                 0x48 (size before relaxing)

.comment        0x00000000       0xef
 .comment       0x00000000       0x79 build/foc.o
                                 0x7a (size before relaxing)
 .comment       0x00000079       0x7a build/main.o
 .comment       0x00000079       0x76 build/gpio.o
                                 0x77 (size before relaxing)
 .comment       0x000000ef       0x77 build/adc.o
 .comment       0x000000ef       0x77 build/can.o
 .comment       0x000000ef       0x77 build/dma.o
 .comment       0x000000ef       0x77 build/spi.o
 .comment       0x000000ef       0x7a build/tim.o
 .comment       0x000000ef       0x77 build/usart.o
 .comment       0x000000ef       0x77 build/arm_common_tables.o
 .comment       0x000000ef       0x77 build/arm_sin_cos_f32.o
 .comment       0x000000ef       0x77 build/stm32f4xx_it.o
 .comment       0x000000ef       0x77 build/stm32f4xx_hal_msp.o
 .comment       0x000000ef       0x77 build/stm32f4xx_hal_adc.o
 .comment       0x000000ef       0x77 build/stm32f4xx_hal_can.o
 .comment       0x000000ef       0x77 build/stm32f4xx_hal_spi.o
 .comment       0x000000ef       0x77 build/stm32f4xx_hal_tim.o
 .comment       0x000000ef       0x77 build/stm32f4xx_hal_tim_ex.o
 .comment       0x000000ef       0x77 build/stm32f4xx_hal_uart.o
 .comment       0x000000ef       0x77 build/stm32f4xx_hal_rcc.o
 .comment       0x000000ef       0x77 build/stm32f4xx_hal_gpio.o
 .comment       0x000000ef       0x77 build/stm32f4xx_hal_dma.o
 .comment       0x000000ef       0x77 build/stm32f4xx_hal_cortex.o
 .comment       0x000000ef       0x77 build/stm32f4xx_hal.o
 .comment       0x000000ef       0x77 build/system_stm32f4xx.o

.debug_frame    0x00000000     0x3384
 .debug_frame   0x00000000      0x1a8 build/foc.o
 .debug_frame   0x000001a8       0x70 build/main.o
 .debug_frame   0x00000218       0x3c build/gpio.o
 .debug_frame   0x00000254       0x98 build/adc.o
 .debug_frame   0x000002ec       0x68 build/can.o
 .debug_frame   0x00000354       0x30 build/dma.o
 .debug_frame   0x00000384       0x68 build/spi.o
 .debug_frame   0x000003ec      0x170 build/tim.o
 .debug_frame   0x0000055c       0x8c build/usart.o
 .debug_frame   0x000005e8       0x38 build/arm_sin_cos_f32.o
 .debug_frame   0x00000620      0x170 build/stm32f4xx_it.o
 .debug_frame   0x00000790       0x28 build/stm32f4xx_hal_msp.o
 .debug_frame   0x000007b8      0x2b8 build/stm32f4xx_hal_adc.o
 .debug_frame   0x00000a70      0x310 build/stm32f4xx_hal_can.o
 .debug_frame   0x00000d80      0x634 build/stm32f4xx_hal_spi.o
 .debug_frame   0x000013b4      0xbc4 build/stm32f4xx_hal_tim.o
 .debug_frame   0x00001f78      0x430 build/stm32f4xx_hal_tim_ex.o
 .debug_frame   0x000023a8      0x57c build/stm32f4xx_hal_uart.o
 .debug_frame   0x00002924      0x1b0 build/stm32f4xx_hal_rcc.o
 .debug_frame   0x00002ad4       0xec build/stm32f4xx_hal_gpio.o
 .debug_frame   0x00002bc0      0x1b8 build/stm32f4xx_hal_dma.o
 .debug_frame   0x00002d78      0x16c build/stm32f4xx_hal_cortex.o
 .debug_frame   0x00002ee4      0x200 build/stm32f4xx_hal.o
 .debug_frame   0x000030e4       0x30 build/system_stm32f4xx.o
 .debug_frame   0x00003114       0x2c c:/arm_gcc/bin/../lib/gcc/arm-none-eabi/9.2.1/../../../../arm-none-eabi/lib/thumb/v7e-m+fp/hard\libc_nano.a(lib_a-init.o)
 .debug_frame   0x00003140       0x20 c:/arm_gcc/bin/../lib/gcc/arm-none-eabi/9.2.1/../../../../arm-none-eabi/lib/thumb/v7e-m+fp/hard\libc_nano.a(lib_a-memset.o)
 .debug_frame   0x00003160       0x34 c:/arm_gcc/bin/../lib/gcc/arm-none-eabi/9.2.1/../../../../arm-none-eabi/lib/thumb/v7e-m+fp/hard\libm.a(lib_a-sf_cos.o)
 .debug_frame   0x00003194       0x34 c:/arm_gcc/bin/../lib/gcc/arm-none-eabi/9.2.1/../../../../arm-none-eabi/lib/thumb/v7e-m+fp/hard\libm.a(lib_a-sf_sin.o)
 .debug_frame   0x000031c8       0x44 c:/arm_gcc/bin/../lib/gcc/arm-none-eabi/9.2.1/../../../../arm-none-eabi/lib/thumb/v7e-m+fp/hard\libm.a(lib_a-ef_rem_pio2.o)
 .debug_frame   0x0000320c       0x20 c:/arm_gcc/bin/../lib/gcc/arm-none-eabi/9.2.1/../../../../arm-none-eabi/lib/thumb/v7e-m+fp/hard\libm.a(lib_a-kf_cos.o)
 .debug_frame   0x0000322c       0x5c c:/arm_gcc/bin/../lib/gcc/arm-none-eabi/9.2.1/../../../../arm-none-eabi/lib/thumb/v7e-m+fp/hard\libm.a(lib_a-kf_rem_pio2.o)
 .debug_frame   0x00003288       0x20 c:/arm_gcc/bin/../lib/gcc/arm-none-eabi/9.2.1/../../../../arm-none-eabi/lib/thumb/v7e-m+fp/hard\libm.a(lib_a-kf_sin.o)
 .debug_frame   0x000032a8       0x20 c:/arm_gcc/bin/../lib/gcc/arm-none-eabi/9.2.1/../../../../arm-none-eabi/lib/thumb/v7e-m+fp/hard\libm.a(lib_a-sf_fabs.o)
 .debug_frame   0x000032c8       0x20 c:/arm_gcc/bin/../lib/gcc/arm-none-eabi/9.2.1/../../../../arm-none-eabi/lib/thumb/v7e-m+fp/hard\libm.a(lib_a-sf_floor.o)
 .debug_frame   0x000032e8       0x3c c:/arm_gcc/bin/../lib/gcc/arm-none-eabi/9.2.1/../../../../arm-none-eabi/lib/thumb/v7e-m+fp/hard\libm.a(lib_a-sf_scalbn.o)
 .debug_frame   0x00003324       0x2c c:/arm_gcc/bin/../lib/gcc/arm-none-eabi/9.2.1/thumb/v7e-m+fp/hard\libgcc.a(_aeabi_uldivmod.o)
 .debug_frame   0x00003350       0x34 c:/arm_gcc/bin/../lib/gcc/arm-none-eabi/9.2.1/thumb/v7e-m+fp/hard\libgcc.a(_udivmoddi4.o)

Cross Reference Table

Symbol                                            File
ADC_IRQHandler                                    build/startup_stm32f405xx.o
ADC_Values_Raw                                    build/foc.o
                                                  build/main.o
ADC_Values_Raw2                                   build/foc.o
                                                  build/main.o
AHBPrescTable                                     build/system_stm32f4xx.o
                                                  build/stm32f4xx_hal_rcc.o
APBPrescTable                                     build/system_stm32f4xx.o
                                                  build/stm32f4xx_hal_rcc.o
BusFault_Handler                                  build/stm32f4xx_it.o
CAN1_RX0_IRQHandler                               build/startup_stm32f405xx.o
CAN1_RX1_IRQHandler                               build/startup_stm32f405xx.o
CAN1_SCE_IRQHandler                               build/startup_stm32f405xx.o
CAN1_TX_IRQHandler                                build/startup_stm32f405xx.o
CAN2_RX0_IRQHandler                               build/startup_stm32f405xx.o
CAN2_RX1_IRQHandler                               build/startup_stm32f405xx.o
CAN2_SCE_IRQHandler                               build/startup_stm32f405xx.o
CAN2_TX_IRQHandler                                build/startup_stm32f405xx.o
CCR_Dutys                                         build/foc.o
DMA1_Stream0_IRQHandler                           build/startup_stm32f405xx.o
DMA1_Stream1_IRQHandler                           build/stm32f4xx_it.o
DMA1_Stream2_IRQHandler                           build/startup_stm32f405xx.o
DMA1_Stream3_IRQHandler                           build/stm32f4xx_it.o
DMA1_Stream4_IRQHandler                           build/startup_stm32f405xx.o
DMA1_Stream5_IRQHandler                           build/startup_stm32f405xx.o
DMA1_Stream6_IRQHandler                           build/startup_stm32f405xx.o
DMA1_Stream7_IRQHandler                           build/startup_stm32f405xx.o
DMA2_Stream0_IRQHandler                           build/stm32f4xx_it.o
DMA2_Stream1_IRQHandler                           build/startup_stm32f405xx.o
DMA2_Stream2_IRQHandler                           build/stm32f4xx_it.o
DMA2_Stream3_IRQHandler                           build/startup_stm32f405xx.o
DMA2_Stream4_IRQHandler                           build/startup_stm32f405xx.o
DMA2_Stream5_IRQHandler                           build/startup_stm32f405xx.o
DMA2_Stream6_IRQHandler                           build/startup_stm32f405xx.o
DMA2_Stream7_IRQHandler                           build/startup_stm32f405xx.o
DebugMon_Handler                                  build/stm32f4xx_it.o
Default_Handler                                   build/startup_stm32f405xx.o
EXTI0_IRQHandler                                  build/startup_stm32f405xx.o
EXTI15_10_IRQHandler                              build/startup_stm32f405xx.o
EXTI1_IRQHandler                                  build/startup_stm32f405xx.o
EXTI2_IRQHandler                                  build/startup_stm32f405xx.o
EXTI3_IRQHandler                                  build/startup_stm32f405xx.o
EXTI4_IRQHandler                                  build/startup_stm32f405xx.o
EXTI9_5_IRQHandler                                build/startup_stm32f405xx.o
Error_Handler                                     build/main.o
                                                  build/usart.o
                                                  build/tim.o
                                                  build/spi.o
                                                  build/can.o
                                                  build/adc.o
FLASH_Erase_Sector                                build/stm32f4xx_hal_flash_ex.o
                                                  build/stm32f4xx_hal_flash.o
FLASH_FlushCaches                                 build/stm32f4xx_hal_flash_ex.o
                                                  build/stm32f4xx_hal_flash.o
FLASH_IRQHandler                                  build/startup_stm32f405xx.o
FLASH_WaitForLastOperation                        build/stm32f4xx_hal_flash.o
                                                  build/stm32f4xx_hal_flash_ex.o
FPU_IRQHandler                                    build/startup_stm32f405xx.o
FSMC_IRQHandler                                   build/startup_stm32f405xx.o
Foc_Init                                          build/foc.o
                                                  build/main.o
HAL_ADCEx_InjectedConfigChannel                   build/stm32f4xx_hal_adc_ex.o
HAL_ADCEx_InjectedConvCpltCallback                build/stm32f4xx_hal_adc_ex.o
                                                  build/stm32f4xx_hal_adc.o
HAL_ADCEx_InjectedGetValue                        build/stm32f4xx_hal_adc_ex.o
HAL_ADCEx_InjectedPollForConversion               build/stm32f4xx_hal_adc_ex.o
HAL_ADCEx_InjectedStart                           build/stm32f4xx_hal_adc_ex.o
HAL_ADCEx_InjectedStart_IT                        build/stm32f4xx_hal_adc_ex.o
HAL_ADCEx_InjectedStop                            build/stm32f4xx_hal_adc_ex.o
HAL_ADCEx_InjectedStop_IT                         build/stm32f4xx_hal_adc_ex.o
HAL_ADCEx_MultiModeConfigChannel                  build/stm32f4xx_hal_adc_ex.o
HAL_ADCEx_MultiModeGetValue                       build/stm32f4xx_hal_adc_ex.o
HAL_ADCEx_MultiModeStart_DMA                      build/stm32f4xx_hal_adc_ex.o
HAL_ADCEx_MultiModeStop_DMA                       build/stm32f4xx_hal_adc_ex.o
HAL_ADC_AnalogWDGConfig                           build/stm32f4xx_hal_adc.o
HAL_ADC_ConfigChannel                             build/stm32f4xx_hal_adc.o
                                                  build/adc.o
HAL_ADC_ConvCpltCallback                          build/foc.o
                                                  build/stm32f4xx_hal_adc_ex.o
HAL_ADC_ConvHalfCpltCallback                      build/stm32f4xx_hal_adc.o
                                                  build/stm32f4xx_hal_adc_ex.o
HAL_ADC_DeInit                                    build/stm32f4xx_hal_adc.o
HAL_ADC_ErrorCallback                             build/stm32f4xx_hal_adc.o
                                                  build/stm32f4xx_hal_adc_ex.o
HAL_ADC_GetError                                  build/stm32f4xx_hal_adc.o
HAL_ADC_GetState                                  build/stm32f4xx_hal_adc.o
HAL_ADC_GetValue                                  build/stm32f4xx_hal_adc.o
HAL_ADC_IRQHandler                                build/stm32f4xx_hal_adc.o
HAL_ADC_Init                                      build/stm32f4xx_hal_adc.o
                                                  build/adc.o
HAL_ADC_LevelOutOfWindowCallback                  build/stm32f4xx_hal_adc.o
HAL_ADC_MspDeInit                                 build/adc.o
HAL_ADC_MspInit                                   build/adc.o
HAL_ADC_PollForConversion                         build/stm32f4xx_hal_adc.o
HAL_ADC_PollForEvent                              build/stm32f4xx_hal_adc.o
HAL_ADC_Start                                     build/stm32f4xx_hal_adc.o
HAL_ADC_Start_DMA                                 build/stm32f4xx_hal_adc.o
                                                  build/foc.o
HAL_ADC_Start_IT                                  build/stm32f4xx_hal_adc.o
HAL_ADC_Stop                                      build/stm32f4xx_hal_adc.o
HAL_ADC_Stop_DMA                                  build/stm32f4xx_hal_adc.o
HAL_ADC_Stop_IT                                   build/stm32f4xx_hal_adc.o
HAL_CAN_AbortTxRequest                            build/stm32f4xx_hal_can.o
HAL_CAN_ActivateNotification                      build/stm32f4xx_hal_can.o
HAL_CAN_AddTxMessage                              build/stm32f4xx_hal_can.o
HAL_CAN_ConfigFilter                              build/stm32f4xx_hal_can.o
HAL_CAN_DeInit                                    build/stm32f4xx_hal_can.o
HAL_CAN_DeactivateNotification                    build/stm32f4xx_hal_can.o
HAL_CAN_ErrorCallback                             build/stm32f4xx_hal_can.o
HAL_CAN_GetError                                  build/stm32f4xx_hal_can.o
HAL_CAN_GetRxFifoFillLevel                        build/stm32f4xx_hal_can.o
HAL_CAN_GetRxMessage                              build/stm32f4xx_hal_can.o
HAL_CAN_GetState                                  build/stm32f4xx_hal_can.o
HAL_CAN_GetTxMailboxesFreeLevel                   build/stm32f4xx_hal_can.o
HAL_CAN_GetTxTimestamp                            build/stm32f4xx_hal_can.o
HAL_CAN_IRQHandler                                build/stm32f4xx_hal_can.o
HAL_CAN_Init                                      build/stm32f4xx_hal_can.o
                                                  build/can.o
HAL_CAN_IsSleepActive                             build/stm32f4xx_hal_can.o
HAL_CAN_IsTxMessagePending                        build/stm32f4xx_hal_can.o
HAL_CAN_MspDeInit                                 build/can.o
HAL_CAN_MspInit                                   build/can.o
HAL_CAN_RequestSleep                              build/stm32f4xx_hal_can.o
HAL_CAN_ResetError                                build/stm32f4xx_hal_can.o
HAL_CAN_RxFifo0FullCallback                       build/stm32f4xx_hal_can.o
HAL_CAN_RxFifo0MsgPendingCallback                 build/stm32f4xx_hal_can.o
HAL_CAN_RxFifo1FullCallback                       build/stm32f4xx_hal_can.o
HAL_CAN_RxFifo1MsgPendingCallback                 build/stm32f4xx_hal_can.o
HAL_CAN_SleepCallback                             build/stm32f4xx_hal_can.o
HAL_CAN_Start                                     build/stm32f4xx_hal_can.o
HAL_CAN_Stop                                      build/stm32f4xx_hal_can.o
HAL_CAN_TxMailbox0AbortCallback                   build/stm32f4xx_hal_can.o
HAL_CAN_TxMailbox0CompleteCallback                build/stm32f4xx_hal_can.o
HAL_CAN_TxMailbox1AbortCallback                   build/stm32f4xx_hal_can.o
HAL_CAN_TxMailbox1CompleteCallback                build/stm32f4xx_hal_can.o
HAL_CAN_TxMailbox2AbortCallback                   build/stm32f4xx_hal_can.o
HAL_CAN_TxMailbox2CompleteCallback                build/stm32f4xx_hal_can.o
HAL_CAN_WakeUp                                    build/stm32f4xx_hal_can.o
HAL_CAN_WakeUpFromRxMsgCallback                   build/stm32f4xx_hal_can.o
HAL_DBGMCU_DisableDBGSleepMode                    build/stm32f4xx_hal.o
HAL_DBGMCU_DisableDBGStandbyMode                  build/stm32f4xx_hal.o
HAL_DBGMCU_DisableDBGStopMode                     build/stm32f4xx_hal.o
HAL_DBGMCU_EnableDBGSleepMode                     build/stm32f4xx_hal.o
HAL_DBGMCU_EnableDBGStandbyMode                   build/stm32f4xx_hal.o
HAL_DBGMCU_EnableDBGStopMode                      build/stm32f4xx_hal.o
HAL_DMAEx_ChangeMemory                            build/stm32f4xx_hal_dma_ex.o
HAL_DMAEx_MultiBufferStart                        build/stm32f4xx_hal_dma_ex.o
HAL_DMAEx_MultiBufferStart_IT                     build/stm32f4xx_hal_dma_ex.o
HAL_DMA_Abort                                     build/stm32f4xx_hal_dma.o
                                                  build/stm32f4xx_hal_uart.o
                                                  build/stm32f4xx_hal_spi.o
                                                  build/stm32f4xx_hal_adc_ex.o
                                                  build/stm32f4xx_hal_adc.o
HAL_DMA_Abort_IT                                  build/stm32f4xx_hal_dma.o
                                                  build/stm32f4xx_hal_uart.o
                                                  build/stm32f4xx_hal_tim_ex.o
                                                  build/stm32f4xx_hal_tim.o
                                                  build/stm32f4xx_hal_spi.o
HAL_DMA_DeInit                                    build/stm32f4xx_hal_dma.o
                                                  build/usart.o
                                                  build/adc.o
HAL_DMA_GetError                                  build/stm32f4xx_hal_dma.o
                                                  build/stm32f4xx_hal_uart.o
HAL_DMA_GetState                                  build/stm32f4xx_hal_dma.o
HAL_DMA_IRQHandler                                build/stm32f4xx_hal_dma.o
                                                  build/stm32f4xx_it.o
HAL_DMA_Init                                      build/stm32f4xx_hal_dma.o
                                                  build/usart.o
                                                  build/adc.o
HAL_DMA_PollForTransfer                           build/stm32f4xx_hal_dma.o
HAL_DMA_RegisterCallback                          build/stm32f4xx_hal_dma.o
HAL_DMA_Start                                     build/stm32f4xx_hal_dma.o
HAL_DMA_Start_IT                                  build/stm32f4xx_hal_dma.o
                                                  build/stm32f4xx_hal_uart.o
                                                  build/stm32f4xx_hal_tim_ex.o
                                                  build/stm32f4xx_hal_tim.o
                                                  build/stm32f4xx_hal_spi.o
                                                  build/stm32f4xx_hal_adc_ex.o
                                                  build/stm32f4xx_hal_adc.o
HAL_DMA_UnRegisterCallback                        build/stm32f4xx_hal_dma.o
HAL_DeInit                                        build/stm32f4xx_hal.o
HAL_Delay                                         build/stm32f4xx_hal.o
HAL_DisableCompensationCell                       build/stm32f4xx_hal.o
HAL_EXTI_ClearConfigLine                          build/stm32f4xx_hal_exti.o
HAL_EXTI_ClearPending                             build/stm32f4xx_hal_exti.o
HAL_EXTI_GenerateSWI                              build/stm32f4xx_hal_exti.o
HAL_EXTI_GetConfigLine                            build/stm32f4xx_hal_exti.o
HAL_EXTI_GetHandle                                build/stm32f4xx_hal_exti.o
HAL_EXTI_GetPending                               build/stm32f4xx_hal_exti.o
HAL_EXTI_IRQHandler                               build/stm32f4xx_hal_exti.o
HAL_EXTI_RegisterCallback                         build/stm32f4xx_hal_exti.o
HAL_EXTI_SetConfigLine                            build/stm32f4xx_hal_exti.o
HAL_EnableCompensationCell                        build/stm32f4xx_hal.o
HAL_FLASHEx_Erase                                 build/stm32f4xx_hal_flash_ex.o
HAL_FLASHEx_Erase_IT                              build/stm32f4xx_hal_flash_ex.o
HAL_FLASHEx_OBGetConfig                           build/stm32f4xx_hal_flash_ex.o
HAL_FLASHEx_OBProgram                             build/stm32f4xx_hal_flash_ex.o
HAL_FLASH_EndOfOperationCallback                  build/stm32f4xx_hal_flash.o
HAL_FLASH_GetError                                build/stm32f4xx_hal_flash.o
HAL_FLASH_IRQHandler                              build/stm32f4xx_hal_flash.o
HAL_FLASH_Lock                                    build/stm32f4xx_hal_flash.o
HAL_FLASH_OB_Launch                               build/stm32f4xx_hal_flash.o
HAL_FLASH_OB_Lock                                 build/stm32f4xx_hal_flash.o
HAL_FLASH_OB_Unlock                               build/stm32f4xx_hal_flash.o
HAL_FLASH_OperationErrorCallback                  build/stm32f4xx_hal_flash.o
HAL_FLASH_Program                                 build/stm32f4xx_hal_flash.o
HAL_FLASH_Program_IT                              build/stm32f4xx_hal_flash.o
HAL_FLASH_Unlock                                  build/stm32f4xx_hal_flash.o
HAL_GPIO_DeInit                                   build/stm32f4xx_hal_gpio.o
                                                  build/usart.o
                                                  build/tim.o
                                                  build/spi.o
                                                  build/can.o
                                                  build/adc.o
HAL_GPIO_EXTI_Callback                            build/stm32f4xx_hal_gpio.o
HAL_GPIO_EXTI_IRQHandler                          build/stm32f4xx_hal_gpio.o
HAL_GPIO_Init                                     build/stm32f4xx_hal_gpio.o
                                                  build/stm32f4xx_hal_rcc.o
                                                  build/usart.o
                                                  build/tim.o
                                                  build/spi.o
                                                  build/can.o
                                                  build/adc.o
                                                  build/gpio.o
HAL_GPIO_LockPin                                  build/stm32f4xx_hal_gpio.o
HAL_GPIO_ReadPin                                  build/stm32f4xx_hal_gpio.o
HAL_GPIO_TogglePin                                build/stm32f4xx_hal_gpio.o
HAL_GPIO_WritePin                                 build/stm32f4xx_hal_gpio.o
                                                  build/gpio.o
HAL_GetDEVID                                      build/stm32f4xx_hal.o
HAL_GetHalVersion                                 build/stm32f4xx_hal.o
HAL_GetREVID                                      build/stm32f4xx_hal.o
HAL_GetTick                                       build/stm32f4xx_hal.o
                                                  build/stm32f4xx_hal_pwr_ex.o
                                                  build/stm32f4xx_hal_dma.o
                                                  build/stm32f4xx_hal_flash.o
                                                  build/stm32f4xx_hal_rcc_ex.o
                                                  build/stm32f4xx_hal_rcc.o
                                                  build/stm32f4xx_hal_uart.o
                                                  build/stm32f4xx_hal_spi.o
                                                  build/stm32f4xx_hal_can.o
                                                  build/stm32f4xx_hal_adc_ex.o
                                                  build/stm32f4xx_hal_adc.o
HAL_GetTickFreq                                   build/stm32f4xx_hal.o
HAL_GetTickPrio                                   build/stm32f4xx_hal.o
HAL_GetUIDw0                                      build/stm32f4xx_hal.o
HAL_GetUIDw1                                      build/stm32f4xx_hal.o
HAL_GetUIDw2                                      build/stm32f4xx_hal.o
HAL_HalfDuplex_EnableReceiver                     build/stm32f4xx_hal_uart.o
HAL_HalfDuplex_EnableTransmitter                  build/stm32f4xx_hal_uart.o
HAL_HalfDuplex_Init                               build/stm32f4xx_hal_uart.o
HAL_IncTick                                       build/stm32f4xx_hal.o
                                                  build/stm32f4xx_it.o
HAL_Init                                          build/stm32f4xx_hal.o
                                                  build/main.o
HAL_InitTick                                      build/stm32f4xx_hal.o
                                                  build/stm32f4xx_hal_rcc_ex.o
                                                  build/stm32f4xx_hal_rcc.o
HAL_LIN_Init                                      build/stm32f4xx_hal_uart.o
HAL_LIN_SendBreak                                 build/stm32f4xx_hal_uart.o
HAL_MPU_ConfigRegion                              build/stm32f4xx_hal_cortex.o
HAL_MPU_Disable                                   build/stm32f4xx_hal_cortex.o
HAL_MPU_Enable                                    build/stm32f4xx_hal_cortex.o
HAL_MspDeInit                                     build/stm32f4xx_hal.o
HAL_MspInit                                       build/stm32f4xx_hal_msp.o
HAL_MultiProcessor_EnterMuteMode                  build/stm32f4xx_hal_uart.o
HAL_MultiProcessor_ExitMuteMode                   build/stm32f4xx_hal_uart.o
HAL_MultiProcessor_Init                           build/stm32f4xx_hal_uart.o
HAL_NVIC_ClearPendingIRQ                          build/stm32f4xx_hal_cortex.o
HAL_NVIC_DisableIRQ                               build/stm32f4xx_hal_cortex.o
                                                  build/tim.o
HAL_NVIC_EnableIRQ                                build/stm32f4xx_hal_cortex.o
                                                  build/tim.o
                                                  build/dma.o
HAL_NVIC_GetActive                                build/stm32f4xx_hal_cortex.o
HAL_NVIC_GetPendingIRQ                            build/stm32f4xx_hal_cortex.o
HAL_NVIC_GetPriority                              build/stm32f4xx_hal_cortex.o
HAL_NVIC_GetPriorityGrouping                      build/stm32f4xx_hal_cortex.o
HAL_NVIC_SetPendingIRQ                            build/stm32f4xx_hal_cortex.o
HAL_NVIC_SetPriority                              build/stm32f4xx_hal_cortex.o
                                                  build/stm32f4xx_hal.o
                                                  build/tim.o
                                                  build/dma.o
HAL_NVIC_SetPriorityGrouping                      build/stm32f4xx_hal_cortex.o
                                                  build/stm32f4xx_hal.o
HAL_NVIC_SystemReset                              build/stm32f4xx_hal_cortex.o
HAL_PWREx_ControlVoltageScaling                   build/stm32f4xx_hal_pwr_ex.o
HAL_PWREx_DisableBkUpReg                          build/stm32f4xx_hal_pwr_ex.o
HAL_PWREx_DisableFlashPowerDown                   build/stm32f4xx_hal_pwr_ex.o
HAL_PWREx_EnableBkUpReg                           build/stm32f4xx_hal_pwr_ex.o
HAL_PWREx_EnableFlashPowerDown                    build/stm32f4xx_hal_pwr_ex.o
HAL_PWREx_GetVoltageRange                         build/stm32f4xx_hal_pwr_ex.o
HAL_PWR_ConfigPVD                                 build/stm32f4xx_hal_pwr.o
HAL_PWR_DeInit                                    build/stm32f4xx_hal_pwr.o
HAL_PWR_DisableBkUpAccess                         build/stm32f4xx_hal_pwr.o
HAL_PWR_DisablePVD                                build/stm32f4xx_hal_pwr.o
HAL_PWR_DisableSEVOnPend                          build/stm32f4xx_hal_pwr.o
HAL_PWR_DisableSleepOnExit                        build/stm32f4xx_hal_pwr.o
HAL_PWR_DisableWakeUpPin                          build/stm32f4xx_hal_pwr.o
HAL_PWR_EnableBkUpAccess                          build/stm32f4xx_hal_pwr.o
HAL_PWR_EnablePVD                                 build/stm32f4xx_hal_pwr.o
HAL_PWR_EnableSEVOnPend                           build/stm32f4xx_hal_pwr.o
HAL_PWR_EnableSleepOnExit                         build/stm32f4xx_hal_pwr.o
HAL_PWR_EnableWakeUpPin                           build/stm32f4xx_hal_pwr.o
HAL_PWR_EnterSLEEPMode                            build/stm32f4xx_hal_pwr.o
HAL_PWR_EnterSTANDBYMode                          build/stm32f4xx_hal_pwr.o
HAL_PWR_EnterSTOPMode                             build/stm32f4xx_hal_pwr.o
HAL_PWR_PVDCallback                               build/stm32f4xx_hal_pwr.o
HAL_PWR_PVD_IRQHandler                            build/stm32f4xx_hal_pwr.o
HAL_RCCEx_DisablePLLI2S                           build/stm32f4xx_hal_rcc_ex.o
HAL_RCCEx_EnablePLLI2S                            build/stm32f4xx_hal_rcc_ex.o
HAL_RCCEx_GetPeriphCLKConfig                      build/stm32f4xx_hal_rcc_ex.o
HAL_RCCEx_GetPeriphCLKFreq                        build/stm32f4xx_hal_rcc_ex.o
HAL_RCCEx_PeriphCLKConfig                         build/stm32f4xx_hal_rcc_ex.o
HAL_RCC_CSSCallback                               build/stm32f4xx_hal_rcc.o
HAL_RCC_ClockConfig                               build/stm32f4xx_hal_rcc.o
                                                  build/main.o
HAL_RCC_DeInit                                    build/stm32f4xx_hal_rcc_ex.o
                                                  build/stm32f4xx_hal_rcc.o
HAL_RCC_DisableCSS                                build/stm32f4xx_hal_rcc.o
HAL_RCC_EnableCSS                                 build/stm32f4xx_hal_rcc.o
HAL_RCC_GetClockConfig                            build/stm32f4xx_hal_rcc.o
HAL_RCC_GetHCLKFreq                               build/stm32f4xx_hal_rcc.o
HAL_RCC_GetOscConfig                              build/stm32f4xx_hal_rcc.o
HAL_RCC_GetPCLK1Freq                              build/stm32f4xx_hal_rcc.o
                                                  build/stm32f4xx_hal_uart.o
HAL_RCC_GetPCLK2Freq                              build/stm32f4xx_hal_rcc.o
                                                  build/stm32f4xx_hal_uart.o
HAL_RCC_GetSysClockFreq                           build/stm32f4xx_hal_rcc.o
HAL_RCC_MCOConfig                                 build/stm32f4xx_hal_rcc.o
HAL_RCC_NMI_IRQHandler                            build/stm32f4xx_hal_rcc.o
HAL_RCC_OscConfig                                 build/stm32f4xx_hal_rcc.o
                                                  build/main.o
HAL_ResumeTick                                    build/stm32f4xx_hal.o
HAL_SPI_Abort                                     build/stm32f4xx_hal_spi.o
HAL_SPI_AbortCpltCallback                         build/stm32f4xx_hal_spi.o
HAL_SPI_Abort_IT                                  build/stm32f4xx_hal_spi.o
HAL_SPI_DMAPause                                  build/stm32f4xx_hal_spi.o
HAL_SPI_DMAResume                                 build/stm32f4xx_hal_spi.o
HAL_SPI_DMAStop                                   build/stm32f4xx_hal_spi.o
HAL_SPI_DeInit                                    build/stm32f4xx_hal_spi.o
HAL_SPI_ErrorCallback                             build/stm32f4xx_hal_spi.o
HAL_SPI_GetError                                  build/stm32f4xx_hal_spi.o
HAL_SPI_GetState                                  build/stm32f4xx_hal_spi.o
HAL_SPI_IRQHandler                                build/stm32f4xx_hal_spi.o
HAL_SPI_Init                                      build/stm32f4xx_hal_spi.o
                                                  build/spi.o
HAL_SPI_MspDeInit                                 build/spi.o
HAL_SPI_MspInit                                   build/spi.o
HAL_SPI_Receive                                   build/stm32f4xx_hal_spi.o
HAL_SPI_Receive_DMA                               build/stm32f4xx_hal_spi.o
HAL_SPI_Receive_IT                                build/stm32f4xx_hal_spi.o
HAL_SPI_RxCpltCallback                            build/stm32f4xx_hal_spi.o
HAL_SPI_RxHalfCpltCallback                        build/stm32f4xx_hal_spi.o
HAL_SPI_Transmit                                  build/stm32f4xx_hal_spi.o
HAL_SPI_TransmitReceive                           build/stm32f4xx_hal_spi.o
HAL_SPI_TransmitReceive_DMA                       build/stm32f4xx_hal_spi.o
HAL_SPI_TransmitReceive_IT                        build/stm32f4xx_hal_spi.o
HAL_SPI_Transmit_DMA                              build/stm32f4xx_hal_spi.o
HAL_SPI_Transmit_IT                               build/stm32f4xx_hal_spi.o
HAL_SPI_TxCpltCallback                            build/stm32f4xx_hal_spi.o
HAL_SPI_TxHalfCpltCallback                        build/stm32f4xx_hal_spi.o
HAL_SPI_TxRxCpltCallback                          build/stm32f4xx_hal_spi.o
HAL_SPI_TxRxHalfCpltCallback                      build/stm32f4xx_hal_spi.o
HAL_SYSTICK_CLKSourceConfig                       build/stm32f4xx_hal_cortex.o
HAL_SYSTICK_Callback                              build/stm32f4xx_hal_cortex.o
HAL_SYSTICK_Config                                build/stm32f4xx_hal_cortex.o
                                                  build/stm32f4xx_hal.o
HAL_SYSTICK_IRQHandler                            build/stm32f4xx_hal_cortex.o
HAL_SetTickFreq                                   build/stm32f4xx_hal.o
HAL_SuspendTick                                   build/stm32f4xx_hal.o
HAL_TIMEx_BreakCallback                           build/stm32f4xx_hal_tim_ex.o
                                                  build/stm32f4xx_hal_tim.o
HAL_TIMEx_CommutCallback                          build/stm32f4xx_hal_tim_ex.o
                                                  build/stm32f4xx_hal_tim.o
HAL_TIMEx_CommutHalfCpltCallback                  build/stm32f4xx_hal_tim_ex.o
HAL_TIMEx_ConfigBreakDeadTime                     build/stm32f4xx_hal_tim_ex.o
                                                  build/tim.o
HAL_TIMEx_ConfigCommutEvent                       build/stm32f4xx_hal_tim_ex.o
HAL_TIMEx_ConfigCommutEvent_DMA                   build/stm32f4xx_hal_tim_ex.o
HAL_TIMEx_ConfigCommutEvent_IT                    build/stm32f4xx_hal_tim_ex.o
HAL_TIMEx_HallSensor_DeInit                       build/stm32f4xx_hal_tim_ex.o
HAL_TIMEx_HallSensor_GetState                     build/stm32f4xx_hal_tim_ex.o
HAL_TIMEx_HallSensor_Init                         build/stm32f4xx_hal_tim_ex.o
HAL_TIMEx_HallSensor_MspDeInit                    build/stm32f4xx_hal_tim_ex.o
HAL_TIMEx_HallSensor_MspInit                      build/stm32f4xx_hal_tim_ex.o
HAL_TIMEx_HallSensor_Start                        build/stm32f4xx_hal_tim_ex.o
HAL_TIMEx_HallSensor_Start_DMA                    build/stm32f4xx_hal_tim_ex.o
HAL_TIMEx_HallSensor_Start_IT                     build/stm32f4xx_hal_tim_ex.o
HAL_TIMEx_HallSensor_Stop                         build/stm32f4xx_hal_tim_ex.o
HAL_TIMEx_HallSensor_Stop_DMA                     build/stm32f4xx_hal_tim_ex.o
HAL_TIMEx_HallSensor_Stop_IT                      build/stm32f4xx_hal_tim_ex.o
HAL_TIMEx_MasterConfigSynchronization             build/stm32f4xx_hal_tim_ex.o
                                                  build/tim.o
HAL_TIMEx_OCN_Start                               build/stm32f4xx_hal_tim_ex.o
HAL_TIMEx_OCN_Start_DMA                           build/stm32f4xx_hal_tim_ex.o
HAL_TIMEx_OCN_Start_IT                            build/stm32f4xx_hal_tim_ex.o
HAL_TIMEx_OCN_Stop                                build/stm32f4xx_hal_tim_ex.o
HAL_TIMEx_OCN_Stop_DMA                            build/stm32f4xx_hal_tim_ex.o
HAL_TIMEx_OCN_Stop_IT                             build/stm32f4xx_hal_tim_ex.o
HAL_TIMEx_OnePulseN_Start                         build/stm32f4xx_hal_tim_ex.o
HAL_TIMEx_OnePulseN_Start_IT                      build/stm32f4xx_hal_tim_ex.o
HAL_TIMEx_OnePulseN_Stop                          build/stm32f4xx_hal_tim_ex.o
HAL_TIMEx_OnePulseN_Stop_IT                       build/stm32f4xx_hal_tim_ex.o
HAL_TIMEx_PWMN_Start                              build/stm32f4xx_hal_tim_ex.o
HAL_TIMEx_PWMN_Start_DMA                          build/stm32f4xx_hal_tim_ex.o
HAL_TIMEx_PWMN_Start_IT                           build/stm32f4xx_hal_tim_ex.o
HAL_TIMEx_PWMN_Stop                               build/stm32f4xx_hal_tim_ex.o
HAL_TIMEx_PWMN_Stop_DMA                           build/stm32f4xx_hal_tim_ex.o
HAL_TIMEx_PWMN_Stop_IT                            build/stm32f4xx_hal_tim_ex.o
HAL_TIMEx_RemapConfig                             build/stm32f4xx_hal_tim_ex.o
HAL_TIM_Base_DeInit                               build/stm32f4xx_hal_tim.o
HAL_TIM_Base_GetState                             build/stm32f4xx_hal_tim.o
HAL_TIM_Base_Init                                 build/stm32f4xx_hal_tim.o
                                                  build/tim.o
HAL_TIM_Base_MspDeInit                            build/tim.o
HAL_TIM_Base_MspInit                              build/tim.o
HAL_TIM_Base_Start                                build/stm32f4xx_hal_tim.o
HAL_TIM_Base_Start_DMA                            build/stm32f4xx_hal_tim.o
HAL_TIM_Base_Start_IT                             build/stm32f4xx_hal_tim.o
                                                  build/foc.o
HAL_TIM_Base_Stop                                 build/stm32f4xx_hal_tim.o
HAL_TIM_Base_Stop_DMA                             build/stm32f4xx_hal_tim.o
HAL_TIM_Base_Stop_IT                              build/stm32f4xx_hal_tim.o
HAL_TIM_ConfigClockSource                         build/stm32f4xx_hal_tim.o
HAL_TIM_ConfigOCrefClear                          build/stm32f4xx_hal_tim.o
HAL_TIM_ConfigTI1Input                            build/stm32f4xx_hal_tim.o
HAL_TIM_DMABurst_ReadStart                        build/stm32f4xx_hal_tim.o
HAL_TIM_DMABurst_ReadStop                         build/stm32f4xx_hal_tim.o
HAL_TIM_DMABurst_WriteStart                       build/stm32f4xx_hal_tim.o
HAL_TIM_DMABurst_WriteStop                        build/stm32f4xx_hal_tim.o
HAL_TIM_Encoder_DeInit                            build/stm32f4xx_hal_tim.o
HAL_TIM_Encoder_GetState                          build/stm32f4xx_hal_tim.o
HAL_TIM_Encoder_Init                              build/stm32f4xx_hal_tim.o
                                                  build/tim.o
HAL_TIM_Encoder_MspDeInit                         build/tim.o
HAL_TIM_Encoder_MspInit                           build/tim.o
HAL_TIM_Encoder_Start                             build/stm32f4xx_hal_tim.o
HAL_TIM_Encoder_Start_DMA                         build/stm32f4xx_hal_tim.o
HAL_TIM_Encoder_Start_IT                          build/stm32f4xx_hal_tim.o
HAL_TIM_Encoder_Stop                              build/stm32f4xx_hal_tim.o
HAL_TIM_Encoder_Stop_DMA                          build/stm32f4xx_hal_tim.o
HAL_TIM_Encoder_Stop_IT                           build/stm32f4xx_hal_tim.o
HAL_TIM_ErrorCallback                             build/stm32f4xx_hal_tim.o
HAL_TIM_GenerateEvent                             build/stm32f4xx_hal_tim.o
HAL_TIM_IC_CaptureCallback                        build/stm32f4xx_hal_tim.o
HAL_TIM_IC_CaptureHalfCpltCallback                build/stm32f4xx_hal_tim.o
HAL_TIM_IC_ConfigChannel                          build/stm32f4xx_hal_tim.o
HAL_TIM_IC_DeInit                                 build/stm32f4xx_hal_tim.o
HAL_TIM_IC_GetState                               build/stm32f4xx_hal_tim.o
HAL_TIM_IC_Init                                   build/stm32f4xx_hal_tim.o
HAL_TIM_IC_MspDeInit                              build/stm32f4xx_hal_tim.o
HAL_TIM_IC_MspInit                                build/stm32f4xx_hal_tim.o
HAL_TIM_IC_Start                                  build/stm32f4xx_hal_tim.o
HAL_TIM_IC_Start_DMA                              build/stm32f4xx_hal_tim.o
HAL_TIM_IC_Start_IT                               build/stm32f4xx_hal_tim.o
HAL_TIM_IC_Stop                                   build/stm32f4xx_hal_tim.o
HAL_TIM_IC_Stop_DMA                               build/stm32f4xx_hal_tim.o
HAL_TIM_IC_Stop_IT                                build/stm32f4xx_hal_tim.o
HAL_TIM_IRQHandler                                build/stm32f4xx_hal_tim.o
                                                  build/stm32f4xx_it.o
HAL_TIM_MspPostInit                               build/tim.o
HAL_TIM_OC_ConfigChannel                          build/stm32f4xx_hal_tim.o
                                                  build/tim.o
HAL_TIM_OC_DeInit                                 build/stm32f4xx_hal_tim.o
HAL_TIM_OC_DelayElapsedCallback                   build/stm32f4xx_hal_tim.o
HAL_TIM_OC_GetState                               build/stm32f4xx_hal_tim.o
HAL_TIM_OC_Init                                   build/stm32f4xx_hal_tim.o
                                                  build/tim.o
HAL_TIM_OC_MspDeInit                              build/stm32f4xx_hal_tim.o
HAL_TIM_OC_MspInit                                build/stm32f4xx_hal_tim.o
HAL_TIM_OC_Start                                  build/stm32f4xx_hal_tim.o
HAL_TIM_OC_Start_DMA                              build/stm32f4xx_hal_tim.o
HAL_TIM_OC_Start_IT                               build/stm32f4xx_hal_tim.o
HAL_TIM_OC_Stop                                   build/stm32f4xx_hal_tim.o
HAL_TIM_OC_Stop_DMA                               build/stm32f4xx_hal_tim.o
HAL_TIM_OC_Stop_IT                                build/stm32f4xx_hal_tim.o
HAL_TIM_OnePulse_ConfigChannel                    build/stm32f4xx_hal_tim.o
HAL_TIM_OnePulse_DeInit                           build/stm32f4xx_hal_tim.o
HAL_TIM_OnePulse_GetState                         build/stm32f4xx_hal_tim.o
HAL_TIM_OnePulse_Init                             build/stm32f4xx_hal_tim.o
HAL_TIM_OnePulse_MspDeInit                        build/stm32f4xx_hal_tim.o