Archive member included to satisfy reference by file (symbol)

c:/arm_gcc/bin/../lib/gcc/arm-none-eabi/9.2.1/../../../../arm-none-eabi/lib/thumb/v7e-m+fp/hard\libc_nano.a(lib_a-atof.o)
                              build/command.o (atof)
c:/arm_gcc/bin/../lib/gcc/arm-none-eabi/9.2.1/../../../../arm-none-eabi/lib/thumb/v7e-m+fp/hard\libc_nano.a(lib_a-ctype_.o)
                              build/command.o (_ctype_)
c:/arm_gcc/bin/../lib/gcc/arm-none-eabi/9.2.1/../../../../arm-none-eabi/lib/thumb/v7e-m+fp/hard\libc_nano.a(lib_a-exit.o)
                              c:/arm_gcc/bin/../lib/gcc/arm-none-eabi/9.2.1/../../../../arm-none-eabi/lib/thumb/v7e-m+fp/hard/crt0.o (exit)
c:/arm_gcc/bin/../lib/gcc/arm-none-eabi/9.2.1/../../../../arm-none-eabi/lib/thumb/v7e-m+fp/hard\libc_nano.a(lib_a-impure.o)
                              c:/arm_gcc/bin/../lib/gcc/arm-none-eabi/9.2.1/../../../../arm-none-eabi/lib/thumb/v7e-m+fp/hard\libc_nano.a(lib_a-exit.o) (_global_impure_ptr)
c:/arm_gcc/bin/../lib/gcc/arm-none-eabi/9.2.1/../../../../arm-none-eabi/lib/thumb/v7e-m+fp/hard\libc_nano.a(lib_a-init.o)
                              c:/arm_gcc/bin/../lib/gcc/arm-none-eabi/9.2.1/../../../../arm-none-eabi/lib/thumb/v7e-m+fp/hard/crt0.o (__libc_init_array)
c:/arm_gcc/bin/../lib/gcc/arm-none-eabi/9.2.1/../../../../arm-none-eabi/lib/thumb/v7e-m+fp/hard\libc_nano.a(lib_a-malloc.o)
                              build/command.o (malloc)
c:/arm_gcc/bin/../lib/gcc/arm-none-eabi/9.2.1/../../../../arm-none-eabi/lib/thumb/v7e-m+fp/hard\libc_nano.a(lib_a-memset.o)
                              c:/arm_gcc/bin/../lib/gcc/arm-none-eabi/9.2.1/../../../../arm-none-eabi/lib/thumb/v7e-m+fp/hard/crt0.o (memset)
c:/arm_gcc/bin/../lib/gcc/arm-none-eabi/9.2.1/../../../../arm-none-eabi/lib/thumb/v7e-m+fp/hard\libc_nano.a(lib_a-nano-freer.o)
                              c:/arm_gcc/bin/../lib/gcc/arm-none-eabi/9.2.1/../../../../arm-none-eabi/lib/thumb/v7e-m+fp/hard\libc_nano.a(lib_a-malloc.o) (_free_r)
c:/arm_gcc/bin/../lib/gcc/arm-none-eabi/9.2.1/../../../../arm-none-eabi/lib/thumb/v7e-m+fp/hard\libc_nano.a(lib_a-nano-mallocr.o)
                              c:/arm_gcc/bin/../lib/gcc/arm-none-eabi/9.2.1/../../../../arm-none-eabi/lib/thumb/v7e-m+fp/hard\libc_nano.a(lib_a-malloc.o) (_malloc_r)
c:/arm_gcc/bin/../lib/gcc/arm-none-eabi/9.2.1/../../../../arm-none-eabi/lib/thumb/v7e-m+fp/hard\libc_nano.a(lib_a-nano-vfprintf_float.o)
                              (_printf_float)
c:/arm_gcc/bin/../lib/gcc/arm-none-eabi/9.2.1/../../../../arm-none-eabi/lib/thumb/v7e-m+fp/hard\libc_nano.a(lib_a-nano-vfprintf_i.o)
                              c:/arm_gcc/bin/../lib/gcc/arm-none-eabi/9.2.1/../../../../arm-none-eabi/lib/thumb/v7e-m+fp/hard\libc_nano.a(lib_a-nano-vfprintf_float.o) (_printf_common)
c:/arm_gcc/bin/../lib/gcc/arm-none-eabi/9.2.1/../../../../arm-none-eabi/lib/thumb/v7e-m+fp/hard\libc_nano.a(lib_a-sbrkr.o)
                              c:/arm_gcc/bin/../lib/gcc/arm-none-eabi/9.2.1/../../../../arm-none-eabi/lib/thumb/v7e-m+fp/hard\libc_nano.a(lib_a-nano-mallocr.o) (_sbrk_r)
c:/arm_gcc/bin/../lib/gcc/arm-none-eabi/9.2.1/../../../../arm-none-eabi/lib/thumb/v7e-m+fp/hard\libc_nano.a(lib_a-strlen.o)
                              c:/arm_gcc/bin/../lib/gcc/arm-none-eabi/9.2.1/../../../../arm-none-eabi/lib/thumb/v7e-m+fp/hard\libc_nano.a(lib_a-nano-vfprintf_float.o) (strlen)
c:/arm_gcc/bin/../lib/gcc/arm-none-eabi/9.2.1/../../../../arm-none-eabi/lib/thumb/v7e-m+fp/hard\libc_nano.a(lib_a-strtod.o)
                              c:/arm_gcc/bin/../lib/gcc/arm-none-eabi/9.2.1/../../../../arm-none-eabi/lib/thumb/v7e-m+fp/hard\libc_nano.a(lib_a-atof.o) (strtod)
c:/arm_gcc/bin/../lib/gcc/arm-none-eabi/9.2.1/../../../../arm-none-eabi/lib/thumb/v7e-m+fp/hard\libc_nano.a(lib_a-vsnprintf.o)
                              build/uart_ext.o (vsnprintf)
c:/arm_gcc/bin/../lib/gcc/arm-none-eabi/9.2.1/../../../../arm-none-eabi/lib/thumb/v7e-m+fp/hard\libc_nano.a(lib_a-dtoa.o)
                              c:/arm_gcc/bin/../lib/gcc/arm-none-eabi/9.2.1/../../../../arm-none-eabi/lib/thumb/v7e-m+fp/hard\libc_nano.a(lib_a-nano-vfprintf_float.o) (_dtoa_r)
c:/arm_gcc/bin/../lib/gcc/arm-none-eabi/9.2.1/../../../../arm-none-eabi/lib/thumb/v7e-m+fp/hard\libc_nano.a(lib_a-gdtoa-gethex.o)
                              c:/arm_gcc/bin/../lib/gcc/arm-none-eabi/9.2.1/../../../../arm-none-eabi/lib/thumb/v7e-m+fp/hard\libc_nano.a(lib_a-strtod.o) (__gethex)
c:/arm_gcc/bin/../lib/gcc/arm-none-eabi/9.2.1/../../../../arm-none-eabi/lib/thumb/v7e-m+fp/hard\libc_nano.a(lib_a-gdtoa-hexnan.o)
                              c:/arm_gcc/bin/../lib/gcc/arm-none-eabi/9.2.1/../../../../arm-none-eabi/lib/thumb/v7e-m+fp/hard\libc_nano.a(lib_a-strtod.o) (__match)
c:/arm_gcc/bin/../lib/gcc/arm-none-eabi/9.2.1/../../../../arm-none-eabi/lib/thumb/v7e-m+fp/hard\libc_nano.a(lib_a-lnumeric.o)
[...]
Memory Configuration

Name             Origin             Length             Attributes
RAM              0x20000000         0x00020000         xrw
CCMRAM           0x10000000         0x00010000         rw
FLASH            0x08000000         0x00100000         xr
*default*        0x00000000         0xffffffff

Linker script and memory map

LOAD c:/arm_gcc/bin/../lib/gcc/arm-none-eabi/9.2.1/thumb/v7e-m+fp/hard/crti.o
LOAD c:/arm_gcc/bin/../lib/gcc/arm-none-eabi/9.2.1/thumb/v7e-m+fp/hard/crtbegin.o
LOAD c:/arm_gcc/bin/../lib/gcc/arm-none-eabi/9.2.1/../../../../arm-none-eabi/lib/thumb/v7e-m+fp/hard/crt0.o
LOAD build/foc.o
LOAD build/main.o
LOAD build/gpio.o
LOAD build/adc.o
LOAD build/can.o
LOAD build/dma.o
LOAD build/spi.o
LOAD build/tim.o
LOAD build/usart.o
LOAD build/myfunc.o
LOAD build/as5047.o
LOAD build/uart_ext.o
LOAD build/command.o
LOAD build/arm_common_tables.o
LOAD build/arm_sin_cos_f32.o
LOAD build/stm32f4xx_it.o
LOAD build/stm32f4xx_hal_msp.o
LOAD build/stm32f4xx_hal_adc.o
LOAD build/stm32f4xx_hal_adc_ex.o
LOAD build/stm32f4xx_hal_can.o
LOAD build/stm32f4xx_hal_spi.o
LOAD build/stm32f4xx_hal_tim.o
LOAD build/stm32f4xx_hal_tim_ex.o
LOAD build/stm32f4xx_hal_uart.o
LOAD build/stm32f4xx_hal_rcc.o
LOAD build/stm32f4xx_hal_rcc_ex.o
LOAD build/stm32f4xx_hal_flash.o
LOAD build/stm32f4xx_hal_flash_ex.o
LOAD build/stm32f4xx_hal_flash_ramfunc.o
LOAD build/stm32f4xx_hal_gpio.o
LOAD build/stm32f4xx_hal_dma_ex.o
LOAD build/stm32f4xx_hal_dma.o
LOAD build/stm32f4xx_hal_pwr.o
LOAD build/stm32f4xx_hal_pwr_ex.o
LOAD build/stm32f4xx_hal_cortex.o
LOAD build/stm32f4xx_hal.o
LOAD build/stm32f4xx_hal_exti.o
LOAD build/system_stm32f4xx.o
LOAD build/startup_stm32f405xx.o
LOAD c:/arm_gcc/bin/../lib/gcc/arm-none-eabi/9.2.1/../../../../arm-none-eabi/lib/thumb/v7e-m+fp/hard\libc_nano.a
LOAD c:/arm_gcc/bin/../lib/gcc/arm-none-eabi/9.2.1/../../../../arm-none-eabi/lib/thumb/v7e-m+fp/hard\libm.a
LOAD c:/arm_gcc/bin/../lib/gcc/arm-none-eabi/9.2.1/../../../../arm-none-eabi/lib/thumb/v7e-m+fp/hard\libnosys.a
LOAD c:/arm_gcc/bin/../lib/gcc/arm-none-eabi/9.2.1/../../../../arm-none-eabi/lib/thumb/v7e-m+fp/hard\librdimon_nano.a
START GROUP
LOAD c:/arm_gcc/bin/../lib/gcc/arm-none-eabi/9.2.1/thumb/v7e-m+fp/hard\libgcc.a
LOAD c:/arm_gcc/bin/../lib/gcc/arm-none-eabi/9.2.1/../../../../arm-none-eabi/lib/thumb/v7e-m+fp/hard\libc_nano.a
END GROUP
START GROUP
LOAD c:/arm_gcc/bin/../lib/gcc/arm-none-eabi/9.2.1/thumb/v7e-m+fp/hard\libgcc.a
LOAD c:/arm_gcc/bin/../lib/gcc/arm-none-eabi/9.2.1/../../../../arm-none-eabi/lib/thumb/v7e-m+fp/hard\libc_nano.a
END GROUP
LOAD c:/arm_gcc/bin/../lib/gcc/arm-none-eabi/9.2.1/thumb/v7e-m+fp/hard/crtend.o
LOAD c:/arm_gcc/bin/../lib/gcc/arm-none-eabi/9.2.1/thumb/v7e-m+fp/hard/crtn.o
                0x20020000                _estack = 0x20020000
                0x00000200                _Min_Heap_Size = 0x200
                0x00000400                _Min_Stack_Size = 0x400

.isr_vector     0x08000000      0x188
                0x08000000                . = ALIGN (0x4)
 *(.isr_vector)
 .isr_vector    0x08000000      0x188 build/startup_stm32f405xx.o
                0x08000000                g_pfnVectors
                0x08000188                . = ALIGN (0x4)

.text           0x08000190     0x9f88
                0x08000190                . = ALIGN (0x4)
 *(.text)
 .text          0x08000190       0x40 c:/arm_gcc/bin/../lib/gcc/arm-none-eabi/9.2.1/thumb/v7e-m+fp/hard/crtbegin.o
 .text          0x080001d0       0x10 c:/arm_gcc/bin/../lib/gcc/arm-none-eabi/9.2.1/../../../../arm-none-eabi/lib/thumb/v7e-m+fp/hard\libc_nano.a(lib_a-strlen.o)
                0x080001d0                strlen
 .text          0x080001e0       0xa0 c:/arm_gcc/bin/../lib/gcc/arm-none-eabi/9.2.1/../../../../arm-none-eabi/lib/thumb/v7e-m+fp/hard\libc_nano.a(lib_a-memchr.o)
                0x080001e0                memchr
 .text          0x08000280      0x378 c:/arm_gcc/bin/../lib/gcc/arm-none-eabi/9.2.1/thumb/v7e-m+fp/hard\libgcc.a(_arm_addsubdf3.o)
                0x08000280                __aeabi_drsub
                0x08000288                __aeabi_dsub
                0x08000288                __subdf3
                0x0800028c                __aeabi_dadd
                0x0800028c                __adddf3
                0x08000504                __floatunsidf
                0x08000504                __aeabi_ui2d
                0x08000524                __floatsidf
                0x08000524                __aeabi_i2d
                0x08000548                __aeabi_f2d
                0x08000548                __extendsfdf2
                0x0800058c                __floatundidf
                0x0800058c                __aeabi_ul2d
                0x0800059c                __floatdidf
                0x0800059c                __aeabi_l2d
 .text          0x080005f8      0x424 c:/arm_gcc/bin/../lib/gcc/arm-none-eabi/9.2.1/thumb/v7e-m+fp/hard\libgcc.a(_arm_muldivdf3.o)
                0x080005f8                __aeabi_dmul
                0x080005f8                __muldf3
                0x0800084c                __divdf3
                0x0800084c                __aeabi_ddiv
 .text          0x08000a1c      0x110 c:/arm_gcc/bin/../lib/gcc/arm-none-eabi/9.2.1/thumb/v7e-m+fp/hard\libgcc.a(_arm_cmpdf2.o)
                0x08000a1c                __gtdf2
                0x08000a1c                __gedf2
                0x08000a24                __ltdf2
                0x08000a24                __ledf2
                0x08000a2c                __nedf2
                0x08000a2c                __eqdf2
                0x08000a2c                __cmpdf2
                0x08000aa8                __aeabi_cdrcmple
                0x08000ab8                __aeabi_cdcmpeq
                0x08000ab8                __aeabi_cdcmple
                0x08000ac8                __aeabi_dcmpeq
                0x08000adc                __aeabi_dcmplt
                0x08000af0                __aeabi_dcmple
                0x08000b04                __aeabi_dcmpge
                0x08000b18                __aeabi_dcmpgt
 .text          0x08000b2c       0x2c c:/arm_gcc/bin/../lib/gcc/arm-none-eabi/9.2.1/thumb/v7e-m+fp/hard\libgcc.a(_arm_unorddf2.o)
                0x08000b2c                __unorddf2
                0x08000b2c                __aeabi_dcmpun
 .text          0x08000b58       0x50 c:/arm_gcc/bin/../lib/gcc/arm-none-eabi/9.2.1/thumb/v7e-m+fp/hard\libgcc.a(_arm_fixdfsi.o)
                0x08000b58                __aeabi_d2iz
                0x08000b58                __fixdfsi
 .text          0x08000ba8       0x40 c:/arm_gcc/bin/../lib/gcc/arm-none-eabi/9.2.1/thumb/v7e-m+fp/hard\libgcc.a(_arm_fixunsdfsi.o)
                0x08000ba8                __aeabi_d2uiz
                0x08000ba8                __fixunsdfsi
 .text          0x08000be8       0xa0 c:/arm_gcc/bin/../lib/gcc/arm-none-eabi/9.2.1/thumb/v7e-m+fp/hard\libgcc.a(_arm_truncdfsf2.o)
                0x08000be8                __truncdfsf2
                0x08000be8                __aeabi_d2f
 .text          0x08000c88       0x30 c:/arm_gcc/bin/../lib/gcc/arm-none-eabi/9.2.1/thumb/v7e-m+fp/hard\libgcc.a(_aeabi_uldivmod.o)
                0x08000c88                __aeabi_uldivmod
 .text          0x08000cb8       0x30 c:/arm_gcc/bin/../lib/gcc/arm-none-eabi/9.2.1/thumb/v7e-m+fp/hard\libgcc.a(_fixdfdi.o)
                0x08000cb8                __fixdfdi
                0x08000cb8                __aeabi_d2lz
 .text          0x08000ce8       0x3c c:/arm_gcc/bin/../lib/gcc/arm-none-eabi/9.2.1/thumb/v7e-m+fp/hard\libgcc.a(_fixunsdfdi.o)
                0x08000ce8                __fixunsdfdi
                0x08000ce8                __aeabi_d2ulz
 .text          0x08000d24      0x2c4 c:/arm_gcc/bin/../lib/gcc/arm-none-eabi/9.2.1/thumb/v7e-m+fp/hard\libgcc.a(_udivmoddi4.o)
                0x08000d24                __udivmoddi4
 .text          0x08000fe8        0x4 c:/arm_gcc/bin/../lib/gcc/arm-none-eabi/9.2.1/thumb/v7e-m+fp/hard\libgcc.a(_dvmd_tls.o)
                0x08000fe8                __aeabi_idiv0
                0x08000fe8                __aeabi_ldiv0
 *(.text*)
 .text.Measure_R_20Khz_Handler
                0x08000fec       0xd4 build/foc.o
 .text.UVects_Init
                0x080010c0       0x40 build/foc.o
 .text.Foc_Init
                0x08001100       0x7c build/foc.o
                0x08001100                Foc_Init
 .text.get_area
                0x0800117c       0x14 build/foc.o
                0x0800117c                get_area
 .text.get_area_u
                0x08001190       0x9c build/foc.o
                0x08001190                get_area_u
 .text.get_ccr_duty
                0x0800122c       0xf4 build/foc.o
                0x0800122c                get_ccr_duty
 .text.SVPWM_Step
                0x08001320       0x5c build/foc.o
                0x08001320                SVPWM_Step
 .text.Measure_R_MS_Handler
                0x0800137c      0x18c build/foc.o
 .text.Set_to_U4
                0x08001508       0x7c build/foc.o
                0x08001508                Set_to_U4
 .text.SVPWM_Normal_CalT1T2
                0x08001584       0xd0 build/foc.o
                0x08001584                SVPWM_Normal_CalT1T2
 .text.SVPWM    0x08001654       0x9c build/foc.o
 .text.Park_Conv
                0x080016f0       0x2c build/foc.o
                0x080016f0                Park_Conv
 .text.HAL_ADC_ConvCpltCallback
                0x0800171c       0x98 build/foc.o
                0x0800171c                HAL_ADC_ConvCpltCallback
 .text.Foc      0x080017b4       0x78 build/foc.o
                0x080017b4                Foc
 .text.VF_Openloop_Control
                0x0800182c       0x80 build/foc.o
                0x0800182c                VF_Openloop_Control
 .text.Test_Direction
                0x080018ac       0xac build/foc.o
 .text.Theta_Handler
                0x08001958       0x70 build/foc.o
                0x08001958                Theta_Handler
 .text.HAL_TIM_PeriodElapsedCallback
                0x080019c8       0x24 build/foc.o
                0x080019c8                HAL_TIM_PeriodElapsedCallback
 .text.SystemClock_Config
                0x080019ec       0x94 build/main.o
                0x080019ec                SystemClock_Config
 .text.main     0x08001a80       0x9c build/main.o
                0x08001a80                main
 .text.MS_IRQ_Handler
                0x08001b1c       0x30 build/main.o
                0x08001b1c                MS_IRQ_Handler
 .text.Error_Handler
                0x08001b4c        0x2 build/main.o
                0x08001b4c                Error_Handler
 *fill*         0x08001b4e        0x2 
 .text.MX_GPIO_Init
                0x08001b50       0xd0 build/gpio.o
                0x08001b50                MX_GPIO_Init
 .text.MX_ADC2_Init
                0x08001c20       0x8c build/adc.o
                0x08001c20                MX_ADC2_Init
 .text.HAL_ADC_MspInit
                0x08001cac      0x194 build/adc.o
                0x08001cac                HAL_ADC_MspInit
 .text.MX_CAN1_Init
                0x08001e40       0x38 build/can.o
                0x08001e40                MX_CAN1_Init
 .text.HAL_CAN_MspInit
                0x08001e78       0x74 build/can.o
                0x08001e78                HAL_CAN_MspInit
 .text.MX_DMA_Init
                0x08001eec       0x78 build/dma.o
                0x08001eec                MX_DMA_Init
 .text.MX_SPI3_Init
                0x08001f64       0x48 build/spi.o
                0x08001f64                MX_SPI3_Init
 .text.HAL_SPI_MspInit
                0x08001fac       0x74 build/spi.o
                0x08001fac                HAL_SPI_MspInit
 .text.MX_TIM4_Init
                0x08002020       0x60 build/tim.o
                0x08002020                MX_TIM4_Init
 .text.MX_TIM6_Init
                0x08002080       0x50 build/tim.o
                0x08002080                MX_TIM6_Init
 .text.MX_TIM7_Init
                0x080020d0       0x4c build/tim.o
                0x080020d0                MX_TIM7_Init
 .text.HAL_TIM_Encoder_MspInit
                0x0800211c       0x6c build/tim.o
                0x0800211c                HAL_TIM_Encoder_MspInit
 .text.HAL_TIM_Base_MspInit
                0x08002188       0x74 build/tim.o
                0x08002188                HAL_TIM_Base_MspInit
 .text.HAL_TIM_PWM_MspInit
                0x080021fc       0x40 build/tim.o
                0x080021fc                HAL_TIM_PWM_MspInit
 .text.HAL_TIM_MspPostInit
                0x0800223c       0xb4 build/tim.o
                0x0800223c                HAL_TIM_MspPostInit
 .text.MX_TIM8_Init
                0x080022f0      0x10c build/tim.o
                0x080022f0                MX_TIM8_Init
 .text.MX_USART3_UART_Init
                0x080023fc       0x34 build/usart.o
                0x080023fc                MX_USART3_UART_Init
 .text.HAL_UART_MspInit
                0x08002430       0xfc build/usart.o
                0x08002430                HAL_UART_MspInit
 .text.test_direction
                0x0800252c        0xc build/myfunc.o
                0x0800252c                test_direction
 .text.measure_r
                0x08002538        0xc build/myfunc.o
                0x08002538                measure_r
 .text.get_position
                0x08002544       0x20 build/myfunc.o
                0x08002544                get_position
 .text.test     0x08002564       0x60 build/myfunc.o
 .text.set_to_u4
                0x080025c4       0x38 build/myfunc.o
                0x080025c4                set_to_u4
 .text.command_init
                0x080025fc       0x54 build/myfunc.o
                0x080025fc                command_init
 .text.Count_PARC
                0x08002650       0x32 build/as5047.o
 .text.Command  0x08002682       0x14 build/as5047.o
 *fill*         0x08002696        0x2 
 .text.Read_Reg
                0x08002698       0xe0 build/as5047.o
                0x08002698                Read_Reg
 .text.Get_Position
                0x08002778       0x1c build/as5047.o
                0x08002778                Get_Position
 .text.Get_Position_Rad_Dgree
                0x08002794       0x48 build/as5047.o
                0x08002794                Get_Position_Rad_Dgree
 .text.AS5047_Set_Direction
                0x080027dc       0xfc build/as5047.o
                0x080027dc                AS5047_Set_Direction
 .text.UART_Send
                0x080028d8       0x44 build/uart_ext.o
 .text.UART_Start_Receive
                0x0800291c       0x48 build/uart_ext.o
                0x0800291c                UART_Start_Receive
 .text.debug_uart_init
                0x08002964       0x24 build/uart_ext.o
                0x08002964                debug_uart_init
 .text.uprintf_polling
                0x08002988       0x3c build/uart_ext.o
                0x08002988                uprintf_polling
 .text.uprintf  0x080029c4       0x30 build/uart_ext.o
                0x080029c4                uprintf
 .text.HAL_UART_RxCpltCallback
                0x080029f4       0x5c build/uart_ext.o
                0x080029f4                HAL_UART_RxCpltCallback
 .text.HAL_UART_IDLECallback
                0x08002a50       0x3c build/uart_ext.o
                0x08002a50                HAL_UART_IDLECallback
 .text.UART_Command_Analize_And_Call
                0x08002a8c       0x1c build/uart_ext.o
                0x08002a8c                UART_Command_Analize_And_Call
 .text.get_prams
                0x08002aa8      0x160 build/command.o
 .text.add_cmd  0x08002c08       0x28 build/command.o
                0x08002c08                add_cmd
 .text.compare_cmd
                0x08002c30       0x30 build/command.o
                0x08002c30                compare_cmd
 .text.analize  0x08002c60       0x74 build/command.o
                0x08002c60                analize
 .text.arm_sin_cos_f32
                0x08002cd4      0x12c build/arm_sin_cos_f32.o
                0x08002cd4                arm_sin_cos_f32
 .text.NMI_Handler
                0x08002e00        0x2 build/stm32f4xx_it.o
                0x08002e00                NMI_Handler
 .text.HardFault_Handler
                0x08002e02        0x2 build/stm32f4xx_it.o
                0x08002e02                HardFault_Handler
 .text.MemManage_Handler
                0x08002e04        0x2 build/stm32f4xx_it.o
                0x08002e04                MemManage_Handler
 .text.BusFault_Handler
                0x08002e06        0x2 build/stm32f4xx_it.o
                0x08002e06                BusFault_Handler
 .text.UsageFault_Handler
                0x08002e08        0x2 build/stm32f4xx_it.o
                0x08002e08                UsageFault_Handler
 .text.SVC_Handler
                0x08002e0a        0x2 build/stm32f4xx_it.o
                0x08002e0a                SVC_Handler
 .text.DebugMon_Handler
                0x08002e0c        0x2 build/stm32f4xx_it.o
                0x08002e0c                DebugMon_Handler
 .text.PendSV_Handler
                0x08002e0e        0x2 build/stm32f4xx_it.o
                0x08002e0e                PendSV_Handler
 .text.SysTick_Handler
                0x08002e10        0xc build/stm32f4xx_it.o
                0x08002e10                SysTick_Handler
 .text.DMA1_Stream1_IRQHandler
                0x08002e1c       0x10 build/stm32f4xx_it.o
                0x08002e1c                DMA1_Stream1_IRQHandler
 .text.DMA1_Stream3_IRQHandler
                0x08002e2c       0x10 build/stm32f4xx_it.o
                0x08002e2c                DMA1_Stream3_IRQHandler
 .text.TIM8_UP_TIM13_IRQHandler
                0x08002e3c       0x10 build/stm32f4xx_it.o
                0x08002e3c                TIM8_UP_TIM13_IRQHandler
 .text.TIM6_DAC_IRQHandler
                0x08002e4c       0x10 build/stm32f4xx_it.o
                0x08002e4c                TIM6_DAC_IRQHandler
 .text.TIM7_IRQHandler
                0x08002e5c       0x10 build/stm32f4xx_it.o
                0x08002e5c                TIM7_IRQHandler
 .text.DMA2_Stream0_IRQHandler
                0x08002e6c       0x10 build/stm32f4xx_it.o
                0x08002e6c                DMA2_Stream0_IRQHandler
 .text.DMA2_Stream2_IRQHandler
                0x08002e7c       0x10 build/stm32f4xx_it.o
                0x08002e7c                DMA2_Stream2_IRQHandler
 .text.USART3_IRQHandler
                0x08002e8c       0x24 build/stm32f4xx_it.o
                0x08002e8c                USART3_IRQHandler
 .text.HAL_MspInit
                0x08002eb0       0x38 build/stm32f4xx_hal_msp.o
                0x08002eb0                HAL_MspInit
 .text.ADC_Init
                0x08002ee8      0x134 build/stm32f4xx_hal_adc.o
 .text.HAL_ADC_Init
                0x0800301c       0x56 build/stm32f4xx_hal_adc.o
                0x0800301c                HAL_ADC_Init
 *fill*         0x08003072        0x2 
 .text.HAL_ADC_Start_DMA
                0x08003074      0x17c build/stm32f4xx_hal_adc.o
                0x08003074                HAL_ADC_Start_DMA
 .text.HAL_ADC_ConvHalfCpltCallback
                0x080031f0        0x2 build/stm32f4xx_hal_adc.o
                0x080031f0                HAL_ADC_ConvHalfCpltCallback
 .text.ADC_DMAHalfConvCplt
                0x080031f2        0xa build/stm32f4xx_hal_adc.o
 .text.HAL_ADC_ErrorCallback
                0x080031fc        0x2 build/stm32f4xx_hal_adc.o
                0x080031fc                HAL_ADC_ErrorCallback
 .text.ADC_DMAError
                0x080031fe       0x16 build/stm32f4xx_hal_adc.o
 .text.ADC_DMAConvCplt
                0x08003214       0x72 build/stm32f4xx_hal_adc.o
 *fill*         0x08003286        0x2 
 .text.HAL_ADC_ConfigChannel
                0x08003288      0x190 build/stm32f4xx_hal_adc.o
                0x08003288                HAL_ADC_ConfigChannel
 .text.HAL_CAN_Init
                0x08003418      0x14c build/stm32f4xx_hal_can.o
                0x08003418                HAL_CAN_Init
 .text.SPI_WaitFlagStateUntilTimeout
                0x08003564       0x94 build/stm32f4xx_hal_spi.o
 .text.SPI_EndRxTxTransaction
                0x080035f8       0x24 build/stm32f4xx_hal_spi.o
 .text.HAL_SPI_Init
                0x0800361c       0x80 build/stm32f4xx_hal_spi.o
                0x0800361c                HAL_SPI_Init
 .text.HAL_SPI_Transmit
                0x0800369c      0x1a4 build/stm32f4xx_hal_spi.o
                0x0800369c                HAL_SPI_Transmit
 .text.HAL_SPI_TransmitReceive
                0x08003840      0x238 build/stm32f4xx_hal_spi.o
                0x08003840                HAL_SPI_TransmitReceive
 .text.TIM_OC1_SetConfig
                0x08003a78       0x68 build/stm32f4xx_hal_tim.o
 .text.TIM_OC3_SetConfig
                0x08003ae0       0x70 build/stm32f4xx_hal_tim.o
 .text.TIM_OC4_SetConfig
                0x08003b50       0x50 build/stm32f4xx_hal_tim.o
 .text.HAL_TIM_Base_Start
                0x08003ba0       0x24 build/stm32f4xx_hal_tim.o
                0x08003ba0                HAL_TIM_Base_Start
 .text.HAL_TIM_Base_Start_IT
                0x08003bc4       0x22 build/stm32f4xx_hal_tim.o
                0x08003bc4                HAL_TIM_Base_Start_IT
 .text.HAL_TIM_OC_MspInit
                0x08003be6        0x2 build/stm32f4xx_hal_tim.o
                0x08003be6                HAL_TIM_OC_MspInit
 .text.HAL_TIM_OC_DelayElapsedCallback
                0x08003be8        0x2 build/stm32f4xx_hal_tim.o
                0x08003be8                HAL_TIM_OC_DelayElapsedCallback
 .text.HAL_TIM_IC_CaptureCallback
                0x08003bea        0x2 build/stm32f4xx_hal_tim.o
                0x08003bea                HAL_TIM_IC_CaptureCallback
 .text.HAL_TIM_PWM_PulseFinishedCallback
                0x08003bec        0x2 build/stm32f4xx_hal_tim.o
                0x08003bec                HAL_TIM_PWM_PulseFinishedCallback
 .text.HAL_TIM_TriggerCallback
                0x08003bee        0x2 build/stm32f4xx_hal_tim.o
                0x08003bee                HAL_TIM_TriggerCallback
 .text.HAL_TIM_IRQHandler
                0x08003bf0      0x17a build/stm32f4xx_hal_tim.o
                0x08003bf0                HAL_TIM_IRQHandler
 *fill*         0x08003d6a        0x2 
 .text.TIM_Base_SetConfig
                0x08003d6c       0xc8 build/stm32f4xx_hal_tim.o
                0x08003d6c                TIM_Base_SetConfig
 .text.HAL_TIM_Base_Init
                0x08003e34       0x34 build/stm32f4xx_hal_tim.o
                0x08003e34                HAL_TIM_Base_Init
 .text.HAL_TIM_OC_Init
                0x08003e68       0x34 build/stm32f4xx_hal_tim.o
                0x08003e68                HAL_TIM_OC_Init
 .text.HAL_TIM_PWM_Init
                0x08003e9c       0x34 build/stm32f4xx_hal_tim.o
                0x08003e9c                HAL_TIM_PWM_Init
 .text.HAL_TIM_Encoder_Init
                0x08003ed0       0x9c build/stm32f4xx_hal_tim.o
                0x08003ed0                HAL_TIM_Encoder_Init
 .text.TIM_OC2_SetConfig
                0x08003f6c       0x70 build/stm32f4xx_hal_tim.o
                0x08003f6c                TIM_OC2_SetConfig
 .text.HAL_TIM_OC_ConfigChannel
                0x08003fdc       0x5e build/stm32f4xx_hal_tim.o
                0x08003fdc                HAL_TIM_OC_ConfigChannel
 .text.HAL_TIM_PWM_ConfigChannel
                0x0800403a       0xdc build/stm32f4xx_hal_tim.o
                0x0800403a                HAL_TIM_PWM_ConfigChannel
 .text.TIM_CCxChannelCmd
                0x08004116       0x24 build/stm32f4xx_hal_tim.o
                0x08004116                TIM_CCxChannelCmd
 *fill*         0x0800413a        0x2 
 .text.HAL_TIM_PWM_Start
                0x0800413c       0x40 build/stm32f4xx_hal_tim.o
                0x0800413c                HAL_TIM_PWM_Start
 .text.TIM_CCxNChannelCmd
                0x0800417c       0x24 build/stm32f4xx_hal_tim_ex.o
 .text.HAL_TIMEx_PWMN_Start
                0x080041a0       0x2e build/stm32f4xx_hal_tim_ex.o
                0x080041a0                HAL_TIMEx_PWMN_Start
 .text.HAL_TIMEx_MasterConfigSynchronization
                0x080041ce       0x46 build/stm32f4xx_hal_tim_ex.o
                0x080041ce                HAL_TIMEx_MasterConfigSynchronization
 .text.HAL_TIMEx_ConfigBreakDeadTime
                0x08004214       0x52 build/stm32f4xx_hal_tim_ex.o
                0x08004214                HAL_TIMEx_ConfigBreakDeadTime
 .text.HAL_TIMEx_CommutCallback
                0x08004266        0x2 build/stm32f4xx_hal_tim_ex.o
                0x08004266                HAL_TIMEx_CommutCallback
 .text.HAL_TIMEx_BreakCallback
                0x08004268        0x2 build/stm32f4xx_hal_tim_ex.o
                0x08004268                HAL_TIMEx_BreakCallback
 .text.UART_EndTxTransfer
                0x0800426a       0x12 build/stm32f4xx_hal_uart.o
 .text.UART_EndRxTransfer
                0x0800427c       0x1c build/stm32f4xx_hal_uart.o
 .text.UART_Transmit_IT
                0x08004298       0x66 build/stm32f4xx_hal_uart.o
 *fill*         0x080042fe        0x2 
 .text.UART_SetConfig
                0x08004300      0x334 build/stm32f4xx_hal_uart.o
 .text.UART_WaitOnFlagUntilTimeout
                0x08004634       0x68 build/stm32f4xx_hal_uart.o
 .text.HAL_UART_Init
                0x0800469c       0x5e build/stm32f4xx_hal_uart.o
                0x0800469c                HAL_UART_Init
 .text.HAL_UART_Transmit
                0x080046fa       0xe0 build/stm32f4xx_hal_uart.o
                0x080046fa                HAL_UART_Transmit
 .text.HAL_UART_Transmit_IT
                0x080047da       0x48 build/stm32f4xx_hal_uart.o
                0x080047da                HAL_UART_Transmit_IT
 .text.HAL_UART_Receive_IT
                0x08004822       0x5c build/stm32f4xx_hal_uart.o
                0x08004822                HAL_UART_Receive_IT
 *fill*         0x0800487e        0x2 
 .text.HAL_UART_Transmit_DMA
                0x08004880       0x8c build/stm32f4xx_hal_uart.o
                0x08004880                HAL_UART_Transmit_DMA
 .text.HAL_UART_Receive_DMA
                0x0800490c       0xa8 build/stm32f4xx_hal_uart.o
                0x0800490c                HAL_UART_Receive_DMA
 .text.HAL_UART_DMAStop
                0x080049b4       0x64 build/stm32f4xx_hal_uart.o
                0x080049b4                HAL_UART_DMAStop
 .text.HAL_UART_TxCpltCallback
                0x08004a18        0x2 build/stm32f4xx_hal_uart.o
                0x08004a18                HAL_UART_TxCpltCallback
 .text.UART_DMATransmitCplt
                0x08004a1a       0x30 build/stm32f4xx_hal_uart.o
 .text.UART_EndTransmit_IT
                0x08004a4a       0x1a build/stm32f4xx_hal_uart.o
 .text.HAL_UART_TxHalfCpltCallback
                0x08004a64        0x2 build/stm32f4xx_hal_uart.o
                0x08004a64                HAL_UART_TxHalfCpltCallback
 .text.UART_DMATxHalfCplt
                0x08004a66        0xa build/stm32f4xx_hal_uart.o
 .text.UART_DMAReceiveCplt
                0x08004a70       0x3e build/stm32f4xx_hal_uart.o
 .text.UART_Receive_IT
                0x08004aae       0x9e build/stm32f4xx_hal_uart.o
 .text.HAL_UART_RxHalfCpltCallback
                0x08004b4c        0x2 build/stm32f4xx_hal_uart.o
                0x08004b4c                HAL_UART_RxHalfCpltCallback
 .text.UART_DMARxHalfCplt
                0x08004b4e        0xa build/stm32f4xx_hal_uart.o
 .text.HAL_UART_ErrorCallback
                0x08004b58        0x2 build/stm32f4xx_hal_uart.o
                0x08004b58                HAL_UART_ErrorCallback
 .text.UART_DMAError
                0x08004b5a       0x58 build/stm32f4xx_hal_uart.o
 *fill*         0x08004bb2        0x2 
 .text.HAL_UART_IRQHandler
                0x08004bb4      0x120 build/stm32f4xx_hal_uart.o
                0x08004bb4                HAL_UART_IRQHandler
 .text.UART_DMAAbortOnError
                0x08004cd4       0x10 build/stm32f4xx_hal_uart.o
 .text.HAL_RCC_OscConfig
                0x08004ce4      0x398 build/stm32f4xx_hal_rcc.o
                0x08004ce4                HAL_RCC_OscConfig
 .text.HAL_RCC_GetSysClockFreq
                0x0800507c       0xcc build/stm32f4xx_hal_rcc.o
                0x0800507c                HAL_RCC_GetSysClockFreq
 .text.HAL_RCC_ClockConfig
                0x08005148      0x15c build/stm32f4xx_hal_rcc.o
                0x08005148                HAL_RCC_ClockConfig
 .text.HAL_RCC_GetHCLKFreq
                0x080052a4        0xc build/stm32f4xx_hal_rcc.o
                0x080052a4                HAL_RCC_GetHCLKFreq
 .text.HAL_RCC_GetPCLK1Freq
                0x080052b0       0x20 build/stm32f4xx_hal_rcc.o
                0x080052b0                HAL_RCC_GetPCLK1Freq
 .text.HAL_RCC_GetPCLK2Freq
                0x080052d0       0x20 build/stm32f4xx_hal_rcc.o
                0x080052d0                HAL_RCC_GetPCLK2Freq
 .text.HAL_GPIO_Init
                0x080052f0      0x1cc build/stm32f4xx_hal_gpio.o
                0x080052f0                HAL_GPIO_Init
 .text.HAL_GPIO_WritePin
                0x080054bc        0xc build/stm32f4xx_hal_gpio.o
                0x080054bc                HAL_GPIO_WritePin
 .text.DMA_SetConfig
                0x080054c8       0x2c build/stm32f4xx_hal_dma.o
 .text.DMA_CalcBaseAndBitshift
                0x080054f4       0x44 build/stm32f4xx_hal_dma.o
 .text.DMA_CheckFifoParam
                0x08005538       0x8e build/stm32f4xx_hal_dma.o
 *fill*         0x080055c6        0x2 
 .text.HAL_DMA_Init
                0x080055c8       0xcc build/stm32f4xx_hal_dma.o
                0x080055c8                HAL_DMA_Init
 .text.HAL_DMA_Start_IT
                0x08005694       0x74 build/stm32f4xx_hal_dma.o
                0x08005694                HAL_DMA_Start_IT
 .text.HAL_DMA_Abort
                0x08005708       0x94 build/stm32f4xx_hal_dma.o
                0x08005708                HAL_DMA_Abort
 .text.HAL_DMA_Abort_IT
                0x0800579c       0x26 build/stm32f4xx_hal_dma.o
                0x0800579c                HAL_DMA_Abort_IT
 *fill*         0x080057c2        0x2 
 .text.HAL_DMA_IRQHandler
                0x080057c4      0x1dc build/stm32f4xx_hal_dma.o
                0x080057c4                HAL_DMA_IRQHandler
 .text.HAL_NVIC_SetPriorityGrouping
                0x080059a0       0x24 build/stm32f4xx_hal_cortex.o
                0x080059a0                HAL_NVIC_SetPriorityGrouping
 .text.HAL_NVIC_SetPriority
                0x080059c4       0x68 build/stm32f4xx_hal_cortex.o
                0x080059c4                HAL_NVIC_SetPriority
 .text.HAL_NVIC_EnableIRQ
                0x08005a2c       0x1c build/stm32f4xx_hal_cortex.o
                0x08005a2c                HAL_NVIC_EnableIRQ
 .text.HAL_SYSTICK_Config
                0x08005a48       0x2c build/stm32f4xx_hal_cortex.o
                0x08005a48                HAL_SYSTICK_Config
 .text.HAL_InitTick
                0x08005a74       0x4c build/stm32f4xx_hal.o
                0x08005a74                HAL_InitTick
 .text.HAL_Init
                0x08005ac0       0x34 build/stm32f4xx_hal.o
                0x08005ac0                HAL_Init
 .text.HAL_IncTick
                0x08005af4       0x18 build/stm32f4xx_hal.o
                0x08005af4                HAL_IncTick
 .text.HAL_GetTick
                0x08005b0c        0xc build/stm32f4xx_hal.o
                0x08005b0c                HAL_GetTick
 .text.HAL_Delay
                0x08005b18       0x28 build/stm32f4xx_hal.o
                0x08005b18                HAL_Delay
 .text.SystemInit
                0x08005b40       0x4c build/system_stm32f4xx.o
                0x08005b40                SystemInit
 .text.Reset_Handler
                0x08005b8c       0x50 build/startup_stm32f405xx.o
                0x08005b8c                Reset_Handler
 .text.Default_Handler
                0x08005bdc        0x2 build/startup_stm32f405xx.o
                0x08005bdc                RTC_Alarm_IRQHandler
                0x08005bdc                HASH_RNG_IRQHandler
                0x08005bdc                EXTI2_IRQHandler
                0x08005bdc                TIM8_CC_IRQHandler
                0x08005bdc                TIM1_CC_IRQHandler
                0x08005bdc                DMA2_Stream5_IRQHandler
                0x08005bdc                DMA1_Stream5_IRQHandler
                0x08005bdc                PVD_IRQHandler
                0x08005bdc                SDIO_IRQHandler
                0x08005bdc                TAMP_STAMP_IRQHandler
                0x08005bdc                CAN2_RX1_IRQHandler
                0x08005bdc                EXTI3_IRQHandler
                0x08005bdc                TIM8_TRG_COM_TIM14_IRQHandler
                0x08005bdc                TIM1_UP_TIM10_IRQHandler
                0x08005bdc                I2C3_ER_IRQHandler
                0x08005bdc                EXTI0_IRQHandler
                0x08005bdc                I2C2_EV_IRQHandler
                0x08005bdc                DMA1_Stream2_IRQHandler
                0x08005bdc                CAN1_RX0_IRQHandler
                0x08005bdc                FPU_IRQHandler
                0x08005bdc                OTG_HS_WKUP_IRQHandler
                0x08005bdc                CAN2_SCE_IRQHandler
                0x08005bdc                SPI1_IRQHandler
                0x08005bdc                TIM1_BRK_TIM9_IRQHandler
                0x08005bdc                CAN2_RX0_IRQHandler
                0x08005bdc                DMA2_Stream3_IRQHandler
                0x08005bdc                USART6_IRQHandler
                0x08005bdc                CAN1_RX1_IRQHandler
                0x08005bdc                UART5_IRQHandler
                0x08005bdc                TIM4_IRQHandler
                0x08005bdc                I2C1_EV_IRQHandler
                0x08005bdc                DMA1_Stream6_IRQHandler
                0x08005bdc                UART4_IRQHandler
                0x08005bdc                TIM3_IRQHandler
                0x08005bdc                RCC_IRQHandler
                0x08005bdc                TIM8_BRK_TIM12_IRQHandler
                0x08005bdc                Default_Handler
                0x08005bdc                EXTI15_10_IRQHandler
                0x08005bdc                ADC_IRQHandler
                0x08005bdc                DMA1_Stream7_IRQHandler
                0x08005bdc                CAN2_TX_IRQHandler
                0x08005bdc                TIM5_IRQHandler
                0x08005bdc                DMA2_Stream7_IRQHandler
                0x08005bdc                I2C3_EV_IRQHandler
                0x08005bdc                EXTI9_5_IRQHandler
                0x08005bdc                RTC_WKUP_IRQHandler
                0x08005bdc                SPI2_IRQHandler
                0x08005bdc                OTG_HS_EP1_IN_IRQHandler
                0x08005bdc                DMA1_Stream0_IRQHandler
                0x08005bdc                CAN1_TX_IRQHandler
                0x08005bdc                EXTI4_IRQHandler
                0x08005bdc                FSMC_IRQHandler
                0x08005bdc                OTG_HS_EP1_OUT_IRQHandler
                0x08005bdc                WWDG_IRQHandler
                0x08005bdc                TIM2_IRQHandler
                0x08005bdc                OTG_FS_WKUP_IRQHandler
                0x08005bdc                TIM1_TRG_COM_TIM11_IRQHandler
                0x08005bdc                OTG_HS_IRQHandler
                0x08005bdc                EXTI1_IRQHandler
                0x08005bdc                USART2_IRQHandler
                0x08005bdc                I2C2_ER_IRQHandler
                0x08005bdc                DMA2_Stream1_IRQHandler
                0x08005bdc                CAN1_SCE_IRQHandler
                0x08005bdc                FLASH_IRQHandler
                0x08005bdc                DMA2_Stream4_IRQHandler
                0x08005bdc                USART1_IRQHandler
                0x08005bdc                OTG_FS_IRQHandler
                0x08005bdc                SPI3_IRQHandler
                0x08005bdc                DMA1_Stream4_IRQHandler
                0x08005bdc                I2C1_ER_IRQHandler
                0x08005bdc                DMA2_Stream6_IRQHandler
 .text.atof     0x08005bde        0x6 c:/arm_gcc/bin/../lib/gcc/arm-none-eabi/9.2.1/../../../../arm-none-eabi/lib/thumb/v7e-m+fp/hard\libc_nano.a(lib_a-atof.o)
                0x08005bde                atof
 .text.__libc_init_array
                0x08005be4       0x48 c:/arm_gcc/bin/../lib/gcc/arm-none-eabi/9.2.1/../../../../arm-none-eabi/lib/thumb/v7e-m+fp/hard\libc_nano.a(lib_a-init.o)
                0x08005be4                __libc_init_array
 .text.malloc   0x08005c2c       0x10 c:/arm_gcc/bin/../lib/gcc/arm-none-eabi/9.2.1/../../../../arm-none-eabi/lib/thumb/v7e-m+fp/hard\libc_nano.a(lib_a-malloc.o)
                0x08005c2c                malloc
 .text.free     0x08005c3c       0x10 c:/arm_gcc/bin/../lib/gcc/arm-none-eabi/9.2.1/../../../../arm-none-eabi/lib/thumb/v7e-m+fp/hard\libc_nano.a(lib_a-malloc.o)
                0x08005c3c                free
 .text.memset   0x08005c4c       0x10 c:/arm_gcc/bin/../lib/gcc/arm-none-eabi/9.2.1/../../../../arm-none-eabi/lib/thumb/v7e-m+fp/hard\libc_nano.a(lib_a-memset.o)
                0x08005c4c                memset
 .text._free_r  0x08005c5c       0xa0 c:/arm_gcc/bin/../lib/gcc/arm-none-eabi/9.2.1/../../../../arm-none-eabi/lib/thumb/v7e-m+fp/hard\libc_nano.a(lib_a-nano-freer.o)
                0x08005c5c                _free_r
 .text._malloc_r
                0x08005cfc       0xb4 c:/arm_gcc/bin/../lib/gcc/arm-none-eabi/9.2.1/../../../../arm-none-eabi/lib/thumb/v7e-m+fp/hard\libc_nano.a(lib_a-nano-mallocr.o)
                0x08005cfc                _malloc_r
 .text.__cvt    0x08005db0       0xc4 c:/arm_gcc/bin/../lib/gcc/arm-none-eabi/9.2.1/../../../../arm-none-eabi/lib/thumb/v7e-m+fp/hard\libc_nano.a(lib_a-nano-vfprintf_float.o)
                0x08005db0                __cvt
 .text.__exponent
                0x08005e74       0x7c c:/arm_gcc/bin/../lib/gcc/arm-none-eabi/9.2.1/../../../../arm-none-eabi/lib/thumb/v7e-m+fp/hard\libc_nano.a(lib_a-nano-vfprintf_float.o)
                0x08005e74                __exponent
 .text._printf_float
                0x08005ef0      0x46c c:/arm_gcc/bin/../lib/gcc/arm-none-eabi/9.2.1/../../../../arm-none-eabi/lib/thumb/v7e-m+fp/hard\libc_nano.a(lib_a-nano-vfprintf_float.o)
                0x08005ef0                _printf_float
 .text._printf_common
                0x0800635c       0xda c:/arm_gcc/bin/../lib/gcc/arm-none-eabi/9.2.1/../../../../arm-none-eabi/lib/thumb/v7e-m+fp/hard\libc_nano.a(lib_a-nano-vfprintf_i.o)
                0x0800635c                _printf_common
 *fill*         0x08006436        0x2 
 .text._printf_i
                0x08006438      0x24c c:/arm_gcc/bin/../lib/gcc/arm-none-eabi/9.2.1/../../../../arm-none-eabi/lib/thumb/v7e-m+fp/hard\libc_nano.a(lib_a-nano-vfprintf_i.o)
                0x08006438                _printf_i
 .text._sbrk_r  0x08006684       0x20 c:/arm_gcc/bin/../lib/gcc/arm-none-eabi/9.2.1/../../../../arm-none-eabi/lib/thumb/v7e-m+fp/hard\libc_nano.a(lib_a-sbrkr.o)
                0x08006684                _sbrk_r
 .text.sulp     0x080066a4       0x38 c:/arm_gcc/bin/../lib/gcc/arm-none-eabi/9.2.1/../../../../arm-none-eabi/lib/thumb/v7e-m+fp/hard\libc_nano.a(lib_a-strtod.o)
 *fill*         0x080066dc        0x4 
 .text._strtod_l
                0x080066e0      0xc14 c:/arm_gcc/bin/../lib/gcc/arm-none-eabi/9.2.1/../../../../arm-none-eabi/lib/thumb/v7e-m+fp/hard\libc_nano.a(lib_a-strtod.o)
                0x080066e0                _strtod_l
 .text.strtod   0x080072f4       0x18 c:/arm_gcc/bin/../lib/gcc/arm-none-eabi/9.2.1/../../../../arm-none-eabi/lib/thumb/v7e-m+fp/hard\libc_nano.a(lib_a-strtod.o)
                0x080072f4                strtod
 .text._vsnprintf_r
                0x0800730c       0x58 c:/arm_gcc/bin/../lib/gcc/arm-none-eabi/9.2.1/../../../../arm-none-eabi/lib/thumb/v7e-m+fp/hard\libc_nano.a(lib_a-vsnprintf.o)
                0x0800730c                _vsniprintf_r
                0x0800730c                _vsnprintf_r
 .text.vsnprintf
                0x08007364       0x1c c:/arm_gcc/bin/../lib/gcc/arm-none-eabi/9.2.1/../../../../arm-none-eabi/lib/thumb/v7e-m+fp/hard\libc_nano.a(lib_a-vsnprintf.o)
                0x08007364                vsniprintf
                0x08007364                vsnprintf
 .text.quorem   0x08007380      0x116 c:/arm_gcc/bin/../lib/gcc/arm-none-eabi/9.2.1/../../../../arm-none-eabi/lib/thumb/v7e-m+fp/hard\libc_nano.a(lib_a-dtoa.o)
 *fill*         0x08007496        0x2 
 .text._dtoa_r  0x08007498      0xbbc c:/arm_gcc/bin/../lib/gcc/arm-none-eabi/9.2.1/../../../../arm-none-eabi/lib/thumb/v7e-m+fp/hard\libc_nano.a(lib_a-dtoa.o)
                0x08007498                _dtoa_r
 .text.rshift   0x08008054       0xa4 c:/arm_gcc/bin/../lib/gcc/arm-none-eabi/9.2.1/../../../../arm-none-eabi/lib/thumb/v7e-m+fp/hard\libc_nano.a(lib_a-gdtoa-gethex.o)
 .text.__hexdig_fun
                0x080080f8       0x2a c:/arm_gcc/bin/../lib/gcc/arm-none-eabi/9.2.1/../../../../arm-none-eabi/lib/thumb/v7e-m+fp/hard\libc_nano.a(lib_a-gdtoa-gethex.o)
                0x080080f8                __hexdig_fun
 *fill*         0x08008122        0x2 
 .text.__gethex
                0x08008124      0x468 c:/arm_gcc/bin/../lib/gcc/arm-none-eabi/9.2.1/../../../../arm-none-eabi/lib/thumb/v7e-m+fp/hard\libc_nano.a(lib_a-gdtoa-gethex.o)
                0x08008124                __gethex
 .text.L_shift  0x0800858c       0x24 c:/arm_gcc/bin/../lib/gcc/arm-none-eabi/9.2.1/../../../../arm-none-eabi/lib/thumb/v7e-m+fp/hard\libc_nano.a(lib_a-gdtoa-hexnan.o)
 .text.__match  0x080085b0       0x28 c:/arm_gcc/bin/../lib/gcc/arm-none-eabi/9.2.1/../../../../arm-none-eabi/lib/thumb/v7e-m+fp/hard\libc_nano.a(lib_a-gdtoa-hexnan.o)
                0x080085b0                __match
 .text.__hexnan
                0x080085d8      0x138 c:/arm_gcc/bin/../lib/gcc/arm-none-eabi/9.2.1/../../../../arm-none-eabi/lib/thumb/v7e-m+fp/hard\libc_nano.a(lib_a-gdtoa-hexnan.o)
                0x080085d8                __hexnan
 .text._localeconv_r
                0x08008710        0x8 c:/arm_gcc/bin/../lib/gcc/arm-none-eabi/9.2.1/../../../../arm-none-eabi/lib/thumb/v7e-m+fp/hard\libc_nano.a(lib_a-localeconv.o)
                0x08008710                _localeconv_r
 .text.__ascii_mbtowc
                0x08008718       0x24 c:/arm_gcc/bin/../lib/gcc/arm-none-eabi/9.2.1/../../../../arm-none-eabi/lib/thumb/v7e-m+fp/hard\libc_nano.a(lib_a-mbtowc_r.o)
                0x08008718                __ascii_mbtowc
 .text.memcpy   0x0800873c       0x1c c:/arm_gcc/bin/../lib/gcc/arm-none-eabi/9.2.1/../../../../arm-none-eabi/lib/thumb/v7e-m+fp/hard\libc_nano.a(lib_a-memcpy-stub.o)
                0x0800873c                memcpy
 .text.__malloc_lock
                0x08008758        0xc c:/arm_gcc/bin/../lib/gcc/arm-none-eabi/9.2.1/../../../../arm-none-eabi/lib/thumb/v7e-m+fp/hard\libc_nano.a(lib_a-mlock.o)
                0x08008758                __malloc_lock
 .text.__malloc_unlock
                0x08008764        0xc c:/arm_gcc/bin/../lib/gcc/arm-none-eabi/9.2.1/../../../../arm-none-eabi/lib/thumb/v7e-m+fp/hard\libc_nano.a(lib_a-mlock.o)
                0x08008764                __malloc_unlock
 .text._Balloc  0x08008770       0x68 c:/arm_gcc/bin/../lib/gcc/arm-none-eabi/9.2.1/../../../../arm-none-eabi/lib/thumb/v7e-m+fp/hard\libc_nano.a(lib_a-mprec.o)
                0x08008770                _Balloc
 .text._Bfree   0x080087d8       0x2e c:/arm_gcc/bin/../lib/gcc/arm-none-eabi/9.2.1/../../../../arm-none-eabi/lib/thumb/v7e-m+fp/hard\libc_nano.a(lib_a-mprec.o)
                0x080087d8                _Bfree
 .text.__multadd
                0x08008806       0x7c c:/arm_gcc/bin/../lib/gcc/arm-none-eabi/9.2.1/../../../../arm-none-eabi/lib/thumb/v7e-m+fp/hard\libc_nano.a(lib_a-mprec.o)
                0x08008806                __multadd
 .text.__s2b    0x08008882       0x7c c:/arm_gcc/bin/../lib/gcc/arm-none-eabi/9.2.1/../../../../arm-none-eabi/lib/thumb/v7e-m+fp/hard\libc_nano.a(lib_a-mprec.o)
                0x08008882                __s2b
 .text.__hi0bits
                0x080088fe       0x40 c:/arm_gcc/bin/../lib/gcc/arm-none-eabi/9.2.1/../../../../arm-none-eabi/lib/thumb/v7e-m+fp/hard\libc_nano.a(lib_a-mprec.o)
                0x080088fe                __hi0bits
 .text.__lo0bits
                0x0800893e       0x60 c:/arm_gcc/bin/../lib/gcc/arm-none-eabi/9.2.1/../../../../arm-none-eabi/lib/thumb/v7e-m+fp/hard\libc_nano.a(lib_a-mprec.o)
                0x0800893e                __lo0bits
 .text.__i2b    0x0800899e       0x12 c:/arm_gcc/bin/../lib/gcc/arm-none-eabi/9.2.1/../../../../arm-none-eabi/lib/thumb/v7e-m+fp/hard\libc_nano.a(lib_a-mprec.o)
                0x0800899e                __i2b
 .text.__multiply
                0x080089b0      0x138 c:/arm_gcc/bin/../lib/gcc/arm-none-eabi/9.2.1/../../../../arm-none-eabi/lib/thumb/v7e-m+fp/hard\libc_nano.a(lib_a-mprec.o)
                0x080089b0                __multiply
 .text.__pow5mult
                0x08008ae8       0x9c c:/arm_gcc/bin/../lib/gcc/arm-none-eabi/9.2.1/../../../../arm-none-eabi/lib/thumb/v7e-m+fp/hard\libc_nano.a(lib_a-mprec.o)
                0x08008ae8                __pow5mult
 .text.__lshift
                0x08008b84       0xbe c:/arm_gcc/bin/../lib/gcc/arm-none-eabi/9.2.1/../../../../arm-none-eabi/lib/thumb/v7e-m+fp/hard\libc_nano.a(lib_a-mprec.o)
                0x08008b84                __lshift
 .text.__mcmp   0x08008c42       0x38 c:/arm_gcc/bin/../lib/gcc/arm-none-eabi/9.2.1/../../../../arm-none-eabi/lib/thumb/v7e-m+fp/hard\libc_nano.a(lib_a-mprec.o)
                0x08008c42                __mcmp
 .text.__mdiff  0x08008c7a       0xec c:/arm_gcc/bin/../lib/gcc/arm-none-eabi/9.2.1/../../../../arm-none-eabi/lib/thumb/v7e-m+fp/hard\libc_nano.a(lib_a-mprec.o)
                0x08008c7a                __mdiff
 *fill*         0x08008d66        0x2 
 .text.__ulp    0x08008d68       0x58 c:/arm_gcc/bin/../lib/gcc/arm-none-eabi/9.2.1/../../../../arm-none-eabi/lib/thumb/v7e-m+fp/hard\libc_nano.a(lib_a-mprec.o)
                0x08008d68                __ulp
 .text.__b2d    0x08008dc0       0xa0 c:/arm_gcc/bin/../lib/gcc/arm-none-eabi/9.2.1/../../../../arm-none-eabi/lib/thumb/v7e-m+fp/hard\libc_nano.a(lib_a-mprec.o)
                0x08008dc0                __b2d
 .text.__d2b    0x08008e60       0xa0 c:/arm_gcc/bin/../lib/gcc/arm-none-eabi/9.2.1/../../../../arm-none-eabi/lib/thumb/v7e-m+fp/hard\libc_nano.a(lib_a-mprec.o)
                0x08008e60                __d2b
 .text.__ratio  0x08008f00       0x66 c:/arm_gcc/bin/../lib/gcc/arm-none-eabi/9.2.1/../../../../arm-none-eabi/lib/thumb/v7e-m+fp/hard\libc_nano.a(lib_a-mprec.o)
                0x08008f00                __ratio
 .text.__copybits
                0x08008f66       0x46 c:/arm_gcc/bin/../lib/gcc/arm-none-eabi/9.2.1/../../../../arm-none-eabi/lib/thumb/v7e-m+fp/hard\libc_nano.a(lib_a-mprec.o)
                0x08008f66                __copybits
 .text.__any_on
                0x08008fac       0x42 c:/arm_gcc/bin/../lib/gcc/arm-none-eabi/9.2.1/../../../../arm-none-eabi/lib/thumb/v7e-m+fp/hard\libc_nano.a(lib_a-mprec.o)
                0x08008fac                __any_on
 .text._calloc_r
                0x08008fee       0x1e c:/arm_gcc/bin/../lib/gcc/arm-none-eabi/9.2.1/../../../../arm-none-eabi/lib/thumb/v7e-m+fp/hard\libc_nano.a(lib_a-nano-callocr.o)
                0x08008fee                _calloc_r
 .text.__ssputs_r
                0x0800900c       0xb6 c:/arm_gcc/bin/../lib/gcc/arm-none-eabi/9.2.1/../../../../arm-none-eabi/lib/thumb/v7e-m+fp/hard\libc_nano.a(lib_a-nano-svfprintf.o)
                0x0800900c                __ssputs_r
 *fill*         0x080090c2        0x2 
 .text._svfprintf_r
                0x080090c4      0x200 c:/arm_gcc/bin/../lib/gcc/arm-none-eabi/9.2.1/../../../../arm-none-eabi/lib/thumb/v7e-m+fp/hard\libc_nano.a(lib_a-nano-svfprintf.o)
                0x080090c4                _svfiprintf_r
                0x080090c4                _svfprintf_r
 *fill*         0x080092c4        0x4 
 .text.nan      0x080092c8       0x10 c:/arm_gcc/bin/../lib/gcc/arm-none-eabi/9.2.1/../../../../arm-none-eabi/lib/thumb/v7e-m+fp/hard\libc_nano.a(lib_a-s_nan.o)
                0x080092c8                nan
 .text.strncmp  0x080092d8       0x24 c:/arm_gcc/bin/../lib/gcc/arm-none-eabi/9.2.1/../../../../arm-none-eabi/lib/thumb/v7e-m+fp/hard\libc_nano.a(lib_a-strncmp.o)
                0x080092d8                strncmp
 .text.__ascii_wctomb
                0x080092fc       0x1a c:/arm_gcc/bin/../lib/gcc/arm-none-eabi/9.2.1/../../../../arm-none-eabi/lib/thumb/v7e-m+fp/hard\libc_nano.a(lib_a-wctomb_r.o)
                0x080092fc                __ascii_wctomb
 .text.__retarget_lock_acquire_recursive
                0x08009316        0x2 c:/arm_gcc/bin/../lib/gcc/arm-none-eabi/9.2.1/../../../../arm-none-eabi/lib/thumb/v7e-m+fp/hard\libc_nano.a(lib_a-lock.o)
                0x08009316                __retarget_lock_acquire_recursive
 .text.__retarget_lock_release_recursive
                0x08009318        0x2 c:/arm_gcc/bin/../lib/gcc/arm-none-eabi/9.2.1/../../../../arm-none-eabi/lib/thumb/v7e-m+fp/hard\libc_nano.a(lib_a-lock.o)
                0x08009318                __retarget_lock_release_recursive
 .text.memmove  0x0800931a       0x34 c:/arm_gcc/bin/../lib/gcc/arm-none-eabi/9.2.1/../../../../arm-none-eabi/lib/thumb/v7e-m+fp/hard\libc_nano.a(lib_a-memmove.o)
                0x0800931a                memmove
 .text._realloc_r
                0x0800934e       0x4c c:/arm_gcc/bin/../lib/gcc/arm-none-eabi/9.2.1/../../../../arm-none-eabi/lib/thumb/v7e-m+fp/hard\libc_nano.a(lib_a-nano-reallocr.o)
                0x0800934e                _realloc_r
 .text._malloc_usable_size_r
                0x0800939a       0x10 c:/arm_gcc/bin/../lib/gcc/arm-none-eabi/9.2.1/../../../../arm-none-eabi/lib/thumb/v7e-m+fp/hard\libc_nano.a(lib_a-nano-msizer.o)
                0x0800939a                _malloc_usable_size_r
 *fill*         0x080093aa        0x2 
 .text.cosf     0x080093ac       0x90 c:/arm_gcc/bin/../lib/gcc/arm-none-eabi/9.2.1/../../../../arm-none-eabi/lib/thumb/v7e-m+fp/hard\libm.a(lib_a-sf_cos.o)
                0x080093ac                cosf
 .text.sinf     0x0800943c       0x94 c:/arm_gcc/bin/../lib/gcc/arm-none-eabi/9.2.1/../../../../arm-none-eabi/lib/thumb/v7e-m+fp/hard\libm.a(lib_a-sf_sin.o)
                0x0800943c                sinf
 .text.__ieee754_rem_pio2f
                0x080094d0      0x294 c:/arm_gcc/bin/../lib/gcc/arm-none-eabi/9.2.1/../../../../arm-none-eabi/lib/thumb/v7e-m+fp/hard\libm.a(lib_a-ef_rem_pio2.o)
                0x080094d0                __ieee754_rem_pio2f
 .text.__kernel_cosf
                0x08009764      0x104 c:/arm_gcc/bin/../lib/gcc/arm-none-eabi/9.2.1/../../../../arm-none-eabi/lib/thumb/v7e-m+fp/hard\libm.a(lib_a-kf_cos.o)
                0x08009764                __kernel_cosf
 .text.__kernel_rem_pio2f
                0x08009868      0x66c c:/arm_gcc/bin/../lib/gcc/arm-none-eabi/9.2.1/../../../../arm-none-eabi/lib/thumb/v7e-m+fp/hard\libm.a(lib_a-kf_rem_pio2.o)
                0x08009868                __kernel_rem_pio2f
 .text.__kernel_sinf
                0x08009ed4       0x90 c:/arm_gcc/bin/../lib/gcc/arm-none-eabi/9.2.1/../../../../arm-none-eabi/lib/thumb/v7e-m+fp/hard\libm.a(lib_a-kf_sin.o)
                0x08009ed4                __kernel_sinf
 .text.fabsf    0x08009f64       0x10 c:/arm_gcc/bin/../lib/gcc/arm-none-eabi/9.2.1/../../../../arm-none-eabi/lib/thumb/v7e-m+fp/hard\libm.a(lib_a-sf_fabs.o)
                0x08009f64                fabsf
 .text.floorf   0x08009f74       0x8c c:/arm_gcc/bin/../lib/gcc/arm-none-eabi/9.2.1/../../../../arm-none-eabi/lib/thumb/v7e-m+fp/hard\libm.a(lib_a-sf_floor.o)
                0x08009f74                floorf
 .text.scalbnf  0x0800a000       0xe4 c:/arm_gcc/bin/../lib/gcc/arm-none-eabi/9.2.1/../../../../arm-none-eabi/lib/thumb/v7e-m+fp/hard\libm.a(lib_a-sf_scalbn.o)
                0x0800a000                scalbnf
 .text._sbrk    0x0800a0e4       0x1c c:/arm_gcc/bin/../lib/gcc/arm-none-eabi/9.2.1/../../../../arm-none-eabi/lib/thumb/v7e-m+fp/hard\libnosys.a(sbrk.o)
                0x0800a0e4                _sbrk
 *(.glue_7)
 .glue_7        0x0800a100        0x0 linker stubs
 *(.glue_7t)
 .glue_7t       0x0800a100        0x0 linker stubs
 *(.eh_frame)
 .eh_frame      0x0800a100        0x0 c:/arm_gcc/bin/../lib/gcc/arm-none-eabi/9.2.1/thumb/v7e-m+fp/hard/crtbegin.o
 *(.init)
 .init          0x0800a100        0x4 c:/arm_gcc/bin/../lib/gcc/arm-none-eabi/9.2.1/thumb/v7e-m+fp/hard/crti.o
                0x0800a100                _init
 .init          0x0800a104        0x8 c:/arm_gcc/bin/../lib/gcc/arm-none-eabi/9.2.1/thumb/v7e-m+fp/hard/crtn.o
 *(.fini)
 .fini          0x0800a10c        0x4 c:/arm_gcc/bin/../lib/gcc/arm-none-eabi/9.2.1/thumb/v7e-m+fp/hard/crti.o
                0x0800a10c                _fini
 .fini          0x0800a110        0x8 c:/arm_gcc/bin/../lib/gcc/arm-none-eabi/9.2.1/thumb/v7e-m+fp/hard/crtn.o
                0x0800a118                . = ALIGN (0x4)
                0x0800a118                _etext = .

.vfp11_veneer   0x0800a118        0x0
 .vfp11_veneer  0x0800a118        0x0 linker stubs

.v4_bx          0x0800a118        0x0
 .v4_bx         0x0800a118        0x0 linker stubs

.iplt           0x0800a118        0x0
 .iplt          0x0800a118        0x0 c:/arm_gcc/bin/../lib/gcc/arm-none-eabi/9.2.1/thumb/v7e-m+fp/hard/crtbegin.o

.rodata         0x0800a118     0x1068
                0x0800a118                . = ALIGN (0x4)
 *(.rodata)
 *(.rodata*)
 .rodata.Measure_R_MS_Handler.str1.4
                0x0800a118       0x5d build/foc.o
 *fill*         0x0800a175        0x3 
 .rodata.Set_to_U4.str1.4
                0x0800a178        0xf build/foc.o
 *fill*         0x0800a187        0x1 
 .rodata.Test_Direction.str1.4
                0x0800a188       0x6e build/foc.o
 *fill*         0x0800a1f6        0x2 
 .rodata.main.str1.4
                0x0800a1f8        0xf build/main.o
 *fill*         0x0800a207        0x1 
 .rodata.get_position.str1.4
                0x0800a208        0xe build/myfunc.o
 *fill*         0x0800a216        0x2 
 .rodata.test.str1.4
                0x0800a218       0x45 build/myfunc.o
 *fill*         0x0800a25d        0x3 
 .rodata.set_to_u4.str1.4
                0x0800a260       0x1e build/myfunc.o
 *fill*         0x0800a27e        0x2 
 .rodata.command_init.str1.4
                0x0800a280       0x32 build/myfunc.o
 *fill*         0x0800a2b2        0x2 
 .rodata.analize.str1.4
                0x0800a2b4       0x11 build/command.o
 *fill*         0x0800a2c5        0x3 
 .rodata.sinTable_f32
                0x0800a2c8      0x804 build/arm_common_tables.o
                0x0800a2c8                sinTable_f32
 .rodata.flagBitshiftOffset.8563
                0x0800aacc        0x8 build/stm32f4xx_hal_dma.o
 .rodata.AHBPrescTable
                0x0800aad4       0x10 build/system_stm32f4xx.o
                0x0800aad4                AHBPrescTable
 .rodata.APBPrescTable
                0x0800aae4        0x8 build/system_stm32f4xx.o
                0x0800aae4                APBPrescTable
 .rodata._ctype_
                0x0800aaec      0x101 c:/arm_gcc/bin/../lib/gcc/arm-none-eabi/9.2.1/../../../../arm-none-eabi/lib/thumb/v7e-m+fp/hard\libc_nano.a(lib_a-ctype_.o)
                0x0800aaec                _ctype_
 .rodata._printf_float.str1.1
                0x0800abed       0x12 c:/arm_gcc/bin/../lib/gcc/arm-none-eabi/9.2.1/../../../../arm-none-eabi/lib/thumb/v7e-m+fp/hard\libc_nano.a(lib_a-nano-vfprintf_float.o)
 .rodata._printf_i.str1.1
                0x0800abff       0x22 c:/arm_gcc/bin/../lib/gcc/arm-none-eabi/9.2.1/../../../../arm-none-eabi/lib/thumb/v7e-m+fp/hard\libc_nano.a(lib_a-nano-vfprintf_i.o)
 .rodata._strtod_l.str1.1
                0x0800ac21       0x22 c:/arm_gcc/bin/../lib/gcc/arm-none-eabi/9.2.1/../../../../arm-none-eabi/lib/thumb/v7e-m+fp/hard\libc_nano.a(lib_a-strtod.o)
                                  0xd (size before relaxing)
 *fill*         0x0800ac21        0x3 
 .rodata.fpi.7566
                0x0800ac24       0x14 c:/arm_gcc/bin/../lib/gcc/arm-none-eabi/9.2.1/../../../../arm-none-eabi/lib/thumb/v7e-m+fp/hard\libc_nano.a(lib_a-strtod.o)
 .rodata.fpinan.7602
                0x0800ac38       0x14 c:/arm_gcc/bin/../lib/gcc/arm-none-eabi/9.2.1/../../../../arm-none-eabi/lib/thumb/v7e-m+fp/hard\libc_nano.a(lib_a-strtod.o)
 *fill*         0x0800ac4c        0x4 
 .rodata.tinytens
                0x0800ac50       0x28 c:/arm_gcc/bin/../lib/gcc/arm-none-eabi/9.2.1/../../../../arm-none-eabi/lib/thumb/v7e-m+fp/hard\libc_nano.a(lib_a-strtod.o)
 .rodata._dtoa_r.str1.1
                0x0800ac78        0xd c:/arm_gcc/bin/../lib/gcc/arm-none-eabi/9.2.1/../../../../arm-none-eabi/lib/thumb/v7e-m+fp/hard\libc_nano.a(lib_a-dtoa.o)
                                  0xf (size before relaxing)
 .rodata.str1.1
                0x0800ac85        0x2 c:/arm_gcc/bin/../lib/gcc/arm-none-eabi/9.2.1/../../../../arm-none-eabi/lib/thumb/v7e-m+fp/hard\libc_nano.a(lib_a-lnumeric.o)
                                  0x3 (size before relaxing)
 *fill*         0x0800ac87        0x1 
 .rodata._C_numeric_locale
                0x0800ac88        0xc c:/arm_gcc/bin/../lib/gcc/arm-none-eabi/9.2.1/../../../../arm-none-eabi/lib/thumb/v7e-m+fp/hard\libc_nano.a(lib_a-lnumeric.o)
                0x0800ac88                _C_numeric_locale
 .rodata._setlocale_r.str1.1
                0x0800ac94        0x8 c:/arm_gcc/bin/../lib/gcc/arm-none-eabi/9.2.1/../../../../arm-none-eabi/lib/thumb/v7e-m+fp/hard\libc_nano.a(lib_a-locale.o)
                                  0x9 (size before relaxing)
 .rodata.str1.1
                0x0800ac9c        0x2 c:/arm_gcc/bin/../lib/gcc/arm-none-eabi/9.2.1/../../../../arm-none-eabi/lib/thumb/v7e-m+fp/hard\libc_nano.a(lib_a-locale.o)
 *fill*         0x0800ac9c        0x4 
 .rodata.__mprec_bigtens
                0x0800aca0       0x28 c:/arm_gcc/bin/../lib/gcc/arm-none-eabi/9.2.1/../../../../arm-none-eabi/lib/thumb/v7e-m+fp/hard\libc_nano.a(lib_a-mprec.o)
                0x0800aca0                __mprec_bigtens
 .rodata.__mprec_tens
                0x0800acc8       0xc8 c:/arm_gcc/bin/../lib/gcc/arm-none-eabi/9.2.1/../../../../arm-none-eabi/lib/thumb/v7e-m+fp/hard\libc_nano.a(lib_a-mprec.o)
                0x0800acc8                __mprec_tens
 .rodata.p05.7490
                0x0800ad90        0xc c:/arm_gcc/bin/../lib/gcc/arm-none-eabi/9.2.1/../../../../arm-none-eabi/lib/thumb/v7e-m+fp/hard\libc_nano.a(lib_a-mprec.o)
 .rodata._svfprintf_r.str1.1
                0x0800ad9c       0x11 c:/arm_gcc/bin/../lib/gcc/arm-none-eabi/9.2.1/../../../../arm-none-eabi/lib/thumb/v7e-m+fp/hard\libc_nano.a(lib_a-nano-svfprintf.o)
 *fill*         0x0800adad        0x3 
 .rodata.npio2_hw
                0x0800adb0       0x80 c:/arm_gcc/bin/../lib/gcc/arm-none-eabi/9.2.1/../../../../arm-none-eabi/lib/thumb/v7e-m+fp/hard\libm.a(lib_a-ef_rem_pio2.o)
 .rodata.two_over_pi
                0x0800ae30      0x318 c:/arm_gcc/bin/../lib/gcc/arm-none-eabi/9.2.1/../../../../arm-none-eabi/lib/thumb/v7e-m+fp/hard\libm.a(lib_a-ef_rem_pio2.o)
 .rodata.PIo2   0x0800b148       0x2c c:/arm_gcc/bin/../lib/gcc/arm-none-eabi/9.2.1/../../../../arm-none-eabi/lib/thumb/v7e-m+fp/hard\libm.a(lib_a-kf_rem_pio2.o)
 .rodata.init_jk
                0x0800b174        0xc c:/arm_gcc/bin/../lib/gcc/arm-none-eabi/9.2.1/../../../../arm-none-eabi/lib/thumb/v7e-m+fp/hard\libm.a(lib_a-kf_rem_pio2.o)
                0x0800b180                . = ALIGN (0x4)

.ARM.extab
 *(.ARM.extab* .gnu.linkonce.armextab.*)

.ARM            0x0800b180        0x8
                0x0800b180                __exidx_start = .
 *(.ARM.exidx*)
 .ARM.exidx     0x0800b180        0x8 c:/arm_gcc/bin/../lib/gcc/arm-none-eabi/9.2.1/thumb/v7e-m+fp/hard\libgcc.a(_udivmoddi4.o)
                0x0800b188                __exidx_end = .

.rel.dyn        0x0800b188        0x0
 .rel.iplt      0x0800b188        0x0 c:/arm_gcc/bin/../lib/gcc/arm-none-eabi/9.2.1/thumb/v7e-m+fp/hard/crtbegin.o

.preinit_array  0x0800b188        0x0
                0x0800b188                PROVIDE (__preinit_array_start = .)
 *(.preinit_array*)
                0x0800b188                PROVIDE (__preinit_array_end = .)

.init_array     0x0800b188        0x4
                0x0800b188                PROVIDE (__init_array_start = .)
 *(SORT_BY_NAME(.init_array.*))
 *(.init_array*)
 .init_array    0x0800b188        0x4 c:/arm_gcc/bin/../lib/gcc/arm-none-eabi/9.2.1/thumb/v7e-m+fp/hard/crtbegin.o
                0x0800b18c                PROVIDE (__init_array_end = .)

.fini_array     0x0800b18c        0x4
                [!provide]                PROVIDE (__fini_array_start = .)
 *(SORT_BY_NAME(.fini_array.*))
 *(.fini_array*)
 .fini_array    0x0800b18c        0x4 c:/arm_gcc/bin/../lib/gcc/arm-none-eabi/9.2.1/thumb/v7e-m+fp/hard/crtbegin.o
                [!provide]                PROVIDE (__fini_array_end = .)
                0x0800b190                _sidata = LOADADDR (.data)

.data           0x20000000      0x27c load address 0x0800b190
                0x20000000                . = ALIGN (0x4)
                0x20000000                _sdata = .
 *(.data)
 *(.data*)
 .data.Motor    0x20000000       0x10 build/foc.o
                0x20000000                Motor
 .data.Position_Offset
                0x20000010        0x4 build/foc.o
                0x20000010                Position_Offset
 .data.U1       0x20000014       0x10 build/foc.o
                0x20000014                U1
 .data.U2       0x20000024       0x10 build/foc.o
                0x20000024                U2
 .data.U3       0x20000034       0x10 build/foc.o
                0x20000034                U3
 .data.U4       0x20000044       0x10 build/foc.o
                0x20000044                U4
 .data.U5       0x20000054       0x10 build/foc.o
                0x20000054                U5
 .data.U6       0x20000064       0x10 build/foc.o
                0x20000064                U6
 .data.U7       0x20000074       0x10 build/foc.o
                0x20000074                U7
 .data.Uvects   0x20000084       0x18 build/foc.o
                0x20000084                Uvects
 .data.Rx_Mode  0x2000009c        0x1 build/uart_ext.o
 .data.uwTickFreq
                0x2000009d        0x1 build/stm32f4xx_hal.o
                0x2000009d                uwTickFreq
 *fill*         0x2000009e        0x2 
 .data.uwTickPrio
                0x200000a0        0x4 build/stm32f4xx_hal.o
                0x200000a0                uwTickPrio
 .data.SystemCoreClock
                0x200000a4        0x4 build/system_stm32f4xx.o
                0x200000a4                SystemCoreClock
 .data._impure_ptr
                0x200000a8        0x4 c:/arm_gcc/bin/../lib/gcc/arm-none-eabi/9.2.1/../../../../arm-none-eabi/lib/thumb/v7e-m+fp/hard\libc_nano.a(lib_a-impure.o)
                0x200000a8                _impure_ptr
 .data.impure_data
                0x200000ac       0x60 c:/arm_gcc/bin/../lib/gcc/arm-none-eabi/9.2.1/../../../../arm-none-eabi/lib/thumb/v7e-m+fp/hard\libc_nano.a(lib_a-impure.o)
 .data.numempty
                0x2000010c        0x2 c:/arm_gcc/bin/../lib/gcc/arm-none-eabi/9.2.1/../../../../arm-none-eabi/lib/thumb/v7e-m+fp/hard\libc_nano.a(lib_a-lnumeric.o)
 *fill*         0x2000010e        0x2 
 .data.__global_locale
                0x20000110      0x16c c:/arm_gcc/bin/../lib/gcc/arm-none-eabi/9.2.1/../../../../arm-none-eabi/lib/thumb/v7e-m+fp/hard\libc_nano.a(lib_a-locale.o)
                0x20000110                __global_locale
                0x2000027c                . = ALIGN (0x4)
                0x2000027c                _edata = .
                0x0800b40c                _siccmram = LOADADDR (.ccmram)

.igot.plt       0x2000027c        0x0 load address 0x0800b40c
 .igot.plt      0x2000027c        0x0 c:/arm_gcc/bin/../lib/gcc/arm-none-eabi/9.2.1/thumb/v7e-m+fp/hard/crtbegin.o

.ccmram         0x10000000        0x0 load address 0x0800b40c
                0x10000000                . = ALIGN (0x4)
                0x10000000                _sccmram = .
 *(.ccmram)
 *(.ccmram*)
                0x10000000                . = ALIGN (0x4)
                0x10000000                _eccmram = .
                0x10000000                . = ALIGN (0x4)

.bss            0x2000027c      0x6b4
                0x2000027c                _sbss = .
                0x2000027c                __bss_start__ = _sbss
 *(.bss)
 .bss           0x2000027c       0x1c c:/arm_gcc/bin/../lib/gcc/arm-none-eabi/9.2.1/thumb/v7e-m+fp/hard/crtbegin.o
 *(.bss*)
 .bss.CCR_Dutys.12935
                0x20000298        0xc build/foc.o
 .bss.U0        0x200002a4       0x10 build/foc.o
                0x200002a4                U0
 .bss.current1.12959
                0x200002b4        0x4 build/foc.o
 .bss.current2.12960
                0x200002b8        0x4 build/foc.o
 .bss.theta.12943
                0x200002bc        0x4 build/foc.o
 .bss.Init_OK   0x200002c0        0x1 build/main.o
                0x200002c0                Init_OK
 *fill*         0x200002c1        0x3 
 .bss.ms_cnt.10180
                0x200002c4        0x4 build/main.o
 .bss.OK.8477   0x200002c8        0x1 build/as5047.o
 *fill*         0x200002c9        0x1 
 .bss.result.8505
                0x200002ca        0x2 build/as5047.o
 .bss.Tx_Mode   0x200002cc        0x1 build/uart_ext.o
 *fill*         0x200002cd        0x3 
 .bss.buffer_rx_count
                0x200002d0        0x4 build/uart_ext.o
                0x200002d0                buffer_rx_count
 .bss.debug_uart
                0x200002d4        0x4 build/uart_ext.o
 .bss.__malloc_free_list
                0x200002d8        0x4 c:/arm_gcc/bin/../lib/gcc/arm-none-eabi/9.2.1/../../../../arm-none-eabi/lib/thumb/v7e-m+fp/hard\libc_nano.a(lib_a-nano-mallocr.o)
                0x200002d8                __malloc_free_list
 .bss.__malloc_sbrk_start
                0x200002dc        0x4 c:/arm_gcc/bin/../lib/gcc/arm-none-eabi/9.2.1/../../../../arm-none-eabi/lib/thumb/v7e-m+fp/hard\libc_nano.a(lib_a-nano-mallocr.o)
                0x200002dc                __malloc_sbrk_start
 .bss.heap_end.5507
                0x200002e0        0x4 c:/arm_gcc/bin/../lib/gcc/arm-none-eabi/9.2.1/../../../../arm-none-eabi/lib/thumb/v7e-m+fp/hard\libnosys.a(sbrk.o)
 *(COMMON)
 COMMON         0x200002e4       0x44 build/foc.o
                0x200002e4                Test_Direction_Info
                0x200002f0                ADC_Values_Raw2
                0x200002f8                Board_Mode
                0x200002fc                ADC_Values_Raw
                0x20000304                Ibeta
                0x20000308                Ialpha
                0x2000030c                Measure_R_Info
                0x20000324                Position_Degree
 COMMON         0x20000328        0x1 build/main.o
                0x20000328                ms_2_flag
 *fill*         0x20000329        0x3 
 COMMON         0x2000032c      0x150 build/adc.o
                0x2000032c                hadc2
                0x20000374                hadc1
                0x200003bc                hdma_adc1
                0x2000041c                hdma_adc2
 COMMON         0x2000047c       0x28 build/can.o
                0x2000047c                hcan1
 COMMON         0x200004a4       0x58 build/spi.o
                0x200004a4                hspi3
 COMMON         0x200004fc      0x100 build/tim.o
                0x200004fc                htim8
                0x2000053c                htim4
                0x2000057c                htim6
                0x200005bc                htim7
 COMMON         0x200005fc      0x100 build/usart.o
                0x200005fc                hdma_usart3_rx
                0x2000065c                huart3
                0x2000069c                hdma_usart3_tx
 COMMON         0x200006fc        0x2 build/as5047.o
                0x200006fc                AS_5047_Err
 *fill*         0x200006fe        0x2 
 COMMON         0x20000700       0x86 build/uart_ext.o
                0x20000700                buffer_rx
                0x2000071e                buffer_rx_OK
                0x20000720                uart_buffer
                0x20000785                buffer_rx_temp
 *fill*         0x20000786        0x2 
 COMMON         0x20000788      0x194 build/command.o
                0x20000788                CMD
 COMMON         0x2000091c        0x4 build/stm32f4xx_hal.o
                0x2000091c                uwTick
 COMMON         0x20000920        0x4 c:/arm_gcc/bin/../lib/gcc/arm-none-eabi/9.2.1/../../../../arm-none-eabi/lib/thumb/v7e-m+fp/hard\libc_nano.a(lib_a-reent.o)
                0x20000920                errno
 COMMON         0x20000924        0x9 c:/arm_gcc/bin/../lib/gcc/arm-none-eabi/9.2.1/../../../../arm-none-eabi/lib/thumb/v7e-m+fp/hard\libc_nano.a(lib_a-lock.o)
                0x20000924                __lock___atexit_recursive_mutex
                0x20000925                __lock___arc4random_mutex
                0x20000926                __lock___env_recursive_mutex
                0x20000927                __lock___sinit_recursive_mutex
                0x20000928                __lock___malloc_recursive_mutex
                0x20000929                __lock___at_quick_exit_mutex
                0x2000092a                __lock___dd_hash_mutex
                0x2000092b                __lock___tz_mutex
                0x2000092c                __lock___sfp_recursive_mutex
                0x20000930                . = ALIGN (0x4)
 *fill*         0x2000092d        0x3 
                0x20000930                _ebss = .
                0x20000930                __bss_end__ = _ebss

._user_heap_stack
                0x20000930      0x600
                0x20000930                . = ALIGN (0x8)
                0x20000930                PROVIDE (end = .)
                [!provide]                PROVIDE (_end = .)
                0x20000b30                . = (. + _Min_Heap_Size)
 *fill*         0x20000930      0x200 
                0x20000f30                . = (. + _Min_Stack_Size)
 *fill*         0x20000b30      0x400 
                0x20000f30                . = ALIGN (0x8)

/DISCARD/
 libc.a(*)
 libm.a(*)
 libgcc.a(*)

.ARM.attributes
                0x00000000       0x30
 *(.ARM.attributes)
 .ARM.attributes
                0x00000000       0x1e c:/arm_gcc/bin/../lib/gcc/arm-none-eabi/9.2.1/thumb/v7e-m+fp/hard/crti.o
 .ARM.attributes
                0x0000001e       0x34 c:/arm_gcc/bin/../lib/gcc/arm-none-eabi/9.2.1/thumb/v7e-m+fp/hard/crtbegin.o
 .ARM.attributes
                0x00000052       0x34 build/foc.o
 .ARM.attributes
                0x00000086       0x34 build/main.o
 .ARM.attributes
                0x000000ba       0x34 build/gpio.o
 .ARM.attributes
                0x000000ee       0x34 build/adc.o
 .ARM.attributes
                0x00000122       0x34 build/can.o
 .ARM.attributes
                0x00000156       0x34 build/dma.o
 .ARM.attributes
                0x0000018a       0x34 build/spi.o
 .ARM.attributes
                0x000001be       0x34 build/tim.o
 .ARM.attributes
                0x000001f2       0x34 build/usart.o
 .ARM.attributes
                0x00000226       0x34 build/myfunc.o
 .ARM.attributes
                0x0000025a       0x34 build/as5047.o
 .ARM.attributes
                0x0000028e       0x34 build/uart_ext.o
 .ARM.attributes
                0x000002c2       0x34 build/command.o
 .ARM.attributes
                0x000002f6       0x39 build/arm_common_tables.o
 .ARM.attributes
                0x0000032f       0x34 build/arm_sin_cos_f32.o
 .ARM.attributes
                0x00000363       0x34 build/stm32f4xx_it.o
 .ARM.attributes
                0x00000397       0x34 build/stm32f4xx_hal_msp.o
 .ARM.attributes
                0x000003cb       0x34 build/stm32f4xx_hal_adc.o
 .ARM.attributes
                0x000003ff       0x34 build/stm32f4xx_hal_can.o
 .ARM.attributes
                0x00000433       0x34 build/stm32f4xx_hal_spi.o
 .ARM.attributes
                0x00000467       0x34 build/stm32f4xx_hal_tim.o
 .ARM.attributes
                0x0000049b       0x34 build/stm32f4xx_hal_tim_ex.o
 .ARM.attributes
                0x000004cf       0x34 build/stm32f4xx_hal_uart.o
 .ARM.attributes
                0x00000503       0x34 build/stm32f4xx_hal_rcc.o
 .ARM.attributes
                0x00000537       0x34 build/stm32f4xx_hal_gpio.o
 .ARM.attributes
                0x0000056b       0x34 build/stm32f4xx_hal_dma.o
 .ARM.attributes
                0x0000059f       0x34 build/stm32f4xx_hal_cortex.o
 .ARM.attributes
                0x000005d3       0x34 build/stm32f4xx_hal.o
 .ARM.attributes
                0x00000607       0x34 build/system_stm32f4xx.o
 .ARM.attributes
                0x0000063b       0x21 build/startup_stm32f405xx.o
 .ARM.attributes
                0x0000065c       0x34 c:/arm_gcc/bin/../lib/gcc/arm-none-eabi/9.2.1/../../../../arm-none-eabi/lib/thumb/v7e-m+fp/hard\libc_nano.a(lib_a-atof.o)
 .ARM.attributes
                0x00000690       0x32 c:/arm_gcc/bin/../lib/gcc/arm-none-eabi/9.2.1/../../../../arm-none-eabi/lib/thumb/v7e-m+fp/hard\libc_nano.a(lib_a-ctype_.o)
 .ARM.attributes
                0x000006c2       0x32 c:/arm_gcc/bin/../lib/gcc/arm-none-eabi/9.2.1/../../../../arm-none-eabi/lib/thumb/v7e-m+fp/hard\libc_nano.a(lib_a-impure.o)
 .ARM.attributes
                0x000006f4       0x34 c:/arm_gcc/bin/../lib/gcc/arm-none-eabi/9.2.1/../../../../arm-none-eabi/lib/thumb/v7e-m+fp/hard\libc_nano.a(lib_a-init.o)
 .ARM.attributes
                0x00000728       0x34 c:/arm_gcc/bin/../lib/gcc/arm-none-eabi/9.2.1/../../../../arm-none-eabi/lib/thumb/v7e-m+fp/hard\libc_nano.a(lib_a-malloc.o)
 .ARM.attributes
                0x0000075c       0x34 c:/arm_gcc/bin/../lib/gcc/arm-none-eabi/9.2.1/../../../../arm-none-eabi/lib/thumb/v7e-m+fp/hard\libc_nano.a(lib_a-memset.o)
 .ARM.attributes
                0x00000790       0x34 c:/arm_gcc/bin/../lib/gcc/arm-none-eabi/9.2.1/../../../../arm-none-eabi/lib/thumb/v7e-m+fp/hard\libc_nano.a(lib_a-nano-freer.o)
 .ARM.attributes
                0x000007c4       0x34 c:/arm_gcc/bin/../lib/gcc/arm-none-eabi/9.2.1/../../../../arm-none-eabi/lib/thumb/v7e-m+fp/hard\libc_nano.a(lib_a-nano-mallocr.o)
 .ARM.attributes
                0x000007f8       0x34 c:/arm_gcc/bin/../lib/gcc/arm-none-eabi/9.2.1/../../../../arm-none-eabi/lib/thumb/v7e-m+fp/hard\libc_nano.a(lib_a-nano-vfprintf_float.o)
 .ARM.attributes
                0x0000082c       0x34 c:/arm_gcc/bin/../lib/gcc/arm-none-eabi/9.2.1/../../../../arm-none-eabi/lib/thumb/v7e-m+fp/hard\libc_nano.a(lib_a-nano-vfprintf_i.o)
 .ARM.attributes
                0x00000860       0x34 c:/arm_gcc/bin/../lib/gcc/arm-none-eabi/9.2.1/../../../../arm-none-eabi/lib/thumb/v7e-m+fp/hard\libc_nano.a(lib_a-sbrkr.o)
 .ARM.attributes
                0x00000894       0x17 c:/arm_gcc/bin/../lib/gcc/arm-none-eabi/9.2.1/../../../../arm-none-eabi/lib/thumb/v7e-m+fp/hard\libc_nano.a(lib_a-strlen.o)
 .ARM.attributes
                0x000008ab       0x34 c:/arm_gcc/bin/../lib/gcc/arm-none-eabi/9.2.1/../../../../arm-none-eabi/lib/thumb/v7e-m+fp/hard\libc_nano.a(lib_a-strtod.o)
 .ARM.attributes
                0x000008df       0x34 c:/arm_gcc/bin/../lib/gcc/arm-none-eabi/9.2.1/../../../../arm-none-eabi/lib/thumb/v7e-m+fp/hard\libc_nano.a(lib_a-vsnprintf.o)
 .ARM.attributes
                0x00000913       0x34 c:/arm_gcc/bin/../lib/gcc/arm-none-eabi/9.2.1/../../../../arm-none-eabi/lib/thumb/v7e-m+fp/hard\libc_nano.a(lib_a-dtoa.o)
 .ARM.attributes
                0x00000947       0x34 c:/arm_gcc/bin/../lib/gcc/arm-none-eabi/9.2.1/../../../../arm-none-eabi/lib/thumb/v7e-m+fp/hard\libc_nano.a(lib_a-gdtoa-gethex.o)
 .ARM.attributes
                0x0000097b       0x34 c:/arm_gcc/bin/../lib/gcc/arm-none-eabi/9.2.1/../../../../arm-none-eabi/lib/thumb/v7e-m+fp/hard\libc_nano.a(lib_a-gdtoa-hexnan.o)
 .ARM.attributes
                0x000009af       0x34 c:/arm_gcc/bin/../lib/gcc/arm-none-eabi/9.2.1/../../../../arm-none-eabi/lib/thumb/v7e-m+fp/hard\libc_nano.a(lib_a-lnumeric.o)
 .ARM.attributes
                0x000009e3       0x34 c:/arm_gcc/bin/../lib/gcc/arm-none-eabi/9.2.1/../../../../arm-none-eabi/lib/thumb/v7e-m+fp/hard\libc_nano.a(lib_a-locale.o)
 .ARM.attributes
                0x00000a17       0x34 c:/arm_gcc/bin/../lib/gcc/arm-none-eabi/9.2.1/../../../../arm-none-eabi/lib/thumb/v7e-m+fp/hard\libc_nano.a(lib_a-localeconv.o)
 .ARM.attributes
                0x00000a4b       0x34 c:/arm_gcc/bin/../lib/gcc/arm-none-eabi/9.2.1/../../../../arm-none-eabi/lib/thumb/v7e-m+fp/hard\libc_nano.a(lib_a-mbtowc_r.o)
 .ARM.attributes
                0x00000a7f       0x1c c:/arm_gcc/bin/../lib/gcc/arm-none-eabi/9.2.1/../../../../arm-none-eabi/lib/thumb/v7e-m+fp/hard\libc_nano.a(lib_a-memchr.o)
 .ARM.attributes
                0x00000a9b       0x34 c:/arm_gcc/bin/../lib/gcc/arm-none-eabi/9.2.1/../../../../arm-none-eabi/lib/thumb/v7e-m+fp/hard\libc_nano.a(lib_a-memcpy-stub.o)
 .ARM.attributes
                0x00000acf       0x34 c:/arm_gcc/bin/../lib/gcc/arm-none-eabi/9.2.1/../../../../arm-none-eabi/lib/thumb/v7e-m+fp/hard\libc_nano.a(lib_a-mlock.o)
 .ARM.attributes
                0x00000b03       0x34 c:/arm_gcc/bin/../lib/gcc/arm-none-eabi/9.2.1/../../../../arm-none-eabi/lib/thumb/v7e-m+fp/hard\libc_nano.a(lib_a-mprec.o)
 .ARM.attributes
                0x00000b37       0x34 c:/arm_gcc/bin/../lib/gcc/arm-none-eabi/9.2.1/../../../../arm-none-eabi/lib/thumb/v7e-m+fp/hard\libc_nano.a(lib_a-nano-callocr.o)
 .ARM.attributes
                0x00000b6b       0x34 c:/arm_gcc/bin/../lib/gcc/arm-none-eabi/9.2.1/../../../../arm-none-eabi/lib/thumb/v7e-m+fp/hard\libc_nano.a(lib_a-nano-svfprintf.o)
 .ARM.attributes
                0x00000b9f       0x34 c:/arm_gcc/bin/../lib/gcc/arm-none-eabi/9.2.1/../../../../arm-none-eabi/lib/thumb/v7e-m+fp/hard\libc_nano.a(lib_a-reent.o)
 .ARM.attributes
                0x00000bd3       0x34 c:/arm_gcc/bin/../lib/gcc/arm-none-eabi/9.2.1/../../../../arm-none-eabi/lib/thumb/v7e-m+fp/hard\libc_nano.a(lib_a-s_nan.o)
 .ARM.attributes
                0x00000c07       0x34 c:/arm_gcc/bin/../lib/gcc/arm-none-eabi/9.2.1/../../../../arm-none-eabi/lib/thumb/v7e-m+fp/hard\libc_nano.a(lib_a-strncmp.o)
 .ARM.attributes
                0x00000c3b       0x34 c:/arm_gcc/bin/../lib/gcc/arm-none-eabi/9.2.1/../../../../arm-none-eabi/lib/thumb/v7e-m+fp/hard\libc_nano.a(lib_a-wctomb_r.o)
 .ARM.attributes
                0x00000c6f       0x34 c:/arm_gcc/bin/../lib/gcc/arm-none-eabi/9.2.1/../../../../arm-none-eabi/lib/thumb/v7e-m+fp/hard\libc_nano.a(lib_a-lock.o)
 .ARM.attributes
                0x00000ca3       0x34 c:/arm_gcc/bin/../lib/gcc/arm-none-eabi/9.2.1/../../../../arm-none-eabi/lib/thumb/v7e-m+fp/hard\libc_nano.a(lib_a-memmove.o)
 .ARM.attributes
                0x00000cd7       0x34 c:/arm_gcc/bin/../lib/gcc/arm-none-eabi/9.2.1/../../../../arm-none-eabi/lib/thumb/v7e-m+fp/hard\libc_nano.a(lib_a-nano-reallocr.o)
 .ARM.attributes
                0x00000d0b       0x34 c:/arm_gcc/bin/../lib/gcc/arm-none-eabi/9.2.1/../../../../arm-none-eabi/lib/thumb/v7e-m+fp/hard\libc_nano.a(lib_a-nano-msizer.o)
 .ARM.attributes
                0x00000d3f       0x34 c:/arm_gcc/bin/../lib/gcc/arm-none-eabi/9.2.1/../../../../arm-none-eabi/lib/thumb/v7e-m+fp/hard\libm.a(lib_a-sf_cos.o)
 .ARM.attributes
                0x00000d73       0x34 c:/arm_gcc/bin/../lib/gcc/arm-none-eabi/9.2.1/../../../../arm-none-eabi/lib/thumb/v7e-m+fp/hard\libm.a(lib_a-sf_sin.o)
 .ARM.attributes
                0x00000da7       0x34 c:/arm_gcc/bin/../lib/gcc/arm-none-eabi/9.2.1/../../../../arm-none-eabi/lib/thumb/v7e-m+fp/hard\libm.a(lib_a-ef_rem_pio2.o)
 .ARM.attributes
                0x00000ddb       0x34 c:/arm_gcc/bin/../lib/gcc/arm-none-eabi/9.2.1/../../../../arm-none-eabi/lib/thumb/v7e-m+fp/hard\libm.a(lib_a-kf_cos.o)
 .ARM.attributes
                0x00000e0f       0x34 c:/arm_gcc/bin/../lib/gcc/arm-none-eabi/9.2.1/../../../../arm-none-eabi/lib/thumb/v7e-m+fp/hard\libm.a(lib_a-kf_rem_pio2.o)
 .ARM.attributes
                0x00000e43       0x34 c:/arm_gcc/bin/../lib/gcc/arm-none-eabi/9.2.1/../../../../arm-none-eabi/lib/thumb/v7e-m+fp/hard\libm.a(lib_a-kf_sin.o)
 .ARM.attributes
                0x00000e77       0x34 c:/arm_gcc/bin/../lib/gcc/arm-none-eabi/9.2.1/../../../../arm-none-eabi/lib/thumb/v7e-m+fp/hard\libm.a(lib_a-sf_fabs.o)
 .ARM.attributes
                0x00000eab       0x34 c:/arm_gcc/bin/../lib/gcc/arm-none-eabi/9.2.1/../../../../arm-none-eabi/lib/thumb/v7e-m+fp/hard\libm.a(lib_a-sf_floor.o)
 .ARM.attributes
                0x00000edf       0x34 c:/arm_gcc/bin/../lib/gcc/arm-none-eabi/9.2.1/../../../../arm-none-eabi/lib/thumb/v7e-m+fp/hard\libm.a(lib_a-sf_scalbn.o)
 .ARM.attributes
                0x00000f13       0x34 c:/arm_gcc/bin/../lib/gcc/arm-none-eabi/9.2.1/../../../../arm-none-eabi/lib/thumb/v7e-m+fp/hard\libnosys.a(sbrk.o)
 .ARM.attributes
                0x00000f47       0x1e c:/arm_gcc/bin/../lib/gcc/arm-none-eabi/9.2.1/thumb/v7e-m+fp/hard\libgcc.a(_arm_addsubdf3.o)
 .ARM.attributes
                0x00000f65       0x1e c:/arm_gcc/bin/../lib/gcc/arm-none-eabi/9.2.1/thumb/v7e-m+fp/hard\libgcc.a(_arm_muldivdf3.o)
 .ARM.attributes
                0x00000f83       0x1e c:/arm_gcc/bin/../lib/gcc/arm-none-eabi/9.2.1/thumb/v7e-m+fp/hard\libgcc.a(_arm_cmpdf2.o)
 .ARM.attributes
                0x00000fa1       0x1e c:/arm_gcc/bin/../lib/gcc/arm-none-eabi/9.2.1/thumb/v7e-m+fp/hard\libgcc.a(_arm_unorddf2.o)
 .ARM.attributes
                0x00000fbf       0x1e c:/arm_gcc/bin/../lib/gcc/arm-none-eabi/9.2.1/thumb/v7e-m+fp/hard\libgcc.a(_arm_fixdfsi.o)
 .ARM.attributes
                0x00000fdd       0x1e c:/arm_gcc/bin/../lib/gcc/arm-none-eabi/9.2.1/thumb/v7e-m+fp/hard\libgcc.a(_arm_fixunsdfsi.o)
 .ARM.attributes
                0x00000ffb       0x1e c:/arm_gcc/bin/../lib/gcc/arm-none-eabi/9.2.1/thumb/v7e-m+fp/hard\libgcc.a(_arm_truncdfsf2.o)
 .ARM.attributes
                0x00001019       0x1e c:/arm_gcc/bin/../lib/gcc/arm-none-eabi/9.2.1/thumb/v7e-m+fp/hard\libgcc.a(_aeabi_uldivmod.o)
 .ARM.attributes
                0x00001037       0x34 c:/arm_gcc/bin/../lib/gcc/arm-none-eabi/9.2.1/thumb/v7e-m+fp/hard\libgcc.a(_fixdfdi.o)
 .ARM.attributes
                0x0000106b       0x34 c:/arm_gcc/bin/../lib/gcc/arm-none-eabi/9.2.1/thumb/v7e-m+fp/hard\libgcc.a(_fixunsdfdi.o)
 .ARM.attributes
                0x0000109f       0x34 c:/arm_gcc/bin/../lib/gcc/arm-none-eabi/9.2.1/thumb/v7e-m+fp/hard\libgcc.a(_udivmoddi4.o)
 .ARM.attributes
                0x000010d3       0x1e c:/arm_gcc/bin/../lib/gcc/arm-none-eabi/9.2.1/thumb/v7e-m+fp/hard\libgcc.a(_dvmd_tls.o)
 .ARM.attributes
                0x000010f1       0x1e c:/arm_gcc/bin/../lib/gcc/arm-none-eabi/9.2.1/thumb/v7e-m+fp/hard/crtn.o
OUTPUT(build/foc.elf elf32-littlearm)

.debug_info     0x00000000    0x21eb1
 .debug_info    0x00000000     0x231e build/foc.o
 .debug_info    0x0000231e     0x2462 build/main.o
 .debug_info    0x00004780      0x5d2 build/gpio.o
 .debug_info    0x00004d52      0xe7e build/adc.o
 .debug_info    0x00005bd0      0xa4c build/can.o
 .debug_info    0x0000661c      0x689 build/dma.o
 .debug_info    0x00006ca5      0xb9d build/spi.o
 .debug_info    0x00007842     0x164e build/tim.o
 .debug_info    0x00008e90     0x179c build/usart.o
 .debug_info    0x0000a62c     0x10a9 build/myfunc.o
 .debug_info    0x0000b6d5     0x1073 build/as5047.o
 .debug_info    0x0000c748     0x1586 build/uart_ext.o
 .debug_info    0x0000dcce     0x147b build/command.o
 .debug_info    0x0000f149     0x1584 build/arm_common_tables.o
 .debug_info    0x000106cd     0x1368 build/arm_sin_cos_f32.o
 .debug_info    0x00011a35      0xc5c build/stm32f4xx_it.o
 .debug_info    0x00012691      0x388 build/stm32f4xx_hal_msp.o
 .debug_info    0x00012a19     0x1057 build/stm32f4xx_hal_adc.o
 .debug_info    0x00013a70     0x1422 build/stm32f4xx_hal_can.o
 .debug_info    0x00014e92     0x1fce build/stm32f4xx_hal_spi.o
 .debug_info    0x00016e60     0x3955 build/stm32f4xx_hal_tim.o
 .debug_info    0x0001a7b5     0x181f build/stm32f4xx_hal_tim_ex.o
 .debug_info    0x0001bfd4     0x1b32 build/stm32f4xx_hal_uart.o
 .debug_info    0x0001db06      0xbd9 build/stm32f4xx_hal_rcc.o
 .debug_info    0x0001e6df      0x8b8 build/stm32f4xx_hal_gpio.o
 .debug_info    0x0001ef97      0xc2e build/stm32f4xx_hal_dma.o
 .debug_info    0x0001fbc5     0x11cf build/stm32f4xx_hal_cortex.o
 .debug_info    0x00020d94      0xb1c build/stm32f4xx_hal.o
 .debug_info    0x000218b0      0x5df build/system_stm32f4xx.o
 .debug_info    0x00021e8f       0x22 build/startup_stm32f405xx.o

.debug_abbrev   0x00000000     0x48a9
 .debug_abbrev  0x00000000      0x558 build/foc.o
 .debug_abbrev  0x00000558      0x2ff build/main.o
 .debug_abbrev  0x00000857      0x17e build/gpio.o
 .debug_abbrev  0x000009d5      0x1f9 build/adc.o
 .debug_abbrev  0x00000bce      0x1e9 build/can.o
 .debug_abbrev  0x00000db7      0x156 build/dma.o
 .debug_abbrev  0x00000f0d      0x1f1 build/spi.o
 .debug_abbrev  0x000010fe      0x260 build/tim.o
 .debug_abbrev  0x0000135e      0x28c build/usart.o
 .debug_abbrev  0x000015ea      0x2fc build/myfunc.o
 .debug_abbrev  0x000018e6      0x294 build/as5047.o
 .debug_abbrev  0x00001b7a      0x324 build/uart_ext.o
 .debug_abbrev  0x00001e9e      0x317 build/command.o
 .debug_abbrev  0x000021b5      0x1ea build/arm_common_tables.o
 .debug_abbrev  0x0000239f      0x22c build/arm_sin_cos_f32.o
 .debug_abbrev  0x000025cb      0x208 build/stm32f4xx_it.o
 .debug_abbrev  0x000027d3      0x100 build/stm32f4xx_hal_msp.o
 .debug_abbrev  0x000028d3      0x2be build/stm32f4xx_hal_adc.o
 .debug_abbrev  0x00002b91      0x2af build/stm32f4xx_hal_can.o
 .debug_abbrev  0x00002e40      0x2d2 build/stm32f4xx_hal_spi.o
 .debug_abbrev  0x00003112      0x2af build/stm32f4xx_hal_tim.o
 .debug_abbrev  0x000033c1      0x2ab build/stm32f4xx_hal_tim_ex.o
 .debug_abbrev  0x0000366c      0x2fe build/stm32f4xx_hal_uart.o
 .debug_abbrev  0x0000396a      0x2cd build/stm32f4xx_hal_rcc.o
 .debug_abbrev  0x00003c37      0x258 build/stm32f4xx_hal_gpio.o
 .debug_abbrev  0x00003e8f      0x312 build/stm32f4xx_hal_dma.o
 .debug_abbrev  0x000041a1      0x3a8 build/stm32f4xx_hal_cortex.o
 .debug_abbrev  0x00004549      0x220 build/stm32f4xx_hal.o
 .debug_abbrev  0x00004769      0x12e build/system_stm32f4xx.o
 .debug_abbrev  0x00004897       0x12 build/startup_stm32f405xx.o

.debug_loc      0x00000000    0x10d9d
 .debug_loc     0x00000000      0xd17 build/foc.o
 .debug_loc     0x00000d17       0x59 build/main.o
 .debug_loc     0x00000d70       0x39 build/gpio.o
 .debug_loc     0x00000da9      0x19a build/adc.o
 .debug_loc     0x00000f43      0x108 build/can.o
 .debug_loc     0x0000104b       0x38 build/dma.o
 .debug_loc     0x00001083      0x108 build/spi.o
 .debug_loc     0x0000118b      0x461 build/tim.o
 .debug_loc     0x000015ec       0xf5 build/usart.o
 .debug_loc     0x000016e1      0x445 build/myfunc.o
 .debug_loc     0x00001b26      0x3d8 build/as5047.o
 .debug_loc     0x00001efe      0x4da build/uart_ext.o
 .debug_loc     0x000023d8      0x596 build/command.o
 .debug_loc     0x0000296e      0x4f9 build/arm_sin_cos_f32.o
 .debug_loc     0x00002e67      0x120 build/stm32f4xx_it.o
 .debug_loc     0x00002f87       0x2c build/stm32f4xx_hal_msp.o
 .debug_loc     0x00002fb3      0xda2 build/stm32f4xx_hal_adc.o
 .debug_loc     0x00003d55      0xf4a build/stm32f4xx_hal_can.o
 .debug_loc     0x00004c9f     0x2387 build/stm32f4xx_hal_spi.o
 .debug_loc     0x00007026     0x457e build/stm32f4xx_hal_tim.o
 .debug_loc     0x0000b5a4     0x15ca build/stm32f4xx_hal_tim_ex.o
 .debug_loc     0x0000cb6e     0x1d3d build/stm32f4xx_hal_uart.o
 .debug_loc     0x0000e8ab      0x698 build/stm32f4xx_hal_rcc.o
 .debug_loc     0x0000ef43      0x5e1 build/stm32f4xx_hal_gpio.o
 .debug_loc     0x0000f524      0xd6d build/stm32f4xx_hal_dma.o
 .debug_loc     0x00010291      0x7d4 build/stm32f4xx_hal_cortex.o
 .debug_loc     0x00010a65      0x1cc build/stm32f4xx_hal.o
 .debug_loc     0x00010c31      0x16c build/system_stm32f4xx.o

.debug_aranges  0x00000000     0x12a0
 .debug_aranges
                0x00000000       0xb0 build/foc.o
 .debug_aranges
                0x000000b0       0x38 build/main.o
 .debug_aranges
                0x000000e8       0x20 build/gpio.o
 .debug_aranges
                0x00000108       0x38 build/adc.o
 .debug_aranges
                0x00000140       0x30 build/can.o
 .debug_aranges
                0x00000170       0x20 build/dma.o
 .debug_aranges
                0x00000190       0x30 build/spi.o
 .debug_aranges
                0x000001c0       0x70 build/tim.o
 .debug_aranges
                0x00000230       0x30 build/usart.o
 .debug_aranges
                0x00000260       0x50 build/myfunc.o
 .debug_aranges
                0x000002b0       0x48 build/as5047.o
 .debug_aranges
                0x000002f8       0x60 build/uart_ext.o
 .debug_aranges
                0x00000358       0x40 build/command.o
 .debug_aranges
                0x00000398       0x18 build/arm_common_tables.o
 .debug_aranges
                0x000003b0       0x20 build/arm_sin_cos_f32.o
 .debug_aranges
                0x000003d0       0xa0 build/stm32f4xx_it.o
 .debug_aranges
                0x00000470       0x20 build/stm32f4xx_hal_msp.o
 .debug_aranges
                0x00000490       0xe8 build/stm32f4xx_hal_adc.o
 .debug_aranges
                0x00000578      0x138 build/stm32f4xx_hal_can.o
 .debug_aranges
                0x000006b0      0x1d0 build/stm32f4xx_hal_spi.o
 .debug_aranges
                0x00000880      0x3a8 build/stm32f4xx_hal_tim.o
 .debug_aranges
                0x00000c28      0x150 build/stm32f4xx_hal_tim_ex.o
 .debug_aranges
                0x00000d78      0x1d0 build/stm32f4xx_hal_uart.o
 .debug_aranges
                0x00000f48       0x88 build/stm32f4xx_hal_rcc.o
 .debug_aranges
                0x00000fd0       0x58 build/stm32f4xx_hal_gpio.o
 .debug_aranges
                0x00001028       0x90 build/stm32f4xx_hal_dma.o
 .debug_aranges
                0x000010b8       0xa8 build/stm32f4xx_hal_cortex.o
 .debug_aranges
                0x00001160       0xf0 build/stm32f4xx_hal.o
 .debug_aranges
                0x00001250       0x28 build/system_stm32f4xx.o
 .debug_aranges
                0x00001278       0x28 build/startup_stm32f405xx.o

.debug_ranges   0x00000000     0x1168
 .debug_ranges  0x00000000       0xa0 build/foc.o
 .debug_ranges  0x000000a0       0x28 build/main.o
 .debug_ranges  0x000000c8       0x10 build/gpio.o
 .debug_ranges  0x000000d8       0x28 build/adc.o
 .debug_ranges  0x00000100       0x20 build/can.o
 .debug_ranges  0x00000120       0x10 build/dma.o
 .debug_ranges  0x00000130       0x20 build/spi.o
 .debug_ranges  0x00000150       0x60 build/tim.o
 .debug_ranges  0x000001b0       0x20 build/usart.o
 .debug_ranges  0x000001d0       0x58 build/myfunc.o
 .debug_ranges  0x00000228       0x50 build/as5047.o
 .debug_ranges  0x00000278       0x50 build/uart_ext.o
 .debug_ranges  0x000002c8       0x30 build/command.o
 .debug_ranges  0x000002f8       0x10 build/arm_sin_cos_f32.o
 .debug_ranges  0x00000308       0x90 build/stm32f4xx_it.o
 .debug_ranges  0x00000398       0x10 build/stm32f4xx_hal_msp.o
 .debug_ranges  0x000003a8       0xd8 build/stm32f4xx_hal_adc.o
 .debug_ranges  0x00000480      0x128 build/stm32f4xx_hal_can.o
 .debug_ranges  0x000005a8      0x1c0 build/stm32f4xx_hal_spi.o
 .debug_ranges  0x00000768      0x398 build/stm32f4xx_hal_tim.o
 .debug_ranges  0x00000b00      0x140 build/stm32f4xx_hal_tim_ex.o
 .debug_ranges  0x00000c40      0x1c0 build/stm32f4xx_hal_uart.o
 .debug_ranges  0x00000e00       0x90 build/stm32f4xx_hal_rcc.o
 .debug_ranges  0x00000e90       0x48 build/stm32f4xx_hal_gpio.o
 .debug_ranges  0x00000ed8       0x80 build/stm32f4xx_hal_dma.o
 .debug_ranges  0x00000f58       0xf8 build/stm32f4xx_hal_cortex.o
 .debug_ranges  0x00001050       0xe0 build/stm32f4xx_hal.o
 .debug_ranges  0x00001130       0x18 build/system_stm32f4xx.o
 .debug_ranges  0x00001148       0x20 build/startup_stm32f405xx.o

.debug_line     0x00000000    0x119dc
 .debug_line    0x00000000      0xac1 build/foc.o
 .debug_line    0x00000ac1      0x479 build/main.o
 .debug_line    0x00000f3a      0x1dc build/gpio.o
 .debug_line    0x00001116      0x511 build/adc.o
 .debug_line    0x00001627      0x2bb build/can.o
 .debug_line    0x000018e2      0x174 build/dma.o
 .debug_line    0x00001a56      0x2c3 build/spi.o
 .debug_line    0x00001d19      0x741 build/tim.o
 .debug_line    0x0000245a      0x3e8 build/usart.o
 .debug_line    0x00002842      0x3df build/myfunc.o
 .debug_line    0x00002c21      0x407 build/as5047.o
 .debug_line    0x00003028      0x459 build/uart_ext.o
 .debug_line    0x00003481      0x603 build/command.o
 .debug_line    0x00003a84      0x16d build/arm_common_tables.o
 .debug_line    0x00003bf1      0x2a7 build/arm_sin_cos_f32.o
 .debug_line    0x00003e98      0x394 build/stm32f4xx_it.o
 .debug_line    0x0000422c      0x140 build/stm32f4xx_hal_msp.o
 .debug_line    0x0000436c     0x1033 build/stm32f4xx_hal_adc.o
 .debug_line    0x0000539f     0x10c6 build/stm32f4xx_hal_can.o
 .debug_line    0x00006465     0x237b build/stm32f4xx_hal_spi.o
 .debug_line    0x000087e0     0x3668 build/stm32f4xx_hal_tim.o
 .debug_line    0x0000be48     0x119d build/stm32f4xx_hal_tim_ex.o
 .debug_line    0x0000cfe5     0x1bd7 build/stm32f4xx_hal_uart.o
 .debug_line    0x0000ebbc      0xa92 build/stm32f4xx_hal_rcc.o
 .debug_line    0x0000f64e      0x6c0 build/stm32f4xx_hal_gpio.o
 .debug_line    0x0000fd0e      0xde2 build/stm32f4xx_hal_dma.o
 .debug_line    0x00010af0      0x73f build/stm32f4xx_hal_cortex.o
 .debug_line    0x0001122f      0x504 build/stm32f4xx_hal.o
 .debug_line    0x00011733      0x235 build/system_stm32f4xx.o
 .debug_line    0x00011968       0x74 build/startup_stm32f405xx.o

.debug_str      0x00000000     0x5bf7
 .debug_str     0x00000000      0xf39 build/foc.o
                               0x1054 (size before relaxing)
 .debug_str     0x00000f39      0x8c1 build/main.o
                               0x1539 (size before relaxing)
 .debug_str     0x000017fa       0xaf build/gpio.o
                                0x3c4 (size before relaxing)
 .debug_str     0x000018a9       0xd2 build/adc.o
                                0x876 (size before relaxing)
 .debug_str     0x0000197b       0x43 build/can.o
                                0x671 (size before relaxing)
 .debug_str     0x000019be      0x4ff build/dma.o
                                0x7fa (size before relaxing)
 .debug_str     0x00001ebd       0x43 build/spi.o